    Checking inventory v0.3.24
    Checking cfg-if v1.0.4
    Checking either v1.18.0
    Checking once_cell v1.21.4
    Checking crossbeam-utils v0.8.23
    Checking libc v0.2.189
    Checking libloading v0.8.9
    Checking crossbeam-epoch v0.9.21
    Checking crossbeam-deque v0.8.8
    Checking rayon-core v1.13.0
    Checking pyo3-ffi v0.29.2
    Checking rayon v1.12.0
    Checking pyo3 v0.29.2
    Checking pytorch-rs v0.1.0 (/data/users/bobren/a/pytorch-rs-burner/.burner/worktrees/agent_37b39666)
error: this function has too many lines (107/100)
  --> src/python_compile_cuda_graph.rs:19:1
   |
19 | / pub(super) fn execute(
20 | |     inputs: &Bound<'_, PyTuple>,
21 | |     nodes: Vec<Node<'_>>,
22 | | ) -> PyResult<Vec<Py<PyTensor>>> {
   | |________________________________^
   |
   = help: for further information visit https://rust-lang.github.io/rust-clippy/rust-1.92.0/index.html#too_many_lines
   = note: `-D clippy::too-many-lines` implied by `-D warnings`
   = help: to override `-D warnings` add `#[allow(clippy::too_many_lines)]`

error: this function has too many lines (101/100)
  --> src/tensor_cuda_graph.rs:54:5
   |
54 |     pub(crate) fn layout(self, values: &[Layout]) -> Result<Layout, TensorError> {
   |     ^^^^^^^^^^^^^^^^^^^^^^^^^^^^^^^^^^^^^^^^^^^^^^^^^^^^^^^^^^^^^^^^^^^^^^^^^^^^
   |
   = help: for further information visit https://rust-lang.github.io/rust-clippy/rust-1.92.0/index.html#too_many_lines

error: could not compile `pytorch-rs` (lib) due to 2 previous errors
warning: build failed, waiting for other jobs to finish...
error: could not compile `pytorch-rs` (lib test) due to 2 previous errors
