test_cpu_cuda_cache_separation_and_original_bypass (tests.test_compile_cuda_boundary.CompileCudaBoundaryTests.test_cpu_cuda_cache_separation_and_original_bypass) ... ok
test_dynamic_cache_hit_preflights_late_shape_mismatch (tests.test_compile_cuda_boundary.CompileCudaBoundaryTests.test_dynamic_cache_hit_preflights_late_shape_mismatch) ... ok
test_global_capture_transitions_and_recompile_limit (tests.test_compile_cuda_boundary.CompileCudaBoundaryTests.test_global_capture_transitions_and_recompile_limit) ... ok
test_ieee_edges_and_dynamic_offset_guards (tests.test_compile_cuda_boundary.CompileCudaBoundaryTests.test_ieee_edges_and_dynamic_offset_guards) ... ok
test_native_failure_does_not_publish_cache (tests.test_compile_cuda_boundary.CompileCudaBoundaryTests.test_native_failure_does_not_publish_cache) ... ok
test_no_pytorch_import_or_original_execution (tests.test_compile_cuda_boundary.CompileCudaBoundaryTests.test_no_pytorch_import_or_original_execution) ... ok
test_offset_layout_metadata_and_cache_guards (tests.test_compile_cuda_boundary.CompileCudaBoundaryTests.test_offset_layout_metadata_and_cache_guards) ... ok
test_private_trace_entrypoints_keep_unsupported_guards (tests.test_compile_cuda_boundary.CompileCudaBoundaryTests.test_private_trace_entrypoints_keep_unsupported_guards) ... ok
test_seeded_shapes_structures_and_changed_data_against_reference (tests.test_compile_cuda_boundary.CompileCudaBoundaryTests.test_seeded_shapes_structures_and_changed_data_against_reference) ... /data/users/bobren/a/pytorch-rs-burner/.burner/worktrees/agent_37b39666/.venv/lib64/python3.12/site-packages/torch/jit/_script.py:365: DeprecationWarning: `torch.jit.script_method` is deprecated. Please switch to `torch.compile` or `torch.export`.
  warnings.warn(
ok
test_unsupported_fresh_and_cpu_warmed_leave_cache_unchanged (tests.test_compile_cuda_boundary.CompileCudaBoundaryTests.test_unsupported_fresh_and_cpu_warmed_leave_cache_unchanged) ... ok
test_ordinals_captures_and_current_device_restoration (tests.test_compile_cuda_boundary.CompileCudaDeviceTests.test_ordinals_captures_and_current_device_restoration) ... skipped 'requires real CUDA with CUDA_VISIBLE_DEVICES=0,1'
test_composed_restoration_and_mixed_devices (tests.test_compile_cuda_graph.CudaGraphDeviceTests.test_composed_restoration_and_mixed_devices) ... skipped 'requires real CUDA with CUDA_VISIBLE_DEVICES=0,1'
test_composition_preserves_wide_overflow_and_signed_zero (tests.test_compile_cuda_graph.CudaGraphTests.test_composition_preserves_wide_overflow_and_signed_zero) ... ok
test_late_neg_declared_metadata_rejected_before_execution (tests.test_compile_cuda_graph.CudaGraphTests.test_late_neg_declared_metadata_rejected_before_execution) ... ok
test_late_validation_before_bridge_and_failure_recovery (tests.test_compile_cuda_graph.CudaGraphTests.test_late_validation_before_bridge_and_failure_recovery) ... ok
test_native_bridge_preflights_all_nodes (tests.test_compile_cuda_graph.CudaGraphTests.test_native_bridge_preflights_all_nodes) ... ok
test_single_bridge_new_data_aliases_and_completion (tests.test_compile_cuda_graph.CudaGraphTests.test_single_bridge_new_data_aliases_and_completion) ... ok
test_threaded_intermediate_lifetimes (tests.test_compile_cuda_graph.CudaGraphTests.test_threaded_intermediate_lifetimes) ... ok
test_cpu_inputs_rejected (tests.test_compile_cuda_graph.GraphBridgeScopeTests.test_cpu_inputs_rejected) ... ok
test_ownership_captures_and_device_restoration (tests.test_compile_cuda_neg.CompileCudaNegDeviceTests.test_ownership_captures_and_device_restoration) ... skipped 'requires real CUDA with CUDA_VISIBLE_DEVICES=0,1'
test_captures_nested_outputs_and_repeated_inputs (tests.test_compile_cuda_neg.CompileCudaNegTests.test_captures_nested_outputs_and_repeated_inputs) ... ok
test_cold_cpu_warmed_and_device_guards (tests.test_compile_cuda_neg.CompileCudaNegTests.test_cold_cpu_warmed_and_device_guards) ... ok
test_generated_shapes_lengths_and_forms (tests.test_compile_cuda_neg.CompileCudaNegTests.test_generated_shapes_lengths_and_forms) ... ok
test_global_offset_shape_and_layout_guards (tests.test_compile_cuda_neg.CompileCudaNegTests.test_global_offset_shape_and_layout_guards) ... ok
test_offsets_ieee_metadata_dynamic_and_stride_guards (tests.test_compile_cuda_neg.CompileCudaNegTests.test_offsets_ieee_metadata_dynamic_and_stride_guards) ... ok
test_reject_before_execution_and_cache_insertion (tests.test_compile_cuda_neg.CompileCudaNegTests.test_reject_before_execution_and_cache_insertion) ... ok
test_stream_completion_and_independent_storage (tests.test_compile_cuda_neg.CompileCudaNegTests.test_stream_completion_and_independent_storage) ... ok
test_ownership_restoration_and_cache_separation (tests.test_compile_cuda_mul_scalar.CompileCudaMulScalarDeviceTests.test_ownership_restoration_and_cache_separation) ... skipped 'requires real CUDA with CUDA_VISIBLE_DEVICES=0,1'
test_binding_guards_and_code_replacement (tests.test_compile_cuda_mul_scalar.CompileCudaMulScalarTests.test_binding_guards_and_code_replacement) ... ok
test_dynamic_scalar_node_metadata_rejects_before_execution (tests.test_compile_cuda_mul_scalar.CompileCudaMulScalarTests.test_dynamic_scalar_node_metadata_rejects_before_execution) ... ok
test_dynamic_static_guards_cpu_separation_and_nested_aliases (tests.test_compile_cuda_mul_scalar.CompileCudaMulScalarTests.test_dynamic_static_guards_cpu_separation_and_nested_aliases) ... ok
test_generated_graphlets_and_operator_method_top_level_forms (tests.test_compile_cuda_mul_scalar.CompileCudaMulScalarTests.test_generated_graphlets_and_operator_method_top_level_forms) ... ok
test_guarded_globals_helper_rebinding_and_limit (tests.test_compile_cuda_mul_scalar.CompileCudaMulScalarTests.test_guarded_globals_helper_rebinding_and_limit) ... ok
test_ieee_scalar_conversion_singleton_strides_offsets_and_empty_views (tests.test_compile_cuda_mul_scalar.CompileCudaMulScalarTests.test_ieee_scalar_conversion_singleton_strides_offsets_and_empty_views) ... ok
test_large_complete_data_and_no_pytorch_import (tests.test_compile_cuda_mul_scalar.CompileCudaMulScalarTests.test_large_complete_data_and_no_pytorch_import) ... ok
test_malformed_late_nodes_and_execution_failure (tests.test_compile_cuda_mul_scalar.CompileCudaMulScalarTests.test_malformed_late_nodes_and_execution_failure) ... ok
test_reject_before_execution_cache_and_native_hooks (tests.test_compile_cuda_mul_scalar.CompileCudaMulScalarTests.test_reject_before_execution_cache_and_native_hooks) ... ok
test_tensor_capture_and_stride_changes (tests.test_compile_cuda_mul_scalar.CompileCudaMulScalarTests.test_tensor_capture_and_stride_changes) ... ok
test_recorder_scalar_nodes_reject_cpu_and_unsupported_metadata (tests.test_compile_cuda_mul_scalar.CompileScalarMetadataTests.test_recorder_scalar_nodes_reject_cpu_and_unsupported_metadata) ... ok
test_scalar_conversion_and_native_fail_closed_without_gpu (tests.test_compile_cuda_mul_scalar.CompileScalarMetadataTests.test_scalar_conversion_and_native_fail_closed_without_gpu) ... ok
test_device_restore_cache_and_mixed_device_errors (tests.test_compile_cuda_matmul.CompileCudaMatmulDeviceTests.test_device_restore_cache_and_mixed_device_errors) ... skipped 'requires real CUDA with CUDA_VISIBLE_DEVICES=0,1'
test_completion_thread_and_allocation_lifetimes (tests.test_compile_cuda_matmul.CompileCudaMatmulTests.test_completion_thread_and_allocation_lifetimes) ... ok
test_generated_capture_forms_changed_inputs_and_composition (tests.test_compile_cuda_matmul.CompileCudaMatmulTests.test_generated_capture_forms_changed_inputs_and_composition) ... ok
test_generated_wide_products_and_overlapping_offsets (tests.test_compile_cuda_matmul.CompileCudaMatmulTests.test_generated_wide_products_and_overlapping_offsets) ... ok
test_guards_late_validation_recovery_and_captures (tests.test_compile_cuda_matmul.CompileCudaMatmulTests.test_guards_late_validation_recovery_and_captures) ... ok
test_intermediate_overflow_cancellation_and_nonfinite_classification (tests.test_compile_cuda_matmul.CompileCudaMatmulTests.test_intermediate_overflow_cancellation_and_nonfinite_classification) ... ok
test_isolated_installed_wheel_no_body_no_pytorch (tests.test_compile_cuda_matmul.CompileCudaMatmulTests.test_isolated_installed_wheel_no_body_no_pytorch) ... ok
test_rejections_binding_guards_and_alias_containers (tests.test_compile_cuda_matmul.CompileCudaMatmulTests.test_rejections_binding_guards_and_alias_containers) ... ok
test_singleton_empty_and_overlapping_views (tests.test_compile_cuda_matmul.CompileCudaMatmulTests.test_singleton_empty_and_overlapping_views) ... ok
test_special_values_and_cancellation (tests.test_compile_cuda_matmul.CompileCudaMatmulTests.test_special_values_and_cancellation) ... ok
test_wide_decimal_products (tests.test_compile_cuda_matmul.CompileCudaMatmulTests.test_wide_decimal_products) ... ok
test_scope_dimensions_and_fresh_output (tests.test_compile_cuda_matmul.MatmulMetadataTests.test_scope_dimensions_and_fresh_output) ... ok
test_current_device_restored_for_single_and_composed_reductions (tests.test_compile_cuda_sum_rows.CompileCudaSumDeviceTests.test_current_device_restored_for_single_and_composed_reductions) ... skipped 'requires real CUDA with CUDA_VISIBLE_DEVICES=0,1'
test_composition_dynamic_shapes_and_native_whole_graph_validation (tests.test_compile_cuda_sum_rows.CompileCudaSumTests.test_composition_dynamic_shapes_and_native_whole_graph_validation) ... ok
test_dynamic_cache_hit_rejects_later_incompatible_add_before_launch (tests.test_compile_cuda_sum_rows.CompileCudaSumTests.test_dynamic_cache_hit_rejects_later_incompatible_add_before_launch) ... ok
test_held_out_forms_offsets_empty_and_changed_values (tests.test_compile_cuda_sum_rows.CompileCudaSumTests.test_held_out_forms_offsets_empty_and_changed_values) ... ok
test_noncanonical_contiguous_singleton_strides (tests.test_compile_cuda_sum_rows.CompileCudaSumTests.test_noncanonical_contiguous_singleton_strides) ... ok
test_rejections_and_live_method_mutation (tests.test_compile_cuda_sum_rows.CompileCudaSumTests.test_rejections_and_live_method_mutation) ... ok
test_stream_completion_and_independent_output (tests.test_compile_cuda_sum_rows.CompileCudaSumTests.test_stream_completion_and_independent_output) ... ok
test_ordinals_and_restoration (tests.test_compile_cuda_trailing_vector.CompileCudaTrailingVectorDeviceTests.test_ordinals_and_restoration) ... skipped 'requires real CUDA with CUDA_VISIBLE_DEVICES=0,1'
test_all_add_forms_and_compositions_held_out (tests.test_compile_cuda_trailing_vector.CompileCudaTrailingVectorTests.test_all_add_forms_and_compositions_held_out) ... ok
test_dynamic_guards_invalidated_cache_and_forged_metadata (tests.test_compile_cuda_trailing_vector.CompileCudaTrailingVectorTests.test_dynamic_guards_invalidated_cache_and_forged_metadata) ... ok
test_fail_closed_public_and_private (tests.test_compile_cuda_trailing_vector.CompileCudaTrailingVectorTests.test_fail_closed_public_and_private) ... ok
test_globals_helpers_callable_guards_and_lifetimes (tests.test_compile_cuda_trailing_vector.CompileCudaTrailingVectorTests.test_globals_helpers_callable_guards_and_lifetimes) ... ok
test_large_empty_dynamic_cache_replans_wrapped_strides (tests.test_compile_cuda_trailing_vector.CompileCudaTrailingVectorTests.test_large_empty_dynamic_cache_replans_wrapped_strides) ... ok
test_large_empty_signed_byte_strides_all_policies (tests.test_compile_cuda_trailing_vector.CompileCudaTrailingVectorTests.test_large_empty_signed_byte_strides_all_policies) ... ok
test_no_installed_torch_python_body_or_public_eager_dispatch (tests.test_compile_cuda_trailing_vector.CompileCudaTrailingVectorTests.test_no_installed_torch_python_body_or_public_eager_dispatch) ... ok
test_noncanonical_singleton_empty_and_offset_metadata (tests.test_compile_cuda_trailing_vector.CompileCudaTrailingVectorTests.test_noncanonical_singleton_empty_and_offset_metadata) ... ok
test_exact_shape_relation_and_cpu_broadcasting (tests.test_compile_cuda_trailing_vector.TrailingVectorMetadataTests.test_exact_shape_relation_and_cpu_broadcasting) ... ok
test_constant_forms_have_explicit_shape_changing_ir (tests.test_compile_sum_lowering.SumLoweringTests.test_constant_forms_have_explicit_shape_changing_ir) ... ok
test_keyword_helper_call_is_not_enabled (tests.test_compile_sum_lowering.SumLoweringTests.test_keyword_helper_call_is_not_enabled) ... ok
test_local_and_guarded_global_constant_options (tests.test_compile_sum_lowering.SumLoweringTests.test_local_and_guarded_global_constant_options) ... ok
test_native_keyword_calls_on_running_python_version (tests.test_compile_sum_lowering.SumLoweringTests.test_native_keyword_calls_on_running_python_version) ... ok
test_reduction_metadata_rejects_layout_dtype_and_autograd (tests.test_compile_sum_lowering.SumLoweringTests.test_reduction_metadata_rejects_layout_dtype_and_autograd) ... ok
test_unsupported_options_and_other_keywords (tests.test_compile_sum_lowering.SumLoweringTests.test_unsupported_options_and_other_keywords) ... ok
test_cuda_live_scalars_bindings_captures_and_failure_recovery (tests.test_compile_static_analysis.StaticAnalysisCudaTests.test_cuda_live_scalars_bindings_captures_and_failure_recovery) ... ok
test_code_replacement_reanalyzes_branches_and_inactive_globals (tests.test_compile_static_analysis.StaticAnalysisTests.test_code_replacement_reanalyzes_branches_and_inactive_globals) ... ok
test_descriptor_does_not_retain_root_or_resolved_helpers (tests.test_compile_static_analysis.StaticAnalysisTests.test_descriptor_does_not_retain_root_or_resolved_helpers) ... ok
test_only_root_analysis_is_reused_and_helper_guards_stay_live (tests.test_compile_static_analysis.StaticAnalysisTests.test_only_root_analysis_is_reused_and_helper_guards_stay_live) ... ok
test_reused_analysis_preserves_cpu_limit_metadata_and_method_guards (tests.test_compile_static_analysis.StaticAnalysisTests.test_reused_analysis_preserves_cpu_limit_metadata_and_method_guards) ... ok
test_warm_tensor_capture_reuses_analysis_but_resolves_every_call (tests.test_compile_static_analysis.StaticAnalysisTests.test_warm_tensor_capture_reuses_analysis_but_resolves_every_call) ... ok
test_backend_none_resolves_default_and_registered_backend_names (tests.test_top_level_compile.TorchCompileEntrypointTests.test_backend_none_resolves_default_and_registered_backend_names) ... ok
test_callable_backend_cannot_spoof_the_native_eager_path (tests.test_top_level_compile.TorchCompileEntrypointTests.test_callable_backend_cannot_spoof_the_native_eager_path) ... ok
test_compiler_reset_clears_eager_fullgraph_compile_cache (tests.test_top_level_compile.TorchCompileEntrypointTests.test_compiler_reset_clears_eager_fullgraph_compile_cache) ... ok
test_decorator_form_snapshots_default_backend_at_factory_time (tests.test_top_level_compile.TorchCompileEntrypointTests.test_decorator_form_snapshots_default_backend_at_factory_time) ... ok
test_direct_and_decorator_forms_raise_before_user_or_backend_code_runs (tests.test_top_level_compile.TorchCompileEntrypointTests.test_direct_and_decorator_forms_raise_before_user_or_backend_code_runs) ... ok
test_disable_true_returns_the_original_callable (tests.test_top_level_compile.TorchCompileEntrypointTests.test_disable_true_returns_the_original_callable) ... ok
test_eager_fullgraph_cache_key_tracks_global_tensor_rebinding (tests.test_top_level_compile.TorchCompileEntrypointTests.test_eager_fullgraph_cache_key_tracks_global_tensor_rebinding) ... ok
test_eager_fullgraph_cache_key_tracks_helper_code_mutation (tests.test_top_level_compile.TorchCompileEntrypointTests.test_eager_fullgraph_cache_key_tracks_helper_code_mutation) ... ok
test_eager_fullgraph_cache_key_tracks_helper_global_rebinding (tests.test_top_level_compile.TorchCompileEntrypointTests.test_eager_fullgraph_cache_key_tracks_helper_global_rebinding) ... ok
test_eager_fullgraph_cached_graphs_still_check_tensor_method_guards (tests.test_top_level_compile.TorchCompileEntrypointTests.test_eager_fullgraph_cached_graphs_still_check_tensor_method_guards) ... ok
test_eager_fullgraph_cached_no_helper_calls_do_not_rescan_bytecode (tests.test_top_level_compile.TorchCompileEntrypointTests.test_eager_fullgraph_cached_no_helper_calls_do_not_rescan_bytecode) ... ok
test_eager_fullgraph_caches_graphs_by_code_and_input_metadata (tests.test_top_level_compile.TorchCompileEntrypointTests.test_eager_fullgraph_caches_graphs_by_code_and_input_metadata) ... ok
test_eager_fullgraph_caches_two_input_graphs_by_all_input_metadata (tests.test_top_level_compile.TorchCompileEntrypointTests.test_eager_fullgraph_caches_two_input_graphs_by_all_input_metadata) ... ok
test_eager_fullgraph_dynamic_false_uses_metadata_specialized_cache (tests.test_top_level_compile.TorchCompileEntrypointTests.test_eager_fullgraph_dynamic_false_uses_metadata_specialized_cache) ... ok
test_eager_fullgraph_dynamic_true_reuses_shapes_and_recompiles_strides (tests.test_top_level_compile.TorchCompileEntrypointTests.test_eager_fullgraph_dynamic_true_reuses_shapes_and_recompiles_strides) ... ok
test_eager_fullgraph_executes_global_tensor_constants_natively (tests.test_top_level_compile.TorchCompileEntrypointTests.test_eager_fullgraph_executes_global_tensor_constants_natively) ... ok
test_eager_fullgraph_executes_supported_tensor_programs_natively (tests.test_top_level_compile.TorchCompileEntrypointTests.test_eager_fullgraph_executes_supported_tensor_programs_natively) ... ok
test_eager_fullgraph_executes_tuple_list_outputs_natively (tests.test_top_level_compile.TorchCompileEntrypointTests.test_eager_fullgraph_executes_tuple_list_outputs_natively) ... ok
test_eager_fullgraph_executes_two_input_broadcasting_programs_natively (tests.test_top_level_compile.TorchCompileEntrypointTests.test_eager_fullgraph_executes_two_input_broadcasting_programs_natively) ... ok
test_eager_fullgraph_false_executes_no_break_program_natively (tests.test_top_level_compile.TorchCompileEntrypointTests.test_eager_fullgraph_false_executes_no_break_program_natively) ... ok
test_eager_fullgraph_false_rejects_graph_breaks_without_fallback (tests.test_top_level_compile.TorchCompileEntrypointTests.test_eager_fullgraph_false_rejects_graph_breaks_without_fallback) ... ok
test_eager_fullgraph_inactive_branch_global_tensor_rebinding_does_not_recompile (tests.test_top_level_compile.TorchCompileEntrypointTests.test_eager_fullgraph_inactive_branch_global_tensor_rebinding_does_not_recompile) ... ok
test_eager_fullgraph_inactive_branch_helper_rebinding_does_not_recompile (tests.test_top_level_compile.TorchCompileEntrypointTests.test_eager_fullgraph_inactive_branch_helper_rebinding_does_not_recompile) ... ok
test_eager_fullgraph_inlines_helper_for_tuple_list_outputs (tests.test_top_level_compile.TorchCompileEntrypointTests.test_eager_fullgraph_inlines_helper_for_tuple_list_outputs) ... ok
test_eager_fullgraph_inlines_same_module_helper_without_running_user_code (tests.test_top_level_compile.TorchCompileEntrypointTests.test_eager_fullgraph_inlines_same_module_helper_without_running_user_code) ... ok
test_eager_fullgraph_inlines_two_argument_helper_natively (tests.test_top_level_compile.TorchCompileEntrypointTests.test_eager_fullgraph_inlines_two_argument_helper_natively) ... ok
test_eager_fullgraph_lowering_uses_global_tensor_cache_snapshot (tests.test_top_level_compile.TorchCompileEntrypointTests.test_eager_fullgraph_lowering_uses_global_tensor_cache_snapshot) ... ok
test_eager_fullgraph_lowering_uses_helper_binding_cache_snapshot (tests.test_top_level_compile.TorchCompileEntrypointTests.test_eager_fullgraph_lowering_uses_helper_binding_cache_snapshot) ... ok
test_eager_fullgraph_lowering_uses_helper_code_cache_snapshot (tests.test_top_level_compile.TorchCompileEntrypointTests.test_eager_fullgraph_lowering_uses_helper_code_cache_snapshot) ... ok
test_eager_fullgraph_preserves_output_container_aliasing (tests.test_top_level_compile.TorchCompileEntrypointTests.test_eager_fullgraph_preserves_output_container_aliasing) ... ok
test_eager_fullgraph_recompile_limit_one_is_atomic_for_concurrent_misses (tests.test_top_level_compile.TorchCompileEntrypointTests.test_eager_fullgraph_recompile_limit_one_is_atomic_for_concurrent_misses) ... ok
test_eager_fullgraph_recompile_limit_one_rejects_second_input_change (tests.test_top_level_compile.TorchCompileEntrypointTests.test_eager_fullgraph_recompile_limit_one_rejects_second_input_change) ... ok
test_eager_fullgraph_recompile_limit_one_rejects_shape_change (tests.test_top_level_compile.TorchCompileEntrypointTests.test_eager_fullgraph_recompile_limit_one_rejects_shape_change) ... ok
test_eager_fullgraph_recompile_limit_rejects_invalid_values (tests.test_top_level_compile.TorchCompileEntrypointTests.test_eager_fullgraph_recompile_limit_rejects_invalid_values) ... ok
test_eager_fullgraph_recompile_limit_zero_rejects_first_graph (tests.test_top_level_compile.TorchCompileEntrypointTests.test_eager_fullgraph_recompile_limit_zero_rejects_first_graph) ... ok
test_eager_fullgraph_rejects_callable_object_without_metadata_side_effects (tests.test_top_level_compile.TorchCompileEntrypointTests.test_eager_fullgraph_rejects_callable_object_without_metadata_side_effects) ... ok
test_eager_fullgraph_rejects_isolate_recompiles_control (tests.test_top_level_compile.TorchCompileEntrypointTests.test_eager_fullgraph_rejects_isolate_recompiles_control) ... ok
test_eager_fullgraph_rejects_kwargs_without_running_model (tests.test_top_level_compile.TorchCompileEntrypointTests.test_eager_fullgraph_rejects_kwargs_without_running_model) ... ok
test_eager_fullgraph_rejects_non_tensor_global_operands_safely (tests.test_top_level_compile.TorchCompileEntrypointTests.test_eager_fullgraph_rejects_non_tensor_global_operands_safely) ... ok
test_eager_fullgraph_rejects_patched_tensor_operation_bindings (tests.test_top_level_compile.TorchCompileEntrypointTests.test_eager_fullgraph_rejects_patched_tensor_operation_bindings) ... ok
test_eager_fullgraph_rejects_two_input_unsupported_forms (tests.test_top_level_compile.TorchCompileEntrypointTests.test_eager_fullgraph_rejects_two_input_unsupported_forms) ... ok
test_eager_fullgraph_rejects_unsupported_programs_without_running_them (tests.test_top_level_compile.TorchCompileEntrypointTests.test_eager_fullgraph_rejects_unsupported_programs_without_running_them) ... ok
test_eager_fullgraph_relowers_for_runtime_input_metadata (tests.test_top_level_compile.TorchCompileEntrypointTests.test_eager_fullgraph_relowers_for_runtime_input_metadata) ... ok
test_eager_fullgraph_requires_grad_branch_rejects_patched_descriptor (tests.test_top_level_compile.TorchCompileEntrypointTests.test_eager_fullgraph_requires_grad_branch_rejects_patched_descriptor) ... ok
test_eager_fullgraph_requires_grad_branch_uses_metadata_cache (tests.test_top_level_compile.TorchCompileEntrypointTests.test_eager_fullgraph_requires_grad_branch_uses_metadata_cache) ... ok
test_importing_and_calling_compile_shell_does_not_import_pytorch (tests.test_top_level_compile.TorchCompileEntrypointTests.test_importing_and_calling_compile_shell_does_not_import_pytorch) ... ok
test_invalid_backend_names_and_types_fail_without_invocation (tests.test_top_level_compile.TorchCompileEntrypointTests.test_invalid_backend_names_and_types_fail_without_invocation) ... ok
test_invalid_bound_models_and_configurations_fail_before_execution (tests.test_top_level_compile.TorchCompileEntrypointTests.test_invalid_bound_models_and_configurations_fail_before_execution) ... ok
test_signature_metadata_exports_copy_pickle_and_reload (tests.test_top_level_compile.TorchCompileEntrypointTests.test_signature_metadata_exports_copy_pickle_and_reload) ... ok
test_corpus_has_versioned_weighted_skeleton (tests.test_compile_corpus.CompileCorpusMetadataTests.test_corpus_has_versioned_weighted_skeleton) ... ok
test_corpus_inputs_are_exact_native_cpu_float32_tensors (tests.test_compile_corpus.CompileCorpusMetadataTests.test_corpus_inputs_are_exact_native_cpu_float32_tensors) ... ok
test_dynamic_shape_symbolics_cases_cover_shape_and_stride_variants (tests.test_compile_corpus.CompileCorpusMetadataTests.test_dynamic_shape_symbolics_cases_cover_shape_and_stride_variants) ... ok
test_recompilation_guard_scenarios_cover_required_metadata (tests.test_compile_corpus.CompileCorpusMetadataTests.test_recompilation_guard_scenarios_cover_required_metadata) ... ok
test_augmented_self_add_aliasing_rejects_instead_of_recording_add (tests.test_compile_corpus.CompileCorpusTraceTests.test_augmented_self_add_aliasing_rejects_instead_of_recording_add) ... ok
test_binary_private_executor_bypasses_active_torch_function_mode (tests.test_compile_corpus.CompileCorpusTraceTests.test_binary_private_executor_bypasses_active_torch_function_mode) ... ok
test_binary_proxy_rejects_non_tensor_or_mixed_recorder_operands_clearly (tests.test_compile_corpus.CompileCorpusTraceTests.test_binary_proxy_rejects_non_tensor_or_mixed_recorder_operands_clearly) ... ok
test_binary_self_add_executes_private_native_graph_for_key_layouts (tests.test_compile_corpus.CompileCorpusTraceTests.test_binary_self_add_executes_private_native_graph_for_key_layouts) ... ok
test_binary_self_add_executor_matches_no_grad_requires_grad_outputs (tests.test_compile_corpus.CompileCorpusTraceTests.test_binary_self_add_executor_matches_no_grad_requires_grad_outputs) ... ok
test_binary_self_add_records_private_immutable_graph (tests.test_compile_corpus.CompileCorpusTraceTests.test_binary_self_add_records_private_immutable_graph) ... ok
test_bytecode_lowerer_accepts_combined_distinct_local_loads (tests.test_compile_corpus.CompileCorpusTraceTests.test_bytecode_lowerer_accepts_combined_distinct_local_loads) ... ok
test_bytecode_lowerer_accepts_combined_local_load_opcodes (tests.test_compile_corpus.CompileCorpusTraceTests.test_bytecode_lowerer_accepts_combined_local_load_opcodes) ... ok
test_bytecode_lowerer_accepts_combined_store_then_load_opcode (tests.test_compile_corpus.CompileCorpusTraceTests.test_bytecode_lowerer_accepts_combined_store_then_load_opcode) ... ok
test_bytecode_lowerer_accepts_cpython_314_markers_and_borrowed_loads (tests.test_compile_corpus.CompileCorpusTraceTests.test_bytecode_lowerer_accepts_cpython_314_markers_and_borrowed_loads) ... ok
test_bytecode_lowerer_captures_module_global_tensor_constants (tests.test_compile_corpus.CompileCorpusTraceTests.test_bytecode_lowerer_captures_module_global_tensor_constants) ... ok
test_bytecode_lowerer_inlines_custom_function_helpers_without_calls (tests.test_compile_corpus.CompileCorpusTraceTests.test_bytecode_lowerer_inlines_custom_function_helpers_without_calls) ... ok
test_bytecode_lowerer_records_general_tensor_arithmetic_graphs (tests.test_compile_corpus.CompileCorpusTraceTests.test_bytecode_lowerer_records_general_tensor_arithmetic_graphs) ... ok
test_bytecode_lowerer_rejects_cpython_310_exception_jump_as_exception (tests.test_compile_corpus.CompileCorpusTraceTests.test_bytecode_lowerer_rejects_cpython_310_exception_jump_as_exception) ... ok
test_bytecode_lowerer_rejects_cpython_310_keyword_method_call (tests.test_compile_corpus.CompileCorpusTraceTests.test_bytecode_lowerer_rejects_cpython_310_keyword_method_call) ... ok
test_bytecode_lowerer_rejects_cpython_313_keyword_method_call (tests.test_compile_corpus.CompileCorpusTraceTests.test_bytecode_lowerer_rejects_cpython_313_keyword_method_call) ... ok
test_bytecode_lowerer_rejects_cpython_313_to_bool_as_control_flow (tests.test_compile_corpus.CompileCorpusTraceTests.test_bytecode_lowerer_rejects_cpython_313_to_bool_as_control_flow) ... ok
test_bytecode_lowerer_rejects_cpython_314_small_int_output_leaf (tests.test_compile_corpus.CompileCorpusTraceTests.test_bytecode_lowerer_rejects_cpython_314_small_int_output_leaf) ... ok
test_bytecode_lowerer_rejects_float_conversion_forms (tests.test_compile_corpus.CompileCorpusTraceTests.test_bytecode_lowerer_rejects_float_conversion_forms) ... ok
test_bytecode_lowerer_rejects_non_requires_grad_control_flow (tests.test_compile_corpus.CompileCorpusTraceTests.test_bytecode_lowerer_rejects_non_requires_grad_control_flow) ... ok
test_bytecode_lowerer_rejects_python_scalar_add_operands (tests.test_compile_corpus.CompileCorpusTraceTests.test_bytecode_lowerer_rejects_python_scalar_add_operands) ... ok
test_bytecode_lowerer_rejects_unsupported_input_counts (tests.test_compile_corpus.CompileCorpusTraceTests.test_bytecode_lowerer_rejects_unsupported_input_counts) ... ok
test_bytecode_lowerer_selects_requires_grad_branch_graphlets (tests.test_compile_corpus.CompileCorpusTraceTests.test_bytecode_lowerer_selects_requires_grad_branch_graphlets) ... ok
test_detach_alias_cases_execute_without_mutating_inputs_or_gradients (tests.test_compile_corpus.CompileCorpusTraceTests.test_detach_alias_cases_execute_without_mutating_inputs_or_gradients) ... ok
test_dynamic_compile_cache_key_ignores_shapes_but_guards_strides (tests.test_compile_corpus.CompileCorpusTraceTests.test_dynamic_compile_cache_key_ignores_shapes_but_guards_strides) ... ok
test_dynamic_private_executor_accepts_shapes_but_guards_strides (tests.test_compile_corpus.CompileCorpusTraceTests.test_dynamic_private_executor_accepts_shapes_but_guards_strides) ... ok
test_empty_inner_dimension_strides_match_native_tensor_constructor (tests.test_compile_corpus.CompileCorpusTraceTests.test_empty_inner_dimension_strides_match_native_tensor_constructor) ... ok
test_float_identity_cases_preserve_input_metadata_and_grad_state (tests.test_compile_corpus.CompileCorpusTraceTests.test_float_identity_cases_preserve_input_metadata_and_grad_state) ... ok
test_float_proxy_rejects_compile_conversion_forms (tests.test_compile_corpus.CompileCorpusTraceTests.test_float_proxy_rejects_compile_conversion_forms) ... ok
test_inference_relu_cases_run_under_no_grad_and_preserve_gradients (tests.test_compile_corpus.CompileCorpusTraceTests.test_inference_relu_cases_run_under_no_grad_and_preserve_gradients) ... ok
test_operation_names_skip_existing_input_names (tests.test_compile_corpus.CompileCorpusTraceTests.test_operation_names_skip_existing_input_names) ... ok
test_private_cpu_and_cuda_metadata_use_distinct_cache_keys (tests.test_compile_corpus.CompileCorpusTraceTests.test_private_cpu_and_cuda_metadata_use_distinct_cache_keys) ... ok
test_private_cuda_float_trace_rejects_cpu_tensor_before_execution (tests.test_compile_corpus.CompileCorpusTraceTests.test_private_cuda_float_trace_rejects_cpu_tensor_before_execution) ... ok
test_private_cuda_trace_rejects_cpu_tensor_before_execution (tests.test_compile_corpus.CompileCorpusTraceTests.test_private_cuda_trace_rejects_cpu_tensor_before_execution) ... ok
test_private_device_metadata_parses_cpu_and_cuda_targets (tests.test_compile_corpus.CompileCorpusTraceTests.test_private_device_metadata_parses_cpu_and_cuda_targets) ... ok
test_private_executor_bypasses_active_torch_function_mode (tests.test_compile_corpus.CompileCorpusTraceTests.test_private_executor_bypasses_active_torch_function_mode) ... ok
test_private_executor_rejects_runtime_metadata_mismatch_clearly (tests.test_compile_corpus.CompileCorpusTraceTests.test_private_executor_rejects_runtime_metadata_mismatch_clearly) ... ok
test_private_executor_rejects_two_input_runtime_metadata_mismatch (tests.test_compile_corpus.CompileCorpusTraceTests.test_private_executor_rejects_two_input_runtime_metadata_mismatch) ... ok
test_private_recorder_rejects_more_than_two_inputs (tests.test_compile_corpus.CompileCorpusTraceTests.test_private_recorder_rejects_more_than_two_inputs) ... ok
test_private_trace_does_not_import_pytorch_or_invoke_backend (tests.test_compile_corpus.CompileCorpusTraceTests.test_private_trace_does_not_import_pytorch_or_invoke_backend) ... ok
test_proxy_unsupported_operations_fail_clearly (tests.test_compile_corpus.CompileCorpusTraceTests.test_proxy_unsupported_operations_fail_clearly) ... ok
test_square_decomposition_cases_cover_scalar_empty_and_noncontiguous_inputs (tests.test_compile_corpus.CompileCorpusTraceTests.test_square_decomposition_cases_cover_scalar_empty_and_noncontiguous_inputs) ... ok
test_tuple_list_outputs_preserve_container_aliasing (tests.test_compile_corpus.CompileCorpusTraceTests.test_tuple_list_outputs_preserve_container_aliasing) ... ok
test_tuple_list_outputs_record_private_graph_structure (tests.test_compile_corpus.CompileCorpusTraceTests.test_tuple_list_outputs_record_private_graph_structure) ... ok
test_tuple_list_outputs_reject_non_tensor_leaves_and_dicts (tests.test_compile_corpus.CompileCorpusTraceTests.test_tuple_list_outputs_reject_non_tensor_leaves_and_dicts) ... ok
test_two_input_binary_executor_matches_empty_and_strided_broadcasts (tests.test_compile_corpus.CompileCorpusTraceTests.test_two_input_binary_executor_matches_empty_and_strided_broadcasts) ... ok
test_two_input_binary_executor_matches_no_grad_requires_grad_outputs (tests.test_compile_corpus.CompileCorpusTraceTests.test_two_input_binary_executor_matches_no_grad_requires_grad_outputs) ... ok
test_two_input_broadcast_executes_private_native_graph_for_key_layouts (tests.test_compile_corpus.CompileCorpusTraceTests.test_two_input_broadcast_executes_private_native_graph_for_key_layouts) ... ok
test_two_input_broadcast_records_private_immutable_graph (tests.test_compile_corpus.CompileCorpusTraceTests.test_two_input_broadcast_records_private_immutable_graph) ... ok
test_unary_abs_neg_executes_private_native_graph (tests.test_compile_corpus.CompileCorpusTraceTests.test_unary_abs_neg_executes_private_native_graph) ... ok
test_unary_abs_neg_executor_matches_no_grad_requires_grad_outputs (tests.test_compile_corpus.CompileCorpusTraceTests.test_unary_abs_neg_executor_matches_no_grad_requires_grad_outputs) ... ok
test_unary_abs_neg_records_private_immutable_graph (tests.test_compile_corpus.CompileCorpusTraceTests.test_unary_abs_neg_records_private_immutable_graph) ... ok
test_unary_output_metadata_matches_native_stride_planning (tests.test_compile_corpus.CompileCorpusTraceTests.test_unary_output_metadata_matches_native_stride_planning) ... ok
test_dynamic_shape_symbolics_cases_run_variants_without_user_code (tests.test_compile_corpus.CompileRecompilationGuardCorpusTests.test_dynamic_shape_symbolics_cases_run_variants_without_user_code) ... ok
test_torch_rs_guard_scenarios_recompile_on_metadata_changes (tests.test_compile_corpus.CompileRecompilationGuardCorpusTests.test_torch_rs_guard_scenarios_recompile_on_metadata_changes) ... ok
test_reference_pytorch_2_13_accepts_all_eligible_cases (tests.test_compile_corpus.TorchCompileCorpusReferenceTests.test_reference_pytorch_2_13_accepts_all_eligible_cases) ... ok
test_reference_pytorch_2_13_accepts_recompilation_guard_sequences (tests.test_compile_corpus.TorchCompileCorpusReferenceTests.test_reference_pytorch_2_13_accepts_recompilation_guard_sequences) ... W0910 22:00:32.161000 2218287 .venv/lib/python3.12/site-packages/torch/_dynamo/convert_frame.py:1994] [0/2] torch._dynamo hit config.recompile_limit (2)
W0910 22:00:32.161000 2218287 .venv/lib/python3.12/site-packages/torch/_dynamo/convert_frame.py:1994] [0/2]    function: 'cpu_float32_recompile_limit_reset' (/data/users/bobren/a/pytorch-rs-burner/.burner/worktrees/agent_37b39666/tests/test_compile_corpus.py:278)
W0910 22:00:32.161000 2218287 .venv/lib/python3.12/site-packages/torch/_dynamo/convert_frame.py:1994] [0/2]    last reason: 0/1: tensor 'x' rank mismatch. expected 1, actual 2
W0910 22:00:32.161000 2218287 .venv/lib/python3.12/site-packages/torch/_dynamo/convert_frame.py:1994] [0/2] To log all recompilation reasons, use TORCH_LOGS="recompiles".
W0910 22:00:32.161000 2218287 .venv/lib/python3.12/site-packages/torch/_dynamo/convert_frame.py:1994] [0/2] To diagnose recompilation issues, see https://docs.pytorch.org/docs/main/user_guide/torch_compiler/compile/programming_model.recompilation.html
ok
test_torch_rs_compile_runs_eligible_eager_cases_natively (tests.test_compile_corpus.TorchCompileCorpusReferenceTests.test_torch_rs_compile_runs_eligible_eager_cases_natively) ... ok
test_tanh_inside_compiled_body_stays_unsupported_and_recovers (tests.test_compile_tanh_composition.CompileTanhBoundaryTests.test_tanh_inside_compiled_body_stays_unsupported_and_recovers) ... ok
test_unsupported_outputs_leave_compiled_parent_graph_usable (tests.test_compile_tanh_composition.CompileTanhBoundaryTests.test_unsupported_outputs_leave_compiled_parent_graph_usable) ... ok
test_live_grad_flags_capture_rebinding_helper_and_root_code_replacement (tests.test_compile_tanh_composition.CompileTanhCompositionTests.test_live_grad_flags_capture_rebinding_helper_and_root_code_replacement) ... ok
test_owned_outputs_changed_values_shared_operands_and_repeated_backward (tests.test_compile_tanh_composition.CompileTanhCompositionTests.test_owned_outputs_changed_values_shared_operands_and_repeated_backward) ... ok

----------------------------------------------------------------------
Ran 196 tests in 108.645s

OK (skipped=7)
