{
  "python": "3.12.14 (main, Sep  1 2026, 14:16:52) [Clang 22.1.3 ]",
  "executable": "/data/users/bobren/a/pytorch-rs-burner/.burner/worktrees/agent_67fce754/.venv/bin/python",
  "interpreter": "/data/users/bobren/a/pytorch-rs-burner/.burner/worktrees/agent_67fce754/target/view-postcommit-12ac70fd/python/cpython-3.12.14-linux-x86_64-gnu/bin/python3.12",
  "torch": "2.13.0+cu130",
  "torch_cuda": "13.0",
  "numpy": "2.5.1",
  "native_package": "/data/users/bobren/a/pytorch-rs-burner/.burner/worktrees/agent_67fce754/.venv/lib/python3.12/site-packages/torch_rs/__init__.py",
  "native_extension": "/data/users/bobren/a/pytorch-rs-burner/.burner/worktrees/agent_67fce754/.venv/lib/python3.12/site-packages/torch_rs/torch_rs.abi3.so",
  "runtime_library": "/data/users/bobren/a/pytorch-rs-burner/.burner/worktrees/agent_67fce754/.venv/lib/python3.12/site-packages/nvidia/cu13/lib/libcudart.so.13",
  "versions": {
    "cudaRuntimeGetVersion": 13000,
    "cudaDriverGetVersion": 13000
  },
  "gpu": "NVIDIA H100",
  "capability": [
    9,
    0
  ],
  "visible_devices": "0",
  "loaded_cuda_libraries": [
    "/data/users/bobren/a/pytorch-rs-burner/.burner/worktrees/agent_67fce754/.venv/lib/python3.12/site-packages/nvidia/cu13/lib/libcublas.so.13",
    "/data/users/bobren/a/pytorch-rs-burner/.burner/worktrees/agent_67fce754/.venv/lib/python3.12/site-packages/nvidia/cu13/lib/libcudart.so.13",
    "/usr/lib64/libcuda.so.580.82.07"
  ],
  "nvcc": "nvcc: NVIDIA (R) Cuda compiler driver\nCopyright (c) 2005-2024 NVIDIA Corporation\nBuilt on Tue_Oct_29_23:50:19_PDT_2024\nCuda compilation tools, release 12.6, V12.6.85\nBuild cuda_12.6.r12.6/compiler.35059454_0\n",
  "nvcc_used": false,
  "kernel_compilation": "driver JIT of embedded PTX; matmul uses runtime cuBLAS"
}
