test_dtype_extension_keyword_remains_rejected (tests.test_top_level_unflatten.TopLevelUnflattenTests.test_dtype_extension_keyword_remains_rejected) ... ok
test_duck_method_is_not_called (tests.test_top_level_unflatten.TopLevelUnflattenTests.test_duck_method_is_not_called) ... ok
test_native_execution_bypasses_replaceable_method_attributes (tests.test_top_level_unflatten.TopLevelUnflattenTests.test_native_execution_bypasses_replaceable_method_attributes) ... ok
test_public_export_and_binding (tests.test_top_level_unflatten.TopLevelUnflattenTests.test_public_export_and_binding) ... ok
test_real_cuda_input_remains_rejected (tests.test_top_level_unflatten.TopLevelUnflattenTests.test_real_cuda_input_remains_rejected) ... ok
test_accepting_forwarding_nested_and_declining_modes (tests.test_top_level_unflatten_reference.TopLevelUnflattenReferenceTests.test_accepting_forwarding_nested_and_declining_modes) ... ok
test_arbitrary_indexable_dimensions_fail_before_operand_dispatch (tests.test_top_level_unflatten_reference.TopLevelUnflattenReferenceTests.test_arbitrary_indexable_dimensions_fail_before_operand_dispatch) ... ok
test_binding_dimension_product_and_ambiguous_inference_errors (tests.test_top_level_unflatten_reference.TopLevelUnflattenReferenceTests.test_binding_dimension_product_and_ambiguous_inference_errors) ... ok
test_layouts_aliases_and_weighted_first_order_gradients (tests.test_top_level_unflatten_reference.TopLevelUnflattenReferenceTests.test_layouts_aliases_and_weighted_first_order_gradients) ... ok
test_mode_decline_falls_back_to_operand (tests.test_top_level_unflatten_reference.TopLevelUnflattenReferenceTests.test_mode_decline_falls_back_to_operand) ... ok
test_native_dim_and_sizes_types_precede_their_own_overrides (tests.test_top_level_unflatten_reference.TopLevelUnflattenReferenceTests.test_native_dim_and_sizes_types_precede_their_own_overrides) ... ok
test_native_scope_rejects_cuda (tests.test_top_level_unflatten_reference.TopLevelUnflattenReferenceTests.test_native_scope_rejects_cuda) ... ok
test_positional_keyword_and_integer_forms (tests.test_top_level_unflatten_reference.TopLevelUnflattenReferenceTests.test_positional_keyword_and_integer_forms) ... ok
test_public_override_identity_call_layout_and_precedence (tests.test_top_level_unflatten_reference.TopLevelUnflattenReferenceTests.test_public_override_identity_call_layout_and_precedence) ... ok
test_replaced_method_preserves_dispatch_errors_and_mode_restoration (tests.test_top_level_unflatten_reference.TopLevelUnflattenReferenceTests.test_replaced_method_preserves_dispatch_errors_and_mode_restoration) ... ok
test_replaced_method_preserves_native_views_and_l1_gradients (tests.test_top_level_unflatten_reference.TopLevelUnflattenReferenceTests.test_replaced_method_preserves_native_views_and_l1_gradients) ... ok
test_schema_errors_precede_override_dispatch (tests.test_top_level_unflatten_reference.TopLevelUnflattenReferenceTests.test_schema_errors_precede_override_dispatch) ... ok
test_shared_storage_updates_and_lifetime (tests.test_top_level_unflatten_reference.TopLevelUnflattenReferenceTests.test_shared_storage_updates_and_lifetime) ... ok
test_sizes_are_converted_before_dimension_side_effects (tests.test_top_level_unflatten_reference.TopLevelUnflattenReferenceTests.test_sizes_are_converted_before_dimension_side_effects) ... ok
test_sizes_conversion_errors_precede_dimension_conversion (tests.test_top_level_unflatten_reference.TopLevelUnflattenReferenceTests.test_sizes_conversion_errors_precede_dimension_conversion) ... ok
test_sizes_subclasses_still_dispatch_stored_element_overrides (tests.test_top_level_unflatten_reference.TopLevelUnflattenReferenceTests.test_sizes_subclasses_still_dispatch_stored_element_overrides) ... ok
test_sizes_subclasses_use_stored_contents_without_python_hooks (tests.test_top_level_unflatten_reference.TopLevelUnflattenReferenceTests.test_sizes_subclasses_use_stored_contents_without_python_hooks) ... ok
test_alias_observes_gradient_storage_updates (tests.test_unflatten.UnflattenTests.test_alias_observes_gradient_storage_updates) ... ok
test_binding_and_inference (tests.test_unflatten.UnflattenTests.test_binding_and_inference) ... ok
test_empty_inference_is_local_to_selected_dimension (tests.test_unflatten.UnflattenTests.test_empty_inference_is_local_to_selected_dimension) ... ok
test_invalid_inputs (tests.test_unflatten.UnflattenTests.test_invalid_inputs) ... ok
test_binding_dimension_product_and_ambiguous_inference_errors (tests.test_unflatten_reference.UnflattenReferenceTests.test_binding_dimension_product_and_ambiguous_inference_errors) ... ok
test_layouts_aliases_and_weighted_first_order_gradients (tests.test_unflatten_reference.UnflattenReferenceTests.test_layouts_aliases_and_weighted_first_order_gradients) ... ok
test_native_scope_rejects_cuda (tests.test_unflatten_reference.UnflattenReferenceTests.test_native_scope_rejects_cuda) ... ok
test_positional_keyword_and_integer_forms (tests.test_unflatten_reference.UnflattenReferenceTests.test_positional_keyword_and_integer_forms) ... ok
test_active_torch_function_mode_is_rejected_without_dispatch (tests.test_nn_functional_l1_loss.FunctionalL1LossTests.test_active_torch_function_mode_is_rejected_without_dispatch) ... ok
test_bandwidth_sized_same_shape_contiguous_matches_composition (tests.test_nn_functional_l1_loss.FunctionalL1LossTests.test_bandwidth_sized_same_shape_contiguous_matches_composition) ... ok
test_broadcasted_inputs_match_composition_warning_and_storage (tests.test_nn_functional_l1_loss.FunctionalL1LossTests.test_broadcasted_inputs_match_composition_warning_and_storage) ... ok
test_channels_last_cases_match_composition_edges_and_storage (tests.test_nn_functional_l1_loss.FunctionalL1LossTests.test_channels_last_cases_match_composition_edges_and_storage) ... ok
test_channels_last_requires_grad_operands_and_no_grad (tests.test_nn_functional_l1_loss.FunctionalL1LossTests.test_channels_last_requires_grad_operands_and_no_grad) ... ok
test_every_call_returns_fresh_independent_storage (tests.test_nn_functional_l1_loss.FunctionalL1LossTests.test_every_call_returns_fresh_independent_storage) ... ok
test_float32_edge_values_match_kernel_composition_bits (tests.test_nn_functional_l1_loss.FunctionalL1LossTests.test_float32_edge_values_match_kernel_composition_bits) ... ok
test_import_signature_documentation_and_exports (tests.test_nn_functional_l1_loss.FunctionalL1LossTests.test_import_signature_documentation_and_exports) ... ok
test_matching_dense_cases_cover_edges_storage_sum_and_nonmutation (tests.test_nn_functional_l1_loss.FunctionalL1LossTests.test_matching_dense_cases_cover_edges_storage_sum_and_nonmutation) ... ok
test_matching_shape_is_required_even_for_same_element_count (tests.test_nn_functional_l1_loss.FunctionalL1LossTests.test_matching_shape_is_required_even_for_same_element_count) ... ok
test_mean_reduction_cases_match_composition_warning_storage_and_default (tests.test_nn_functional_l1_loss.FunctionalL1LossTests.test_mean_reduction_cases_match_composition_warning_storage_and_default) ... ok
test_mixed_layout_singleton_keeps_binary_tensoriterator_stride (tests.test_nn_functional_l1_loss.FunctionalL1LossTests.test_mixed_layout_singleton_keeps_binary_tensoriterator_stride) ... ok
test_nonfinite_operands_reject_active_autograd_but_allow_no_grad (tests.test_nn_functional_l1_loss.FunctionalL1LossTests.test_nonfinite_operands_reject_active_autograd_but_allow_no_grad) ... ok
test_python_argument_binding_matches_the_canonical_signature (tests.test_nn_functional_l1_loss.FunctionalL1LossTests.test_python_argument_binding_matches_the_canonical_signature) ... ok
test_rank_two_trailing_vector_sum_broadcast_matches_composition_warning_metadata_and_nonmutation (tests.test_nn_functional_l1_loss.FunctionalL1LossTests.test_rank_two_trailing_vector_sum_broadcast_matches_composition_warning_metadata_and_nonmutation) ... ok
test_rank_two_trailing_vector_sum_requires_grad_operands_need_no_grad (tests.test_nn_functional_l1_loss.FunctionalL1LossTests.test_rank_two_trailing_vector_sum_requires_grad_operands_need_no_grad) ... ok
test_requires_grad_operands_and_no_grad (tests.test_nn_functional_l1_loss.FunctionalL1LossTests.test_requires_grad_operands_and_no_grad) ... ok
test_same_shape_contiguous_sum_edges_metadata_and_nonmutation (tests.test_nn_functional_l1_loss.FunctionalL1LossTests.test_same_shape_contiguous_sum_edges_metadata_and_nonmutation) ... ok
test_scalar_broadcast_float32_edges_match_kernel_composition_bits (tests.test_nn_functional_l1_loss.FunctionalL1LossTests.test_scalar_broadcast_float32_edges_match_kernel_composition_bits) ... ok
test_scalar_broadcast_requires_grad_operands_need_no_grad (tests.test_nn_functional_l1_loss.FunctionalL1LossTests.test_scalar_broadcast_requires_grad_operands_need_no_grad) ... ok
test_scalar_broadcast_sum_float32_edges_match_composition_warning_metadata_and_nonmutation (tests.test_nn_functional_l1_loss.FunctionalL1LossTests.test_scalar_broadcast_sum_float32_edges_match_composition_warning_metadata_and_nonmutation) ... ok
test_sum_reduction_cases_match_composition_warning_and_storage (tests.test_nn_functional_l1_loss.FunctionalL1LossTests.test_sum_reduction_cases_match_composition_warning_and_storage) ... ok
test_supported_forms_match_subtraction_and_abs_composition (tests.test_nn_functional_l1_loss.FunctionalL1LossTests.test_supported_forms_match_subtraction_and_abs_composition) ... ok
test_unsupported_options_shapes_and_operands_are_rejected (tests.test_nn_functional_l1_loss.FunctionalL1LossTests.test_unsupported_options_shapes_and_operands_are_rejected) ... ok
test_bandwidth_sized_same_shape_contiguous_matches_pytorch_2_13 (tests.test_nn_functional_l1_loss_reference.FunctionalL1LossReferenceTests.test_bandwidth_sized_same_shape_contiguous_matches_pytorch_2_13) ... ok
test_broadcasted_outputs_strides_warnings_and_storage_match_pytorch_2_13 (tests.test_nn_functional_l1_loss_reference.FunctionalL1LossReferenceTests.test_broadcasted_outputs_strides_warnings_and_storage_match_pytorch_2_13) ... ok
test_channels_last_edge_singleton_empty_and_nonmutation_match_pytorch_2_13 (tests.test_nn_functional_l1_loss_reference.FunctionalL1LossReferenceTests.test_channels_last_edge_singleton_empty_and_nonmutation_match_pytorch_2_13) ... ok
test_channels_last_requires_grad_matches_no_grad (tests.test_nn_functional_l1_loss_reference.FunctionalL1LossReferenceTests.test_channels_last_requires_grad_matches_no_grad) ... ok
test_float32_edge_bits_match_pytorch_2_13 (tests.test_nn_functional_l1_loss_reference.FunctionalL1LossReferenceTests.test_float32_edge_bits_match_pytorch_2_13) ... ok
test_matching_dense_transposed_offset_empty_none_sum_match_pytorch_2_13 (tests.test_nn_functional_l1_loss_reference.FunctionalL1LossReferenceTests.test_matching_dense_transposed_offset_empty_none_sum_match_pytorch_2_13) ... ok
test_mean_reduction_cases_match_pytorch_2_13 (tests.test_nn_functional_l1_loss_reference.FunctionalL1LossReferenceTests.test_mean_reduction_cases_match_pytorch_2_13) ... ok
test_mixed_layout_singleton_stride_matches_pytorch_2_13 (tests.test_nn_functional_l1_loss_reference.FunctionalL1LossReferenceTests.test_mixed_layout_singleton_stride_matches_pytorch_2_13) ... ok
test_name_signature_defaults_and_annotations_match_pytorch_2_13 (tests.test_nn_functional_l1_loss_reference.FunctionalL1LossReferenceTests.test_name_signature_defaults_and_annotations_match_pytorch_2_13) ... ok
test_rank_two_trailing_vector_sum_broadcast_matches_pytorch_2_13 (tests.test_nn_functional_l1_loss_reference.FunctionalL1LossReferenceTests.test_rank_two_trailing_vector_sum_broadcast_matches_pytorch_2_13) ... ok
test_rank_two_trailing_vector_sum_requires_grad_matches_no_grad_and_rejects_active_autograd (tests.test_nn_functional_l1_loss_reference.FunctionalL1LossReferenceTests.test_rank_two_trailing_vector_sum_requires_grad_matches_no_grad_and_rejects_active_autograd) ... ok
test_requires_grad_operands_match_inside_no_grad (tests.test_nn_functional_l1_loss_reference.FunctionalL1LossReferenceTests.test_requires_grad_operands_match_inside_no_grad) ... ok
test_same_shape_contiguous_sum_edges_metadata_and_nonmutation_match_pytorch_2_13 (tests.test_nn_functional_l1_loss_reference.FunctionalL1LossReferenceTests.test_same_shape_contiguous_sum_edges_metadata_and_nonmutation_match_pytorch_2_13) ... ok
test_scalar_broadcast_float32_edges_match_pytorch_2_13 (tests.test_nn_functional_l1_loss_reference.FunctionalL1LossReferenceTests.test_scalar_broadcast_float32_edges_match_pytorch_2_13) ... ok
test_scalar_broadcast_requires_grad_operands_match_inside_no_grad (tests.test_nn_functional_l1_loss_reference.FunctionalL1LossReferenceTests.test_scalar_broadcast_requires_grad_operands_match_inside_no_grad) ... ok
test_scalar_broadcast_sum_float32_edges_match_pytorch_2_13 (tests.test_nn_functional_l1_loss_reference.FunctionalL1LossReferenceTests.test_scalar_broadcast_sum_float32_edges_match_pytorch_2_13) ... ok
test_sum_reduction_cases_match_pytorch_2_13 (tests.test_nn_functional_l1_loss_reference.FunctionalL1LossReferenceTests.test_sum_reduction_cases_match_pytorch_2_13) ... ok
test_supported_layouts_values_storage_and_nonmutation_match (tests.test_nn_functional_l1_loss_reference.FunctionalL1LossReferenceTests.test_supported_layouts_values_storage_and_nonmutation_match) ... ok
test_unbroadcastable_shape_warning_and_error_match_pytorch_2_13 (tests.test_nn_functional_l1_loss_reference.FunctionalL1LossReferenceTests.test_unbroadcastable_shape_warning_and_error_match_pytorch_2_13) ... ok
test_unreduced_backward_releases_graph_matches_pytorch_2_13 (tests.test_nn_functional_l1_loss_reference.FunctionalL1LossReferenceTests.test_unreduced_backward_releases_graph_matches_pytorch_2_13) ... ok
test_unreduced_shared_operands_and_repeated_use_match_pytorch_2_13 (tests.test_nn_functional_l1_loss_reference.FunctionalL1LossReferenceTests.test_unreduced_shared_operands_and_repeated_use_match_pytorch_2_13) ... ok
test_unreduced_weighted_backward_layouts_match_pytorch_2_13 (tests.test_nn_functional_l1_loss_reference.FunctionalL1LossReferenceTests.test_unreduced_weighted_backward_layouts_match_pytorch_2_13) ... ok

----------------------------------------------------------------------
Ran 76 tests in 1.401s

OK
