Cloning into bare repository '/data/users/bobren/a/pytorch-rs-burner/.burner/worktrees/composite_674e1877/target/exact-head-run.aebPBO/repository.git'...
done.
testing exact HEAD a60cefa7c2ea7792bace10381218365a14da5fd6
verified 1820 exact-HEAD files
Using CPython 3.12.14+meta interpreter at: /usr/local/fbcode/platform010/bin/python3.12
Creating virtual environment at: .venv
Activate with: source .venv/bin/activate
Resolved 36 packages in 2ms
Installed 31 packages in 939ms
 + cuda-bindings==13.3.1
 + cuda-pathfinder==1.6.0
 + cuda-toolkit==13.0.3.0
 + filelock==3.32.2
 + fsspec==2026.7.0
 + jinja2==3.1.6
 + markupsafe==3.0.3
 + maturin==1.14.1
 + mpmath==1.3.0
 + networkx==3.6.1
 + numpy==2.5.1
 + nvidia-cublas==13.1.1.3
 + nvidia-cuda-cupti==13.0.85
 + nvidia-cuda-nvrtc==13.0.88
 + nvidia-cuda-runtime==13.0.96
 + nvidia-cudnn-cu13==9.20.0.48
 + nvidia-cufft==12.0.0.61
 + nvidia-cufile==1.15.1.6
 + nvidia-curand==10.4.0.35
 + nvidia-cusolver==12.0.4.66
 + nvidia-cusparse==12.6.3.3
 + nvidia-cusparselt-cu13==0.8.1
 + nvidia-nccl-cu13==2.29.7
 + nvidia-nvjitlink==13.3.33
 + nvidia-nvshmem-cu13==3.4.5
 + nvidia-nvtx==13.0.85
 + setuptools==84.0.0
 + sympy==1.14.0
 + torch==2.13.0
 + triton==3.7.1
 + typing-extensions==4.16.0
verified Rust toolchain: rustc 1.92.0 (ded5c06cf 2025-12-08); cargo 1.92.0 (344c4567c 2025-10-21)
    Updating crates.io index
 Downloading crates ...
  Downloaded once_cell v1.21.4
  Downloaded either v1.18.0
  Downloaded cfg-if v1.0.4
  Downloaded crossbeam-utils v0.8.23
  Downloaded heck v0.5.0
  Downloaded inventory v0.3.24
  Downloaded pyo3-macros v0.29.2
  Downloaded windows-link v0.2.1
  Downloaded crossbeam-deque v0.8.8
  Downloaded libloading v0.8.9
  Downloaded quote v1.0.47
  Downloaded rustversion v1.0.23
  Downloaded target-lexicon v0.13.5
  Downloaded crossbeam-epoch v0.9.21
  Downloaded unicode-ident v1.0.24
  Downloaded proc-macro2 v1.0.107
  Downloaded rayon-core v1.13.0
  Downloaded pyo3-macros-backend v0.29.2
  Downloaded pyo3-ffi v0.29.2
  Downloaded pyo3-build-config v0.29.2
  Downloaded rayon v1.12.0
  Downloaded portable-atomic v1.14.0
  Downloaded syn v2.0.119
  Downloaded libc v0.2.189
  Downloaded pyo3 v0.29.2
📦 Including license file `LICENSE`
🍹 Building a mixed python/rust project
🐍 Found CPython 3.12 at /data/users/bobren/a/pytorch-rs-burner/.burner/worktrees/composite_674e1877/target/exact-head-run.aebPBO/checkout/.venv/bin/python
🔗 Found pyo3 bindings with abi3-py3.10 support
📡 Using build options features from pyproject.toml
   Compiling target-lexicon v0.13.5
   Compiling proc-macro2 v1.0.107
   Compiling quote v1.0.47
   Compiling unicode-ident v1.0.24
   Compiling crossbeam-utils v0.8.23
   Compiling crossbeam-epoch v0.9.21
   Compiling crossbeam-deque v0.8.8
   Compiling libc v0.2.189
   Compiling rayon-core v1.13.0
   Compiling heck v0.5.0
   Compiling cfg-if v1.0.4
   Compiling inventory v0.3.24
   Compiling either v1.18.0
   Compiling once_cell v1.21.4
   Compiling libloading v0.8.9
   Compiling pyo3-build-config v0.29.2
   Compiling syn v2.0.119
   Compiling pyo3-ffi v0.29.2
   Compiling pyo3 v0.29.2
   Compiling rayon v1.12.0
   Compiling pyo3-macros-backend v0.29.2
   Compiling pyo3-macros v0.29.2
   Compiling pytorch-rs v0.1.0 (/data/users/bobren/a/pytorch-rs-burner/.burner/worktrees/composite_674e1877/target/exact-head-run.aebPBO/checkout)
    Finished `release` profile [optimized] target(s) in 45.96s
📦 Built wheel for abi3 Python ≥ 3.10 to /data/users/bobren/a/pytorch-rs-burner/.burner/worktrees/composite_674e1877/target/exact-head-run.aebPBO/wheels/torch_rs-0.1.0-cp310-abi3-manylinux_2_34_x86_64.whl
Resolved 1 package in 1ms
Prepared 1 package in 43ms
Installed 1 package in 25ms
 + torch-rs==0.1.0 (from file:///data/users/bobren/a/pytorch-rs-burner/.burner/worktrees/composite_674e1877/target/exact-head-run.aebPBO/wheels/torch_rs-0.1.0-cp310-abi3-manylinux_2_34_x86_64.whl)
verified native-extension provenance for torch-rs 0.1.0
interpreter: /data/users/bobren/a/pytorch-rs-burner/.burner/worktrees/composite_674e1877/target/exact-head-run.aebPBO/checkout/.venv/bin/python
virtualenv: /data/users/bobren/a/pytorch-rs-burner/.burner/worktrees/composite_674e1877/target/exact-head-run.aebPBO/checkout/.venv
torch_rs: /data/users/bobren/a/pytorch-rs-burner/.burner/worktrees/composite_674e1877/target/exact-head-run.aebPBO/checkout/.venv/lib/python3.12/site-packages/torch_rs/__init__.py
torch_rs.torch_rs: /data/users/bobren/a/pytorch-rs-burner/.burner/worktrees/composite_674e1877/target/exact-head-run.aebPBO/checkout/.venv/lib/python3.12/site-packages/torch_rs/torch_rs.abi3.so
verified Python 3.12 and PyTorch 2.13.0+cu130; CUDA is available (NVIDIA H100)
.............................................................................................................................................................................................................................................................................................................torch_rs/_grad_mode.py:25: DeprecationWarning: the (type, exc, tb) signature of throw() is deprecated, use the single-arg signature instead.
........................../data/users/bobren/a/pytorch-rs-burner/.burner/worktrees/composite_674e1877/target/exact-head-run.aebPBO/checkout/.venv/lib/python3.12/site-packages/torch/utils/_contextlib.py:56: DeprecationWarning: the (type, exc, tb) signature of throw() is deprecated, use the single-arg signature instead.
  response = gen.throw(*sys.exc_info())
.................................................................................................................................................................................................................................................................................................................................................................................................................................................................................................................................................................................................................................................................................../data/users/bobren/a/pytorch-rs-burner/.burner/worktrees/composite_674e1877/target/exact-head-run.aebPBO/checkout/.venv/lib/python3.12/site-packages/torch/jit/_script.py:365: DeprecationWarning: `torch.jit.script_method` is deprecated. Please switch to `torch.compile` or `torch.export`.
  warnings.warn(
.W0910 01:23:04.646000 3321860 .venv/lib/python3.12/site-packages/torch/_dynamo/convert_frame.py:1994] [0/2] torch._dynamo hit config.recompile_limit (2)
W0910 01:23:04.646000 3321860 .venv/lib/python3.12/site-packages/torch/_dynamo/convert_frame.py:1994] [0/2]    function: 'cpu_float32_recompile_limit_reset' (/data/users/bobren/a/pytorch-rs-burner/.burner/worktrees/composite_674e1877/target/exact-head-run.aebPBO/checkout/tests/test_compile_corpus.py:278)
W0910 01:23:04.646000 3321860 .venv/lib/python3.12/site-packages/torch/_dynamo/convert_frame.py:1994] [0/2]    last reason: 0/1: tensor 'x' rank mismatch. expected 1, actual 2
W0910 01:23:04.646000 3321860 .venv/lib/python3.12/site-packages/torch/_dynamo/convert_frame.py:1994] [0/2] To log all recompilation reasons, use TORCH_LOGS="recompiles".
W0910 01:23:04.646000 3321860 .venv/lib/python3.12/site-packages/torch/_dynamo/convert_frame.py:1994] [0/2] To diagnose recompilation issues, see https://docs.pytorch.org/docs/main/user_guide/torch_compiler/compile/programming_model.recompilation.html
.................................................................................ss..............s............s...............................................................................................................................................................................................................................................................................................................................ss.................................................................................................................................................................................................sss.........s.......s........s..................ss.............s...........................s...............................................................................................................................................................................................................................................................................................................................................................................................................................................................................................................................................................................................................................................................................................................................................................................................................................................................................................................................................................................................................................................................................................................................................................................................................................................................................................................................................................................s........................................................................................................................................................................................................................................................................................................................................................................................................................................................................................................................................................................................................................................................................................................................................................................................................................................................................................................................................................................................................................................................................................................................................................./data/users/bobren/a/pytorch-rs-burner/.burner/worktrees/composite_674e1877/target/exact-head-run.aebPBO/checkout/tests/test_size_value_reference.py:270: PendingDeprecationWarning: the matrix subclass is not the recommended way to represent matrices or deal with linear algebra (see https://docs.scipy.org/doc/numpy/user/numpy-for-matlab-users.html). Please adjust your code to use regular ndarray.
  np.matrix([[1]]),
........................................................................................................................................................................................................................................................................................................................................................................................................................................................................................................................................................................................................../data/users/bobren/a/pytorch-rs-burner/.burner/worktrees/composite_674e1877/target/exact-head-run.aebPBO/checkout/tests/test_tensor_requires_grad_reference.py:178: UserWarning: The .grad attribute of a Tensor that is not a leaf Tensor is being accessed. Its .grad attribute won't be populated during autograd.backward(). If you indeed want the .grad field to be populated for a non-leaf Tensor, use .retain_grad() on the non-leaf Tensor. If you access the non-leaf Tensor by mistake, make sure you access the leaf Tensor instead. See github.com/pytorch/pytorch/pull/30531 for more information. (Triggered internally at /__w/pytorch/pytorch/build/aten/src/ATen/core/TensorBody.h:493.)
  "non_leaf_grad": self.grad_payload(non_leaf.grad),
/data/users/bobren/a/pytorch-rs-burner/.burner/worktrees/composite_674e1877/target/exact-head-run.aebPBO/checkout/tests/test_tensor_requires_grad_reference.py:179: UserWarning: The .grad attribute of a Tensor that is not a leaf Tensor is being accessed. Its .grad attribute won't be populated during autograd.backward(). If you indeed want the .grad field to be populated for a non-leaf Tensor, use .retain_grad() on the non-leaf Tensor. If you access the non-leaf Tensor by mistake, make sure you access the leaf Tensor instead. See github.com/pytorch/pytorch/pull/30531 for more information. (Triggered internally at /__w/pytorch/pytorch/build/aten/src/ATen/core/TensorBody.h:493.)
  "view_grad": self.grad_payload(view.grad),
........................................................................................................................................................................................................................................................................................................................................................................................................................................................................................................................................................................................................................................................................................................................................
----------------------------------------------------------------------
Ran 5443 tests in 535.703s

OK (skipped=17)
