Thu Sep 10 08:17:17 UTC 2026
a60cefa7c2ea7792bace10381218365a14da5fd6
index, name, memory.total [MiB], driver_version, compute_cap
0, NVIDIA H100, 97871 MiB, 580.82.07, 9.0
1, NVIDIA H100, 97871 MiB, 580.82.07, 9.0
2, NVIDIA H100, 97871 MiB, 580.82.07, 9.0
3, NVIDIA H100, 97871 MiB, 580.82.07, 9.0
4, NVIDIA H100, 97871 MiB, 580.82.07, 9.0
5, NVIDIA H100, 97871 MiB, 580.82.07, 9.0
6, NVIDIA H100, 97871 MiB, 580.82.07, 9.0
7, NVIDIA H100, 97871 MiB, 580.82.07, 9.0
nvcc: NVIDIA (R) Cuda compiler driver
Copyright (c) 2005-2024 NVIDIA Corporation
Built on Tue_Oct_29_23:50:19_PDT_2024
Cuda compilation tools, release 12.6, V12.6.85
Build cuda_12.6.r12.6/compiler.35059454_0
rustc 1.92.0 (ded5c06cf 2025-12-08)
cargo 1.92.0 (344c4567c 2025-10-21)
uv 0.12.11 (x86_64-unknown-linux-gnu)
Filesystem      Size  Used Avail Use% Mounted on
/dev/md0         27T   14T   13T  54% /data
44K	.venv
