test_cpu_cuda_cache_separation_and_original_bypass (tests.test_compile_cuda_boundary.CompileCudaBoundaryTests.test_cpu_cuda_cache_separation_and_original_bypass) ... ok
test_dynamic_cache_hit_preflights_late_shape_mismatch (tests.test_compile_cuda_boundary.CompileCudaBoundaryTests.test_dynamic_cache_hit_preflights_late_shape_mismatch) ... ok
test_global_capture_transitions_and_recompile_limit (tests.test_compile_cuda_boundary.CompileCudaBoundaryTests.test_global_capture_transitions_and_recompile_limit) ... ok
test_ieee_edges_and_dynamic_offset_guards (tests.test_compile_cuda_boundary.CompileCudaBoundaryTests.test_ieee_edges_and_dynamic_offset_guards) ... ok
test_native_failure_does_not_publish_cache (tests.test_compile_cuda_boundary.CompileCudaBoundaryTests.test_native_failure_does_not_publish_cache) ... ok
test_no_pytorch_import_or_original_execution (tests.test_compile_cuda_boundary.CompileCudaBoundaryTests.test_no_pytorch_import_or_original_execution) ... ok
test_offset_layout_metadata_and_cache_guards (tests.test_compile_cuda_boundary.CompileCudaBoundaryTests.test_offset_layout_metadata_and_cache_guards) ... ok
test_private_trace_entrypoints_keep_unsupported_guards (tests.test_compile_cuda_boundary.CompileCudaBoundaryTests.test_private_trace_entrypoints_keep_unsupported_guards) ... ok
test_seeded_shapes_structures_and_changed_data_against_reference (tests.test_compile_cuda_boundary.CompileCudaBoundaryTests.test_seeded_shapes_structures_and_changed_data_against_reference) ... /data/users/bobren/a/pytorch-rs-burner/.burner/worktrees/agent_38d9746a/.venv/lib/python3.12/site-packages/torch/jit/_script.py:365: DeprecationWarning: `torch.jit.script_method` is deprecated. Please switch to `torch.compile` or `torch.export`.
  warnings.warn(
ok
test_unsupported_fresh_and_cpu_warmed_leave_cache_unchanged (tests.test_compile_cuda_boundary.CompileCudaBoundaryTests.test_unsupported_fresh_and_cpu_warmed_leave_cache_unchanged) ... ok
test_ordinals_captures_and_current_device_restoration (tests.test_compile_cuda_boundary.CompileCudaDeviceTests.test_ordinals_captures_and_current_device_restoration) ... skipped 'requires real CUDA with CUDA_VISIBLE_DEVICES=0,1'
test_bits_mutation_and_lifetime (tests.test_compile_cuda_transpose.CompileCudaTransposeTests.test_bits_mutation_and_lifetime) ... ok
test_blocked_reference_import (tests.test_compile_cuda_transpose.CompileCudaTransposeTests.test_blocked_reference_import) ... ok
test_cached_nodes_outputs_and_repeated_metadata_pairings (tests.test_compile_cuda_transpose.CompileCudaTransposeTests.test_cached_nodes_outputs_and_repeated_metadata_pairings) ... ok
test_composed_arithmetic_and_dynamic_pack_transition (tests.test_compile_cuda_transpose.CompileCudaTransposeTests.test_composed_arithmetic_and_dynamic_pack_transition) ... ok
test_every_axis_layout_policy_identity_and_cache (tests.test_compile_cuda_transpose.CompileCudaTransposeTests.test_every_axis_layout_policy_identity_and_cache) ... ok
test_global_axis_type_and_value_guards (tests.test_compile_cuda_transpose.CompileCudaTransposeTests.test_global_axis_type_and_value_guards) ... ok
test_guards_and_no_method_redispatch (tests.test_compile_cuda_transpose.CompileCudaTransposeTests.test_guards_and_no_method_redispatch) ... ok
test_large_empty_and_large_nonsquare (tests.test_compile_cuda_transpose.CompileCudaTransposeTests.test_large_empty_and_large_nonsquare) ... ok
test_public_argument_errors_and_unsupported_forms_before_execution (tests.test_compile_cuda_transpose.CompileCudaTransposeTests.test_public_argument_errors_and_unsupported_forms_before_execution) ... ok
test_restore_device_context_and_unused_capture (tests.test_compile_cuda_transpose.TransposeDeviceTests.test_restore_device_context_and_unused_capture) ... skipped 'requires real CUDA with CUDA_VISIBLE_DEVICES=0,1'
test_proxy_and_exact_axis_types (tests.test_compile_cuda_transpose.TransposeMetadataTests.test_proxy_and_exact_axis_types) ... ok
test_callable_global_cache_and_no_redispatch (tests.test_compile_cuda_t.CompileCudaTTests.test_callable_global_cache_and_no_redispatch) ... ok
test_dynamic_guards_and_alias_pack_transition (tests.test_compile_cuda_t.CompileCudaTTests.test_dynamic_guards_and_alias_pack_transition) ... ok
test_invalid_cached_metadata_types_early_late_and_outputs (tests.test_compile_cuda_t.CompileCudaTTests.test_invalid_cached_metadata_types_early_late_and_outputs) ... ok
test_packed_arithmetic_and_transposed_input_becomes_contiguous (tests.test_compile_cuda_t.CompileCudaTTests.test_packed_arithmetic_and_transposed_input_becomes_contiguous) ... ok
test_raw_bits_shared_mutation_and_lifetimes (tests.test_compile_cuda_t.CompileCudaTTests.test_raw_bits_shared_mutation_and_lifetimes) ... ok
test_reference_import_blocked (tests.test_compile_cuda_t.CompileCudaTTests.test_reference_import_blocked) ... ok
test_repeated_containers_validate_each_metadata_pair_on_cache_hits (tests.test_compile_cuda_t.CompileCudaTTests.test_repeated_containers_validate_each_metadata_pair_on_cache_hits) ... ok
test_seeded_layouts_identity_and_cache (tests.test_compile_cuda_t.CompileCudaTTests.test_seeded_layouts_identity_and_cache) ... ok
test_single_t_large_empty_extents (tests.test_compile_cuda_t.CompileCudaTTests.test_single_t_large_empty_extents) ... ok
test_strided_arithmetic_and_public_scope_remain_rejected (tests.test_compile_cuda_t.CompileCudaTTests.test_strided_arithmetic_and_public_scope_remain_rejected) ... ok
test_device_context_and_unused_capture (tests.test_compile_cuda_t.CompileTDeviceTests.test_device_context_and_unused_capture) ... skipped 'requires real CUDA with CUDA_VISIBLE_DEVICES=0,1'
test_bounded_metadata (tests.test_compile_cuda_t.TMetadataTests.test_bounded_metadata) ... ok
test_device_and_context_restored (tests.test_compile_cuda_contiguous.CompileContiguousDeviceTests.test_device_and_context_restored) ... skipped 'requires real CUDA with CUDA_VISIBLE_DEVICES=0,1'
test_alias_identity_metadata_and_mutations (tests.test_compile_cuda_contiguous.CompileCudaContiguousTests.test_alias_identity_metadata_and_mutations) ... ok
test_argument_callable_global_and_cpu_boundaries (tests.test_compile_cuda_contiguous.CompileCudaContiguousTests.test_argument_callable_global_and_cpu_boundaries) ... ok
test_blocked_reference_import_and_method_redispatch (tests.test_compile_cuda_contiguous.CompileCudaContiguousTests.test_blocked_reference_import_and_method_redispatch) ... ok
test_dynamic_alias_pack_transition_and_static_guards (tests.test_compile_cuda_contiguous.CompileCudaContiguousTests.test_dynamic_alias_pack_transition_and_static_guards) ... ok
test_empty_alias_without_representable_canonical_strides (tests.test_compile_cuda_contiguous.CompileCudaContiguousTests.test_empty_alias_without_representable_canonical_strides) ... ok
test_malformed_ir_and_invalid_downstream_before_bridge_on_cache_hits (tests.test_compile_cuda_contiguous.CompileCudaContiguousTests.test_malformed_ir_and_invalid_downstream_before_bridge_on_cache_hits) ... ok
test_mixed_device_unused_capture_rejected_before_native_execution (tests.test_compile_cuda_contiguous.CompileCudaContiguousTests.test_mixed_device_unused_capture_rejected_before_native_execution) ... ok
test_pack_composes_with_matmul_scalar_and_row_sum (tests.test_compile_cuda_contiguous.CompileCudaContiguousTests.test_pack_composes_with_matmul_scalar_and_row_sum) ... ok
test_raw_bits_copy_independence_and_lifetime (tests.test_compile_cuda_contiguous.CompileCudaContiguousTests.test_raw_bits_copy_independence_and_lifetime) ... ok
test_seeded_views_cold_warm_cache_and_composition (tests.test_compile_cuda_contiguous.CompileCudaContiguousTests.test_seeded_views_cold_warm_cache_and_composition) ... ok
test_strict_contiguous_declarations_before_native_execution (tests.test_compile_cuda_contiguous.CompileCudaContiguousTests.test_strict_contiguous_declarations_before_native_execution) ... ok
test_bounded_metadata_and_cpu_separation (tests.test_compile_cuda_contiguous.ContiguousMetadataTests.test_bounded_metadata_and_cpu_separation) ... ok
test_cuda_live_scalars_bindings_captures_and_failure_recovery (tests.test_compile_static_analysis.StaticAnalysisCudaTests.test_cuda_live_scalars_bindings_captures_and_failure_recovery) ... ok
test_code_replacement_reanalyzes_branches_and_inactive_globals (tests.test_compile_static_analysis.StaticAnalysisTests.test_code_replacement_reanalyzes_branches_and_inactive_globals) ... ok
test_descriptor_does_not_retain_root_or_resolved_helpers (tests.test_compile_static_analysis.StaticAnalysisTests.test_descriptor_does_not_retain_root_or_resolved_helpers) ... ok
test_only_root_analysis_is_reused_and_helper_guards_stay_live (tests.test_compile_static_analysis.StaticAnalysisTests.test_only_root_analysis_is_reused_and_helper_guards_stay_live) ... ok
test_reused_analysis_preserves_cpu_limit_metadata_and_method_guards (tests.test_compile_static_analysis.StaticAnalysisTests.test_reused_analysis_preserves_cpu_limit_metadata_and_method_guards) ... ok
test_warm_tensor_capture_reuses_analysis_but_resolves_every_call (tests.test_compile_static_analysis.StaticAnalysisTests.test_warm_tensor_capture_reuses_analysis_but_resolves_every_call) ... ok
test_backend_none_resolves_default_and_registered_backend_names (tests.test_top_level_compile.TorchCompileEntrypointTests.test_backend_none_resolves_default_and_registered_backend_names) ... ok
test_callable_backend_cannot_spoof_the_native_eager_path (tests.test_top_level_compile.TorchCompileEntrypointTests.test_callable_backend_cannot_spoof_the_native_eager_path) ... ok
test_compiler_reset_clears_eager_fullgraph_compile_cache (tests.test_top_level_compile.TorchCompileEntrypointTests.test_compiler_reset_clears_eager_fullgraph_compile_cache) ... ok
test_decorator_form_snapshots_default_backend_at_factory_time (tests.test_top_level_compile.TorchCompileEntrypointTests.test_decorator_form_snapshots_default_backend_at_factory_time) ... ok
test_direct_and_decorator_forms_raise_before_user_or_backend_code_runs (tests.test_top_level_compile.TorchCompileEntrypointTests.test_direct_and_decorator_forms_raise_before_user_or_backend_code_runs) ... ok
test_disable_true_returns_the_original_callable (tests.test_top_level_compile.TorchCompileEntrypointTests.test_disable_true_returns_the_original_callable) ... ok
test_eager_fullgraph_cache_key_tracks_global_tensor_rebinding (tests.test_top_level_compile.TorchCompileEntrypointTests.test_eager_fullgraph_cache_key_tracks_global_tensor_rebinding) ... ok
test_eager_fullgraph_cache_key_tracks_helper_code_mutation (tests.test_top_level_compile.TorchCompileEntrypointTests.test_eager_fullgraph_cache_key_tracks_helper_code_mutation) ... ok
test_eager_fullgraph_cache_key_tracks_helper_global_rebinding (tests.test_top_level_compile.TorchCompileEntrypointTests.test_eager_fullgraph_cache_key_tracks_helper_global_rebinding) ... ok
test_eager_fullgraph_cached_graphs_still_check_tensor_method_guards (tests.test_top_level_compile.TorchCompileEntrypointTests.test_eager_fullgraph_cached_graphs_still_check_tensor_method_guards) ... ok
test_eager_fullgraph_cached_no_helper_calls_do_not_rescan_bytecode (tests.test_top_level_compile.TorchCompileEntrypointTests.test_eager_fullgraph_cached_no_helper_calls_do_not_rescan_bytecode) ... ok
test_eager_fullgraph_caches_graphs_by_code_and_input_metadata (tests.test_top_level_compile.TorchCompileEntrypointTests.test_eager_fullgraph_caches_graphs_by_code_and_input_metadata) ... ok
test_eager_fullgraph_caches_two_input_graphs_by_all_input_metadata (tests.test_top_level_compile.TorchCompileEntrypointTests.test_eager_fullgraph_caches_two_input_graphs_by_all_input_metadata) ... ok
test_eager_fullgraph_dynamic_false_uses_metadata_specialized_cache (tests.test_top_level_compile.TorchCompileEntrypointTests.test_eager_fullgraph_dynamic_false_uses_metadata_specialized_cache) ... ok
test_eager_fullgraph_dynamic_true_reuses_shapes_and_recompiles_strides (tests.test_top_level_compile.TorchCompileEntrypointTests.test_eager_fullgraph_dynamic_true_reuses_shapes_and_recompiles_strides) ... ok
test_eager_fullgraph_executes_global_tensor_constants_natively (tests.test_top_level_compile.TorchCompileEntrypointTests.test_eager_fullgraph_executes_global_tensor_constants_natively) ... ok
test_eager_fullgraph_executes_supported_tensor_programs_natively (tests.test_top_level_compile.TorchCompileEntrypointTests.test_eager_fullgraph_executes_supported_tensor_programs_natively) ... ok
test_eager_fullgraph_executes_tuple_list_outputs_natively (tests.test_top_level_compile.TorchCompileEntrypointTests.test_eager_fullgraph_executes_tuple_list_outputs_natively) ... ok
test_eager_fullgraph_executes_two_input_broadcasting_programs_natively (tests.test_top_level_compile.TorchCompileEntrypointTests.test_eager_fullgraph_executes_two_input_broadcasting_programs_natively) ... ok
test_eager_fullgraph_false_executes_no_break_program_natively (tests.test_top_level_compile.TorchCompileEntrypointTests.test_eager_fullgraph_false_executes_no_break_program_natively) ... ok
test_eager_fullgraph_false_rejects_graph_breaks_without_fallback (tests.test_top_level_compile.TorchCompileEntrypointTests.test_eager_fullgraph_false_rejects_graph_breaks_without_fallback) ... ok
test_eager_fullgraph_inactive_branch_global_tensor_rebinding_does_not_recompile (tests.test_top_level_compile.TorchCompileEntrypointTests.test_eager_fullgraph_inactive_branch_global_tensor_rebinding_does_not_recompile) ... ok
test_eager_fullgraph_inactive_branch_helper_rebinding_does_not_recompile (tests.test_top_level_compile.TorchCompileEntrypointTests.test_eager_fullgraph_inactive_branch_helper_rebinding_does_not_recompile) ... ok
test_eager_fullgraph_inlines_helper_for_tuple_list_outputs (tests.test_top_level_compile.TorchCompileEntrypointTests.test_eager_fullgraph_inlines_helper_for_tuple_list_outputs) ... ok
test_eager_fullgraph_inlines_same_module_helper_without_running_user_code (tests.test_top_level_compile.TorchCompileEntrypointTests.test_eager_fullgraph_inlines_same_module_helper_without_running_user_code) ... ok
test_eager_fullgraph_inlines_two_argument_helper_natively (tests.test_top_level_compile.TorchCompileEntrypointTests.test_eager_fullgraph_inlines_two_argument_helper_natively) ... ok
test_eager_fullgraph_lowering_uses_global_tensor_cache_snapshot (tests.test_top_level_compile.TorchCompileEntrypointTests.test_eager_fullgraph_lowering_uses_global_tensor_cache_snapshot) ... ok
test_eager_fullgraph_lowering_uses_helper_binding_cache_snapshot (tests.test_top_level_compile.TorchCompileEntrypointTests.test_eager_fullgraph_lowering_uses_helper_binding_cache_snapshot) ... ok
test_eager_fullgraph_lowering_uses_helper_code_cache_snapshot (tests.test_top_level_compile.TorchCompileEntrypointTests.test_eager_fullgraph_lowering_uses_helper_code_cache_snapshot) ... ok
test_eager_fullgraph_preserves_output_container_aliasing (tests.test_top_level_compile.TorchCompileEntrypointTests.test_eager_fullgraph_preserves_output_container_aliasing) ... ok
test_eager_fullgraph_recompile_limit_one_is_atomic_for_concurrent_misses (tests.test_top_level_compile.TorchCompileEntrypointTests.test_eager_fullgraph_recompile_limit_one_is_atomic_for_concurrent_misses) ... ok
test_eager_fullgraph_recompile_limit_one_rejects_second_input_change (tests.test_top_level_compile.TorchCompileEntrypointTests.test_eager_fullgraph_recompile_limit_one_rejects_second_input_change) ... ok
test_eager_fullgraph_recompile_limit_one_rejects_shape_change (tests.test_top_level_compile.TorchCompileEntrypointTests.test_eager_fullgraph_recompile_limit_one_rejects_shape_change) ... ok
test_eager_fullgraph_recompile_limit_rejects_invalid_values (tests.test_top_level_compile.TorchCompileEntrypointTests.test_eager_fullgraph_recompile_limit_rejects_invalid_values) ... ok
test_eager_fullgraph_recompile_limit_zero_rejects_first_graph (tests.test_top_level_compile.TorchCompileEntrypointTests.test_eager_fullgraph_recompile_limit_zero_rejects_first_graph) ... ok
test_eager_fullgraph_rejects_callable_object_without_metadata_side_effects (tests.test_top_level_compile.TorchCompileEntrypointTests.test_eager_fullgraph_rejects_callable_object_without_metadata_side_effects) ... ok
test_eager_fullgraph_rejects_isolate_recompiles_control (tests.test_top_level_compile.TorchCompileEntrypointTests.test_eager_fullgraph_rejects_isolate_recompiles_control) ... ok
test_eager_fullgraph_rejects_kwargs_without_running_model (tests.test_top_level_compile.TorchCompileEntrypointTests.test_eager_fullgraph_rejects_kwargs_without_running_model) ... ok
test_eager_fullgraph_rejects_non_tensor_global_operands_safely (tests.test_top_level_compile.TorchCompileEntrypointTests.test_eager_fullgraph_rejects_non_tensor_global_operands_safely) ... ok
test_eager_fullgraph_rejects_patched_tensor_operation_bindings (tests.test_top_level_compile.TorchCompileEntrypointTests.test_eager_fullgraph_rejects_patched_tensor_operation_bindings) ... ok
test_eager_fullgraph_rejects_two_input_unsupported_forms (tests.test_top_level_compile.TorchCompileEntrypointTests.test_eager_fullgraph_rejects_two_input_unsupported_forms) ... ok
test_eager_fullgraph_rejects_unsupported_programs_without_running_them (tests.test_top_level_compile.TorchCompileEntrypointTests.test_eager_fullgraph_rejects_unsupported_programs_without_running_them) ... ok
test_eager_fullgraph_relowers_for_runtime_input_metadata (tests.test_top_level_compile.TorchCompileEntrypointTests.test_eager_fullgraph_relowers_for_runtime_input_metadata) ... ok
test_eager_fullgraph_requires_grad_branch_rejects_patched_descriptor (tests.test_top_level_compile.TorchCompileEntrypointTests.test_eager_fullgraph_requires_grad_branch_rejects_patched_descriptor) ... ok
test_eager_fullgraph_requires_grad_branch_uses_metadata_cache (tests.test_top_level_compile.TorchCompileEntrypointTests.test_eager_fullgraph_requires_grad_branch_uses_metadata_cache) ... ok
test_importing_and_calling_compile_shell_does_not_import_pytorch (tests.test_top_level_compile.TorchCompileEntrypointTests.test_importing_and_calling_compile_shell_does_not_import_pytorch) ... ok
test_invalid_backend_names_and_types_fail_without_invocation (tests.test_top_level_compile.TorchCompileEntrypointTests.test_invalid_backend_names_and_types_fail_without_invocation) ... ok
test_invalid_bound_models_and_configurations_fail_before_execution (tests.test_top_level_compile.TorchCompileEntrypointTests.test_invalid_bound_models_and_configurations_fail_before_execution) ... ok
test_signature_metadata_exports_copy_pickle_and_reload (tests.test_top_level_compile.TorchCompileEntrypointTests.test_signature_metadata_exports_copy_pickle_and_reload) ... ok

----------------------------------------------------------------------
Ran 102 tests in 124.772s

OK (skipped=4)
