test_autograd_repeated_backward_and_no_grad_match_tensor_reshape (tests.test_reshape.TopLevelReshapeTests.test_autograd_repeated_backward_and_no_grad_match_tensor_reshape) ... ok
test_binding_and_type_error_precedence_matches_pytorch_schema (tests.test_reshape.TopLevelReshapeTests.test_binding_and_type_error_precedence_matches_pytorch_schema) ... ok
test_callable_metadata_documentation_ownership_exports_and_pickling (tests.test_reshape.TopLevelReshapeTests.test_callable_metadata_documentation_ownership_exports_and_pickling) ... ok
test_disabled_torch_function_shape_handlers_are_ignored_without_crashing (tests.test_reshape.TopLevelReshapeTests.test_disabled_torch_function_shape_handlers_are_ignored_without_crashing) ... ok
test_inferred_empty_offset_and_shape_errors_match_tensor_reshape (tests.test_reshape.TopLevelReshapeTests.test_inferred_empty_offset_and_shape_errors_match_tensor_reshape) ... ok
test_overrides_and_modes_receive_the_original_top_level_call (tests.test_reshape.TopLevelReshapeTests.test_overrides_and_modes_receive_the_original_top_level_call) ... ok
test_oversized_shape_dimensions_preserve_unpack_error (tests.test_reshape.TopLevelReshapeTests.test_oversized_shape_dimensions_preserve_unpack_error) ... ok
test_sequence_forms_delegate_to_the_native_reshape_engine (tests.test_reshape.TopLevelReshapeTests.test_sequence_forms_delegate_to_the_native_reshape_engine) ... ok
test_stateful_index_dimensions_are_converted_again_by_native_reshape (tests.test_reshape.TopLevelReshapeTests.test_stateful_index_dimensions_are_converted_again_by_native_reshape) ... ok
test_view_and_copy_outputs_outlive_their_sources (tests.test_reshape.TopLevelReshapeTests.test_view_and_copy_outputs_outlive_their_sources) ... ok
test_autograd_repeated_backward_and_no_grad_match_pytorch_2_13 (tests.test_reshape_reference.TopLevelReshapeReferenceTests.test_autograd_repeated_backward_and_no_grad_match_pytorch_2_13) ... ok
test_binding_and_type_errors_match_pytorch_2_13 (tests.test_reshape_reference.TopLevelReshapeReferenceTests.test_binding_and_type_errors_match_pytorch_2_13) ... ok
test_callable_metadata_documentation_and_exports_match_pytorch_2_13 (tests.test_reshape_reference.TopLevelReshapeReferenceTests.test_callable_metadata_documentation_and_exports_match_pytorch_2_13) ... ok
test_disabled_torch_function_shape_handlers_match_pytorch_2_13 (tests.test_reshape_reference.TopLevelReshapeReferenceTests.test_disabled_torch_function_shape_handlers_match_pytorch_2_13) ... ok
test_inferred_empty_and_errors_match_pytorch_2_13 (tests.test_reshape_reference.TopLevelReshapeReferenceTests.test_inferred_empty_and_errors_match_pytorch_2_13) ... ok
test_layouts_aliasing_call_forms_and_lifetimes_match_pytorch_2_13 (tests.test_reshape_reference.TopLevelReshapeReferenceTests.test_layouts_aliasing_call_forms_and_lifetimes_match_pytorch_2_13) ... ok
test_overrides_and_modes_match_pytorch_2_13 (tests.test_reshape_reference.TopLevelReshapeReferenceTests.test_overrides_and_modes_match_pytorch_2_13) ... ok
test_oversized_shape_dimension_errors_match_pytorch_2_13 (tests.test_reshape_reference.TopLevelReshapeReferenceTests.test_oversized_shape_dimension_errors_match_pytorch_2_13) ... ok
test_stateful_index_dimension_conversion_matches_pytorch_2_13 (tests.test_reshape_reference.TopLevelReshapeReferenceTests.test_stateful_index_dimension_conversion_matches_pytorch_2_13) ... ok

----------------------------------------------------------------------
Ran 19 tests in 3.242s

OK
