test_backward_through_sum_check_rejects_gradient_mismatch (tests.test_compile_benchmark_artifact.CompileBenchmarkArtifactTests.test_backward_through_sum_check_rejects_gradient_mismatch) ... ok
test_backward_through_sum_check_rejects_input_mutation (tests.test_compile_benchmark_artifact.CompileBenchmarkArtifactTests.test_backward_through_sum_check_rejects_input_mutation) ... ok
test_checked_in_raw_artifact_matches_markdown_summary (tests.test_compile_benchmark_artifact.CompileBenchmarkArtifactTests.test_checked_in_raw_artifact_matches_markdown_summary) ... ok
test_default_benchmark_cases_include_dynamic_and_fullgraph_false_cases (tests.test_compile_benchmark_artifact.CompileBenchmarkArtifactTests.test_default_benchmark_cases_include_dynamic_and_fullgraph_false_cases) ... ok
test_output_pytree_payloads_include_tensor_observables (tests.test_compile_benchmark_artifact.CompileBenchmarkArtifactTests.test_output_pytree_payloads_include_tensor_observables) ... ok
test_raw_artifact_records_backward_validation_cases (tests.test_compile_benchmark_artifact.CompileBenchmarkArtifactTests.test_raw_artifact_records_backward_validation_cases) ... ok
test_rendered_summary_counts_supported_categories (tests.test_compile_benchmark_artifact.CompileBenchmarkArtifactTests.test_rendered_summary_counts_supported_categories) ... ok
test_validator_rejects_previous_corpus_version_artifact (tests.test_compile_benchmark_artifact.CompileBenchmarkArtifactTests.test_validator_rejects_previous_corpus_version_artifact) ... ok
test_validator_rejects_stale_pre_inference_artifact_shape (tests.test_compile_benchmark_artifact.CompileBenchmarkArtifactTests.test_validator_rejects_stale_pre_inference_artifact_shape) ... ok
test_validator_rejects_training_artifact_without_grad_enabled_cell (tests.test_compile_benchmark_artifact.CompileBenchmarkArtifactTests.test_validator_rejects_training_artifact_without_grad_enabled_cell) ... ok
test_variant_inputs_refresh_case_global_tensor_state (tests.test_compile_benchmark_artifact.CompileBenchmarkArtifactTests.test_variant_inputs_refresh_case_global_tensor_state) ... ok
test_corpus_has_versioned_weighted_skeleton (tests.test_compile_corpus.CompileCorpusMetadataTests.test_corpus_has_versioned_weighted_skeleton) ... ok
test_corpus_inputs_are_exact_native_cpu_float32_tensors (tests.test_compile_corpus.CompileCorpusMetadataTests.test_corpus_inputs_are_exact_native_cpu_float32_tensors) ... ok
test_dynamic_shape_symbolics_cases_cover_shape_and_stride_variants (tests.test_compile_corpus.CompileCorpusMetadataTests.test_dynamic_shape_symbolics_cases_cover_shape_and_stride_variants) ... ok
test_recompilation_guard_scenarios_cover_required_metadata (tests.test_compile_corpus.CompileCorpusMetadataTests.test_recompilation_guard_scenarios_cover_required_metadata) ... ok
test_augmented_self_add_aliasing_rejects_instead_of_recording_add (tests.test_compile_corpus.CompileCorpusTraceTests.test_augmented_self_add_aliasing_rejects_instead_of_recording_add) ... ok
test_binary_private_executor_bypasses_active_torch_function_mode (tests.test_compile_corpus.CompileCorpusTraceTests.test_binary_private_executor_bypasses_active_torch_function_mode) ... ok
test_binary_proxy_rejects_non_tensor_or_mixed_recorder_operands_clearly (tests.test_compile_corpus.CompileCorpusTraceTests.test_binary_proxy_rejects_non_tensor_or_mixed_recorder_operands_clearly) ... ok
test_binary_self_add_executes_private_native_graph_for_key_layouts (tests.test_compile_corpus.CompileCorpusTraceTests.test_binary_self_add_executes_private_native_graph_for_key_layouts) ... ok
test_binary_self_add_executor_matches_no_grad_requires_grad_outputs (tests.test_compile_corpus.CompileCorpusTraceTests.test_binary_self_add_executor_matches_no_grad_requires_grad_outputs) ... ok
test_binary_self_add_records_private_immutable_graph (tests.test_compile_corpus.CompileCorpusTraceTests.test_binary_self_add_records_private_immutable_graph) ... ok
test_bytecode_lowerer_accepts_combined_distinct_local_loads (tests.test_compile_corpus.CompileCorpusTraceTests.test_bytecode_lowerer_accepts_combined_distinct_local_loads) ... ok
test_bytecode_lowerer_accepts_combined_local_load_opcodes (tests.test_compile_corpus.CompileCorpusTraceTests.test_bytecode_lowerer_accepts_combined_local_load_opcodes) ... ok
test_bytecode_lowerer_accepts_combined_store_then_load_opcode (tests.test_compile_corpus.CompileCorpusTraceTests.test_bytecode_lowerer_accepts_combined_store_then_load_opcode) ... ok
test_bytecode_lowerer_accepts_cpython_314_markers_and_borrowed_loads (tests.test_compile_corpus.CompileCorpusTraceTests.test_bytecode_lowerer_accepts_cpython_314_markers_and_borrowed_loads) ... ok
test_bytecode_lowerer_captures_module_global_tensor_constants (tests.test_compile_corpus.CompileCorpusTraceTests.test_bytecode_lowerer_captures_module_global_tensor_constants) ... ok
test_bytecode_lowerer_inlines_custom_function_helpers_without_calls (tests.test_compile_corpus.CompileCorpusTraceTests.test_bytecode_lowerer_inlines_custom_function_helpers_without_calls) ... ok
test_bytecode_lowerer_records_general_tensor_arithmetic_graphs (tests.test_compile_corpus.CompileCorpusTraceTests.test_bytecode_lowerer_records_general_tensor_arithmetic_graphs) ... ok
test_bytecode_lowerer_rejects_cpython_310_exception_jump_as_exception (tests.test_compile_corpus.CompileCorpusTraceTests.test_bytecode_lowerer_rejects_cpython_310_exception_jump_as_exception) ... ok
test_bytecode_lowerer_rejects_cpython_310_keyword_method_call (tests.test_compile_corpus.CompileCorpusTraceTests.test_bytecode_lowerer_rejects_cpython_310_keyword_method_call) ... ok
test_bytecode_lowerer_rejects_cpython_313_keyword_method_call (tests.test_compile_corpus.CompileCorpusTraceTests.test_bytecode_lowerer_rejects_cpython_313_keyword_method_call) ... ok
test_bytecode_lowerer_rejects_cpython_313_to_bool_as_control_flow (tests.test_compile_corpus.CompileCorpusTraceTests.test_bytecode_lowerer_rejects_cpython_313_to_bool_as_control_flow) ... ok
test_bytecode_lowerer_rejects_cpython_314_small_int_output_leaf (tests.test_compile_corpus.CompileCorpusTraceTests.test_bytecode_lowerer_rejects_cpython_314_small_int_output_leaf) ... ok
test_bytecode_lowerer_rejects_float_conversion_forms (tests.test_compile_corpus.CompileCorpusTraceTests.test_bytecode_lowerer_rejects_float_conversion_forms) ... ok
test_bytecode_lowerer_rejects_non_requires_grad_control_flow (tests.test_compile_corpus.CompileCorpusTraceTests.test_bytecode_lowerer_rejects_non_requires_grad_control_flow) ... ok
test_bytecode_lowerer_rejects_python_scalar_add_operands (tests.test_compile_corpus.CompileCorpusTraceTests.test_bytecode_lowerer_rejects_python_scalar_add_operands) ... ok
test_bytecode_lowerer_rejects_unsupported_input_counts (tests.test_compile_corpus.CompileCorpusTraceTests.test_bytecode_lowerer_rejects_unsupported_input_counts) ... ok
test_bytecode_lowerer_selects_requires_grad_branch_graphlets (tests.test_compile_corpus.CompileCorpusTraceTests.test_bytecode_lowerer_selects_requires_grad_branch_graphlets) ... ok
test_detach_alias_cases_execute_without_mutating_inputs_or_gradients (tests.test_compile_corpus.CompileCorpusTraceTests.test_detach_alias_cases_execute_without_mutating_inputs_or_gradients) ... ok
test_dynamic_compile_cache_key_ignores_shapes_but_guards_strides (tests.test_compile_corpus.CompileCorpusTraceTests.test_dynamic_compile_cache_key_ignores_shapes_but_guards_strides) ... ok
test_dynamic_private_executor_accepts_shapes_but_guards_strides (tests.test_compile_corpus.CompileCorpusTraceTests.test_dynamic_private_executor_accepts_shapes_but_guards_strides) ... ok
test_empty_inner_dimension_strides_match_native_tensor_constructor (tests.test_compile_corpus.CompileCorpusTraceTests.test_empty_inner_dimension_strides_match_native_tensor_constructor) ... ok
test_float_identity_cases_preserve_input_metadata_and_grad_state (tests.test_compile_corpus.CompileCorpusTraceTests.test_float_identity_cases_preserve_input_metadata_and_grad_state) ... ok
test_float_proxy_rejects_compile_conversion_forms (tests.test_compile_corpus.CompileCorpusTraceTests.test_float_proxy_rejects_compile_conversion_forms) ... ok
test_inference_relu_cases_run_under_no_grad_and_preserve_gradients (tests.test_compile_corpus.CompileCorpusTraceTests.test_inference_relu_cases_run_under_no_grad_and_preserve_gradients) ... ok
test_operation_names_skip_existing_input_names (tests.test_compile_corpus.CompileCorpusTraceTests.test_operation_names_skip_existing_input_names) ... ok
test_private_cpu_and_cuda_metadata_use_distinct_cache_keys (tests.test_compile_corpus.CompileCorpusTraceTests.test_private_cpu_and_cuda_metadata_use_distinct_cache_keys) ... ok
test_private_cuda_float_trace_rejects_cpu_tensor_before_execution (tests.test_compile_corpus.CompileCorpusTraceTests.test_private_cuda_float_trace_rejects_cpu_tensor_before_execution) ... ok
test_private_cuda_trace_rejects_cpu_tensor_before_execution (tests.test_compile_corpus.CompileCorpusTraceTests.test_private_cuda_trace_rejects_cpu_tensor_before_execution) ... ok
test_private_device_metadata_parses_cpu_and_cuda_targets (tests.test_compile_corpus.CompileCorpusTraceTests.test_private_device_metadata_parses_cpu_and_cuda_targets) ... ok
test_private_executor_bypasses_active_torch_function_mode (tests.test_compile_corpus.CompileCorpusTraceTests.test_private_executor_bypasses_active_torch_function_mode) ... ok
test_private_executor_rejects_runtime_metadata_mismatch_clearly (tests.test_compile_corpus.CompileCorpusTraceTests.test_private_executor_rejects_runtime_metadata_mismatch_clearly) ... ok
test_private_executor_rejects_two_input_runtime_metadata_mismatch (tests.test_compile_corpus.CompileCorpusTraceTests.test_private_executor_rejects_two_input_runtime_metadata_mismatch) ... ok
test_private_recorder_rejects_more_than_two_inputs (tests.test_compile_corpus.CompileCorpusTraceTests.test_private_recorder_rejects_more_than_two_inputs) ... ok
test_private_trace_does_not_import_pytorch_or_invoke_backend (tests.test_compile_corpus.CompileCorpusTraceTests.test_private_trace_does_not_import_pytorch_or_invoke_backend) ... ok
test_proxy_unsupported_operations_fail_clearly (tests.test_compile_corpus.CompileCorpusTraceTests.test_proxy_unsupported_operations_fail_clearly) ... ok
test_square_decomposition_cases_cover_scalar_empty_and_noncontiguous_inputs (tests.test_compile_corpus.CompileCorpusTraceTests.test_square_decomposition_cases_cover_scalar_empty_and_noncontiguous_inputs) ... ok
test_tuple_list_outputs_preserve_container_aliasing (tests.test_compile_corpus.CompileCorpusTraceTests.test_tuple_list_outputs_preserve_container_aliasing) ... ok
test_tuple_list_outputs_record_private_graph_structure (tests.test_compile_corpus.CompileCorpusTraceTests.test_tuple_list_outputs_record_private_graph_structure) ... ok
test_tuple_list_outputs_reject_non_tensor_leaves_and_dicts (tests.test_compile_corpus.CompileCorpusTraceTests.test_tuple_list_outputs_reject_non_tensor_leaves_and_dicts) ... ok
test_two_input_binary_executor_matches_empty_and_strided_broadcasts (tests.test_compile_corpus.CompileCorpusTraceTests.test_two_input_binary_executor_matches_empty_and_strided_broadcasts) ... ok
test_two_input_binary_executor_matches_no_grad_requires_grad_outputs (tests.test_compile_corpus.CompileCorpusTraceTests.test_two_input_binary_executor_matches_no_grad_requires_grad_outputs) ... ok
test_two_input_broadcast_executes_private_native_graph_for_key_layouts (tests.test_compile_corpus.CompileCorpusTraceTests.test_two_input_broadcast_executes_private_native_graph_for_key_layouts) ... ok
test_two_input_broadcast_records_private_immutable_graph (tests.test_compile_corpus.CompileCorpusTraceTests.test_two_input_broadcast_records_private_immutable_graph) ... ok
test_unary_abs_neg_executes_private_native_graph (tests.test_compile_corpus.CompileCorpusTraceTests.test_unary_abs_neg_executes_private_native_graph) ... ok
test_unary_abs_neg_executor_matches_no_grad_requires_grad_outputs (tests.test_compile_corpus.CompileCorpusTraceTests.test_unary_abs_neg_executor_matches_no_grad_requires_grad_outputs) ... ok
test_unary_abs_neg_records_private_immutable_graph (tests.test_compile_corpus.CompileCorpusTraceTests.test_unary_abs_neg_records_private_immutable_graph) ... ok
test_unary_output_metadata_matches_native_stride_planning (tests.test_compile_corpus.CompileCorpusTraceTests.test_unary_output_metadata_matches_native_stride_planning) ... ok
test_dynamic_shape_symbolics_cases_run_variants_without_user_code (tests.test_compile_corpus.CompileRecompilationGuardCorpusTests.test_dynamic_shape_symbolics_cases_run_variants_without_user_code) ... ok
test_torch_rs_guard_scenarios_recompile_on_metadata_changes (tests.test_compile_corpus.CompileRecompilationGuardCorpusTests.test_torch_rs_guard_scenarios_recompile_on_metadata_changes) ... ok
test_reference_pytorch_2_13_accepts_all_eligible_cases (tests.test_compile_corpus.TorchCompileCorpusReferenceTests.test_reference_pytorch_2_13_accepts_all_eligible_cases) ... /data/users/bobren/a/pytorch-rs-burner/.burner/worktrees/agent_67fce754/.venv/lib/python3.12/site-packages/torch/jit/_script.py:365: DeprecationWarning: `torch.jit.script_method` is deprecated. Please switch to `torch.compile` or `torch.export`.
  warnings.warn(
ok
test_reference_pytorch_2_13_accepts_recompilation_guard_sequences (tests.test_compile_corpus.TorchCompileCorpusReferenceTests.test_reference_pytorch_2_13_accepts_recompilation_guard_sequences) ... W0911 07:24:45.094000 2667411 .venv/lib/python3.12/site-packages/torch/_dynamo/convert_frame.py:1994] [0/2] torch._dynamo hit config.recompile_limit (2)
W0911 07:24:45.094000 2667411 .venv/lib/python3.12/site-packages/torch/_dynamo/convert_frame.py:1994] [0/2]    function: 'cpu_float32_recompile_limit_reset' (/data/users/bobren/a/pytorch-rs-burner/.burner/worktrees/agent_67fce754/tests/test_compile_corpus.py:278)
W0911 07:24:45.094000 2667411 .venv/lib/python3.12/site-packages/torch/_dynamo/convert_frame.py:1994] [0/2]    last reason: 0/1: tensor 'x' rank mismatch. expected 1, actual 2
W0911 07:24:45.094000 2667411 .venv/lib/python3.12/site-packages/torch/_dynamo/convert_frame.py:1994] [0/2] To log all recompilation reasons, use TORCH_LOGS="recompiles".
W0911 07:24:45.094000 2667411 .venv/lib/python3.12/site-packages/torch/_dynamo/convert_frame.py:1994] [0/2] To diagnose recompilation issues, see https://docs.pytorch.org/docs/main/user_guide/torch_compiler/compile/programming_model.recompilation.html
ok
test_torch_rs_compile_runs_eligible_eager_cases_natively (tests.test_compile_corpus.TorchCompileCorpusReferenceTests.test_torch_rs_compile_runs_eligible_eager_cases_natively) ... ok
test_checked_in_cuda_prepared_executor_artifact_records_reuse (tests.test_compile_cuda_benchmark.CompileCudaBenchmarkTests.test_checked_in_cuda_prepared_executor_artifact_records_reuse) ... ok
test_compiler_reset_closes_registered_cuda_executors (tests.test_compile_cuda_benchmark.CompileCudaBenchmarkTests.test_compiler_reset_closes_registered_cuda_executors) ... ok
test_cpu_eager_compile_execution_is_not_eligible_cuda_evidence (tests.test_compile_cuda_benchmark.CompileCudaBenchmarkTests.test_cpu_eager_compile_execution_is_not_eligible_cuda_evidence) ... ok
test_cuda_compile_aggregate_keeps_zero_credit_cells_in_denominator (tests.test_compile_cuda_benchmark.CompileCudaBenchmarkTests.test_cuda_compile_aggregate_keeps_zero_credit_cells_in_denominator) ... ok
test_cuda_compile_benchmark_empty_override_honors_visible_mask_on_h100 (tests.test_compile_cuda_benchmark.CompileCudaBenchmarkTests.test_cuda_compile_benchmark_empty_override_honors_visible_mask_on_h100) ... ok
test_cuda_compile_classifier_rejects_contradictory_compile_settings (tests.test_compile_cuda_benchmark.CompileCudaBenchmarkTests.test_cuda_compile_classifier_rejects_contradictory_compile_settings) ... ok
test_cuda_compile_shape_matrix_is_fixed_and_weighted (tests.test_compile_cuda_benchmark.CompileCudaBenchmarkTests.test_cuda_compile_shape_matrix_is_fixed_and_weighted) ... ok
test_cuda_reference_benchmark_smoke (tests.test_compile_cuda_benchmark.CompileCudaBenchmarkTests.test_cuda_reference_benchmark_smoke) ... ok
test_one_shot_executor_release_records_executor_close_free (tests.test_compile_cuda_benchmark.CompileCudaBenchmarkTests.test_one_shot_executor_release_records_executor_close_free) ... ok
test_prepared_executor_close_defers_live_output_free (tests.test_compile_cuda_benchmark.CompileCudaBenchmarkTests.test_prepared_executor_close_defers_live_output_free) ... ok
test_prepared_executor_derives_metadata_pool_and_launch_from_shape (tests.test_compile_cuda_benchmark.CompileCudaBenchmarkTests.test_prepared_executor_derives_metadata_pool_and_launch_from_shape) ... ok
test_prepared_executor_hoists_device_selection_out_of_launch (tests.test_compile_cuda_benchmark.CompileCudaBenchmarkTests.test_prepared_executor_hoists_device_selection_out_of_launch) ... ok
test_prepared_executor_launch_dimensions_are_shape_derived (tests.test_compile_cuda_benchmark.CompileCudaBenchmarkTests.test_prepared_executor_launch_dimensions_are_shape_derived) ... ok
test_prepared_executor_lazy_readback_rejects_device_change (tests.test_compile_cuda_benchmark.CompileCudaBenchmarkTests.test_prepared_executor_lazy_readback_rejects_device_change) ... ok
test_prepared_executor_lazy_readback_rejects_visibility_mask_change (tests.test_compile_cuda_benchmark.CompileCudaBenchmarkTests.test_prepared_executor_lazy_readback_rejects_visibility_mask_change) ... ok
test_prepared_executor_materializes_full_evidence_lazily (tests.test_compile_cuda_benchmark.CompileCudaBenchmarkTests.test_prepared_executor_materializes_full_evidence_lazily) ... ok
test_prepared_executor_output_pool_does_not_reuse_live_outputs (tests.test_compile_cuda_benchmark.CompileCudaBenchmarkTests.test_prepared_executor_output_pool_does_not_reuse_live_outputs) ... ok
test_prepared_executor_output_pool_reuses_released_buffers (tests.test_compile_cuda_benchmark.CompileCudaBenchmarkTests.test_prepared_executor_output_pool_reuses_released_buffers) ... ok
test_prepared_executor_rejects_mismatched_shape_family_inputs (tests.test_compile_cuda_benchmark.CompileCudaBenchmarkTests.test_prepared_executor_rejects_mismatched_shape_family_inputs) ... ok
test_prepared_executor_uses_thread_local_launch_parameters (tests.test_compile_cuda_benchmark.CompileCudaBenchmarkTests.test_prepared_executor_uses_thread_local_launch_parameters) ... ok
test_private_cuda_buffer_pool_keeps_acquisition_and_release_compact (tests.test_compile_cuda_benchmark.CompileCudaBenchmarkTests.test_private_cuda_buffer_pool_keeps_acquisition_and_release_compact) ... ok
test_private_cuda_buffer_pool_reuses_released_buffer_once (tests.test_compile_cuda_benchmark.CompileCudaBenchmarkTests.test_private_cuda_buffer_pool_reuses_released_buffer_once) ... ok
test_private_cuda_buffer_pool_serializes_close_during_allocation (tests.test_compile_cuda_benchmark.CompileCudaBenchmarkTests.test_private_cuda_buffer_pool_serializes_close_during_allocation) ... ok
test_private_cuda_driver_probe_is_not_public_cuda_support (tests.test_compile_cuda_benchmark.CompileCudaBenchmarkTests.test_private_cuda_driver_probe_is_not_public_cuda_support) ... ok
test_private_cuda_float32_buffer_is_not_public_cuda_support (tests.test_compile_cuda_benchmark.CompileCudaBenchmarkTests.test_private_cuda_float32_buffer_is_not_public_cuda_support) ... ok
test_private_cuda_pointwise_build_directory_rejects_symlinked_parent (tests.test_compile_cuda_benchmark.CompileCudaBenchmarkTests.test_private_cuda_pointwise_build_directory_rejects_symlinked_parent) ... ok
test_private_cuda_pointwise_build_rejects_symlinked_artifact_path (tests.test_compile_cuda_benchmark.CompileCudaBenchmarkTests.test_private_cuda_pointwise_build_rejects_symlinked_artifact_path) ... ok
test_private_cuda_pointwise_kernel_empty_override_skips_env_string_check (tests.test_compile_cuda_benchmark.CompileCudaBenchmarkTests.test_private_cuda_pointwise_kernel_empty_override_skips_env_string_check) ... ok
test_private_cuda_pointwise_kernel_honors_caller_visibility_mask (tests.test_compile_cuda_benchmark.CompileCudaBenchmarkTests.test_private_cuda_pointwise_kernel_honors_caller_visibility_mask) ... ok
test_private_cuda_pointwise_kernel_is_not_public_cuda_support (tests.test_compile_cuda_benchmark.CompileCudaBenchmarkTests.test_private_cuda_pointwise_kernel_is_not_public_cuda_support) ... ok
test_private_cuda_pointwise_kernel_launches_and_syncs_on_h100 (tests.test_compile_cuda_benchmark.CompileCudaBenchmarkTests.test_private_cuda_pointwise_kernel_launches_and_syncs_on_h100) ... ok
test_private_cuda_pointwise_kernel_reports_no_visible_cuda_cleanly (tests.test_compile_cuda_benchmark.CompileCudaBenchmarkTests.test_private_cuda_pointwise_kernel_reports_no_visible_cuda_cleanly) ... ok
test_private_cuda_pointwise_kernel_validator_rejects_cpu_fallback (tests.test_compile_cuda_benchmark.CompileCudaBenchmarkTests.test_private_cuda_pointwise_kernel_validator_rejects_cpu_fallback) ... ok
test_private_cuda_pointwise_reduce_matches_pytorch_compile_on_h100 (tests.test_compile_cuda_benchmark.CompileCudaBenchmarkTests.test_private_cuda_pointwise_reduce_matches_pytorch_compile_on_h100) ... ok
test_private_cuda_pointwise_reduce_reports_no_visible_cuda_cleanly (tests.test_compile_cuda_benchmark.CompileCudaBenchmarkTests.test_private_cuda_pointwise_reduce_reports_no_visible_cuda_cleanly) ... ok
test_private_cuda_pointwise_reduce_validator_rejects_cpu_fallback (tests.test_compile_cuda_benchmark.CompileCudaBenchmarkTests.test_private_cuda_pointwise_reduce_validator_rejects_cpu_fallback) ... ok
test_private_cuda_pointwise_reduce_workload_is_not_public_cuda_support (tests.test_compile_cuda_benchmark.CompileCudaBenchmarkTests.test_private_cuda_pointwise_reduce_workload_is_not_public_cuda_support) ... ok
test_private_cuda_runtime_roundtrip_allocates_copies_and_syncs_on_h100 (tests.test_compile_cuda_benchmark.CompileCudaBenchmarkTests.test_private_cuda_runtime_roundtrip_allocates_copies_and_syncs_on_h100) ... ok
test_private_cuda_runtime_roundtrip_is_not_public_cuda_support (tests.test_compile_cuda_benchmark.CompileCudaBenchmarkTests.test_private_cuda_runtime_roundtrip_is_not_public_cuda_support) ... ok
test_private_cuda_runtime_roundtrip_rejects_wrong_visible_mask_early (tests.test_compile_cuda_benchmark.CompileCudaBenchmarkTests.test_private_cuda_runtime_roundtrip_rejects_wrong_visible_mask_early) ... ok
test_private_cuda_runtime_roundtrip_reports_no_visible_cuda_cleanly (tests.test_compile_cuda_benchmark.CompileCudaBenchmarkTests.test_private_cuda_runtime_roundtrip_reports_no_visible_cuda_cleanly) ... ok
test_private_cuda_runtime_roundtrip_validator_rejects_cpu_fallback (tests.test_compile_cuda_benchmark.CompileCudaBenchmarkTests.test_private_cuda_runtime_roundtrip_validator_rejects_cpu_fallback) ... ok
test_public_cuda_benchmark_tensor_exposes_metadata_snapshot (tests.test_compile_cuda_benchmark.CompileCudaBenchmarkTests.test_public_cuda_benchmark_tensor_exposes_metadata_snapshot) ... ok
test_public_cuda_benchmark_tensor_rejects_cpu_wrong_device_and_wrong_dtype (tests.test_compile_cuda_benchmark.CompileCudaBenchmarkTests.test_public_cuda_benchmark_tensor_rejects_cpu_wrong_device_and_wrong_dtype) ... ok
test_public_cuda_benchmark_tensor_rejects_metadata_update_collisions (tests.test_compile_cuda_benchmark.CompileCudaBenchmarkTests.test_public_cuda_benchmark_tensor_rejects_metadata_update_collisions) ... ok
test_public_cuda_benchmark_tensor_rejects_non_private_buffers (tests.test_compile_cuda_benchmark.CompileCudaBenchmarkTests.test_public_cuda_benchmark_tensor_rejects_non_private_buffers) ... ok
test_public_cuda_benchmark_tensor_validator_rejects_fallback_device_and_dtype (tests.test_compile_cuda_benchmark.CompileCudaBenchmarkTests.test_public_cuda_benchmark_tensor_validator_rejects_fallback_device_and_dtype) ... ok
test_public_cuda_benchmark_tensor_wrapper_is_narrow (tests.test_compile_cuda_benchmark.CompileCudaBenchmarkTests.test_public_cuda_benchmark_tensor_wrapper_is_narrow) ... ok
test_pytorch_reference_timing_excludes_checksum_materialization (tests.test_compile_cuda_benchmark.CompileCudaBenchmarkTests.test_pytorch_reference_timing_excludes_checksum_materialization) ... ok
test_torch_compile_inductor_pointwise_reduce_accepts_fixed_shape_family (tests.test_compile_cuda_benchmark.CompileCudaBenchmarkTests.test_torch_compile_inductor_pointwise_reduce_accepts_fixed_shape_family) ... ok
test_torch_compile_inductor_pointwise_reduce_hoists_device_selection_on_h100 (tests.test_compile_cuda_benchmark.CompileCudaBenchmarkTests.test_torch_compile_inductor_pointwise_reduce_hoists_device_selection_on_h100) ... ok
test_torch_compile_inductor_pointwise_reduce_normalizes_python314_bytecode (tests.test_compile_cuda_benchmark.CompileCudaBenchmarkTests.test_torch_compile_inductor_pointwise_reduce_normalizes_python314_bytecode) ... ok
test_torch_compile_inductor_pointwise_reduce_prepares_executor_once (tests.test_compile_cuda_benchmark.CompileCudaBenchmarkTests.test_torch_compile_inductor_pointwise_reduce_prepares_executor_once) ... ok
test_torch_compile_inductor_pointwise_reduce_rejects_cpu_inputs_on_h100 (tests.test_compile_cuda_benchmark.CompileCudaBenchmarkTests.test_torch_compile_inductor_pointwise_reduce_rejects_cpu_inputs_on_h100) ... ok
test_torch_compile_inductor_pointwise_reduce_rejects_invalid_recompile_limit (tests.test_compile_cuda_benchmark.CompileCudaBenchmarkTests.test_torch_compile_inductor_pointwise_reduce_rejects_invalid_recompile_limit) ... ok
test_torch_compile_inductor_pointwise_reduce_rejects_spoofed_body (tests.test_compile_cuda_benchmark.CompileCudaBenchmarkTests.test_torch_compile_inductor_pointwise_reduce_rejects_spoofed_body) ... ok
test_torch_compile_inductor_pointwise_reduce_rejects_unsupported_markers (tests.test_compile_cuda_benchmark.CompileCudaBenchmarkTests.test_torch_compile_inductor_pointwise_reduce_rejects_unsupported_markers) ... ok
test_torch_compile_inductor_pointwise_reduce_rejects_wrong_backend_on_h100 (tests.test_compile_cuda_benchmark.CompileCudaBenchmarkTests.test_torch_compile_inductor_pointwise_reduce_rejects_wrong_backend_on_h100) ... ok
test_torch_compile_inductor_pointwise_reduce_rejects_wrong_shape_on_h100 (tests.test_compile_cuda_benchmark.CompileCudaBenchmarkTests.test_torch_compile_inductor_pointwise_reduce_rejects_wrong_shape_on_h100) ... ok
test_torch_compile_inductor_pointwise_reduce_reprepares_after_reset (tests.test_compile_cuda_benchmark.CompileCudaBenchmarkTests.test_torch_compile_inductor_pointwise_reduce_reprepares_after_reset) ... ok
test_torch_compile_inductor_pointwise_reduce_reprepares_after_reset_on_h100 (tests.test_compile_cuda_benchmark.CompileCudaBenchmarkTests.test_torch_compile_inductor_pointwise_reduce_reprepares_after_reset_on_h100) ... ok
test_torch_compile_inductor_pointwise_reduce_reprepares_same_marker_shape_after_reset (tests.test_compile_cuda_benchmark.CompileCudaBenchmarkTests.test_torch_compile_inductor_pointwise_reduce_reprepares_same_marker_shape_after_reset) ... ok
test_torch_compile_inductor_pointwise_reduce_reuses_executor_on_h100 (tests.test_compile_cuda_benchmark.CompileCudaBenchmarkTests.test_torch_compile_inductor_pointwise_reduce_reuses_executor_on_h100) ... ok
test_torch_compile_inductor_pointwise_reduce_runs_native_cuda_on_h100 (tests.test_compile_cuda_benchmark.CompileCudaBenchmarkTests.test_torch_compile_inductor_pointwise_reduce_runs_native_cuda_on_h100) ... ok
test_torch_compile_inductor_pointwise_reduce_shape_family_on_h100 (tests.test_compile_cuda_benchmark.CompileCudaBenchmarkTests.test_torch_compile_inductor_pointwise_reduce_shape_family_on_h100) ... ok
test_torch_compile_inductor_pointwise_reduce_signature_matches_bytecode (tests.test_compile_cuda_benchmark.CompileCudaBenchmarkTests.test_torch_compile_inductor_pointwise_reduce_signature_matches_bytecode) ... ok
test_torch_compile_inductor_wrong_mask_rejects_before_cuda_probe (tests.test_compile_cuda_benchmark.CompileCudaBenchmarkTests.test_torch_compile_inductor_wrong_mask_rejects_before_cuda_probe) ... ok
test_torch_rs_cuda_compile_repeated_closes_temporary_outputs (tests.test_compile_cuda_benchmark.CompileCudaBenchmarkTests.test_torch_rs_cuda_compile_repeated_closes_temporary_outputs) ... ok
test_torch_rs_cuda_zero_credit_row_is_explicit (tests.test_compile_cuda_benchmark.CompileCudaBenchmarkTests.test_torch_rs_cuda_zero_credit_row_is_explicit) ... ok
test_cpu_cuda_cache_separation_and_original_bypass (tests.test_compile_cuda_boundary.CompileCudaBoundaryTests.test_cpu_cuda_cache_separation_and_original_bypass) ... ok
test_dynamic_cache_hit_preflights_late_shape_mismatch (tests.test_compile_cuda_boundary.CompileCudaBoundaryTests.test_dynamic_cache_hit_preflights_late_shape_mismatch) ... ok
test_global_capture_transitions_and_recompile_limit (tests.test_compile_cuda_boundary.CompileCudaBoundaryTests.test_global_capture_transitions_and_recompile_limit) ... ok
test_ieee_edges_and_dynamic_offset_guards (tests.test_compile_cuda_boundary.CompileCudaBoundaryTests.test_ieee_edges_and_dynamic_offset_guards) ... ok
test_native_failure_does_not_publish_cache (tests.test_compile_cuda_boundary.CompileCudaBoundaryTests.test_native_failure_does_not_publish_cache) ... ok
test_no_pytorch_import_or_original_execution (tests.test_compile_cuda_boundary.CompileCudaBoundaryTests.test_no_pytorch_import_or_original_execution) ... ok
test_offset_layout_metadata_and_cache_guards (tests.test_compile_cuda_boundary.CompileCudaBoundaryTests.test_offset_layout_metadata_and_cache_guards) ... ok
test_private_trace_entrypoints_keep_unsupported_guards (tests.test_compile_cuda_boundary.CompileCudaBoundaryTests.test_private_trace_entrypoints_keep_unsupported_guards) ... ok
test_seeded_shapes_structures_and_changed_data_against_reference (tests.test_compile_cuda_boundary.CompileCudaBoundaryTests.test_seeded_shapes_structures_and_changed_data_against_reference) ... ok
test_unsupported_fresh_and_cpu_warmed_leave_cache_unchanged (tests.test_compile_cuda_boundary.CompileCudaBoundaryTests.test_unsupported_fresh_and_cpu_warmed_leave_cache_unchanged) ... ok
test_ordinals_captures_and_current_device_restoration (tests.test_compile_cuda_boundary.CompileCudaDeviceTests.test_ordinals_captures_and_current_device_restoration) ... skipped 'requires real CUDA with CUDA_VISIBLE_DEVICES=0,1'
test_device_and_context_restored (tests.test_compile_cuda_contiguous.CompileContiguousDeviceTests.test_device_and_context_restored) ... skipped 'requires real CUDA with CUDA_VISIBLE_DEVICES=0,1'
test_alias_identity_metadata_and_mutations (tests.test_compile_cuda_contiguous.CompileCudaContiguousTests.test_alias_identity_metadata_and_mutations) ... ok
test_argument_callable_global_and_cpu_boundaries (tests.test_compile_cuda_contiguous.CompileCudaContiguousTests.test_argument_callable_global_and_cpu_boundaries) ... ok
test_blocked_reference_import_and_method_redispatch (tests.test_compile_cuda_contiguous.CompileCudaContiguousTests.test_blocked_reference_import_and_method_redispatch) ... ok
test_dynamic_alias_pack_transition_and_static_guards (tests.test_compile_cuda_contiguous.CompileCudaContiguousTests.test_dynamic_alias_pack_transition_and_static_guards) ... ok
test_empty_alias_without_representable_canonical_strides (tests.test_compile_cuda_contiguous.CompileCudaContiguousTests.test_empty_alias_without_representable_canonical_strides) ... ok
test_malformed_ir_and_invalid_downstream_before_bridge_on_cache_hits (tests.test_compile_cuda_contiguous.CompileCudaContiguousTests.test_malformed_ir_and_invalid_downstream_before_bridge_on_cache_hits) ... ok
test_mixed_device_unused_capture_rejected_before_native_execution (tests.test_compile_cuda_contiguous.CompileCudaContiguousTests.test_mixed_device_unused_capture_rejected_before_native_execution) ... ok
test_pack_composes_with_matmul_scalar_and_row_sum (tests.test_compile_cuda_contiguous.CompileCudaContiguousTests.test_pack_composes_with_matmul_scalar_and_row_sum) ... ok
test_raw_bits_copy_independence_and_lifetime (tests.test_compile_cuda_contiguous.CompileCudaContiguousTests.test_raw_bits_copy_independence_and_lifetime) ... ok
test_seeded_views_cold_warm_cache_and_composition (tests.test_compile_cuda_contiguous.CompileCudaContiguousTests.test_seeded_views_cold_warm_cache_and_composition) ... ok
test_strict_contiguous_declarations_before_native_execution (tests.test_compile_cuda_contiguous.CompileCudaContiguousTests.test_strict_contiguous_declarations_before_native_execution) ... ok
test_bounded_metadata_and_cpu_separation (tests.test_compile_cuda_contiguous.ContiguousMetadataTests.test_bounded_metadata_and_cpu_separation) ... ok
test_composed_restoration_and_mixed_devices (tests.test_compile_cuda_graph.CudaGraphDeviceTests.test_composed_restoration_and_mixed_devices) ... skipped 'requires real CUDA with CUDA_VISIBLE_DEVICES=0,1'
test_composition_preserves_wide_overflow_and_signed_zero (tests.test_compile_cuda_graph.CudaGraphTests.test_composition_preserves_wide_overflow_and_signed_zero) ... ok
test_late_neg_declared_metadata_rejected_before_execution (tests.test_compile_cuda_graph.CudaGraphTests.test_late_neg_declared_metadata_rejected_before_execution) ... ok
test_late_validation_before_bridge_and_failure_recovery (tests.test_compile_cuda_graph.CudaGraphTests.test_late_validation_before_bridge_and_failure_recovery) ... ok
test_native_bridge_preflights_all_nodes (tests.test_compile_cuda_graph.CudaGraphTests.test_native_bridge_preflights_all_nodes) ... ok
test_single_bridge_new_data_aliases_and_completion (tests.test_compile_cuda_graph.CudaGraphTests.test_single_bridge_new_data_aliases_and_completion) ... ok
test_threaded_intermediate_lifetimes (tests.test_compile_cuda_graph.CudaGraphTests.test_threaded_intermediate_lifetimes) ... ok
test_cpu_inputs_rejected (tests.test_compile_cuda_graph.GraphBridgeScopeTests.test_cpu_inputs_rejected) ... ok
test_device_restore_cache_and_mixed_device_errors (tests.test_compile_cuda_matmul.CompileCudaMatmulDeviceTests.test_device_restore_cache_and_mixed_device_errors) ... skipped 'requires real CUDA with CUDA_VISIBLE_DEVICES=0,1'
test_completion_thread_and_allocation_lifetimes (tests.test_compile_cuda_matmul.CompileCudaMatmulTests.test_completion_thread_and_allocation_lifetimes) ... ok
test_generated_capture_forms_changed_inputs_and_composition (tests.test_compile_cuda_matmul.CompileCudaMatmulTests.test_generated_capture_forms_changed_inputs_and_composition) ... ok
test_generated_wide_products_and_overlapping_offsets (tests.test_compile_cuda_matmul.CompileCudaMatmulTests.test_generated_wide_products_and_overlapping_offsets) ... ok
test_guards_late_validation_recovery_and_captures (tests.test_compile_cuda_matmul.CompileCudaMatmulTests.test_guards_late_validation_recovery_and_captures) ... ok
test_intermediate_overflow_cancellation_and_nonfinite_classification (tests.test_compile_cuda_matmul.CompileCudaMatmulTests.test_intermediate_overflow_cancellation_and_nonfinite_classification) ... ok
test_isolated_installed_wheel_no_body_no_pytorch (tests.test_compile_cuda_matmul.CompileCudaMatmulTests.test_isolated_installed_wheel_no_body_no_pytorch) ... ok
test_rejections_binding_guards_and_alias_containers (tests.test_compile_cuda_matmul.CompileCudaMatmulTests.test_rejections_binding_guards_and_alias_containers) ... ok
test_singleton_empty_and_overlapping_views (tests.test_compile_cuda_matmul.CompileCudaMatmulTests.test_singleton_empty_and_overlapping_views) ... ok
test_special_values_and_cancellation (tests.test_compile_cuda_matmul.CompileCudaMatmulTests.test_special_values_and_cancellation) ... ok
test_wide_decimal_products (tests.test_compile_cuda_matmul.CompileCudaMatmulTests.test_wide_decimal_products) ... ok
test_scope_dimensions_and_fresh_output (tests.test_compile_cuda_matmul.MatmulMetadataTests.test_scope_dimensions_and_fresh_output) ... ok
test_bind_rejects_runtime_order_count_uuid_and_pci_mismatch (tests.test_compile_cuda_matmul_diagnostic.MatmulDiagnosticTests.test_bind_rejects_runtime_order_count_uuid_and_pci_mismatch) ... ok
test_default_and_explicit_masks (tests.test_compile_cuda_matmul_diagnostic.MatmulDiagnosticTests.test_default_and_explicit_masks) ... ok
test_each_runtime_is_independently_bound_and_observations_retained (tests.test_compile_cuda_matmul_diagnostic.MatmulDiagnosticTests.test_each_runtime_is_independently_bound_and_observations_retained) ... ok
test_environment_retains_compiler_controls_without_secrets (tests.test_compile_cuda_matmul_diagnostic.MatmulDiagnosticTests.test_environment_retains_compiler_controls_without_secrets) ... ok
test_failed_output_check_retains_prior_and_partial_samples (tests.test_compile_cuda_matmul_diagnostic.MatmulDiagnosticTests.test_failed_output_check_retains_prior_and_partial_samples) ... ok
test_fixed_denominator_and_failures (tests.test_compile_cuda_matmul_diagnostic.MatmulDiagnosticTests.test_fixed_denominator_and_failures) ... ok
test_measurement_definition_matches_merged_main_golden (tests.test_compile_cuda_matmul_diagnostic.MatmulDiagnosticTests.test_measurement_definition_matches_merged_main_golden) ... ok
test_native_bus_absence_and_changed_mask_rejected_before_work (tests.test_compile_cuda_matmul_diagnostic.MatmulDiagnosticTests.test_native_bus_absence_and_changed_mask_rejected_before_work) ... ok
test_reject_absent_ambiguous_and_unbounded_selection (tests.test_compile_cuda_matmul_diagnostic.MatmulDiagnosticTests.test_reject_absent_ambiguous_and_unbounded_selection) ... ok
test_rejection_report_retains_inventory_denominator_and_zero (tests.test_compile_cuda_matmul_diagnostic.MatmulDiagnosticTests.test_rejection_report_retains_inventory_denominator_and_zero) ... ok
test_ownership_restoration_and_cache_separation (tests.test_compile_cuda_mul_scalar.CompileCudaMulScalarDeviceTests.test_ownership_restoration_and_cache_separation) ... skipped 'requires real CUDA with CUDA_VISIBLE_DEVICES=0,1'
test_binding_guards_and_code_replacement (tests.test_compile_cuda_mul_scalar.CompileCudaMulScalarTests.test_binding_guards_and_code_replacement) ... ok
test_dynamic_scalar_node_metadata_rejects_before_execution (tests.test_compile_cuda_mul_scalar.CompileCudaMulScalarTests.test_dynamic_scalar_node_metadata_rejects_before_execution) ... ok
test_dynamic_static_guards_cpu_separation_and_nested_aliases (tests.test_compile_cuda_mul_scalar.CompileCudaMulScalarTests.test_dynamic_static_guards_cpu_separation_and_nested_aliases) ... ok
test_generated_graphlets_and_operator_method_top_level_forms (tests.test_compile_cuda_mul_scalar.CompileCudaMulScalarTests.test_generated_graphlets_and_operator_method_top_level_forms) ... ok
test_guarded_globals_helper_rebinding_and_limit (tests.test_compile_cuda_mul_scalar.CompileCudaMulScalarTests.test_guarded_globals_helper_rebinding_and_limit) ... ok
test_ieee_scalar_conversion_singleton_strides_offsets_and_empty_views (tests.test_compile_cuda_mul_scalar.CompileCudaMulScalarTests.test_ieee_scalar_conversion_singleton_strides_offsets_and_empty_views) ... ok
test_large_complete_data_and_no_pytorch_import (tests.test_compile_cuda_mul_scalar.CompileCudaMulScalarTests.test_large_complete_data_and_no_pytorch_import) ... ok
test_malformed_late_nodes_and_execution_failure (tests.test_compile_cuda_mul_scalar.CompileCudaMulScalarTests.test_malformed_late_nodes_and_execution_failure) ... ok
test_reject_before_execution_cache_and_native_hooks (tests.test_compile_cuda_mul_scalar.CompileCudaMulScalarTests.test_reject_before_execution_cache_and_native_hooks) ... ok
test_tensor_capture_and_stride_changes (tests.test_compile_cuda_mul_scalar.CompileCudaMulScalarTests.test_tensor_capture_and_stride_changes) ... ok
test_recorder_scalar_nodes_reject_cpu_and_unsupported_metadata (tests.test_compile_cuda_mul_scalar.CompileScalarMetadataTests.test_recorder_scalar_nodes_reject_cpu_and_unsupported_metadata) ... ok
test_scalar_conversion_and_native_fail_closed_without_gpu (tests.test_compile_cuda_mul_scalar.CompileScalarMetadataTests.test_scalar_conversion_and_native_fail_closed_without_gpu) ... ok
test_failed_reference_wrong_data_and_unsupported_results_are_retained (tests.test_compile_cuda_mul_scalar_diagnostic.ScalarDiagnosticAccountingTests.test_failed_reference_wrong_data_and_unsupported_results_are_retained) ... ok
test_setup_failure_is_written_and_returns_nonzero (tests.test_compile_cuda_mul_scalar_diagnostic.ScalarDiagnosticAccountingTests.test_setup_failure_is_written_and_returns_nonzero) ... ok
test_ownership_captures_and_device_restoration (tests.test_compile_cuda_neg.CompileCudaNegDeviceTests.test_ownership_captures_and_device_restoration) ... skipped 'requires real CUDA with CUDA_VISIBLE_DEVICES=0,1'
test_captures_nested_outputs_and_repeated_inputs (tests.test_compile_cuda_neg.CompileCudaNegTests.test_captures_nested_outputs_and_repeated_inputs) ... ok
test_cold_cpu_warmed_and_device_guards (tests.test_compile_cuda_neg.CompileCudaNegTests.test_cold_cpu_warmed_and_device_guards) ... ok
test_generated_shapes_lengths_and_forms (tests.test_compile_cuda_neg.CompileCudaNegTests.test_generated_shapes_lengths_and_forms) ... ok
test_global_offset_shape_and_layout_guards (tests.test_compile_cuda_neg.CompileCudaNegTests.test_global_offset_shape_and_layout_guards) ... ok
test_offsets_ieee_metadata_dynamic_and_stride_guards (tests.test_compile_cuda_neg.CompileCudaNegTests.test_offsets_ieee_metadata_dynamic_and_stride_guards) ... ok
test_reject_before_execution_and_cache_insertion (tests.test_compile_cuda_neg.CompileCudaNegTests.test_reject_before_execution_and_cache_insertion) ... ok
test_stream_completion_and_independent_storage (tests.test_compile_cuda_neg.CompileCudaNegTests.test_stream_completion_and_independent_storage) ... ok
test_documented_command_on_real_cuda (tests.test_compile_cuda_neg_add_diagnostic.DiagnosticAccountingTests.test_documented_command_on_real_cuda) ... Traceback (most recent call last):
  File "<frozen runpy>", line 198, in _run_module_as_main
  File "<frozen runpy>", line 88, in _run_code
  File "/data/users/bobren/a/pytorch-rs-burner/.burner/worktrees/agent_67fce754/target/view-postcommit-12ac70fd/python/cpython-3.12.14-linux-x86_64-gnu/lib/python3.12/unittest/__main__.py", line 18, in <module>
    main(module=None)
  File "/data/users/bobren/a/pytorch-rs-burner/.burner/worktrees/agent_67fce754/target/view-postcommit-12ac70fd/python/cpython-3.12.14-linux-x86_64-gnu/lib/python3.12/unittest/main.py", line 105, in __init__
    self.runTests()
  File "/data/users/bobren/a/pytorch-rs-burner/.burner/worktrees/agent_67fce754/target/view-postcommit-12ac70fd/python/cpython-3.12.14-linux-x86_64-gnu/lib/python3.12/unittest/main.py", line 281, in runTests
    self.result = testRunner.run(self.test)
                  ^^^^^^^^^^^^^^^^^^^^^^^^^
  File "/data/users/bobren/a/pytorch-rs-burner/.burner/worktrees/agent_67fce754/target/view-postcommit-12ac70fd/python/cpython-3.12.14-linux-x86_64-gnu/lib/python3.12/unittest/runner.py", line 240, in run
    test(result)
  File "/data/users/bobren/a/pytorch-rs-burner/.burner/worktrees/agent_67fce754/target/view-postcommit-12ac70fd/python/cpython-3.12.14-linux-x86_64-gnu/lib/python3.12/unittest/suite.py", line 84, in __call__
    return self.run(*args, **kwds)
           ^^^^^^^^^^^^^^^^^^^^^^^
  File "/data/users/bobren/a/pytorch-rs-burner/.burner/worktrees/agent_67fce754/target/view-postcommit-12ac70fd/python/cpython-3.12.14-linux-x86_64-gnu/lib/python3.12/unittest/suite.py", line 122, in run
    test(result)
  File "/data/users/bobren/a/pytorch-rs-burner/.burner/worktrees/agent_67fce754/target/view-postcommit-12ac70fd/python/cpython-3.12.14-linux-x86_64-gnu/lib/python3.12/unittest/suite.py", line 84, in __call__
    return self.run(*args, **kwds)
           ^^^^^^^^^^^^^^^^^^^^^^^
  File "/data/users/bobren/a/pytorch-rs-burner/.burner/worktrees/agent_67fce754/target/view-postcommit-12ac70fd/python/cpython-3.12.14-linux-x86_64-gnu/lib/python3.12/unittest/suite.py", line 122, in run
    test(result)
  File "/data/users/bobren/a/pytorch-rs-burner/.burner/worktrees/agent_67fce754/target/view-postcommit-12ac70fd/python/cpython-3.12.14-linux-x86_64-gnu/lib/python3.12/unittest/suite.py", line 84, in __call__
    return self.run(*args, **kwds)
           ^^^^^^^^^^^^^^^^^^^^^^^
  File "/data/users/bobren/a/pytorch-rs-burner/.burner/worktrees/agent_67fce754/target/view-postcommit-12ac70fd/python/cpython-3.12.14-linux-x86_64-gnu/lib/python3.12/unittest/suite.py", line 122, in run
    test(result)
  File "/data/users/bobren/a/pytorch-rs-burner/.burner/worktrees/agent_67fce754/target/view-postcommit-12ac70fd/python/cpython-3.12.14-linux-x86_64-gnu/lib/python3.12/unittest/case.py", line 690, in __call__
    return self.run(*args, **kwds)
           ^^^^^^^^^^^^^^^^^^^^^^^
  File "/data/users/bobren/a/pytorch-rs-burner/.burner/worktrees/agent_67fce754/target/view-postcommit-12ac70fd/python/cpython-3.12.14-linux-x86_64-gnu/lib/python3.12/unittest/case.py", line 634, in run
    self._callTestMethod(testMethod)
  File "/data/users/bobren/a/pytorch-rs-burner/.burner/worktrees/agent_67fce754/target/view-postcommit-12ac70fd/python/cpython-3.12.14-linux-x86_64-gnu/lib/python3.12/unittest/case.py", line 589, in _callTestMethod
    if method() is not None:
       ^^^^^^^^
  File "/data/users/bobren/a/pytorch-rs-burner/.burner/worktrees/agent_67fce754/tests/test_compile_cuda_neg_add_diagnostic.py", line 112, in test_documented_command_on_real_cuda
    result = subprocess.run(command, cwd=ROOT, env={**os.environ, "CUDA_VISIBLE_DEVICES": "0"},
             ^^^^^^^^^^^^^^^^^^^^^^^^^^^^^^^^^^^^^^^^^^^^^^^^^^^^^^^^^^^^^^^^^^^^^^^^^^^^^^^^^^
  File "/data/users/bobren/a/pytorch-rs-burner/.burner/worktrees/agent_67fce754/target/view-postcommit-12ac70fd/python/cpython-3.12.14-linux-x86_64-gnu/lib/python3.12/subprocess.py", line 550, in run
    stdout, stderr = process.communicate(input, timeout=timeout)
                     ^^^^^^^^^^^^^^^^^^^^^^^^^^^^^^^^^^^^^^^^^^^
  File "/data/users/bobren/a/pytorch-rs-burner/.burner/worktrees/agent_67fce754/target/view-postcommit-12ac70fd/python/cpython-3.12.14-linux-x86_64-gnu/lib/python3.12/subprocess.py", line 1209, in communicate
    stdout, stderr = self._communicate(input, endtime, timeout)
                     ^^^^^^^^^^^^^^^^^^^^^^^^^^^^^^^^^^^^^^^^^^
  File "/data/users/bobren/a/pytorch-rs-burner/.burner/worktrees/agent_67fce754/target/view-postcommit-12ac70fd/python/cpython-3.12.14-linux-x86_64-gnu/lib/python3.12/subprocess.py", line 2115, in _communicate
    ready = selector.select(timeout)
            ^^^^^^^^^^^^^^^^^^^^^^^^
  File "/data/users/bobren/a/pytorch-rs-burner/.burner/worktrees/agent_67fce754/target/view-postcommit-12ac70fd/python/cpython-3.12.14-linux-x86_64-gnu/lib/python3.12/selectors.py", line 415, in select
    fd_event_list = self._selector.poll(timeout)
                    ^^^^^^^^^^^^^^^^^^^^^^^^^^^^
KeyboardInterrupt
