candidate/cpu: affine_relu
candidate/cpu: trigonometric
candidate/cpu: row_broadcast
candidate/cpu: rank3_broadcast
candidate/cpu: linear_module
candidate/cpu: parameter_and_buffer
candidate/cpu: mlp
candidate/cpu: attention
candidate/cpu: matmul_backward
candidate/cpu: mlp_backward
candidate/cpu: shape_branch
candidate/cpu: static_loop
candidate/cpu: scalar_graph_break
candidate/cpu: python_graph_break
candidate/cpu: shape_reshape
candidate/cpu: shape_reduction
candidate/cpu: mutating_view
candidate/cpu: transpose_view
candidate/cpu: nested_outputs
candidate/cpu: nested_inputs
candidate/cpu: layer_norm
candidate/cpu: gelu
candidate/cpu: python_helper
candidate/cpu: custom_autograd
candidate/cpu: scalar_guard
candidate/cpu: module_attribute_guard
candidate/cpu: bfloat16_roundtrip
candidate/cpu: device_roundtrip
