candidate/cuda: affine_relu
candidate/cuda: trigonometric
candidate/cuda: row_broadcast
candidate/cuda: rank3_broadcast
candidate/cuda: linear_module
candidate/cuda: parameter_and_buffer
candidate/cuda: mlp
candidate/cuda: attention
candidate/cuda: matmul_backward
candidate/cuda: mlp_backward
candidate/cuda: shape_branch
candidate/cuda: static_loop
candidate/cuda: scalar_graph_break
candidate/cuda: python_graph_break
candidate/cuda: shape_reshape
candidate/cuda: shape_reduction
candidate/cuda: mutating_view
candidate/cuda: transpose_view
candidate/cuda: nested_outputs
candidate/cuda: nested_inputs
candidate/cuda: layer_norm
candidate/cuda: gelu
candidate/cuda: python_helper
candidate/cuda: custom_autograd
candidate/cuda: scalar_guard
candidate/cuda: module_attribute_guard
candidate/cuda: bfloat16_roundtrip
candidate/cuda: device_roundtrip
