Resolved 36 packages in 24ms
Downloading nvidia-cuda-runtime (2.1MiB)
Downloading sympy (6.0MiB)
Downloading networkx (2.0MiB)
Downloading nvidia-curand (56.8MiB)
Downloading numpy (15.9MiB)
Downloading nvidia-cusparselt-cu13 (162.3MiB)
Downloading nvidia-cusolver (191.6MiB)
Downloading nvidia-cuda-cupti (10.2MiB)
Downloading nvidia-cufile (1.2MiB)
Downloading nvidia-cusparse (139.2MiB)
Downloading nvidia-cuda-nvrtc (86.0MiB)
Downloading nvidia-cufft (204.2MiB)
Downloading nvidia-cublas (403.5MiB)
Downloading cuda-bindings (6.3MiB)
Downloading nvidia-nccl-cu13 (196.4MiB)
Downloading nvidia-cudnn-cu13 (349.2MiB)
Downloading nvidia-nvshmem-cu13 (57.6MiB)
Downloading nvidia-nvjitlink (38.9MiB)
Downloading torch (502.2MiB)
Downloading maturin (10.1MiB)
Downloading triton (188.6MiB)
 Downloaded nvidia-cufile
 Downloaded networkx
 Downloaded nvidia-cuda-runtime
 Downloaded sympy
 Downloaded cuda-bindings
 Downloaded maturin
 Downloaded nvidia-cuda-cupti
 Downloaded numpy
 Downloaded nvidia-nvjitlink
 Downloaded nvidia-curand
 Downloaded nvidia-nvshmem-cu13
 Downloaded nvidia-cuda-nvrtc
 Downloaded nvidia-cusparse
 Downloaded nvidia-cusparselt-cu13
 Downloaded triton
 Downloaded nvidia-cusolver
 Downloaded nvidia-nccl-cu13
 Downloaded nvidia-cufft
 Downloaded nvidia-cudnn-cu13
 Downloaded nvidia-cublas
 Downloaded torch
Prepared 31 packages in 12.75s
Installed 31 packages in 1.96s
 + cuda-bindings==13.3.1
 + cuda-pathfinder==1.6.0
 + cuda-toolkit==13.0.3.0
 + filelock==3.32.2
 + fsspec==2026.7.0
 + jinja2==3.1.6
 + markupsafe==3.0.3
 + maturin==1.14.1
 + mpmath==1.3.0
 + networkx==3.6.1
 + numpy==2.5.1
 + nvidia-cublas==13.1.1.3
 + nvidia-cuda-cupti==13.0.85
 + nvidia-cuda-nvrtc==13.0.88
 + nvidia-cuda-runtime==13.0.96
 + nvidia-cudnn-cu13==9.20.0.48
 + nvidia-cufft==12.0.0.61
 + nvidia-cufile==1.15.1.6
 + nvidia-curand==10.4.0.35
 + nvidia-cusolver==12.0.4.66
 + nvidia-cusparse==12.6.3.3
 + nvidia-cusparselt-cu13==0.8.1
 + nvidia-nccl-cu13==2.29.7
 + nvidia-nvjitlink==13.3.33
 + nvidia-nvshmem-cu13==3.4.5
 + nvidia-nvtx==13.0.85
 + setuptools==84.0.0
 + sympy==1.14.0
 + torch==2.13.0
 + triton==3.7.1
 + typing-extensions==4.16.0
📦 Including license file `LICENSE`
🍹 Building a mixed python/rust project
🐍 Found CPython 3.12 at /data/users/bobren/a/pytorch-rs-burner/.burner/worktrees/agent_4e16ac18/target/default-compile-eval/venv/bin/python
🔗 Found pyo3 bindings with abi3-py3.10 support
📡 Using build options features from pyproject.toml
   Compiling target-lexicon v0.13.5
   Compiling proc-macro2 v1.0.107
   Compiling unicode-ident v1.0.24
   Compiling quote v1.0.47
   Compiling crossbeam-utils v0.8.23
   Compiling crossbeam-epoch v0.9.21
   Compiling libc v0.2.189
   Compiling crossbeam-deque v0.8.8
   Compiling rayon-core v1.13.0
   Compiling heck v0.5.0
   Compiling once_cell v1.21.4
   Compiling inventory v0.3.24
   Compiling cfg-if v1.0.4
   Compiling either v1.18.0
   Compiling libloading v0.8.9
   Compiling pyo3-build-config v0.29.2
   Compiling syn v2.0.119
   Compiling pyo3-ffi v0.29.2
   Compiling pyo3 v0.29.2
   Compiling rayon v1.12.0
   Compiling pyo3-macros-backend v0.29.2
   Compiling pyo3-macros v0.29.2
   Compiling pytorch-rs v0.1.0 (/data/users/bobren/a/pytorch-rs-burner/.burner/worktrees/agent_4e16ac18)
    Finished `release` profile [optimized] target(s) in 49.78s
📦 Built wheel for abi3 Python ≥ 3.10 to /data/users/bobren/a/pytorch-rs-burner/.burner/worktrees/agent_4e16ac18/target/default-compile-eval/wheels.NMjxV4/torch_rs-0.1.0-cp310-abi3-manylinux_2_34_x86_64.whl
Using Python 3.12.12 environment at: target/default-compile-eval/venv
Resolved 1 package in 1ms
Prepared 1 package in 48ms
Installed 1 package in 29ms
 + torch-rs==0.1.0 (from file:///data/users/bobren/a/pytorch-rs-burner/.burner/worktrees/agent_4e16ac18/target/default-compile-eval/wheels.NMjxV4/torch_rs-0.1.0-cp310-abi3-manylinux_2_34_x86_64.whl)
verified native-extension provenance for torch-rs 0.1.0
interpreter: /data/users/bobren/a/pytorch-rs-burner/.burner/worktrees/agent_4e16ac18/target/default-compile-eval/venv/bin/python
virtualenv: /data/users/bobren/a/pytorch-rs-burner/.burner/worktrees/agent_4e16ac18/target/default-compile-eval/venv
torch_rs: /data/users/bobren/a/pytorch-rs-burner/.burner/worktrees/agent_4e16ac18/target/default-compile-eval/venv/lib/python3.12/site-packages/torch_rs/__init__.py
torch_rs.torch_rs: /data/users/bobren/a/pytorch-rs-burner/.burner/worktrees/agent_4e16ac18/target/default-compile-eval/venv/lib/python3.12/site-packages/torch_rs/torch_rs.abi3.so
running cpu-0-reference; log: /data/users/bobren/a/pytorch-rs-burner/.burner/worktrees/agent_4e16ac18/target/default-compile-eval/run-20260913T173018Z-d4056067/cpu-0-reference.log
running cpu-0-candidate; log: /data/users/bobren/a/pytorch-rs-burner/.burner/worktrees/agent_4e16ac18/target/default-compile-eval/run-20260913T173018Z-d4056067/cpu-0-candidate.log
running cuda-0-reference; log: /data/users/bobren/a/pytorch-rs-burner/.burner/worktrees/agent_4e16ac18/target/default-compile-eval/run-20260913T173018Z-d4056067/cuda-0-reference.log
running cuda-0-candidate; log: /data/users/bobren/a/pytorch-rs-burner/.burner/worktrees/agent_4e16ac18/target/default-compile-eval/run-20260913T173018Z-d4056067/cuda-0-candidate.log
running cuda-1-candidate; log: /data/users/bobren/a/pytorch-rs-burner/.burner/worktrees/agent_4e16ac18/target/default-compile-eval/run-20260913T173018Z-d4056067/cuda-1-candidate.log
running cuda-1-reference; log: /data/users/bobren/a/pytorch-rs-burner/.burner/worktrees/agent_4e16ac18/target/default-compile-eval/run-20260913T173018Z-d4056067/cuda-1-reference.log
{"valid": true, "diagnostic": false, "scores": {"coverage": {"score": 11.0, "passed": 10, "eligible": 112, "categories": {"tensor_arithmetic": {"passed": 4, "eligible": 8, "weight": 12, "contribution": 6.0}, "broadcasting": {"passed": 4, "eligible": 8, "weight": 8, "contribution": 4.0}, "modules_parameters_buffers": {"passed": 0, "eligible": 8, "weight": 8, "contribution": 0.0}, "inference": {"passed": 0, "eligible": 8, "weight": 6, "contribution": 0.0}, "training_autograd": {"passed": 0, "eligible": 8, "weight": 8, "contribution": 0.0}, "python_control_flow": {"passed": 0, "eligible": 8, "weight": 8, "contribution": 0.0}, "graph_breaks": {"passed": 0, "eligible": 8, "weight": 8, "contribution": 0.0}, "dynamic_shapes": {"passed": 0, "eligible": 8, "weight": 8, "contribution": 0.0}, "mutation_aliasing_views": {"passed": 0, "eligible": 8, "weight": 8, "contribution": 0.0}, "containers_pytrees": {"passed": 0, "eligible": 8, "weight": 6, "contribution": 0.0}, "decompositions": {"passed": 0, "eligible": 8, "weight": 6, "contribution": 0.0}, "custom_functions": {"passed": 0, "eligible": 8, "weight": 6, "contribution": 0.0}, "recompilation_guards": {"passed": 2, "eligible": 8, "weight": 4, "contribution": 1.0}, "dtype_device_transitions": {"passed": 0, "eligible": 8, "weight": 4, "contribution": 0.0}}, "common_success_geomean_ratio": 1.2832686449519584}, "cuda-perf": {"score": 20.0, "passed": 10, "eligible": 56, "categories": {"tensor_arithmetic": {"passed": 4, "eligible": 4, "weight": 12, "contribution": 12.0}, "broadcasting": {"passed": 4, "eligible": 4, "weight": 8, "contribution": 8.0}, "modules_parameters_buffers": {"passed": 0, "eligible": 4, "weight": 8, "contribution": 0.0}, "inference": {"passed": 0, "eligible": 4, "weight": 6, "contribution": 0.0}, "training_autograd": {"passed": 0, "eligible": 4, "weight": 8, "contribution": 0.0}, "python_control_flow": {"passed": 0, "eligible": 4, "weight": 8, "contribution": 0.0}, "graph_breaks": {"passed": 0, "eligible": 4, "weight": 8, "contribution": 0.0}, "dynamic_shapes": {"passed": 0, "eligible": 4, "weight": 8, "contribution": 0.0}, "mutation_aliasing_views": {"passed": 0, "eligible": 4, "weight": 8, "contribution": 0.0}, "containers_pytrees": {"passed": 0, "eligible": 4, "weight": 6, "contribution": 0.0}, "decompositions": {"passed": 0, "eligible": 4, "weight": 6, "contribution": 0.0}, "custom_functions": {"passed": 0, "eligible": 4, "weight": 6, "contribution": 0.0}, "recompilation_guards": {"passed": 2, "eligible": 4, "weight": 4, "contribution": 0.0}, "dtype_device_transitions": {"passed": 0, "eligible": 4, "weight": 4, "contribution": 0.0}}, "common_success_geomean_ratio": 1.2832686449519584}}, "report": "/data/users/bobren/a/pytorch-rs-burner/.burner/worktrees/agent_4e16ac18/target/default-compile-eval/run-20260913T173018Z-d4056067/report.json"}
