test_benchmarking_indexes_historical_release_timing_reports (tests.test_readme_quickstart.ReadmeQuickstartTests.test_benchmarking_indexes_historical_release_timing_reports) ... ok
test_detailed_support_contracts_live_in_focused_docs (tests.test_readme_quickstart.ReadmeQuickstartTests.test_detailed_support_contracts_live_in_focused_docs) ... ok
test_docs_readme_indexes_contracts_guides_and_timing_evidence (tests.test_readme_quickstart.ReadmeQuickstartTests.test_docs_readme_indexes_contracts_guides_and_timing_evidence) ... ok
test_entry_point_links_resolve (tests.test_readme_quickstart.ReadmeQuickstartTests.test_entry_point_links_resolve) ... ok
test_first_success_example_is_short_and_runs (tests.test_readme_quickstart.ReadmeQuickstartTests.test_first_success_example_is_short_and_runs) ... ok
test_readme_keeps_quickstart_scope_and_evaluation_route (tests.test_readme_quickstart.ReadmeQuickstartTests.test_readme_keeps_quickstart_scope_and_evaluation_route) ... ok
test_readme_links_contributing_guide (tests.test_readme_quickstart.ReadmeQuickstartTests.test_readme_links_contributing_guide) ... ok
test_readme_routes_benchmark_policy_to_focused_docs (tests.test_readme_quickstart.ReadmeQuickstartTests.test_readme_routes_benchmark_policy_to_focused_docs) ... ok
test_readme_routes_to_supported_surface_anchors (tests.test_readme_quickstart.ReadmeQuickstartTests.test_readme_routes_to_supported_surface_anchors) ... ok
test_readme_scope_is_scan_friendly_table (tests.test_readme_quickstart.ReadmeQuickstartTests.test_readme_scope_is_scan_friendly_table) ... ok
test_source_install_commands_are_locked (tests.test_readme_quickstart.ReadmeQuickstartTests.test_source_install_commands_are_locked) ... ok
test_stale_wheel_recovery_uses_wheel_test_workflow (tests.test_readme_quickstart.ReadmeQuickstartTests.test_stale_wheel_recovery_uses_wheel_test_workflow) ... ok
test_arbitrary_objects_and_foreign_tensors_fail_closed (tests.test_default_collate_reference.DefaultCollateReferenceTests.test_arbitrary_objects_and_foreign_tensors_fail_closed) ... ok
test_imports_exports_signature_and_loader_boundary_match (tests.test_default_collate_reference.DefaultCollateReferenceTests.test_imports_exports_signature_and_loader_boundary_match) ... ok
test_nested_tensor_and_text_records_match_pytorch_2_13 (tests.test_default_collate_reference.DefaultCollateReferenceTests.test_nested_tensor_and_text_records_match_pytorch_2_13) ... ok
test_plain_tuple_returns_pytorch_compatible_list (tests.test_default_collate_reference.DefaultCollateReferenceTests.test_plain_tuple_returns_pytorch_compatible_list) ... ok
test_pytorch_supported_non_tensor_collation_paths_fail_closed (tests.test_default_collate_reference.DefaultCollateReferenceTests.test_pytorch_supported_non_tensor_collation_paths_fail_closed) ... ok
test_recursive_list_namedtuple_and_dict_outputs_match_pytorch_2_13 (tests.test_default_collate_reference.DefaultCollateReferenceTests.test_recursive_list_namedtuple_and_dict_outputs_match_pytorch_2_13) ... ok
test_tensor_values_metadata_and_autograd_match_pytorch_2_13 (tests.test_default_collate_reference.DefaultCollateReferenceTests.test_tensor_values_metadata_and_autograd_match_pytorch_2_13) ... ok
test_text_batch_identity_matches_pytorch_2_13 (tests.test_default_collate_reference.DefaultCollateReferenceTests.test_text_batch_identity_matches_pytorch_2_13) ... ok
test_text_led_mixed_tails_match_reference_without_inspection (tests.test_default_collate_reference.DefaultCollateReferenceTests.test_text_led_mixed_tails_match_reference_without_inspection) ... ok

----------------------------------------------------------------------
Ran 21 tests in 0.634s

OK
