test_device_guard_and_context_cache (tests.test_cuda_neg.CudaNegDeviceTests.test_device_guard_and_context_cache) ... skipped 'requires real CUDA with CUDA_VISIBLE_DEVICES=0,1'
test_completion_and_independent_output (tests.test_cuda_neg.CudaNegTests.test_completion_and_independent_output) ... ok
test_generated_shapes_public_forms_and_input_preservation (tests.test_cuda_neg.CudaNegTests.test_generated_shapes_public_forms_and_input_preservation) ... ok
test_ieee_bits_and_offset_views (tests.test_cuda_neg.CudaNegTests.test_ieee_bits_and_offset_views) ... ok
test_large_allocation_lifetime_outside_front_cache (tests.test_cuda_neg.CudaNegTests.test_large_allocation_lifetime_outside_front_cache) ... ok
test_lifetimes_reuse_and_fresh_thread_context (tests.test_cuda_neg.CudaNegTests.test_lifetimes_reuse_and_fresh_thread_context) ... ok
test_no_pytorch_forwarding (tests.test_cuda_neg.CudaNegTests.test_no_pytorch_forwarding) ... ok
test_unsupported_layout_autograd_and_compilation (tests.test_cuda_neg.CudaNegTests.test_unsupported_layout_autograd_and_compilation) ... ok
test_cross_thread_pool_release_on_both_devices (tests.test_cuda_add.CudaAddDeviceTests.test_cross_thread_pool_release_on_both_devices) ... skipped 'requires real CUDA with CUDA_VISIBLE_DEVICES=0,1'
test_device_restoration_success_failure_and_drop (tests.test_cuda_add.CudaAddDeviceTests.test_device_restoration_success_failure_and_drop) ... skipped 'requires real CUDA with CUDA_VISIBLE_DEVICES=0,1'
test_replay_eviction_restores_context_across_devices (tests.test_cuda_add.CudaAddDeviceTests.test_replay_eviction_restores_context_across_devices) ... skipped 'requires real CUDA with CUDA_VISIBLE_DEVICES=0,1'
test_cached_allocation_on_fresh_host_thread (tests.test_cuda_add.CudaAddTests.test_cached_allocation_on_fresh_host_thread) ... ok
test_completion_before_independent_stream_read (tests.test_cuda_add.CudaAddTests.test_completion_before_independent_stream_read) ... ok
test_invalid_and_unsupported_inputs (tests.test_cuda_add.CudaAddTests.test_invalid_and_unsupported_inputs) ... ok
test_numerical_edges (tests.test_cuda_add.CudaAddTests.test_numerical_edges) ... ok
test_offsets_singletons_and_empty_views (tests.test_cuda_add.CudaAddTests.test_offsets_singletons_and_empty_views) ... ok
test_random_held_out_shapes_and_public_forms (tests.test_cuda_add.CudaAddTests.test_random_held_out_shapes_and_public_forms) ... ok
test_repeated_launch_eviction_aliases_and_immediate_drops (tests.test_cuda_add.CudaAddTests.test_repeated_launch_eviction_aliases_and_immediate_drops) ... ok
test_source_output_lifetimes_chaining_and_reuse (tests.test_cuda_add.CudaAddTests.test_source_output_lifetimes_chaining_and_reuse) ... ok
test_without_pytorch_import (tests.test_cuda_add.CudaAddTests.test_without_pytorch_import) ... ok
test_cpu_cuda_cache_separation_and_original_bypass (tests.test_compile_cuda_boundary.CompileCudaBoundaryTests.test_cpu_cuda_cache_separation_and_original_bypass) ... ok
test_dynamic_cache_hit_preflights_late_shape_mismatch (tests.test_compile_cuda_boundary.CompileCudaBoundaryTests.test_dynamic_cache_hit_preflights_late_shape_mismatch) ... ok
test_global_capture_transitions_and_recompile_limit (tests.test_compile_cuda_boundary.CompileCudaBoundaryTests.test_global_capture_transitions_and_recompile_limit) ... ok
test_ieee_edges_and_dynamic_offset_guards (tests.test_compile_cuda_boundary.CompileCudaBoundaryTests.test_ieee_edges_and_dynamic_offset_guards) ... ok
test_native_failure_does_not_publish_cache (tests.test_compile_cuda_boundary.CompileCudaBoundaryTests.test_native_failure_does_not_publish_cache) ... ok
test_no_pytorch_import_or_original_execution (tests.test_compile_cuda_boundary.CompileCudaBoundaryTests.test_no_pytorch_import_or_original_execution) ... ok
test_offset_layout_metadata_and_cache_guards (tests.test_compile_cuda_boundary.CompileCudaBoundaryTests.test_offset_layout_metadata_and_cache_guards) ... ok
test_private_trace_entrypoints_keep_unsupported_guards (tests.test_compile_cuda_boundary.CompileCudaBoundaryTests.test_private_trace_entrypoints_keep_unsupported_guards) ... ok
test_seeded_shapes_structures_and_changed_data_against_reference (tests.test_compile_cuda_boundary.CompileCudaBoundaryTests.test_seeded_shapes_structures_and_changed_data_against_reference) ... /data/users/bobren/a/pytorch-rs-burner/.burner/worktrees/composite_2046428b/.venv/lib/python3.12/site-packages/torch/jit/_script.py:365: DeprecationWarning: `torch.jit.script_method` is deprecated. Please switch to `torch.compile` or `torch.export`.
  warnings.warn(
ok
test_unsupported_fresh_and_cpu_warmed_leave_cache_unchanged (tests.test_compile_cuda_boundary.CompileCudaBoundaryTests.test_unsupported_fresh_and_cpu_warmed_leave_cache_unchanged) ... ok
test_ordinals_captures_and_current_device_restoration (tests.test_compile_cuda_boundary.CompileCudaDeviceTests.test_ordinals_captures_and_current_device_restoration) ... skipped 'requires real CUDA with CUDA_VISIBLE_DEVICES=0,1'
test_allocation_reuse_and_threaded_lifetimes (tests.test_cuda_native_views.NativeCudaViewTests.test_allocation_reuse_and_threaded_lifetimes) ... ok
test_bounded_staging_crosses_chunks_and_preserves_values (tests.test_cuda_native_views.NativeCudaViewTests.test_bounded_staging_crosses_chunks_and_preserves_values) ... ok
test_nonzero_views_copy_to_cpu_and_keep_storage_alive (tests.test_cuda_native_views.NativeCudaViewTests.test_nonzero_views_copy_to_cpu_and_keep_storage_alive) ... ok
test_unsupported_materialization_fails_at_operation (tests.test_cuda_native_views.NativeCudaViewTests.test_unsupported_materialization_fails_at_operation) ... ok
test_widely_spaced_selection_copies_under_host_memory_limit (tests.test_cuda_native_views.NativeCudaViewTests.test_widely_spaced_selection_copies_under_host_memory_limit) ... ok
test_autograd_no_grad_and_repeated_backward_reuse_tensor_negation (tests.test_top_level_neg.TopLevelNegTests.test_autograd_no_grad_and_repeated_backward_reuse_tensor_negation) ... ok
test_binding_and_type_error_precedence_matches_pytorch_2_13 (tests.test_top_level_neg.TopLevelNegTests.test_binding_and_type_error_precedence_matches_pytorch_2_13) ... ok
test_callable_metadata_pickling_exports_and_unsupported_inplace_aliases (tests.test_top_level_neg.TopLevelNegTests.test_callable_metadata_pickling_exports_and_unsupported_inplace_aliases) ... ok
test_concrete_out_tensor_is_rejected_without_mutation (tests.test_top_level_neg.TopLevelNegTests.test_concrete_out_tensor_is_rejected_without_mutation) ... ok
test_extreme_empty_metadata_errors_reuse_tensor_neg_path (tests.test_top_level_neg.TopLevelNegTests.test_extreme_empty_metadata_errors_reuse_tensor_neg_path) ... ok
test_modes_and_overrides_observe_calls_before_native_limits (tests.test_top_level_neg.TopLevelNegTests.test_modes_and_overrides_observe_calls_before_native_limits) ... ok
test_supported_calls_reuse_tensor_neg_values_bits_and_layouts (tests.test_top_level_neg.TopLevelNegTests.test_supported_calls_reuse_tensor_neg_values_bits_and_layouts) ... ok
test_autograd_no_grad_and_repeated_backward_reuse_tensor_negation (tests.test_top_level_negative.TopLevelNegativeTests.test_autograd_no_grad_and_repeated_backward_reuse_tensor_negation) ... ok
test_binding_and_type_error_precedence_matches_pytorch_2_13 (tests.test_top_level_negative.TopLevelNegativeTests.test_binding_and_type_error_precedence_matches_pytorch_2_13) ... ok
test_callable_metadata_pickling_exports_and_unsupported_inplace_aliases (tests.test_top_level_negative.TopLevelNegativeTests.test_callable_metadata_pickling_exports_and_unsupported_inplace_aliases) ... ok
test_concrete_out_tensor_is_rejected_without_mutation (tests.test_top_level_negative.TopLevelNegativeTests.test_concrete_out_tensor_is_rejected_without_mutation) ... ok
test_extreme_empty_metadata_errors_reuse_tensor_negative_path (tests.test_top_level_negative.TopLevelNegativeTests.test_extreme_empty_metadata_errors_reuse_tensor_negative_path) ... ok
test_modes_and_overrides_observe_calls_before_native_limits (tests.test_top_level_negative.TopLevelNegativeTests.test_modes_and_overrides_observe_calls_before_native_limits) ... ok
test_supported_calls_reuse_tensor_negative_values_bits_and_layouts (tests.test_top_level_negative.TopLevelNegativeTests.test_supported_calls_reuse_tensor_negative_values_bits_and_layouts) ... ok
test_candidate_worker_rejects_operand_mutation_on_cuda (tests.test_cuda_math_evaluator.CudaReferenceTests.test_candidate_worker_rejects_operand_mutation_on_cuda) ... ok
test_six_reference_cases_run_in_isolated_processes_on_real_cuda (tests.test_cuda_math_evaluator.CudaReferenceTests.test_six_reference_cases_run_in_isolated_processes_on_real_cuda) ... ok
test_complete_and_partial_credit_use_six (tests.test_cuda_math_evaluator.FixedDenominatorTests.test_complete_and_partial_credit_use_six) ... ok
test_duplicate_and_unknown_rows_cannot_inflate_credit (tests.test_cuda_math_evaluator.FixedDenominatorTests.test_duplicate_and_unknown_rows_cannot_inflate_credit) ... ok
test_fixed_cases_and_unchanged_weights (tests.test_cuda_math_evaluator.FixedDenominatorTests.test_fixed_cases_and_unchanged_weights) ... ok
test_forwarding_cpu_fallback_wrong_device_and_malformed_results_are_zero (tests.test_cuda_math_evaluator.FixedDenominatorTests.test_forwarding_cpu_fallback_wrong_device_and_malformed_results_are_zero) ... ok
test_incorrect_and_nonfinite_outputs_are_zero (tests.test_cuda_math_evaluator.FixedDenominatorTests.test_incorrect_and_nonfinite_outputs_are_zero) ... ok
test_inputs_are_evaluator_selected_and_reproducible (tests.test_cuda_math_evaluator.FixedDenominatorTests.test_inputs_are_evaluator_selected_and_reproducible) ... ok
test_insufficient_seed_trials_cannot_earn_credit (tests.test_cuda_math_evaluator.FixedDenominatorTests.test_insufficient_seed_trials_cannot_earn_credit) ... ok
test_missing_failed_skipped_forwarded_unsupported_are_zero (tests.test_cuda_math_evaluator.FixedDenominatorTests.test_missing_failed_skipped_forwarded_unsupported_are_zero) ... ok
test_missing_or_mutated_post_operation_inputs_cannot_earn_credit (tests.test_cuda_math_evaluator.FixedDenominatorTests.test_missing_or_mutated_post_operation_inputs_cannot_earn_credit) ... ok
test_opposite_signed_seeds_cannot_earn_credit_for_duplicate_workloads (tests.test_cuda_math_evaluator.FixedDenominatorTests.test_opposite_signed_seeds_cannot_earn_credit_for_duplicate_workloads) ... ok
test_reference_failure_never_removes_denominator (tests.test_cuda_math_evaluator.FixedDenominatorTests.test_reference_failure_never_removes_denominator) ... ok
test_stale_or_missing_build_receipt_is_zero (tests.test_cuda_math_evaluator.FixedDenominatorTests.test_stale_or_missing_build_receipt_is_zero) ... ok
test_tolerance_is_not_exact_equality (tests.test_cuda_math_evaluator.FixedDenominatorTests.test_tolerance_is_not_exact_equality) ... ok
test_candidate_worker_rejects_a_forwarding_package (tests.test_cuda_math_evaluator.IsolationTests.test_candidate_worker_rejects_a_forwarding_package) ... ok
test_cli_rejects_negative_and_opposite_signed_seeds (tests.test_cuda_math_evaluator.IsolationTests.test_cli_rejects_negative_and_opposite_signed_seeds) ... ok
test_real_import_blocker_rejects_even_swallowed_forwarding (tests.test_cuda_math_evaluator.IsolationTests.test_real_import_blocker_rejects_even_swallowed_forwarding) ... ok
test_worker_crash_timeout_invalid_json_and_missing_interpreter_fail_closed (tests.test_cuda_math_evaluator.IsolationTests.test_worker_crash_timeout_invalid_json_and_missing_interpreter_fail_closed) ... ok

----------------------------------------------------------------------
Ran 69 tests in 49.518s

OK (skipped=5)
