..........................................................................................................................................................................................................................................................................................................torch_rs/_grad_mode.py:25: DeprecationWarning: the (type, exc, tb) signature of throw() is deprecated, use the single-arg signature instead.
........................../data/users/bobren/a/pytorch-rs-burner/.burner/worktrees/composite_2046428b/target/integration/venv314/lib/python3.14/site-packages/torch/utils/_contextlib.py:56: DeprecationWarning: the (type, exc, tb) signature of throw() is deprecated, use the single-arg signature instead.
  response = gen.throw(*sys.exc_info())
................................................................................................................................................................................................................................................................................................................................................................................................................................................................................................................................................................................................................................................................................./data/users/bobren/a/pytorch-rs-burner/.burner/worktrees/composite_2046428b/target/integration/venv314/lib/python3.14/site-packages/torch/jit/_script.py:359: DeprecationWarning: `torch.jit.script_method` is not supported in Python 3.14+ and may break. Please switch to `torch.compile` or `torch.export`.
  warnings.warn(
.W0909 12:35:56.083000 3576669 target/integration/venv314/lib/python3.14/site-packages/torch/_dynamo/convert_frame.py:1994] [0/2] torch._dynamo hit config.recompile_limit (2)
W0909 12:35:56.083000 3576669 target/integration/venv314/lib/python3.14/site-packages/torch/_dynamo/convert_frame.py:1994] [0/2]    function: 'cpu_float32_recompile_limit_reset' (/data/users/bobren/a/pytorch-rs-burner/.burner/worktrees/composite_2046428b/tests/test_compile_corpus.py:278)
W0909 12:35:56.083000 3576669 target/integration/venv314/lib/python3.14/site-packages/torch/_dynamo/convert_frame.py:1994] [0/2]    last reason: 0/1: tensor 'x' rank mismatch. expected 1, actual 2
W0909 12:35:56.083000 3576669 target/integration/venv314/lib/python3.14/site-packages/torch/_dynamo/convert_frame.py:1994] [0/2] To log all recompilation reasons, use TORCH_LOGS="recompiles".
W0909 12:35:56.083000 3576669 target/integration/venv314/lib/python3.14/site-packages/torch/_dynamo/convert_frame.py:1994] [0/2] To diagnose recompilation issues, see https://docs.pytorch.org/docs/main/user_guide/torch_compiler/compile/programming_model.recompilation.html
.................................................................................s....................................................................................................................................................................................................................................................................................................................ss.................................................................................................................................................................................................sss.........s................................s.............s.................................................................................................................................................................................................................................................................................................................................................................................................................................Exception ignored in PyDict_GetItemString(); consider using PyDict_GetItemStringRef():
Traceback (most recent call last):
  File "/data/users/bobren/a/pytorch-rs-burner/.burner/worktrees/composite_2046428b/tests/test_finfo.py", line 327, in __eq__
    raise RuntimeError("keyword equality trap")
RuntimeError: keyword equality trap
.........Exception ignored in PyDict_GetItemString(); consider using PyDict_GetItemStringRef():
Traceback (most recent call last):
  File "/data/users/bobren/a/pytorch-rs-burner/.burner/worktrees/composite_2046428b/tests/test_finfo_reference.py", line 197, in __eq__
    raise RuntimeError("keyword equality trap")
RuntimeError: keyword equality trap
Exception ignored in PyDict_GetItem(); consider using PyDict_GetItemRef() or PyDict_GetItemWithError():
Traceback (most recent call last):
  File "/data/users/bobren/a/pytorch-rs-burner/.burner/worktrees/composite_2046428b/tests/test_finfo_reference.py", line 197, in __eq__
    raise RuntimeError("keyword equality trap")
RuntimeError: keyword equality trap
Exception ignored in PyDict_GetItem(); consider using PyDict_GetItemRef() or PyDict_GetItemWithError():
Traceback (most recent call last):
  File "/data/users/bobren/a/pytorch-rs-burner/.burner/worktrees/composite_2046428b/tests/test_finfo_reference.py", line 197, in __eq__
    raise RuntimeError("keyword equality trap")
RuntimeError: keyword equality trap
....................................................................................................................................................................................................................................................................................................................................................................................................................................................................................................................................................................................................................................................................................................................................................................................................................................................................................Exception ignored in PyDict_GetItemString(); consider using PyDict_GetItemStringRef():
Traceback (most recent call last):
  File "/data/users/bobren/a/pytorch-rs-burner/.burner/worktrees/composite_2046428b/tests/test_movedim.py", line 406, in __eq__
    raise RuntimeError("keyword equality failure")
RuntimeError: keyword equality failure
....................Exception ignored in PyDict_GetItemString(); consider using PyDict_GetItemStringRef():
Traceback (most recent call last):
  File "/data/users/bobren/a/pytorch-rs-burner/.burner/worktrees/composite_2046428b/tests/test_movedim_reference.py", line 512, in __eq__
    raise RuntimeError("keyword equality failure")
RuntimeError: keyword equality failure
Exception ignored in PyDict_GetItem(); consider using PyDict_GetItemRef() or PyDict_GetItemWithError():
Traceback (most recent call last):
  File "/data/users/bobren/a/pytorch-rs-burner/.burner/worktrees/composite_2046428b/tests/test_movedim_reference.py", line 512, in __eq__
    raise RuntimeError("keyword equality failure")
RuntimeError: keyword equality failure
Exception ignored in PyDict_GetItem(); consider using PyDict_GetItemRef() or PyDict_GetItemWithError():
Traceback (most recent call last):
  File "/data/users/bobren/a/pytorch-rs-burner/.burner/worktrees/composite_2046428b/tests/test_movedim_reference.py", line 512, in __eq__
    raise RuntimeError("keyword equality failure")
RuntimeError: keyword equality failure
.............................s.....................................................FF..F........................................................................................................................................................................................................................................................................................................................................................................................................................................................................................................Exception ignored in PyDict_GetItem(); consider using PyDict_GetItemRef() or PyDict_GetItemWithError():
Traceback (most recent call last):
  File "/data/users/bobren/a/pytorch-rs-burner/.burner/worktrees/composite_2046428b/tests/test_promote_types_reference.py", line 740, in __eq__
    raise RuntimeError("keyword equality failed")
RuntimeError: keyword equality failed
................................................................................................................................................................................................................................................................................................................................................................................................................................................................................................................................................................./data/users/bobren/a/pytorch-rs-burner/.burner/worktrees/composite_2046428b/tests/test_size_value_reference.py:270: PendingDeprecationWarning: the matrix subclass is not the recommended way to represent matrices or deal with linear algebra (see https://docs.scipy.org/doc/numpy/user/numpy-for-matlab-users.html). Please adjust your code to use regular ndarray.
  np.matrix([[1]]),
......................................................................................................................................................................................................................................................................................................................................................................................................................................................................................................................................................................................................./data/users/bobren/a/pytorch-rs-burner/.burner/worktrees/composite_2046428b/tests/test_tensor_requires_grad_reference.py:178: UserWarning: The .grad attribute of a Tensor that is not a leaf Tensor is being accessed. Its .grad attribute won't be populated during autograd.backward(). If you indeed want the .grad field to be populated for a non-leaf Tensor, use .retain_grad() on the non-leaf Tensor. If you access the non-leaf Tensor by mistake, make sure you access the leaf Tensor instead. See github.com/pytorch/pytorch/pull/30531 for more information. (Triggered internally at /__w/pytorch/pytorch/build/aten/src/ATen/core/TensorBody.h:493.)
  "non_leaf_grad": self.grad_payload(non_leaf.grad),
/data/users/bobren/a/pytorch-rs-burner/.burner/worktrees/composite_2046428b/tests/test_tensor_requires_grad_reference.py:179: UserWarning: The .grad attribute of a Tensor that is not a leaf Tensor is being accessed. Its .grad attribute won't be populated during autograd.backward(). If you indeed want the .grad field to be populated for a non-leaf Tensor, use .retain_grad() on the non-leaf Tensor. If you access the non-leaf Tensor by mistake, make sure you access the leaf Tensor instead. See github.com/pytorch/pytorch/pull/30531 for more information. (Triggered internally at /__w/pytorch/pytorch/build/aten/src/ATen/core/TensorBody.h:493.)
  "view_grad": self.grad_payload(view.grad),
.......................................................................................................................................................................................................................................................................................................................................................................................F............................................................................................................................................................................................................................................................................................................
======================================================================
FAIL: test_canonical_values_freshness_and_input_preservation_match (test_nn_factory_kwargs_reference.FactoryKwargsReferenceTests.test_canonical_values_freshness_and_input_preservation_match) (case=5)
----------------------------------------------------------------------
Traceback (most recent call last):
  File "/data/users/bobren/a/pytorch-rs-burner/.burner/worktrees/composite_2046428b/tests/test_nn_factory_kwargs_reference.py", line 153, in test_canonical_values_freshness_and_input_preservation_match
    self.assertEqual(list(actual), list(expected))
    ~~~~~~~~~~~~~~~~^^^^^^^^^^^^^^^^^^^^^^^^^^^^^^
AssertionError: Lists differ: ['memory_format', 'dtype', 'device'] != ['device', 'dtype', 'memory_format']

First differing element 0:
'memory_format'
'device'

- ['memory_format', 'dtype', 'device']
+ ['device', 'dtype', 'memory_format']

======================================================================
FAIL: test_canonical_values_freshness_and_input_preservation_match (test_nn_factory_kwargs_reference.FactoryKwargsReferenceTests.test_canonical_values_freshness_and_input_preservation_match)
----------------------------------------------------------------------
Traceback (most recent call last):
  File "/data/users/bobren/a/pytorch-rs-burner/.burner/worktrees/composite_2046428b/tests/test_nn_factory_kwargs_reference.py", line 188, in test_canonical_values_freshness_and_input_preservation_match
    self.assertEqual(list(actual), list(expected))
    ~~~~~~~~~~~~~~~~^^^^^^^^^^^^^^^^^^^^^^^^^^^^^^
AssertionError: Lists differ: ['dtype', 'device'] != ['device', 'dtype']

First differing element 0:
'dtype'
'device'

- ['dtype', 'device']
+ ['device', 'dtype']

======================================================================
FAIL: test_mapping_access_and_failure_order_match (test_nn_factory_kwargs_reference.FactoryKwargsReferenceTests.test_mapping_access_and_failure_order_match)
----------------------------------------------------------------------
Traceback (most recent call last):
  File "/data/users/bobren/a/pytorch-rs-burner/.burner/worktrees/composite_2046428b/tests/test_nn_factory_kwargs_reference.py", line 360, in test_mapping_access_and_failure_order_match
    self.assertEqual(list(actual), list(expected))
    ~~~~~~~~~~~~~~~~^^^^^^^^^^^^^^^^^^^^^^^^^^^^^^
AssertionError: Lists differ: ['pin_memory', 'requires_grad', 'memory_format', 'dtype', 'device'] != ['pin_memory', 'requires_grad', 'device', 'dtype', 'memory_format']

First differing element 2:
'memory_format'
'device'

- ['pin_memory', 'requires_grad', 'memory_format', 'dtype', 'device']
+ ['pin_memory', 'requires_grad', 'device', 'dtype', 'memory_format']

======================================================================
FAIL: test_generated_validator_smoke_artifact_validates (test_top_level_stack_benchmark_artifact.TopLevelStackBenchmarkArtifactTests.test_generated_validator_smoke_artifact_validates)
----------------------------------------------------------------------
Traceback (most recent call last):
  File "/data/users/bobren/a/pytorch-rs-burner/.burner/worktrees/composite_2046428b/tests/test_top_level_stack_benchmark_artifact.py", line 173, in test_generated_validator_smoke_artifact_validates
    self.assertEqual(
    ~~~~~~~~~~~~~~~~^
        completed.returncode,
        ^^^^^^^^^^^^^^^^^^^^^
        0,
        ^^
        msg=completed.stdout + completed.stderr,
        ^^^^^^^^^^^^^^^^^^^^^^^^^^^^^^^^^^^^^^^^
    )
    ^
AssertionError: 1 != 0 : Traceback (most recent call last):
  File "/data/users/bobren/a/pytorch-rs-burner/.burner/worktrees/composite_2046428b/scripts/validate_top_level_stack_benchmark.py", line 1875, in <module>
    main()
    ~~~~^^
  File "/data/users/bobren/a/pytorch-rs-burner/.burner/worktrees/composite_2046428b/scripts/validate_top_level_stack_benchmark.py", line 1850, in main
    validate_artifact_dict(
    ~~~~~~~~~~~~~~~~~~~~~~^
        report,
        ^^^^^^^
    ...<6 lines>...
        require_clean_git=False,
        ^^^^^^^^^^^^^^^^^^^^^^^^
    )
    ^
  File "/data/users/bobren/a/pytorch-rs-burner/.burner/worktrees/composite_2046428b/scripts/validate_top_level_stack_benchmark.py", line 1747, in validate_artifact_dict
    raise AssertionError("\n".join(errors))
AssertionError: python_executable is outside /data/users/bobren/a/pytorch-rs-burner/.burner/worktrees/composite_2046428b/.venv: /data/users/bobren/a/pytorch-rs-burner/.burner/worktrees/composite_2046428b/target/integration/venv314/bin/python


----------------------------------------------------------------------
Ran 5304 tests in 503.264s

FAILED (failures=4, skipped=10)
