{
  "python": "3.12.14 (main, Sep  1 2026, 14:16:52) [Clang 22.1.3 ]",
  "executable": "/data/users/bobren/a/pytorch-rs-burner/.burner/worktrees/composite_433d72e4/target/composite-postcommit-dc236672/venv/bin/python",
  "prefix": "/data/users/bobren/a/pytorch-rs-burner/.burner/worktrees/composite_433d72e4/target/composite-postcommit-dc236672/venv",
  "torch_version": "2.13.0+cu130",
  "torch_path": "/data/users/bobren/a/pytorch-rs-burner/.burner/worktrees/composite_433d72e4/target/composite-postcommit-dc236672/venv/lib/python3.12/site-packages/torch/__init__.py",
  "torch_cuda": "13.0",
  "cuda_available": true,
  "device_count": 1,
  "device_name": "NVIDIA H100",
  "runtime": {
    "cuda_runtimes": [
      {
        "path": "/data/users/bobren/a/pytorch-rs-burner/.burner/worktrees/composite_433d72e4/target/composite-postcommit-dc236672/venv/lib/python3.12/site-packages/nvidia/cu13/lib/libcudart.so.13",
        "version": 13000,
        "status": 0
      }
    ],
    "nvcc": "unused (no CUDA compilation by evaluator)",
    "TORCH_RS_CUDART": "/data/users/bobren/a/pytorch-rs-burner/.burner/worktrees/composite_433d72e4/target/composite-postcommit-dc236672/venv/lib/python3.12/site-packages/nvidia/cu13/lib/libcudart.so.13"
  },
  "gpu_inventory": "index, uuid, name, memory.total [MiB], driver_version, compute_cap\n0, GPU-8f8e55a5-a9eb-eb79-bc43-807a19bcb1c1, NVIDIA H100, 97871 MiB, 580.82.07, 9.0\n1, GPU-11979b85-93e3-21d3-e68f-df37b8a4c296, NVIDIA H100, 97871 MiB, 580.82.07, 9.0\n2, GPU-3aa416f0-b0e5-dbfc-0613-04b3426a6c0e, NVIDIA H100, 97871 MiB, 580.82.07, 9.0\n3, GPU-dd11c699-940c-55ea-ffe3-ca416a4c44f4, NVIDIA H100, 97871 MiB, 580.82.07, 9.0\n4, GPU-e18b912e-7c28-47a8-4a51-e08ffe4ff95f, NVIDIA H100, 97871 MiB, 580.82.07, 9.0\n5, GPU-bc3ef6aa-3227-bcfd-a031-47ca357b5693, NVIDIA H100, 97871 MiB, 580.82.07, 9.0\n6, GPU-9ecef766-973c-0d6e-af08-4f5917cb1d92, NVIDIA H100, 97871 MiB, 580.82.07, 9.0\n7, GPU-4e974cba-9435-d345-b9ff-d1511ec12e96, NVIDIA H100, 97871 MiB, 580.82.07, 9.0\n"
}
