test_exact_types_and_missing_inputs (tests.test_compile_pointwise_admission.BridgeContract.test_exact_types_and_missing_inputs) ... ok
test_private_exports (tests.test_compile_pointwise_admission.BridgeContract.test_private_exports) ... ok
test_trace_projection_still_accepts_cpu_noncontiguous_and_gradients (tests.test_compile_pointwise_admission.BridgeContract.test_trace_projection_still_accepts_cpu_noncontiguous_and_gradients) ... ok
test_direct_old_api_parity_order_duplicates_offsets_and_fresh_storage (tests.test_compile_pointwise_admission.CudaBridgeContract.test_direct_old_api_parity_order_duplicates_offsets_and_fresh_storage) ... ok
test_invalid_whole_inputs_and_cpu_precedence_in_either_slot (tests.test_compile_pointwise_admission.CudaBridgeContract.test_invalid_whole_inputs_and_cpu_precedence_in_either_slot) ... ERROR
test_real_warm_frontend_crossings_and_current_values (tests.test_compile_pointwise_admission.CudaBridgeContract.test_real_warm_frontend_crossings_and_current_values) ... ok
test_complete_flattened_inputs_once_per_invocation_and_abi_transition (tests.test_compile_pointwise_admission.FrontendCrossings.test_complete_flattened_inputs_once_per_invocation_and_abi_transition) ... ok
test_metadata_and_admission_failures_preserve_caches_accounting_and_recover (tests.test_compile_pointwise_admission.FrontendCrossings.test_metadata_and_admission_failures_preserve_caches_accounting_and_recover) ... ok
test_type_and_method_guards_still_precede_admission (tests.test_compile_pointwise_admission.FrontendCrossings.test_type_and_method_guards_still_precede_admission) ... ok
test_all_constants_validated_before_disassembly_or_retention (tests.test_compile_pointwise_helpers.HelperAdmission.test_all_constants_validated_before_disassembly_or_retention) ... ok
test_closure_binding_and_positional_only_helper (tests.test_compile_pointwise_helpers.HelperAdmission.test_closure_binding_and_positional_only_helper) ... ok
test_code_identity_not_function_or_structural_code_equality (tests.test_compile_pointwise_helpers.HelperAdmission.test_code_identity_not_function_or_structural_code_equality) ... ok
test_container_and_attribute_callbacks_never_run (tests.test_compile_pointwise_helpers.HelperAdmission.test_container_and_attribute_callbacks_never_run) ... ok
test_directive_presence_not_truthiness (tests.test_compile_pointwise_helpers.HelperAdmission.test_directive_presence_not_truthiness) ... ok
test_expanded_instruction_and_node_budgets (tests.test_compile_pointwise_helpers.HelperAdmission.test_expanded_instruction_and_node_budgets) ... ok
test_higher_order_operands_rejected_even_if_ignored (tests.test_compile_pointwise_helpers.HelperAdmission.test_higher_order_operands_rejected_even_if_ignored) ... ok
test_identity_and_scalar_literal_returns_feed_tensor_operations (tests.test_compile_pointwise_helpers.HelperAdmission.test_identity_and_scalar_literal_returns_feed_tensor_operations) ... ok
test_instruction_memo_still_charges_each_complete_frame (tests.test_compile_pointwise_helpers.HelperAdmission.test_instruction_memo_still_charges_each_complete_frame) ... ok
test_lazy_inputs_shared_sources_and_returned_bound_values (tests.test_compile_pointwise_helpers.HelperAdmission.test_lazy_inputs_shared_sources_and_returned_bound_values) ... ok
test_metadata_is_not_data_and_no_scalar_binary_arithmetic (tests.test_compile_pointwise_helpers.HelperAdmission.test_metadata_is_not_data_and_no_scalar_binary_arithmetic) ... ok
test_native_functions_keep_priority_over_python_helpers (tests.test_compile_pointwise_helpers.HelperAdmission.test_native_functions_keep_priority_over_python_helpers) ... ok
test_repeated_multiple_and_composed_calls_match_inline_graph (tests.test_compile_pointwise_helpers.HelperAdmission.test_repeated_multiple_and_composed_calls_match_inline_graph) ... ok
test_return_opcodes_share_data_boundary (tests.test_compile_pointwise_helpers.HelperAdmission.test_return_opcodes_share_data_boundary) ... ok
test_signature_and_unsupported_bytecode (tests.test_compile_pointwise_helpers.HelperAdmission.test_signature_and_unsupported_bytecode) ... ok
test_equal_distinct_code_guards_share_executor_and_same_code_warm_hit (tests.test_compile_pointwise_helpers.HelperCache.test_equal_distinct_code_guards_share_executor_and_same_code_warm_hit) ... ok
test_frozen_code_survives_mutation_rebinding_and_absent_tensor_abi (tests.test_compile_pointwise_helpers.HelperCache.test_frozen_code_survives_mutation_rebinding_and_absent_tensor_abi) ... ok
test_ignored_global_and_closure_arguments_revalidated_on_warm_hits (tests.test_compile_pointwise_helpers.HelperCache.test_ignored_global_and_closure_arguments_revalidated_on_warm_hits) ... ok
test_ignored_helper_binding_replaced_on_new_abi (tests.test_compile_pointwise_helpers.HelperCache.test_ignored_helper_binding_replaced_on_new_abi) ... ok
test_ignored_inputs_replacements_and_runtime_scalar_history (tests.test_compile_pointwise_helpers.HelperCache.test_ignored_inputs_replacements_and_runtime_scalar_history) ... ok
test_native_input_validation_precedes_even_ignored_helper_arguments (tests.test_compile_pointwise_helpers.HelperCache.test_native_input_validation_precedes_even_ignored_helper_arguments) ... ok
test_new_abi_failure_keeps_existing_lowerings_and_lru_order (tests.test_compile_pointwise_helpers.HelperCache.test_new_abi_failure_keeps_existing_lowerings_and_lru_order) ... ok
test_nonexecution_reset_and_no_retained_function_containers (tests.test_compile_pointwise_helpers.HelperCache.test_nonexecution_reset_and_no_retained_function_containers) ... ok
test_recompile_limit_lowering_lru_and_reset_release_helper_code (tests.test_compile_pointwise_helpers.HelperCache.test_recompile_limit_lowering_lru_and_reset_release_helper_code) ... ok
test_warm_mutation_revalidated_and_failure_atomic (tests.test_compile_pointwise_helpers.HelperCache.test_warm_mutation_revalidated_and_failure_atomic) ... ok
test_boolean_constants_retain_their_ir_type (tests.test_compile_pointwise_scalar_admission.ScalarAdmission.test_boolean_constants_retain_their_ir_type) ... ok
test_constants_rejected_before_disassembly_repr (tests.test_compile_pointwise_scalar_admission.ScalarAdmission.test_constants_rejected_before_disassembly_repr) ... ok
test_scalar_types_are_checked_by_identity (tests.test_compile_pointwise_scalar_admission.ScalarAdmission.test_scalar_types_are_checked_by_identity) ... ok
test_captures_and_parameters_share_one_runtime_budget (tests.test_compile_pointwise_scalar_admission.PositionalBindingAdmission.test_captures_and_parameters_share_one_runtime_budget) ... ok
test_positional_rejection_never_invokes_object_or_type_hooks (tests.test_compile_pointwise_scalar_admission.PositionalBindingAdmission.test_positional_rejection_never_invokes_object_or_type_hooks) ... ok
test_scalar_slots_preserve_original_ir_actual_shape_admission (tests.test_compile_pointwise_scalar_admission.PositionalBindingAdmission.test_scalar_slots_preserve_original_ir_actual_shape_admission) ... ok
test_source_positions_are_separate_from_tensor_and_scalar_operands (tests.test_compile_pointwise_scalar_admission.PositionalBindingAdmission.test_source_positions_are_separate_from_tensor_and_scalar_operands) ... ok
test_32bit_index_limit_is_inclusive (tests.test_compile_pointwise_scalar_admission.SharedCacheGuards.test_32bit_index_limit_is_inclusive) ... ok
test_64bit_iteration_specialization_has_no_residual_or_inverse_32bit_bounds (tests.test_compile_pointwise_scalar_admission.SharedCacheGuards.test_64bit_iteration_specialization_has_no_residual_or_inverse_32bit_bounds) ... ok
test_compile_and_launch_failures_do_not_publish_history_and_reset_clears_both_levels (tests.test_compile_pointwise_scalar_admission.SharedCacheGuards.test_compile_and_launch_failures_do_not_publish_history_and_reset_clears_both_levels) ... ok
test_contiguous_stride_relations_guard_noncanonical_singleton_strides (tests.test_compile_pointwise_scalar_admission.SharedCacheGuards.test_contiguous_stride_relations_guard_noncanonical_singleton_strides) ... ok
test_failed_older_revisits_preserve_ordered_contents_before_reset (tests.test_compile_pointwise_scalar_admission.SharedCacheGuards.test_failed_older_revisits_preserve_ordered_contents_before_reset) ... ok
test_generalized_binary_shapes_preserve_broadcast_equalities (tests.test_compile_pointwise_scalar_admission.SharedCacheGuards.test_generalized_binary_shapes_preserve_broadcast_equalities) ... ok
test_generalized_selection_keeps_zero_singleton_and_rank_zero_separate (tests.test_compile_pointwise_scalar_admission.SharedCacheGuards.test_generalized_selection_keeps_zero_singleton_and_rank_zero_separate) ... ok
test_graph_hash_collisions_keep_structural_equality_and_executor_sharing (tests.test_compile_pointwise_scalar_admission.SharedCacheGuards.test_graph_hash_collisions_keep_structural_equality_and_executor_sharing) ... ok
test_logical_hit_abi_changes_keep_both_lrus_bounded_without_consuming_slots (tests.test_compile_pointwise_scalar_admission.SharedCacheGuards.test_logical_hit_abi_changes_keep_both_lrus_bounded_without_consuming_slots) ... ok
test_lowering_recency_and_eviction_are_independent_of_shared_executor_recency (tests.test_compile_pointwise_scalar_admission.SharedCacheGuards.test_lowering_recency_and_eviction_are_independent_of_shared_executor_recency) ... ok
test_nan_payloads_share_static_guard_without_rewriting_frozen_values (tests.test_compile_pointwise_scalar_admission.SharedCacheGuards.test_nan_payloads_share_static_guard_without_rewriting_frozen_values) ... ok
test_newest_hits_do_not_mutate_any_recency_map_or_recompile (tests.test_compile_pointwise_scalar_admission.SharedCacheGuards.test_newest_hits_do_not_mutate_any_recency_map_or_recompile) ... ok
test_older_logical_revisit_updates_recency_with_an_already_newest_shared_executor (tests.test_compile_pointwise_scalar_admission.SharedCacheGuards.test_older_logical_revisit_updates_recency_with_an_already_newest_shared_executor) ... ok
test_rank_history_generalizes_previously_unchanged_dimensions (tests.test_compile_pointwise_scalar_admission.SharedCacheGuards.test_rank_history_generalizes_previously_unchanged_dimensions) ... ok
test_role_history_stays_with_public_source_across_tensor_positions (tests.test_compile_pointwise_scalar_admission.SharedCacheGuards.test_role_history_stays_with_public_source_across_tensor_positions) ... ok
test_static_shape_history_promotes_only_independent_singleton_stride (tests.test_compile_pointwise_scalar_admission.SharedCacheGuards.test_static_shape_history_promotes_only_independent_singleton_stride) ... ok
test_synthetic_metadata_schema_matches_the_native_projection (tests.test_compile_pointwise_scalar_admission.SharedCacheGuards.test_synthetic_metadata_schema_matches_the_native_projection) ... ok
test_unused_role_changes_validate_the_entire_filtered_tensor_abi (tests.test_compile_pointwise_scalar_admission.SharedCacheGuards.test_unused_role_changes_validate_the_entire_filtered_tensor_abi) ... ok
test_all_small_constructors_literal_metadata_and_duplicates (tests.test_compile_pointwise_structured_outputs.StructuredAdmission.test_all_small_constructors_literal_metadata_and_duplicates) ... ok
test_constant_key_pool_rejected_before_disassembly_without_callbacks (tests.test_compile_pointwise_structured_outputs.StructuredAdmission.test_constant_key_pool_rejected_before_disassembly_without_callbacks) ... ok
test_helpers_cannot_query_computed_or_local_shapes (tests.test_compile_pointwise_structured_outputs.StructuredAdmission.test_helpers_cannot_query_computed_or_local_shapes) ... ok
test_helpers_loops_branches_and_immutable_branch_snapshots (tests.test_compile_pointwise_structured_outputs.StructuredAdmission.test_helpers_loops_branches_and_immutable_branch_snapshots) ... ok
test_metadata_provenance_and_excluded_container_language (tests.test_compile_pointwise_structured_outputs.StructuredAdmission.test_metadata_provenance_and_excluded_container_language) ... ok
test_noninteger_result_metadata_does_not_require_predicate_provenance (tests.test_compile_pointwise_structured_outputs.StructuredAdmission.test_noninteger_result_metadata_does_not_require_predicate_provenance) ... ok
test_original_ssa_slots_and_topology_are_separate (tests.test_compile_pointwise_structured_outputs.StructuredAdmission.test_original_ssa_slots_and_topology_are_separate) ... ok
test_output_count_depth_and_expanded_loop_edge_budgets (tests.test_compile_pointwise_structured_outputs.StructuredAdmission.test_output_count_depth_and_expanded_loop_edge_budgets) ... ok
test_private_output_roots_and_original_dead_nodes_validate (tests.test_compile_pointwise_structured_outputs.StructuredAdmission.test_private_output_roots_and_original_dead_nodes_validate) ... ok
test_shape_axis_metadata_inside_expanded_loops (tests.test_compile_pointwise_structured_outputs.StructuredAdmission.test_shape_axis_metadata_inside_expanded_loops) ... ok
test_dict_order_duplicates_literal_types_and_equal_containers (tests.test_compile_pointwise_structured_outputs.StructuredCache.test_dict_order_duplicates_literal_types_and_equal_containers) ... ok
test_helper_identity_and_deep_shared_loop_dag (tests.test_compile_pointwise_structured_outputs.StructuredCache.test_helper_identity_and_deep_shared_loop_dag) ... ok
test_identity_freshness_current_metadata_and_no_input_retention (tests.test_compile_pointwise_structured_outputs.StructuredCache.test_identity_freshness_current_metadata_and_no_input_retention) ... ok
test_numerical_hint_follows_successful_specialization_history (tests.test_compile_pointwise_structured_outputs.StructuredCache.test_numerical_hint_follows_successful_specialization_history) ... ok
test_numerical_hint_uses_live_source_after_tensor_abi_rebinding (tests.test_compile_pointwise_structured_outputs.StructuredCache.test_numerical_hint_uses_live_source_after_tensor_abi_rebinding) ... ok
test_reconstruction_and_launch_failure_preserve_all_cache_orders (tests.test_compile_pointwise_structured_outputs.StructuredCache.test_reconstruction_and_launch_failure_preserve_all_cache_orders) ... ok
test_same_graph_different_topology_shares_executor (tests.test_compile_pointwise_structured_outputs.StructuredCache.test_same_graph_different_topology_shares_executor) ... ok
test_warm_capture_admission_and_reconstruction_retry (tests.test_compile_pointwise_structured_outputs.StructuredCache.test_warm_capture_admission_and_reconstruction_retry) ... ok
test_prepared_helper_is_private_to_the_native_bridge (tests.test_compile_pointwise_prepared.PreparedExports.test_prepared_helper_is_private_to_the_native_bridge) ... ok
test_accounting_includes_native_capacity_and_python_key_storage (tests.test_compile_pointwise_prepared.PreparedCache.test_accounting_includes_native_capacity_and_python_key_storage) ... ok
test_byte_limit_and_count_limit_have_independent_success_only_lru_bounds (tests.test_compile_pointwise_prepared.PreparedCache.test_byte_limit_and_count_limit_have_independent_success_only_lru_bounds) ... ok
test_exact_shape_data_lru_does_not_consume_generalized_logical_slots (tests.test_compile_pointwise_prepared.PreparedCache.test_exact_shape_data_lru_does_not_consume_generalized_logical_slots) ... ok
test_matching_warm_calls_do_not_prepare_or_reaccount (tests.test_compile_pointwise_prepared.PreparedCache.test_matching_warm_calls_do_not_prepare_or_reaccount) ... ok
test_oversize_is_ephemeral_and_cannot_keep_evicted_executors_alive_in_cache (tests.test_compile_pointwise_prepared.PreparedCache.test_oversize_is_ephemeral_and_cannot_keep_evicted_executors_alive_in_cache) ... ok
test_preparation_execution_and_reconstruction_failures_preserve_all_lrus (tests.test_compile_pointwise_prepared.PreparedCache.test_preparation_execution_and_reconstruction_failures_preserve_all_lrus) ... ok
test_rank_zero_and_length_one_are_different_preparations (tests.test_compile_pointwise_prepared.PreparedCache.test_rank_zero_and_length_one_are_different_preparations) ... ok
test_reset_drops_all_prepared_entries_and_accounting (tests.test_compile_pointwise_prepared.PreparedCache.test_reset_drops_all_prepared_entries_and_accounting) ... ok
test_return_order_selects_data_but_cosmetic_containers_share_it (tests.test_compile_pointwise_prepared.PreparedCache.test_return_order_selects_data_but_cosmetic_containers_share_it) ... ok
test_revisited_shape_uses_the_selected_numerical_history (tests.test_compile_pointwise_prepared.PreparedCache.test_revisited_shape_uses_the_selected_numerical_history) ... ok
test_runtime_scalar_values_are_not_retained_plan_keys (tests.test_compile_pointwise_prepared.PreparedCache.test_runtime_scalar_values_are_not_retained_plan_keys) ... ok
test_shape_snapshot_mismatch_is_not_run_or_published (tests.test_compile_pointwise_prepared.PreparedCache.test_shape_snapshot_mismatch_is_not_run_or_published) ... ok
test_unused_input_shapes_still_bind_the_data_key (tests.test_compile_pointwise_prepared.PreparedCache.test_unused_input_shapes_still_bind_the_data_key) ... ok
test_custom_closure_rejected_without_container_hooks (tests.test_compile_pointwise_jit.Admission.test_custom_closure_rejected_without_container_hooks) ... ok
test_custom_globals_rejected_without_lookup_hooks (tests.test_compile_pointwise_jit.Admission.test_custom_globals_rejected_without_lookup_hooks) ... ok
test_default_rejections_explain_supported_backend_without_executing_user_code (tests.test_compile_pointwise_jit.Admission.test_default_rejections_explain_supported_backend_without_executing_user_code) ... ok
test_defaults_disable_backend_resolution_and_cpu_rejection (tests.test_compile_pointwise_jit.Admission.test_defaults_disable_backend_resolution_and_cpu_rejection) ... ok
test_diagnostic_capture_selectors_follow_successful_executor_lru (tests.test_compile_pointwise_jit.Admission.test_diagnostic_capture_selectors_follow_successful_executor_lru) ... ok
test_gpu_dispatch_synchronizer_propagates_runtime_errors (tests.test_compile_pointwise_jit.Admission.test_gpu_dispatch_synchronizer_propagates_runtime_errors) ... ok
test_gpu_dispatch_verifier_checks_all_synthetic_pairs (tests.test_compile_pointwise_jit.Admission.test_gpu_dispatch_verifier_checks_all_synthetic_pairs) ... ok
test_gpu_dispatch_verifier_preserves_ieee_values_and_jit_tolerance (tests.test_compile_pointwise_jit.Admission.test_gpu_dispatch_verifier_preserves_ieee_values_and_jit_tolerance) ... ok
test_gpu_dispatch_verifier_retains_all_synthetic_numerical_failures (tests.test_compile_pointwise_jit.Admission.test_gpu_dispatch_verifier_retains_all_synthetic_numerical_failures) ... ok
test_native_ir_validation_is_hardware_free (tests.test_compile_pointwise_jit.Admission.test_native_ir_validation_is_hardware_free) ... ok
test_positional_operator_spellings_and_integer_bytecode (tests.test_compile_pointwise_jit.Admission.test_positional_operator_spellings_and_integer_bytecode) ... ok
test_rejected_namespace_key_is_not_retained_by_traceback (tests.test_compile_pointwise_jit.Admission.test_rejected_namespace_key_is_not_retained_by_traceback) ... ok
test_rejects_whole_graph_without_executing_user_objects (tests.test_compile_pointwise_jit.Admission.test_rejects_whole_graph_without_executing_user_objects) ... ok
test_two_device_reservation_accepts_explicit_distinct_pairs (tests.test_compile_pointwise_jit.Admission.test_two_device_reservation_accepts_explicit_distinct_pairs) ... ok
test_typed_ir_retains_reused_nodes_and_rounds_constants (tests.test_compile_pointwise_jit.Admission.test_typed_ir_retains_reused_nodes_and_rounds_constants) ... ok

======================================================================
ERROR: test_invalid_whole_inputs_and_cpu_precedence_in_either_slot (tests.test_compile_pointwise_admission.CudaBridgeContract.test_invalid_whole_inputs_and_cpu_precedence_in_either_slot)
----------------------------------------------------------------------
Traceback (most recent call last):
  File "/data/users/bobren/a/pytorch-rs-burner/.burner/worktrees/agent_1594b5eb/tests/test_compile_pointwise_admission.py", line 159, in test_invalid_whole_inputs_and_cpu_precedence_in_either_slot
    native.ones(3, dtype=native.float64))
                         ^^^^^^^^^^^^^^
AttributeError: module 'torch_rs' has no attribute 'float64'. Did you mean: 'float'?

----------------------------------------------------------------------
Ran 106 tests in 0.845s

FAILED (errors=1)
