test_compile_pointwise_admission (unittest.loader._FailedTest.test_compile_pointwise_admission) ... ERROR
test_compile_pointwise_helpers (unittest.loader._FailedTest.test_compile_pointwise_helpers) ... ERROR
test_compile_pointwise_helpers (unittest.loader._FailedTest.test_compile_pointwise_helpers) ... ERROR
test_compile_pointwise_scalar_admission (unittest.loader._FailedTest.test_compile_pointwise_scalar_admission) ... ERROR
test_compile_pointwise_scalar_admission (unittest.loader._FailedTest.test_compile_pointwise_scalar_admission) ... ERROR
test_compile_pointwise_scalar_admission (unittest.loader._FailedTest.test_compile_pointwise_scalar_admission) ... ERROR
test_compile_pointwise_structured_outputs (unittest.loader._FailedTest.test_compile_pointwise_structured_outputs) ... ERROR
test_compile_pointwise_structured_outputs (unittest.loader._FailedTest.test_compile_pointwise_structured_outputs) ... ERROR
test_compile_pointwise_prepared (unittest.loader._FailedTest.test_compile_pointwise_prepared) ... ERROR
test_compile_pointwise_prepared (unittest.loader._FailedTest.test_compile_pointwise_prepared) ... ERROR
test_compile_pointwise_jit (unittest.loader._FailedTest.test_compile_pointwise_jit) ... ERROR

======================================================================
ERROR: test_compile_pointwise_admission (unittest.loader._FailedTest.test_compile_pointwise_admission)
----------------------------------------------------------------------
ImportError: Failed to import test module: test_compile_pointwise_admission
Traceback (most recent call last):
  File "/data/users/bobren/a/pytorch-rs-burner/.burner/worktrees/agent_1594b5eb/target/uv-python/cpython-3.12.14-linux-x86_64-gnu/lib/python3.12/unittest/loader.py", line 137, in loadTestsFromName
    module = __import__(module_name)
             ^^^^^^^^^^^^^^^^^^^^^^^
  File "/data/users/bobren/a/pytorch-rs-burner/.burner/worktrees/agent_1594b5eb/tests/test_compile_pointwise_admission.py", line 7, in <module>
    import torch_rs as native
ModuleNotFoundError: No module named 'torch_rs'


======================================================================
ERROR: test_compile_pointwise_helpers (unittest.loader._FailedTest.test_compile_pointwise_helpers)
----------------------------------------------------------------------
ImportError: Failed to import test module: test_compile_pointwise_helpers
Traceback (most recent call last):
  File "/data/users/bobren/a/pytorch-rs-burner/.burner/worktrees/agent_1594b5eb/target/uv-python/cpython-3.12.14-linux-x86_64-gnu/lib/python3.12/unittest/loader.py", line 137, in loadTestsFromName
    module = __import__(module_name)
             ^^^^^^^^^^^^^^^^^^^^^^^
  File "/data/users/bobren/a/pytorch-rs-burner/.burner/worktrees/agent_1594b5eb/tests/test_compile_pointwise_helpers.py", line 11, in <module>
    import torch_rs as native
ModuleNotFoundError: No module named 'torch_rs'


======================================================================
ERROR: test_compile_pointwise_helpers (unittest.loader._FailedTest.test_compile_pointwise_helpers)
----------------------------------------------------------------------
ImportError: Failed to import test module: test_compile_pointwise_helpers
Traceback (most recent call last):
  File "/data/users/bobren/a/pytorch-rs-burner/.burner/worktrees/agent_1594b5eb/target/uv-python/cpython-3.12.14-linux-x86_64-gnu/lib/python3.12/unittest/loader.py", line 137, in loadTestsFromName
    module = __import__(module_name)
             ^^^^^^^^^^^^^^^^^^^^^^^
  File "/data/users/bobren/a/pytorch-rs-burner/.burner/worktrees/agent_1594b5eb/tests/test_compile_pointwise_helpers.py", line 11, in <module>
    import torch_rs as native
ModuleNotFoundError: No module named 'torch_rs'


======================================================================
ERROR: test_compile_pointwise_scalar_admission (unittest.loader._FailedTest.test_compile_pointwise_scalar_admission)
----------------------------------------------------------------------
ImportError: Failed to import test module: test_compile_pointwise_scalar_admission
Traceback (most recent call last):
  File "/data/users/bobren/a/pytorch-rs-burner/.burner/worktrees/agent_1594b5eb/target/uv-python/cpython-3.12.14-linux-x86_64-gnu/lib/python3.12/unittest/loader.py", line 137, in loadTestsFromName
    module = __import__(module_name)
             ^^^^^^^^^^^^^^^^^^^^^^^
  File "/data/users/bobren/a/pytorch-rs-burner/.burner/worktrees/agent_1594b5eb/tests/test_compile_pointwise_scalar_admission.py", line 6, in <module>
    import torch_rs as native
ModuleNotFoundError: No module named 'torch_rs'


======================================================================
ERROR: test_compile_pointwise_scalar_admission (unittest.loader._FailedTest.test_compile_pointwise_scalar_admission)
----------------------------------------------------------------------
ImportError: Failed to import test module: test_compile_pointwise_scalar_admission
Traceback (most recent call last):
  File "/data/users/bobren/a/pytorch-rs-burner/.burner/worktrees/agent_1594b5eb/target/uv-python/cpython-3.12.14-linux-x86_64-gnu/lib/python3.12/unittest/loader.py", line 137, in loadTestsFromName
    module = __import__(module_name)
             ^^^^^^^^^^^^^^^^^^^^^^^
  File "/data/users/bobren/a/pytorch-rs-burner/.burner/worktrees/agent_1594b5eb/tests/test_compile_pointwise_scalar_admission.py", line 6, in <module>
    import torch_rs as native
ModuleNotFoundError: No module named 'torch_rs'


======================================================================
ERROR: test_compile_pointwise_scalar_admission (unittest.loader._FailedTest.test_compile_pointwise_scalar_admission)
----------------------------------------------------------------------
ImportError: Failed to import test module: test_compile_pointwise_scalar_admission
Traceback (most recent call last):
  File "/data/users/bobren/a/pytorch-rs-burner/.burner/worktrees/agent_1594b5eb/target/uv-python/cpython-3.12.14-linux-x86_64-gnu/lib/python3.12/unittest/loader.py", line 137, in loadTestsFromName
    module = __import__(module_name)
             ^^^^^^^^^^^^^^^^^^^^^^^
  File "/data/users/bobren/a/pytorch-rs-burner/.burner/worktrees/agent_1594b5eb/tests/test_compile_pointwise_scalar_admission.py", line 6, in <module>
    import torch_rs as native
ModuleNotFoundError: No module named 'torch_rs'


======================================================================
ERROR: test_compile_pointwise_structured_outputs (unittest.loader._FailedTest.test_compile_pointwise_structured_outputs)
----------------------------------------------------------------------
ImportError: Failed to import test module: test_compile_pointwise_structured_outputs
Traceback (most recent call last):
  File "/data/users/bobren/a/pytorch-rs-burner/.burner/worktrees/agent_1594b5eb/target/uv-python/cpython-3.12.14-linux-x86_64-gnu/lib/python3.12/unittest/loader.py", line 137, in loadTestsFromName
    module = __import__(module_name)
             ^^^^^^^^^^^^^^^^^^^^^^^
  File "/data/users/bobren/a/pytorch-rs-burner/.burner/worktrees/agent_1594b5eb/tests/test_compile_pointwise_structured_outputs.py", line 17, in <module>
    import torch_rs as native
ModuleNotFoundError: No module named 'torch_rs'


======================================================================
ERROR: test_compile_pointwise_structured_outputs (unittest.loader._FailedTest.test_compile_pointwise_structured_outputs)
----------------------------------------------------------------------
ImportError: Failed to import test module: test_compile_pointwise_structured_outputs
Traceback (most recent call last):
  File "/data/users/bobren/a/pytorch-rs-burner/.burner/worktrees/agent_1594b5eb/target/uv-python/cpython-3.12.14-linux-x86_64-gnu/lib/python3.12/unittest/loader.py", line 137, in loadTestsFromName
    module = __import__(module_name)
             ^^^^^^^^^^^^^^^^^^^^^^^
  File "/data/users/bobren/a/pytorch-rs-burner/.burner/worktrees/agent_1594b5eb/tests/test_compile_pointwise_structured_outputs.py", line 17, in <module>
    import torch_rs as native
ModuleNotFoundError: No module named 'torch_rs'


======================================================================
ERROR: test_compile_pointwise_prepared (unittest.loader._FailedTest.test_compile_pointwise_prepared)
----------------------------------------------------------------------
ImportError: Failed to import test module: test_compile_pointwise_prepared
Traceback (most recent call last):
  File "/data/users/bobren/a/pytorch-rs-burner/.burner/worktrees/agent_1594b5eb/target/uv-python/cpython-3.12.14-linux-x86_64-gnu/lib/python3.12/unittest/loader.py", line 137, in loadTestsFromName
    module = __import__(module_name)
             ^^^^^^^^^^^^^^^^^^^^^^^
  File "/data/users/bobren/a/pytorch-rs-burner/.burner/worktrees/agent_1594b5eb/tests/test_compile_pointwise_prepared.py", line 14, in <module>
    import torch_rs as native
ModuleNotFoundError: No module named 'torch_rs'


======================================================================
ERROR: test_compile_pointwise_prepared (unittest.loader._FailedTest.test_compile_pointwise_prepared)
----------------------------------------------------------------------
ImportError: Failed to import test module: test_compile_pointwise_prepared
Traceback (most recent call last):
  File "/data/users/bobren/a/pytorch-rs-burner/.burner/worktrees/agent_1594b5eb/target/uv-python/cpython-3.12.14-linux-x86_64-gnu/lib/python3.12/unittest/loader.py", line 137, in loadTestsFromName
    module = __import__(module_name)
             ^^^^^^^^^^^^^^^^^^^^^^^
  File "/data/users/bobren/a/pytorch-rs-burner/.burner/worktrees/agent_1594b5eb/tests/test_compile_pointwise_prepared.py", line 14, in <module>
    import torch_rs as native
ModuleNotFoundError: No module named 'torch_rs'


======================================================================
ERROR: test_compile_pointwise_jit (unittest.loader._FailedTest.test_compile_pointwise_jit)
----------------------------------------------------------------------
ImportError: Failed to import test module: test_compile_pointwise_jit
Traceback (most recent call last):
  File "/data/users/bobren/a/pytorch-rs-burner/.burner/worktrees/agent_1594b5eb/target/uv-python/cpython-3.12.14-linux-x86_64-gnu/lib/python3.12/unittest/loader.py", line 137, in loadTestsFromName
    module = __import__(module_name)
             ^^^^^^^^^^^^^^^^^^^^^^^
  File "/data/users/bobren/a/pytorch-rs-burner/.burner/worktrees/agent_1594b5eb/tests/test_compile_pointwise_jit.py", line 21, in <module>
    import torch_rs as native
ModuleNotFoundError: No module named 'torch_rs'


----------------------------------------------------------------------
Ran 11 tests in 0.000s

FAILED (errors=11)
