test_actual_warm_preparation_reuse_and_retained_result_freshness (tests.test_compile_pointwise_prepared.PreparedHardware.test_actual_warm_preparation_reuse_and_retained_result_freshness) ... /data/users/bobren/a/pytorch-rs-burner/.burner/worktrees/agent_1594b5eb/target/default-compile-eval/venv/lib/python3.12/site-packages/torch/jit/_script.py:365: DeprecationWarning: `torch.jit.script_method` is deprecated. Please switch to `torch.compile` or `torch.export`.
  warnings.warn(
ok
test_private_preparation_and_run_restore_device_and_reject_cross_device (tests.test_compile_pointwise_prepared.PreparedHardware.test_private_preparation_and_run_restore_device_and_reject_cross_device) ... skipped 'requires explicit two-device reservation'
test_private_prepared_admission_cannot_bypass_graph_or_shape_checks (tests.test_compile_pointwise_prepared.PreparedHardware.test_private_prepared_admission_cannot_bypass_graph_or_shape_checks) ... ok
test_rank_zero_length_one_and_empty_broadcast_keep_numerical_domains (tests.test_compile_pointwise_prepared.PreparedHardware.test_rank_zero_length_one_and_empty_broadcast_keep_numerical_domains) ... ok
test_revisited_shape_matches_default_inductor_selected_numerical_history (tests.test_compile_pointwise_prepared.PreparedHardware.test_revisited_shape_matches_default_inductor_selected_numerical_history) ... ok
test_codegen_uses_metadata_coordinates_and_keeps_numeric_lowering (tests.test_compile_pointwise_broadcast.Metadata.test_codegen_uses_metadata_coordinates_and_keeps_numeric_lowering) ... ok
test_dead_shape_errors_are_not_removed_and_empty_codegen_has_no_zero_divisor (tests.test_compile_pointwise_broadcast.Metadata.test_dead_shape_errors_are_not_removed_and_empty_codegen_has_no_zero_divisor) ... ok
test_dead_expressions_unused_inputs_repetition_and_zero_tensor_shape (tests.test_compile_pointwise_broadcast.Broadcast.test_dead_expressions_unused_inputs_repetition_and_zero_tensor_shape) ... ok
test_device_restoration_on_compile_run_failure_and_module_release (tests.test_compile_pointwise_broadcast.Broadcast.test_device_restoration_on_compile_run_failure_and_module_release) ... skipped 'requires explicit reservation of two CUDA devices'
test_failures_before_nvrtc_and_retry (tests.test_compile_pointwise_broadcast.Broadcast.test_failures_before_nvrtc_and_retry) ... ok
test_generated_graphs_shapes_orders_values_and_offsets (tests.test_compile_pointwise_broadcast.Broadcast.test_generated_graphs_shapes_orders_values_and_offsets) ... ok
test_ieee_broadcast_contraction (tests.test_compile_pointwise_broadcast.Broadcast.test_ieee_broadcast_contraction) ... ok
test_shape_guards_rebindings_warm_execution_and_module_lifetime (tests.test_compile_pointwise_broadcast.Broadcast.test_shape_guards_rebindings_warm_execution_and_module_lifetime) ... ok
test_unused_empty_offset_first_input_and_broadcast_recompile_limit (tests.test_compile_pointwise_broadcast.Broadcast.test_unused_empty_offset_first_input_and_broadcast_recompile_limit) ... ok
test_generated_expression_trees_default_inductor_and_fresh_data (tests.test_compile_pointwise_jit.Hardware.test_generated_expression_trees_default_inductor_and_fresh_data) ... ok
test_offsets_constants_code_bindings_guards_and_reset (tests.test_compile_pointwise_jit.Hardware.test_offsets_constants_code_bindings_guards_and_reset) ... ok
test_invalid_metadata_failure_retry_and_concurrency (tests.test_compile_pointwise_jit.Hardware.test_invalid_metadata_failure_retry_and_concurrency) ... ok

----------------------------------------------------------------------
Ran 17 tests in 40.942s

OK (skipped=2)
