Resolved 36 packages in 23ms
Uninstalled 1 package in 3ms
 - torch-rs==0.1.0 (from file:///data/users/bobren/a/pytorch-rs-burner/.burner/worktrees/agent_1594b5eb/target/default-compile-eval/wheels.HKMTmt/torch_rs-0.1.0-cp310-abi3-manylinux_2_34_x86_64.whl)
📦 Including license file `LICENSE`
🍹 Building a mixed python/rust project
🐍 Found CPython 3.12 at /data/users/bobren/a/pytorch-rs-burner/.burner/worktrees/agent_1594b5eb/target/default-compile-eval/venv/bin/python
🔗 Found pyo3 bindings with abi3-py3.10 support
📡 Using build options features from pyproject.toml
   Compiling pytorch-rs v0.1.0 (/data/users/bobren/a/pytorch-rs-burner/.burner/worktrees/agent_1594b5eb)
    Finished `release` profile [optimized] target(s) in 44.66s
📦 Built wheel for abi3 Python ≥ 3.10 to /data/users/bobren/a/pytorch-rs-burner/.burner/worktrees/agent_1594b5eb/target/default-compile-eval/wheels.Zq3hgC/torch_rs-0.1.0-cp310-abi3-manylinux_2_34_x86_64.whl
Using Python 3.12.14 environment at: target/default-compile-eval/venv
Resolved 1 package in 1ms
Prepared 1 package in 42ms
Installed 1 package in 20ms
 + torch-rs==0.1.0 (from file:///data/users/bobren/a/pytorch-rs-burner/.burner/worktrees/agent_1594b5eb/target/default-compile-eval/wheels.Zq3hgC/torch_rs-0.1.0-cp310-abi3-manylinux_2_34_x86_64.whl)
verified native-extension provenance for torch-rs 0.1.0
interpreter: /data/users/bobren/a/pytorch-rs-burner/.burner/worktrees/agent_1594b5eb/target/default-compile-eval/venv/bin/python
virtualenv: /data/users/bobren/a/pytorch-rs-burner/.burner/worktrees/agent_1594b5eb/target/default-compile-eval/venv
torch_rs: /data/users/bobren/a/pytorch-rs-burner/.burner/worktrees/agent_1594b5eb/target/default-compile-eval/venv/lib/python3.12/site-packages/torch_rs/__init__.py
torch_rs.torch_rs: /data/users/bobren/a/pytorch-rs-burner/.burner/worktrees/agent_1594b5eb/target/default-compile-eval/venv/lib/python3.12/site-packages/torch_rs/torch_rs.abi3.so
setup complete; no evaluation or score produced; wheel: /data/users/bobren/a/pytorch-rs-burner/.burner/worktrees/agent_1594b5eb/target/default-compile-eval/wheels.Zq3hgC/torch_rs-0.1.0-cp310-abi3-manylinux_2_34_x86_64.whl
