test_augmented_self_add_aliasing_rejects_instead_of_recording_add (tests.test_compile_corpus.CompileCorpusTraceTests.test_augmented_self_add_aliasing_rejects_instead_of_recording_add) ... ok
test_binary_private_executor_bypasses_active_torch_function_mode (tests.test_compile_corpus.CompileCorpusTraceTests.test_binary_private_executor_bypasses_active_torch_function_mode) ... ok
test_binary_proxy_rejects_non_tensor_or_mixed_recorder_operands_clearly (tests.test_compile_corpus.CompileCorpusTraceTests.test_binary_proxy_rejects_non_tensor_or_mixed_recorder_operands_clearly) ... ok
test_binary_self_add_executes_private_native_graph_for_key_layouts (tests.test_compile_corpus.CompileCorpusTraceTests.test_binary_self_add_executes_private_native_graph_for_key_layouts) ... ok
test_binary_self_add_executor_matches_no_grad_requires_grad_outputs (tests.test_compile_corpus.CompileCorpusTraceTests.test_binary_self_add_executor_matches_no_grad_requires_grad_outputs) ... ok
test_binary_self_add_records_private_immutable_graph (tests.test_compile_corpus.CompileCorpusTraceTests.test_binary_self_add_records_private_immutable_graph) ... ok
test_bytecode_lowerer_accepts_combined_distinct_local_loads (tests.test_compile_corpus.CompileCorpusTraceTests.test_bytecode_lowerer_accepts_combined_distinct_local_loads) ... ok
test_bytecode_lowerer_accepts_combined_local_load_opcodes (tests.test_compile_corpus.CompileCorpusTraceTests.test_bytecode_lowerer_accepts_combined_local_load_opcodes) ... ok
test_bytecode_lowerer_accepts_combined_store_then_load_opcode (tests.test_compile_corpus.CompileCorpusTraceTests.test_bytecode_lowerer_accepts_combined_store_then_load_opcode) ... ok
test_bytecode_lowerer_accepts_cpython_314_markers_and_borrowed_loads (tests.test_compile_corpus.CompileCorpusTraceTests.test_bytecode_lowerer_accepts_cpython_314_markers_and_borrowed_loads) ... ok
test_bytecode_lowerer_captures_module_global_tensor_constants (tests.test_compile_corpus.CompileCorpusTraceTests.test_bytecode_lowerer_captures_module_global_tensor_constants) ... ok
test_bytecode_lowerer_inlines_custom_function_helpers_without_calls (tests.test_compile_corpus.CompileCorpusTraceTests.test_bytecode_lowerer_inlines_custom_function_helpers_without_calls) ... ok
test_bytecode_lowerer_records_general_tensor_arithmetic_graphs (tests.test_compile_corpus.CompileCorpusTraceTests.test_bytecode_lowerer_records_general_tensor_arithmetic_graphs) ... ok
test_bytecode_lowerer_rejects_cpython_310_exception_jump_as_exception (tests.test_compile_corpus.CompileCorpusTraceTests.test_bytecode_lowerer_rejects_cpython_310_exception_jump_as_exception) ... ok
test_bytecode_lowerer_rejects_cpython_310_keyword_method_call (tests.test_compile_corpus.CompileCorpusTraceTests.test_bytecode_lowerer_rejects_cpython_310_keyword_method_call) ... ok
test_bytecode_lowerer_rejects_cpython_313_keyword_method_call (tests.test_compile_corpus.CompileCorpusTraceTests.test_bytecode_lowerer_rejects_cpython_313_keyword_method_call) ... ok
test_bytecode_lowerer_rejects_cpython_313_to_bool_as_control_flow (tests.test_compile_corpus.CompileCorpusTraceTests.test_bytecode_lowerer_rejects_cpython_313_to_bool_as_control_flow) ... ok
test_bytecode_lowerer_rejects_cpython_314_small_int_output_leaf (tests.test_compile_corpus.CompileCorpusTraceTests.test_bytecode_lowerer_rejects_cpython_314_small_int_output_leaf) ... ok
test_bytecode_lowerer_rejects_float_conversion_forms (tests.test_compile_corpus.CompileCorpusTraceTests.test_bytecode_lowerer_rejects_float_conversion_forms) ... ok
test_bytecode_lowerer_rejects_non_requires_grad_control_flow (tests.test_compile_corpus.CompileCorpusTraceTests.test_bytecode_lowerer_rejects_non_requires_grad_control_flow) ... ok
test_bytecode_lowerer_rejects_python_scalar_add_operands (tests.test_compile_corpus.CompileCorpusTraceTests.test_bytecode_lowerer_rejects_python_scalar_add_operands) ... ok
test_bytecode_lowerer_rejects_unsupported_input_counts (tests.test_compile_corpus.CompileCorpusTraceTests.test_bytecode_lowerer_rejects_unsupported_input_counts) ... ok
test_bytecode_lowerer_selects_requires_grad_branch_graphlets (tests.test_compile_corpus.CompileCorpusTraceTests.test_bytecode_lowerer_selects_requires_grad_branch_graphlets) ... ok
test_detach_alias_cases_execute_without_mutating_inputs_or_gradients (tests.test_compile_corpus.CompileCorpusTraceTests.test_detach_alias_cases_execute_without_mutating_inputs_or_gradients) ... ok
test_dynamic_compile_cache_key_ignores_shapes_but_guards_strides (tests.test_compile_corpus.CompileCorpusTraceTests.test_dynamic_compile_cache_key_ignores_shapes_but_guards_strides) ... ok
test_dynamic_private_executor_accepts_shapes_but_guards_strides (tests.test_compile_corpus.CompileCorpusTraceTests.test_dynamic_private_executor_accepts_shapes_but_guards_strides) ... ok
test_empty_inner_dimension_strides_match_native_tensor_constructor (tests.test_compile_corpus.CompileCorpusTraceTests.test_empty_inner_dimension_strides_match_native_tensor_constructor) ... ok
test_float_identity_cases_preserve_input_metadata_and_grad_state (tests.test_compile_corpus.CompileCorpusTraceTests.test_float_identity_cases_preserve_input_metadata_and_grad_state) ... ok
test_float_proxy_rejects_compile_conversion_forms (tests.test_compile_corpus.CompileCorpusTraceTests.test_float_proxy_rejects_compile_conversion_forms) ... ok
test_inference_relu_cases_run_under_no_grad_and_preserve_gradients (tests.test_compile_corpus.CompileCorpusTraceTests.test_inference_relu_cases_run_under_no_grad_and_preserve_gradients) ... ok
test_operation_names_skip_existing_input_names (tests.test_compile_corpus.CompileCorpusTraceTests.test_operation_names_skip_existing_input_names) ... ok
test_private_cpu_and_cuda_metadata_use_distinct_cache_keys (tests.test_compile_corpus.CompileCorpusTraceTests.test_private_cpu_and_cuda_metadata_use_distinct_cache_keys) ... ok
test_private_cuda_float_trace_rejects_cpu_tensor_before_execution (tests.test_compile_corpus.CompileCorpusTraceTests.test_private_cuda_float_trace_rejects_cpu_tensor_before_execution) ... ok
test_private_cuda_trace_rejects_cpu_tensor_before_execution (tests.test_compile_corpus.CompileCorpusTraceTests.test_private_cuda_trace_rejects_cpu_tensor_before_execution) ... ok
test_private_device_metadata_parses_cpu_and_cuda_targets (tests.test_compile_corpus.CompileCorpusTraceTests.test_private_device_metadata_parses_cpu_and_cuda_targets) ... ok
test_private_executor_bypasses_active_torch_function_mode (tests.test_compile_corpus.CompileCorpusTraceTests.test_private_executor_bypasses_active_torch_function_mode) ... ok
test_private_executor_rejects_runtime_metadata_mismatch_clearly (tests.test_compile_corpus.CompileCorpusTraceTests.test_private_executor_rejects_runtime_metadata_mismatch_clearly) ... ok
test_private_executor_rejects_two_input_runtime_metadata_mismatch (tests.test_compile_corpus.CompileCorpusTraceTests.test_private_executor_rejects_two_input_runtime_metadata_mismatch) ... ok
test_private_recorder_rejects_more_than_two_inputs (tests.test_compile_corpus.CompileCorpusTraceTests.test_private_recorder_rejects_more_than_two_inputs) ... ok
test_private_trace_does_not_import_pytorch_or_invoke_backend (tests.test_compile_corpus.CompileCorpusTraceTests.test_private_trace_does_not_import_pytorch_or_invoke_backend) ... ok
test_proxy_unsupported_operations_fail_clearly (tests.test_compile_corpus.CompileCorpusTraceTests.test_proxy_unsupported_operations_fail_clearly) ... ok
test_square_decomposition_cases_cover_scalar_empty_and_noncontiguous_inputs (tests.test_compile_corpus.CompileCorpusTraceTests.test_square_decomposition_cases_cover_scalar_empty_and_noncontiguous_inputs) ... ok
test_tuple_list_outputs_preserve_container_aliasing (tests.test_compile_corpus.CompileCorpusTraceTests.test_tuple_list_outputs_preserve_container_aliasing) ... ok
test_tuple_list_outputs_record_private_graph_structure (tests.test_compile_corpus.CompileCorpusTraceTests.test_tuple_list_outputs_record_private_graph_structure) ... ok
test_tuple_list_outputs_reject_non_tensor_leaves_and_dicts (tests.test_compile_corpus.CompileCorpusTraceTests.test_tuple_list_outputs_reject_non_tensor_leaves_and_dicts) ... ok
test_two_input_binary_executor_matches_empty_and_strided_broadcasts (tests.test_compile_corpus.CompileCorpusTraceTests.test_two_input_binary_executor_matches_empty_and_strided_broadcasts) ... ok
test_two_input_binary_executor_matches_no_grad_requires_grad_outputs (tests.test_compile_corpus.CompileCorpusTraceTests.test_two_input_binary_executor_matches_no_grad_requires_grad_outputs) ... ok
test_two_input_broadcast_executes_private_native_graph_for_key_layouts (tests.test_compile_corpus.CompileCorpusTraceTests.test_two_input_broadcast_executes_private_native_graph_for_key_layouts) ... ok
test_two_input_broadcast_records_private_immutable_graph (tests.test_compile_corpus.CompileCorpusTraceTests.test_two_input_broadcast_records_private_immutable_graph) ... ok
test_unary_abs_neg_executes_private_native_graph (tests.test_compile_corpus.CompileCorpusTraceTests.test_unary_abs_neg_executes_private_native_graph) ... ok
test_unary_abs_neg_executor_matches_no_grad_requires_grad_outputs (tests.test_compile_corpus.CompileCorpusTraceTests.test_unary_abs_neg_executor_matches_no_grad_requires_grad_outputs) ... ok
test_unary_abs_neg_records_private_immutable_graph (tests.test_compile_corpus.CompileCorpusTraceTests.test_unary_abs_neg_records_private_immutable_graph) ... ok
test_unary_output_metadata_matches_native_stride_planning (tests.test_compile_corpus.CompileCorpusTraceTests.test_unary_output_metadata_matches_native_stride_planning) ... ok
test_cpu_cuda_cache_separation_and_original_bypass (tests.test_compile_cuda_boundary.CompileCudaBoundaryTests.test_cpu_cuda_cache_separation_and_original_bypass) ... ok
test_dynamic_cache_hit_preflights_late_shape_mismatch (tests.test_compile_cuda_boundary.CompileCudaBoundaryTests.test_dynamic_cache_hit_preflights_late_shape_mismatch) ... ok
test_global_capture_transitions_and_recompile_limit (tests.test_compile_cuda_boundary.CompileCudaBoundaryTests.test_global_capture_transitions_and_recompile_limit) ... ok
test_ieee_edges_and_dynamic_offset_guards (tests.test_compile_cuda_boundary.CompileCudaBoundaryTests.test_ieee_edges_and_dynamic_offset_guards) ... ok
test_native_failure_does_not_publish_cache (tests.test_compile_cuda_boundary.CompileCudaBoundaryTests.test_native_failure_does_not_publish_cache) ... ok
test_no_pytorch_import_or_original_execution (tests.test_compile_cuda_boundary.CompileCudaBoundaryTests.test_no_pytorch_import_or_original_execution) ... ok
test_offset_layout_metadata_and_cache_guards (tests.test_compile_cuda_boundary.CompileCudaBoundaryTests.test_offset_layout_metadata_and_cache_guards) ... ok
test_private_trace_entrypoints_keep_unsupported_guards (tests.test_compile_cuda_boundary.CompileCudaBoundaryTests.test_private_trace_entrypoints_keep_unsupported_guards) ... ok
test_seeded_shapes_structures_and_changed_data_against_reference (tests.test_compile_cuda_boundary.CompileCudaBoundaryTests.test_seeded_shapes_structures_and_changed_data_against_reference) ... /data/users/bobren/a/pytorch-rs-burner/.burner/worktrees/agent_1594b5eb/target/default-compile-eval/venv/lib/python3.12/site-packages/torch/jit/_script.py:365: DeprecationWarning: `torch.jit.script_method` is deprecated. Please switch to `torch.compile` or `torch.export`.
  warnings.warn(
ok
test_unsupported_fresh_and_cpu_warmed_leave_cache_unchanged (tests.test_compile_cuda_boundary.CompileCudaBoundaryTests.test_unsupported_fresh_and_cpu_warmed_leave_cache_unchanged) ... ok

----------------------------------------------------------------------
Ran 63 tests in 3.980s

OK
