Started: 2026-09-11T14:06:35+00:00
12ac70fd1e7ab039d9317866ddaf269ef0c2d484
index, uuid, name, driver_version, compute_cap, utilization.gpu [%], memory.used [MiB], memory.total [MiB]
0, GPU-8f8e55a5-a9eb-eb79-bc43-807a19bcb1c1, NVIDIA H100, 580.82.07, 9.0, 0 %, 116 MiB, 97871 MiB
1, GPU-11979b85-93e3-21d3-e68f-df37b8a4c296, NVIDIA H100, 580.82.07, 9.0, 0 %, 130 MiB, 97871 MiB
2, GPU-3aa416f0-b0e5-dbfc-0613-04b3426a6c0e, NVIDIA H100, 580.82.07, 9.0, 0 %, 4 MiB, 97871 MiB
3, GPU-dd11c699-940c-55ea-ffe3-ca416a4c44f4, NVIDIA H100, 580.82.07, 9.0, 0 %, 4 MiB, 97871 MiB
4, GPU-e18b912e-7c28-47a8-4a51-e08ffe4ff95f, NVIDIA H100, 580.82.07, 9.0, 0 %, 102 MiB, 97871 MiB
5, GPU-bc3ef6aa-3227-bcfd-a031-47ca357b5693, NVIDIA H100, 580.82.07, 9.0, 0 %, 108 MiB, 97871 MiB
6, GPU-9ecef766-973c-0d6e-af08-4f5917cb1d92, NVIDIA H100, 580.82.07, 9.0, 0 %, 60 MiB, 97871 MiB
7, GPU-4e974cba-9435-d345-b9ff-d1511ec12e96, NVIDIA H100, 580.82.07, 9.0, 0 %, 114 MiB, 97871 MiB
Downloading cpython-3.12.14-linux-x86_64-gnu (download) (32.6MiB)
 Downloaded cpython-3.12.14-linux-x86_64-gnu (download)
Installed Python 3.12.14 in 964ms
 + cpython-3.12.14-linux-x86_64-gnu (python3.12)
warning: `/data/users/bobren/a/pytorch-rs-burner/.burner/worktrees/agent_67fce754/target/view-postcommit-12ac70fd/python-bin` is not on your PATH. To use installed Python executables, run `export PATH="/data/users/bobren/a/pytorch-rs-burner/.burner/worktrees/agent_67fce754/target/view-postcommit-12ac70fd/python-bin:$PATH"` or `uv python update-shell`.
Using CPython 3.12.14
Creating virtual environment at: .venv
Activate with: source .venv/bin/activate
Resolved 36 packages in 2ms
Installed 31 packages in 1.65s
 + cuda-bindings==13.3.1
 + cuda-pathfinder==1.6.0
 + cuda-toolkit==13.0.3.0
 + filelock==3.32.2
 + fsspec==2026.7.0
 + jinja2==3.1.6
 + markupsafe==3.0.3
 + maturin==1.14.1
 + mpmath==1.3.0
 + networkx==3.6.1
 + numpy==2.5.1
 + nvidia-cublas==13.1.1.3
 + nvidia-cuda-cupti==13.0.85
 + nvidia-cuda-nvrtc==13.0.88
 + nvidia-cuda-runtime==13.0.96
 + nvidia-cudnn-cu13==9.20.0.48
 + nvidia-cufft==12.0.0.61
 + nvidia-cufile==1.15.1.6
 + nvidia-curand==10.4.0.35
 + nvidia-cusolver==12.0.4.66
 + nvidia-cusparse==12.6.3.3
 + nvidia-cusparselt-cu13==0.8.1
 + nvidia-nccl-cu13==2.29.7
 + nvidia-nvjitlink==13.3.33
 + nvidia-nvshmem-cu13==3.4.5
 + nvidia-nvtx==13.0.85
 + setuptools==84.0.0
 + sympy==1.14.0
 + torch==2.13.0
 + triton==3.7.1
 + typing-extensions==4.16.0
Finished: 2026-09-11T14:06:38+00:00
