test_compositions_helpers_dynamic_squeeze_and_no_replay (tests.test_compile_cuda_module_arithmetic.ModuleArithmeticCudaTests.test_compositions_helpers_dynamic_squeeze_and_no_replay) ... skipped 'requires real CUDA with CUDA_VISIBLE_DEVICES=0'
test_dynamic_reuse_nested_outputs_and_lifetime (tests.test_compile_cuda_module_arithmetic.ModuleArithmeticCudaTests.test_dynamic_reuse_nested_outputs_and_lifetime) ... skipped 'requires real CUDA with CUDA_VISIBLE_DEVICES=0'
test_inductor_reference_public_spelling_matrix (tests.test_compile_cuda_module_arithmetic.ModuleArithmeticCudaTests.test_inductor_reference_public_spelling_matrix) ... skipped 'requires real CUDA with CUDA_VISIBLE_DEVICES=0'
test_layouts_broadcast_offsets_and_ieee_bits (tests.test_compile_cuda_module_arithmetic.ModuleArithmeticCudaTests.test_layouts_broadcast_offsets_and_ieee_bits) ... skipped 'requires real CUDA with CUDA_VISIBLE_DEVICES=0'
test_owner_rebinding_before_first_public_compiled_call (tests.test_compile_cuda_module_arithmetic.ModuleArithmeticCudaTests.test_owner_rebinding_before_first_public_compiled_call) ... skipped 'requires real CUDA with CUDA_VISIBLE_DEVICES=0'
test_precise_guards_rebindings_failed_attempts_and_limits (tests.test_compile_cuda_module_arithmetic.ModuleArithmeticCudaTests.test_precise_guards_rebindings_failed_attempts_and_limits) ... skipped 'requires real CUDA with CUDA_VISIBLE_DEVICES=0'
test_prevalidation_exact_errors_unused_inputs_and_hooks (tests.test_compile_cuda_module_arithmetic.ModuleArithmeticCudaTests.test_prevalidation_exact_errors_unused_inputs_and_hooks) ... skipped 'requires real CUDA with CUDA_VISIBLE_DEVICES=0'
test_seeded_calls_generated_compositions_and_all_policies (tests.test_compile_cuda_module_arithmetic.ModuleArithmeticCudaTests.test_seeded_calls_generated_compositions_and_all_policies) ... skipped 'requires real CUDA with CUDA_VISIBLE_DEVICES=0'
test_restoration_success_rejection_unused_input_and_lifetime (tests.test_compile_cuda_module_arithmetic.ModuleArithmeticDeviceTests.test_restoration_success_rejection_unused_input_and_lifetime) ... skipped 'requires real CUDA with CUDA_VISIBLE_DEVICES=0,1'
test_exported_owner_rebinding_cannot_supply_callable_identities (tests.test_compile_cuda_module_arithmetic.ModuleArithmeticFrontendTests.test_exported_owner_rebinding_cannot_supply_callable_identities) ... ok
test_identity_arity_registry_and_cpu_boundary_without_gpu (tests.test_compile_cuda_module_arithmetic.ModuleArithmeticFrontendTests.test_identity_arity_registry_and_cpu_boundary_without_gpu) ... ok
test_module_and_direct_guards_do_not_invoke_callbacks (tests.test_compile_cuda_module_arithmetic.ModuleArithmeticFrontendTests.test_module_and_direct_guards_do_not_invoke_callbacks) ... ok
test_native_planner_rejects_declarations_without_device (tests.test_compile_cuda_module_arithmetic.ModuleArithmeticFrontendTests.test_native_planner_rejects_declarations_without_device) ... ok
test_owner_rebinding_before_first_frontend_import (tests.test_compile_cuda_module_arithmetic.ModuleArithmeticFrontendTests.test_owner_rebinding_before_first_frontend_import) ... ok
test_backend_none_resolves_default_and_registered_backend_names (tests.test_top_level_compile.TorchCompileEntrypointTests.test_backend_none_resolves_default_and_registered_backend_names) ... ok
test_callable_backend_cannot_spoof_the_native_eager_path (tests.test_top_level_compile.TorchCompileEntrypointTests.test_callable_backend_cannot_spoof_the_native_eager_path) ... ok
test_compiler_reset_clears_eager_fullgraph_compile_cache (tests.test_top_level_compile.TorchCompileEntrypointTests.test_compiler_reset_clears_eager_fullgraph_compile_cache) ... ok
test_decorator_form_snapshots_default_backend_at_factory_time (tests.test_top_level_compile.TorchCompileEntrypointTests.test_decorator_form_snapshots_default_backend_at_factory_time) ... ok
test_direct_and_decorator_forms_raise_before_user_or_backend_code_runs (tests.test_top_level_compile.TorchCompileEntrypointTests.test_direct_and_decorator_forms_raise_before_user_or_backend_code_runs) ... ok
test_disable_true_returns_the_original_callable (tests.test_top_level_compile.TorchCompileEntrypointTests.test_disable_true_returns_the_original_callable) ... ok
test_eager_fullgraph_cache_key_tracks_global_tensor_rebinding (tests.test_top_level_compile.TorchCompileEntrypointTests.test_eager_fullgraph_cache_key_tracks_global_tensor_rebinding) ... ok
test_eager_fullgraph_cache_key_tracks_helper_code_mutation (tests.test_top_level_compile.TorchCompileEntrypointTests.test_eager_fullgraph_cache_key_tracks_helper_code_mutation) ... ok
test_eager_fullgraph_cache_key_tracks_helper_global_rebinding (tests.test_top_level_compile.TorchCompileEntrypointTests.test_eager_fullgraph_cache_key_tracks_helper_global_rebinding) ... ok
test_eager_fullgraph_cached_graphs_still_check_tensor_method_guards (tests.test_top_level_compile.TorchCompileEntrypointTests.test_eager_fullgraph_cached_graphs_still_check_tensor_method_guards) ... ok
test_eager_fullgraph_cached_no_helper_calls_do_not_rescan_bytecode (tests.test_top_level_compile.TorchCompileEntrypointTests.test_eager_fullgraph_cached_no_helper_calls_do_not_rescan_bytecode) ... ok
test_eager_fullgraph_caches_graphs_by_code_and_input_metadata (tests.test_top_level_compile.TorchCompileEntrypointTests.test_eager_fullgraph_caches_graphs_by_code_and_input_metadata) ... ok
test_eager_fullgraph_caches_two_input_graphs_by_all_input_metadata (tests.test_top_level_compile.TorchCompileEntrypointTests.test_eager_fullgraph_caches_two_input_graphs_by_all_input_metadata) ... ok
test_eager_fullgraph_dynamic_false_uses_metadata_specialized_cache (tests.test_top_level_compile.TorchCompileEntrypointTests.test_eager_fullgraph_dynamic_false_uses_metadata_specialized_cache) ... ok
test_eager_fullgraph_dynamic_true_reuses_shapes_and_recompiles_strides (tests.test_top_level_compile.TorchCompileEntrypointTests.test_eager_fullgraph_dynamic_true_reuses_shapes_and_recompiles_strides) ... ok
test_eager_fullgraph_executes_global_tensor_constants_natively (tests.test_top_level_compile.TorchCompileEntrypointTests.test_eager_fullgraph_executes_global_tensor_constants_natively) ... ok
test_eager_fullgraph_executes_supported_tensor_programs_natively (tests.test_top_level_compile.TorchCompileEntrypointTests.test_eager_fullgraph_executes_supported_tensor_programs_natively) ... ok
test_eager_fullgraph_executes_tuple_list_outputs_natively (tests.test_top_level_compile.TorchCompileEntrypointTests.test_eager_fullgraph_executes_tuple_list_outputs_natively) ... ok
test_eager_fullgraph_executes_two_input_broadcasting_programs_natively (tests.test_top_level_compile.TorchCompileEntrypointTests.test_eager_fullgraph_executes_two_input_broadcasting_programs_natively) ... ok
test_eager_fullgraph_false_executes_no_break_program_natively (tests.test_top_level_compile.TorchCompileEntrypointTests.test_eager_fullgraph_false_executes_no_break_program_natively) ... ok
test_eager_fullgraph_false_rejects_graph_breaks_without_fallback (tests.test_top_level_compile.TorchCompileEntrypointTests.test_eager_fullgraph_false_rejects_graph_breaks_without_fallback) ... ok
test_eager_fullgraph_inactive_branch_global_tensor_rebinding_does_not_recompile (tests.test_top_level_compile.TorchCompileEntrypointTests.test_eager_fullgraph_inactive_branch_global_tensor_rebinding_does_not_recompile) ... ok
test_eager_fullgraph_inactive_branch_helper_rebinding_does_not_recompile (tests.test_top_level_compile.TorchCompileEntrypointTests.test_eager_fullgraph_inactive_branch_helper_rebinding_does_not_recompile) ... ok
test_eager_fullgraph_inlines_helper_for_tuple_list_outputs (tests.test_top_level_compile.TorchCompileEntrypointTests.test_eager_fullgraph_inlines_helper_for_tuple_list_outputs) ... ok
test_eager_fullgraph_inlines_same_module_helper_without_running_user_code (tests.test_top_level_compile.TorchCompileEntrypointTests.test_eager_fullgraph_inlines_same_module_helper_without_running_user_code) ... ok
test_eager_fullgraph_inlines_two_argument_helper_natively (tests.test_top_level_compile.TorchCompileEntrypointTests.test_eager_fullgraph_inlines_two_argument_helper_natively) ... ok
test_eager_fullgraph_lowering_uses_global_tensor_cache_snapshot (tests.test_top_level_compile.TorchCompileEntrypointTests.test_eager_fullgraph_lowering_uses_global_tensor_cache_snapshot) ... ok
test_eager_fullgraph_lowering_uses_helper_binding_cache_snapshot (tests.test_top_level_compile.TorchCompileEntrypointTests.test_eager_fullgraph_lowering_uses_helper_binding_cache_snapshot) ... ok
test_eager_fullgraph_lowering_uses_helper_code_cache_snapshot (tests.test_top_level_compile.TorchCompileEntrypointTests.test_eager_fullgraph_lowering_uses_helper_code_cache_snapshot) ... ok
test_eager_fullgraph_preserves_output_container_aliasing (tests.test_top_level_compile.TorchCompileEntrypointTests.test_eager_fullgraph_preserves_output_container_aliasing) ... ok
test_eager_fullgraph_recompile_limit_one_is_atomic_for_concurrent_misses (tests.test_top_level_compile.TorchCompileEntrypointTests.test_eager_fullgraph_recompile_limit_one_is_atomic_for_concurrent_misses) ... ok
test_eager_fullgraph_recompile_limit_one_rejects_second_input_change (tests.test_top_level_compile.TorchCompileEntrypointTests.test_eager_fullgraph_recompile_limit_one_rejects_second_input_change) ... ok
test_eager_fullgraph_recompile_limit_one_rejects_shape_change (tests.test_top_level_compile.TorchCompileEntrypointTests.test_eager_fullgraph_recompile_limit_one_rejects_shape_change) ... ok
test_eager_fullgraph_recompile_limit_rejects_invalid_values (tests.test_top_level_compile.TorchCompileEntrypointTests.test_eager_fullgraph_recompile_limit_rejects_invalid_values) ... ok
test_eager_fullgraph_recompile_limit_zero_rejects_first_graph (tests.test_top_level_compile.TorchCompileEntrypointTests.test_eager_fullgraph_recompile_limit_zero_rejects_first_graph) ... ok
test_eager_fullgraph_rejects_callable_object_without_metadata_side_effects (tests.test_top_level_compile.TorchCompileEntrypointTests.test_eager_fullgraph_rejects_callable_object_without_metadata_side_effects) ... ok
test_eager_fullgraph_rejects_isolate_recompiles_control (tests.test_top_level_compile.TorchCompileEntrypointTests.test_eager_fullgraph_rejects_isolate_recompiles_control) ... ok
test_eager_fullgraph_rejects_kwargs_without_running_model (tests.test_top_level_compile.TorchCompileEntrypointTests.test_eager_fullgraph_rejects_kwargs_without_running_model) ... ok
test_eager_fullgraph_rejects_non_tensor_global_operands_safely (tests.test_top_level_compile.TorchCompileEntrypointTests.test_eager_fullgraph_rejects_non_tensor_global_operands_safely) ... ok
test_eager_fullgraph_rejects_patched_tensor_operation_bindings (tests.test_top_level_compile.TorchCompileEntrypointTests.test_eager_fullgraph_rejects_patched_tensor_operation_bindings) ... ok
test_eager_fullgraph_rejects_two_input_unsupported_forms (tests.test_top_level_compile.TorchCompileEntrypointTests.test_eager_fullgraph_rejects_two_input_unsupported_forms) ... ok
test_eager_fullgraph_rejects_unsupported_programs_without_running_them (tests.test_top_level_compile.TorchCompileEntrypointTests.test_eager_fullgraph_rejects_unsupported_programs_without_running_them) ... ok
test_eager_fullgraph_relowers_for_runtime_input_metadata (tests.test_top_level_compile.TorchCompileEntrypointTests.test_eager_fullgraph_relowers_for_runtime_input_metadata) ... ok
test_eager_fullgraph_requires_grad_branch_rejects_patched_descriptor (tests.test_top_level_compile.TorchCompileEntrypointTests.test_eager_fullgraph_requires_grad_branch_rejects_patched_descriptor) ... ok
test_eager_fullgraph_requires_grad_branch_uses_metadata_cache (tests.test_top_level_compile.TorchCompileEntrypointTests.test_eager_fullgraph_requires_grad_branch_uses_metadata_cache) ... ok
test_importing_and_calling_compile_shell_does_not_import_pytorch (tests.test_top_level_compile.TorchCompileEntrypointTests.test_importing_and_calling_compile_shell_does_not_import_pytorch) ... ok
test_invalid_backend_names_and_types_fail_without_invocation (tests.test_top_level_compile.TorchCompileEntrypointTests.test_invalid_backend_names_and_types_fail_without_invocation) ... ok
test_invalid_bound_models_and_configurations_fail_before_execution (tests.test_top_level_compile.TorchCompileEntrypointTests.test_invalid_bound_models_and_configurations_fail_before_execution) ... ok
test_signature_metadata_exports_copy_pickle_and_reload (tests.test_top_level_compile.TorchCompileEntrypointTests.test_signature_metadata_exports_copy_pickle_and_reload) ... ok
test_autograd_no_grad_and_shared_operands_reuse_native_path (tests.test_tensor_add.TensorAddMethodTests.test_autograd_no_grad_and_shared_operands_reuse_native_path) ... ok
test_callable_metadata_copy_pickle_reload_and_unsupported_surface (tests.test_tensor_add.TensorAddMethodTests.test_callable_metadata_copy_pickle_reload_and_unsupported_surface) ... ok
test_descriptor_pickle_survives_package_reinitialization (tests.test_tensor_add.TensorAddMethodTests.test_descriptor_pickle_survives_package_reinitialization) ... ok
test_method_reuses_addition_values_layouts_and_edge_cases (tests.test_tensor_add.TensorAddMethodTests.test_method_reuses_addition_values_layouts_and_edge_cases) ... ok
test_modes_and_overrides_observe_methods_before_native_limits (tests.test_tensor_add.TensorAddMethodTests.test_modes_and_overrides_observe_methods_before_native_limits) ... ok
test_unsupported_arguments_and_boundaries_do_not_mutate (tests.test_tensor_add.TensorAddMethodTests.test_unsupported_arguments_and_boundaries_do_not_mutate) ... ok
test_autograd_and_no_grad_match_pytorch_2_13 (tests.test_tensor_add_reference.TensorAddMethodReferenceTests.test_autograd_and_no_grad_match_pytorch_2_13) ... ok
test_callable_metadata_documentation_copy_and_pickle_match_pytorch_2_13 (tests.test_tensor_add_reference.TensorAddMethodReferenceTests.test_callable_metadata_documentation_copy_and_pickle_match_pytorch_2_13) ... ok
test_common_binding_and_scalar_errors_match_pytorch_2_13 (tests.test_tensor_add_reference.TensorAddMethodReferenceTests.test_common_binding_and_scalar_errors_match_pytorch_2_13) ... ok
test_torch_function_mode_and_operand_dispatch_match_pytorch_2_13 (tests.test_tensor_add_reference.TensorAddMethodReferenceTests.test_torch_function_mode_and_operand_dispatch_match_pytorch_2_13) ... ok
test_values_layouts_ieee_empties_and_argument_forms_match_pytorch_2_13 (tests.test_tensor_add_reference.TensorAddMethodReferenceTests.test_values_layouts_ieee_empties_and_argument_forms_match_pytorch_2_13) ... ok
test_autograd_no_grad_and_full_sum_backward_reuse_tensor_add (tests.test_top_level_add.TopLevelAddTests.test_autograd_no_grad_and_full_sum_backward_reuse_tensor_add) ... ok
test_callable_metadata_copy_pickle_reload_and_exports (tests.test_top_level_add.TopLevelAddTests.test_callable_metadata_copy_pickle_reload_and_exports) ... ok
test_scalar_left_values_layouts_empty_and_special_bits (tests.test_top_level_add.TopLevelAddTests.test_scalar_left_values_layouts_empty_and_special_bits) ... ok
test_scalar_other_values_layouts_empty_and_special_bits (tests.test_top_level_add.TopLevelAddTests.test_scalar_other_values_layouts_empty_and_special_bits) ... ok
test_tensor_tensor_values_broadcast_empty_offsets_and_special_bits (tests.test_top_level_add.TopLevelAddTests.test_tensor_tensor_values_broadcast_empty_offsets_and_special_bits) ... ok
test_torch_function_modes_and_overrides_observe_original_calls (tests.test_top_level_add.TopLevelAddTests.test_torch_function_modes_and_overrides_observe_original_calls) ... ok
test_unsupported_surface_errors_do_not_mutate_inputs (tests.test_top_level_add.TopLevelAddTests.test_unsupported_surface_errors_do_not_mutate_inputs) ... ok
test_autograd_empties_shared_operands_and_no_grad_match_pytorch_2_13 (tests.test_top_level_add_reference.TopLevelAddReferenceTests.test_autograd_empties_shared_operands_and_no_grad_match_pytorch_2_13) ... ok
test_scalar_left_values_layouts_empty_and_ieee_match_pytorch_2_13 (tests.test_top_level_add_reference.TopLevelAddReferenceTests.test_scalar_left_values_layouts_empty_and_ieee_match_pytorch_2_13) ... ok
test_scalar_other_values_layouts_empty_and_ieee_match_pytorch_2_13 (tests.test_top_level_add_reference.TopLevelAddReferenceTests.test_scalar_other_values_layouts_empty_and_ieee_match_pytorch_2_13) ... ok
test_tensor_tensor_values_layouts_and_ieee_match_pytorch_2_13 (tests.test_top_level_add_reference.TopLevelAddReferenceTests.test_tensor_tensor_values_layouts_and_ieee_match_pytorch_2_13) ... ok
test_torch_function_mode_and_operand_dispatch_match_pytorch_2_13 (tests.test_top_level_add_reference.TopLevelAddReferenceTests.test_torch_function_mode_and_operand_dispatch_match_pytorch_2_13) ... ok
test_autograd_and_no_grad_match_pytorch_2_13 (tests.test_neg_reference.UnaryNegationReferenceTests.test_autograd_and_no_grad_match_pytorch_2_13) ... ok
test_denormal_flush_mode_matches_pytorch_2_13 (tests.test_neg_reference.UnaryNegationReferenceTests.test_denormal_flush_mode_matches_pytorch_2_13) ... ok
test_extreme_empty_layouts_and_errors_match_pytorch_2_13 (tests.test_neg_reference.UnaryNegationReferenceTests.test_extreme_empty_layouts_and_errors_match_pytorch_2_13) ... ok
test_method_descriptor_documentation_and_errors_match_pytorch_2_13 (tests.test_neg_reference.UnaryNegationReferenceTests.test_method_descriptor_documentation_and_errors_match_pytorch_2_13) ... ok
test_negative_descriptor_documentation_and_errors_match_pytorch_2_13 (tests.test_neg_reference.UnaryNegationReferenceTests.test_negative_descriptor_documentation_and_errors_match_pytorch_2_13) ... ok
test_values_layouts_signed_zero_and_non_finites_match_pytorch_2_13 (tests.test_neg_reference.UnaryNegationReferenceTests.test_values_layouts_signed_zero_and_non_finites_match_pytorch_2_13) ... ok
test_autograd_no_grad_and_repeated_backward_reuse_tensor_negation (tests.test_top_level_neg.TopLevelNegTests.test_autograd_no_grad_and_repeated_backward_reuse_tensor_negation) ... ok
test_binding_and_type_error_precedence_matches_pytorch_2_13 (tests.test_top_level_neg.TopLevelNegTests.test_binding_and_type_error_precedence_matches_pytorch_2_13) ... ok
test_callable_metadata_pickling_exports_and_unsupported_inplace_aliases (tests.test_top_level_neg.TopLevelNegTests.test_callable_metadata_pickling_exports_and_unsupported_inplace_aliases) ... ok
test_concrete_out_tensor_is_rejected_without_mutation (tests.test_top_level_neg.TopLevelNegTests.test_concrete_out_tensor_is_rejected_without_mutation) ... ok
test_extreme_empty_metadata_errors_reuse_tensor_neg_path (tests.test_top_level_neg.TopLevelNegTests.test_extreme_empty_metadata_errors_reuse_tensor_neg_path) ... ok
test_modes_and_overrides_observe_calls_before_native_limits (tests.test_top_level_neg.TopLevelNegTests.test_modes_and_overrides_observe_calls_before_native_limits) ... ok
test_supported_calls_reuse_tensor_neg_values_bits_and_layouts (tests.test_top_level_neg.TopLevelNegTests.test_supported_calls_reuse_tensor_neg_values_bits_and_layouts) ... ok
test_autograd_repeated_backward_and_no_grad_match_pytorch_2_13 (tests.test_top_level_neg_reference.TopLevelNegReferenceTests.test_autograd_repeated_backward_and_no_grad_match_pytorch_2_13) ... ok
test_binding_and_type_errors_match_pytorch_2_13 (tests.test_top_level_neg_reference.TopLevelNegReferenceTests.test_binding_and_type_errors_match_pytorch_2_13) ... ok
test_callable_metadata_and_pickling_match_pytorch_2_13 (tests.test_top_level_neg_reference.TopLevelNegReferenceTests.test_callable_metadata_and_pickling_match_pytorch_2_13) ... ok
test_declining_override_diagnostics_match_pytorch_2_13 (tests.test_top_level_neg_reference.TopLevelNegReferenceTests.test_declining_override_diagnostics_match_pytorch_2_13) ... ok
test_modes_and_subclass_overrides_match_pytorch_2_13 (tests.test_top_level_neg_reference.TopLevelNegReferenceTests.test_modes_and_subclass_overrides_match_pytorch_2_13) ... ok
test_values_float_bits_and_layouts_match_pytorch_2_13 (tests.test_top_level_neg_reference.TopLevelNegReferenceTests.test_values_float_bits_and_layouts_match_pytorch_2_13) ... ok
test_autograd_no_grad_and_repeated_backward_reuse_tensor_negation (tests.test_top_level_negative.TopLevelNegativeTests.test_autograd_no_grad_and_repeated_backward_reuse_tensor_negation) ... ok
test_binding_and_type_error_precedence_matches_pytorch_2_13 (tests.test_top_level_negative.TopLevelNegativeTests.test_binding_and_type_error_precedence_matches_pytorch_2_13) ... ok
test_callable_metadata_pickling_exports_and_unsupported_inplace_aliases (tests.test_top_level_negative.TopLevelNegativeTests.test_callable_metadata_pickling_exports_and_unsupported_inplace_aliases) ... ok
test_concrete_out_tensor_is_rejected_without_mutation (tests.test_top_level_negative.TopLevelNegativeTests.test_concrete_out_tensor_is_rejected_without_mutation) ... ok
test_extreme_empty_metadata_errors_reuse_tensor_negative_path (tests.test_top_level_negative.TopLevelNegativeTests.test_extreme_empty_metadata_errors_reuse_tensor_negative_path) ... ok
test_modes_and_overrides_observe_calls_before_native_limits (tests.test_top_level_negative.TopLevelNegativeTests.test_modes_and_overrides_observe_calls_before_native_limits) ... ok
test_supported_calls_reuse_tensor_negative_values_bits_and_layouts (tests.test_top_level_negative.TopLevelNegativeTests.test_supported_calls_reuse_tensor_negative_values_bits_and_layouts) ... ok
test_autograd_repeated_backward_and_no_grad_match_pytorch_2_13 (tests.test_top_level_negative_reference.TopLevelNegativeReferenceTests.test_autograd_repeated_backward_and_no_grad_match_pytorch_2_13) ... ok
test_binding_and_type_errors_match_pytorch_2_13 (tests.test_top_level_negative_reference.TopLevelNegativeReferenceTests.test_binding_and_type_errors_match_pytorch_2_13) ... ok
test_callable_metadata_and_pickling_match_pytorch_2_13 (tests.test_top_level_negative_reference.TopLevelNegativeReferenceTests.test_callable_metadata_and_pickling_match_pytorch_2_13) ... ok
test_declining_override_diagnostics_match_pytorch_2_13 (tests.test_top_level_negative_reference.TopLevelNegativeReferenceTests.test_declining_override_diagnostics_match_pytorch_2_13) ... ok
test_modes_and_subclass_overrides_match_pytorch_2_13 (tests.test_top_level_negative_reference.TopLevelNegativeReferenceTests.test_modes_and_subclass_overrides_match_pytorch_2_13) ... ok
test_values_float_bits_and_layouts_match_pytorch_2_13 (tests.test_top_level_negative_reference.TopLevelNegativeReferenceTests.test_values_float_bits_and_layouts_match_pytorch_2_13) ... ok

----------------------------------------------------------------------
Ran 118 tests in 1.119s

OK (skipped=9)
