{
  "captured_at": "2026-09-12T03:28:08.329114+00:00",
  "base_commit": "7ff7cf3bb3496b077479db7938b3ebb457d6415c",
  "measured_code_commit": null,
  "git_status": " M ARCHITECTURE.md\n M docs/compile-cuda-add.md\n M python/torch_rs/__init__.py\n M python/torch_rs/_compile_bytecode.py\n M python/torch_rs/_compiler_state.py\n M tests/test_compile_cuda_module_arithmetic.py\n",
  "source_kind": "immutable current-source export; uncommitted overlay, not exact HEAD",
  "source_manifest_sha256": "101a75aa82778631695bd4bc4c1c6cdfa81595dd5ab733e714d3ed96c2e7b7ad",
  "source_file_count": 5630,
  "source_export_reverified": true,
  "installed_module_hashes": {
    "torch_rs/__future__.py": "ca4f65fca5ac7d5233501c7d706afe39db5699bfa923c6617113809b76bf150c",
    "torch_rs/__init__.py": "c79c49ab3e693b408988a533d44c5113f7864eaff7c1bf241b24ca72adceb5d7",
    "torch_rs/_compile_bytecode.py": "d1518a64b17b5030929f01cf137129994f4d5fb909d222b43b82a81f3a8d1a70",
    "torch_rs/_compile_trace.py": "63eef1ed42d3436f97f062b37372d2fce3e5cdf98e17009d372dbd6b528b625e",
    "torch_rs/_compiler_state.py": "3b01fcfcb4c4a57a2c94c1a8e45c08b4e2525cc932da7d667b2d5191c15d7a22",
    "torch_rs/_cuda_benchmark_tensor.py": "e2517a665f5ea89c02ffd0f8a2438454b3d5593d2cc7a5e6bd22706cd55959a2",
    "torch_rs/_cuda_buffer.py": "6e0f4a06def868e14e73d696152ab498ece7a12ac06e5ee8a4bf5f9550b4b445",
    "torch_rs/_cuda_driver_probe.py": "a94edd381fc3c202ec2b9b0bc89cf19b355dd880edf905af12bfce8840136583",
    "torch_rs/_cuda_pointwise_kernel.py": "267d861e29ebf4c65006d1159c53db28780a5a64ddd815a4e56765f38105e724",
    "torch_rs/_cuda_pointwise_reduce_workload.py": "9d9e5d2fb7dcd391f8b7a28a4b3362e555b5447382e1e154384b3796503c1e29",
    "torch_rs/_cuda_public_storage.py": "e4b8290b0cf3181353f362c7f501361f43cd1b99b8024957155a442c6d5ca907",
    "torch_rs/_cuda_runtime_ownership.py": "47f0ecb8f4878e3651a7d2b843225db22374f63fa4a28f7ba3c032eb3e0a410c",
    "torch_rs/_cuda_runtime_roundtrip.py": "14390cabf4f11e5cb590a54bad805f931daaa7baf7dfc66dc1089c93c6be575a",
    "torch_rs/_diagnostics.py": "7f35539a85e29d574fb80f23aff496225567b90001f9e86876ee6d354a25d3fc",
    "torch_rs/_jit_internal.py": "4ad554a103a7de8147c7322c82be857fe87f0d4c1db4535db026c8c52661deb2",
    "torch_rs/_serialization_state.py": "84652b68bddc84e6fe2a44d869e7364d4b9dce40b922bc05c8284b0232bf981f",
    "torch_rs/_tensor.py": "67b7f96f25b2f63359cf994af3ed251b2f38a326994d503326a4a296bdbff3e8",
    "torch_rs/accelerator/__init__.py": "a6b9a277d58eb8524a7d42fbcda33f720168c6308ad76ed94580661f43077956",
    "torch_rs/accelerator/memory.py": "3ad699e17cc7862fb1142c830f496b325bce2b8e427a3f6ecd527d295104d46e",
    "torch_rs/autograd/__init__.py": "adb9a0f12d5512ded9f48ef1789da7aa225d5d5c7978cc11682cf9f3156b7a76",
    "torch_rs/autograd/grad_mode.py": "522895fd51a6bd3689f9cc1c8524edaa64f5fb8090b976dd2bda0e890e072766",
    "torch_rs/backends/__init__.py": "6e6e56da55af5465656d9e2e7ae5234c81dde272a23243b45512d8b73b6f6344",
    "torch_rs/backends/cpu/__init__.py": "de8879b9c17f3a032cd74d3ba000731f56b77f841b9b66a2471db1ddea5ce4be",
    "torch_rs/backends/cuda/__init__.py": "ff7d0c77c54298084875a87ad82050eefa6aca8a221efb48999556a49801048d",
    "torch_rs/backends/cudnn/__init__.py": "6bbb1d07ae3ff26d8ec1c23555198638c275020523a790dff934ac6706d25051",
    "torch_rs/backends/cusparselt/__init__.py": "623800a56564fe11a704e515ff0b7b72926f6d1041f5f3c04a85a6c75cf4dad4",
    "torch_rs/backends/kleidiai/__init__.py": "04864e8c3e2a9351fe0cc46c6c582ab4ed6ba0c4ca3ca857870a9efd83ae0497",
    "torch_rs/backends/mha/__init__.py": "f0603eecffe4820b6afd72127c38d5e308a38f2a85a847220525ed1d112c024e",
    "torch_rs/backends/mkl/__init__.py": "16aa692e7594ac6bb021b39d68fdb4ec863fedcd4550236eb451dee66723e99a",
    "torch_rs/backends/nnpack/__init__.py": "75436dead2da811151375f0291dbe97b48ea15df670eb060e52f5cf2dcbf8db5",
    "torch_rs/backends/openmp/__init__.py": "c89dba97ab3e06b2887cbbb17537c50ac57c6a439de2346a78e4d1ef560bd89d",
    "torch_rs/compiler/__init__.py": "2a7fff42d0019bf24789d8a8af772705d0f49855a622c26fd056444cfd8202a5",
    "torch_rs/cpu/__init__.py": "ca19a185b788d9084eaf2c850e397c8fcc3dffb4e30779e33f8cb2ba3534f7b8",
    "torch_rs/cuda/__init__.py": "51f3f2ca8c86ff1ca1cfa5d6b98a12688b31321270e17fb55f716250234fdf1b",
    "torch_rs/distributed/__init__.py": "1944f8e71045ecaaed940048a1e214bf26430233a59245bda8f3d696a01dea2f",
    "torch_rs/distributed/distributed_c10d.py": "66889ecf136199d6c2fed3b26a835a079fb27fa872c70aa10be06ed2be49f131",
    "torch_rs/functional.py": "0f73a9ac53573e8090c1fe0877653895b5f296965110046bce37853d344a5a2b",
    "torch_rs/jit/__init__.py": "e5f700fffd3ed01a4bc95dcf749b521fe70ad40b66e21b4794797e56e359f8bf",
    "torch_rs/jit/_fuser.py": "644b04bf07e4949cb90b66b3af2c7e91bba6c49e0bea1803636377703ce8d03c",
    "torch_rs/jit/_script.py": "a71598c6526c942700f95c24404fe614600e167599d26c876079f185b95abbeb",
    "torch_rs/jit/_trace.py": "cf66e88b73cc41061d837b439d6258877a2746430ba4e24376d212a650154f39",
    "torch_rs/nn/__init__.py": "df1c83df2bf532e6304c639b01a3190ad94e1acbc722cc01d7ae827c00766084",
    "torch_rs/nn/functional.py": "4b7ef0987ba3347cb551255464ade888043882c00f885e6211cd24e6fd34b66b",
    "torch_rs/nn/init.py": "c1e277f31798a549aeca426dd24dd3e4682c900fcef4c261619c3514b2675d7c",
    "torch_rs/nn/modules/__init__.py": "cccd7a03364b69fbdcc026147cf3fd4118805ca9cae854941c528460b2bae625",
    "torch_rs/nn/modules/utils.py": "afd28c539f74a08b25247ec7cde641b268fd4ff8de6c02fc5c0dc83b72e4aa76",
    "torch_rs/overrides.py": "446bb5c74c6f53f06cc93ea46e1769f33fb513756be8e9d09e0febe7a34bab86",
    "torch_rs/serialization.py": "43599cdd6909e6ef1972b989054d5277da68a8a85214a67b9e062157beb70640",
    "torch_rs/torch_rs.abi3.so": "14772b0ffa66622f8634e4a32256e998b2655be17a06c286bc7d7d50c0568ca9",
    "torch_rs/utils/__init__.py": "cbdf80ebc6035e22799dce5580858e62bf4e95856073f1722eebd2a2a6ddc956",
    "torch_rs/utils/data/__init__.py": "2cc659f4c91c80059b0f04974553ea05a3627cbbe3d124f3c956e3ae9bd28a4c",
    "torch_rs/utils/data/_utils/__init__.py": "e3b0c44298fc1c149afbf4c8996fb92427ae41e4649b934ca495991b7852b855",
    "torch_rs/utils/data/_utils/collate.py": "c7108b0cc15de7c0cad670c09d3dde74edcfdb144736b8c775506e2346694e73",
    "torch_rs/utils/data/_utils/worker.py": "363b368348181f24b09eef7ebd3319b6c285b88b91820630ec3cdf497eecdc4b",
    "torch_rs/utils/data/datapipes/__init__.py": "e3b0c44298fc1c149afbf4c8996fb92427ae41e4649b934ca495991b7852b855",
    "torch_rs/utils/data/datapipes/datapipe.py": "327126a0b7419ec46c2b08c736033e2562cf8cc4a986e3fae257872d8773ff41",
    "torch_rs/utils/data/dataset.py": "381ba612f1bdc9e3f6799b2b0d3aa1305d10ad2b328846c270b67e3aab49d3f8",
    "torch_rs/utils/data/distributed.py": "f7b619594c314a65a3d39776c03671774270d823208a1ebf20e7f62178fc9442",
    "torch_rs/utils/data/sampler.py": "bd7b2d49050fbc26eb3492144299d90bce7a2ad934224c41d4401b80d231c985",
    "torch_rs/version.py": "652ad0e48ce8d0d8ee18cf0a15e520ff4369fca9a5e069adb30113ebe048e8af"
  },
  "native_extension": "/data/users/bobren/a/pytorch-rs-burner/.burner/worktrees/agent_6f83c739/.venv/lib/python3.12/site-packages/torch_rs/torch_rs.abi3.so",
  "native_sha256": "14772b0ffa66622f8634e4a32256e998b2655be17a06c286bc7d7d50c0568ca9",
  "wheel": "/data/users/bobren/a/pytorch-rs-burner/.burner/worktrees/agent_6f83c739/target/cuda-add-diagnostic/owner-startup-review/wheels/torch_rs-0.1.0-cp310-abi3-manylinux_2_34_x86_64.whl",
  "wheel_sha256": "6a858e11c223a8af8c954c2ee854b6696af0bd7a29159f623818db9dee06fb49",
  "python": "3.12.14 (main, Sep  1 2026, 14:16:52) [Clang 22.1.3 ]",
  "executable": "/data/users/bobren/a/pytorch-rs-burner/.burner/worktrees/agent_6f83c739/.venv/bin/python",
  "interpreter_sha256": "f7c6210eb40fadcd3c2889dddd24a15fc2c9f926aec5a03bf9da66e12d581526",
  "interpreter_inventory_sha256": "519ae888f6f47836a48399b7eff35b28582673e893a08261bd5e2758f9a4f265",
  "interpreter_reused": true,
  "dependency_environment_reused": true,
  "setup": "existing worktree-local verified interpreter and canonical venv; locked dev/reference sync; fresh empty-target release wheel from immutable current-source export",
  "cache_state": "warm worktree-local uv/Cargo downloads, Python graph/Inductor/Triton/CUDA caches; new empty release Cargo target",
  "interpreter_inventory_entries": 4927,
  "torch_version": "2.13.0+cu130",
  "torch_cuda": "13.0",
  "runtimes": [
    {
      "path": "/data/users/bobren/a/pytorch-rs-burner/.burner/worktrees/agent_6f83c739/.venv/lib/python3.12/site-packages/nvidia/cu13/lib/libcudart.so.13",
      "version": 13000,
      "sha256": "96c42e418cec19054186b9429c321603cc190bf26a18104e19408117a2a817b0"
    }
  ],
  "compiler": "rustc 1.92.0 (ded5c06cf 2025-12-08)",
  "cargo": "cargo 1.92.0 (344c4567c 2025-10-21)",
  "nvcc": "nvcc: NVIDIA (R) Cuda compiler driver\nCopyright (c) 2005-2024 NVIDIA Corporation\nBuilt on Tue_Oct_29_23:50:19_PDT_2024\nCuda compilation tools, release 12.6, V12.6.85\nBuild cuda_12.6.r12.6/compiler.35059454_0\n",
  "nvcc_used": false,
  "native_cuda_compilation": "driver JIT of unchanged embedded PTX",
  "gpu": "index, uuid, name, driver_version, utilization.gpu [%], memory.used [MiB]\n0, GPU-8f8e55a5-a9eb-eb79-bc43-807a19bcb1c1, NVIDIA H100, 580.82.07, 3 %, 653 MiB\n1, GPU-11979b85-93e3-21d3-e68f-df37b8a4c296, NVIDIA H100, 580.82.07, 0 %, 4 MiB\n2, GPU-3aa416f0-b0e5-dbfc-0613-04b3426a6c0e, NVIDIA H100, 580.82.07, 0 %, 4 MiB\n3, GPU-dd11c699-940c-55ea-ffe3-ca416a4c44f4, NVIDIA H100, 580.82.07, 0 %, 4 MiB\n4, GPU-e18b912e-7c28-47a8-4a51-e08ffe4ff95f, NVIDIA H100, 580.82.07, 0 %, 4 MiB\n5, GPU-bc3ef6aa-3227-bcfd-a031-47ca357b5693, NVIDIA H100, 580.82.07, 0 %, 4 MiB\n6, GPU-9ecef766-973c-0d6e-af08-4f5917cb1d92, NVIDIA H100, 580.82.07, 0 %, 4 MiB\n7, GPU-4e974cba-9435-d345-b9ff-d1511ec12e96, NVIDIA H100, 580.82.07, 0 %, 4 MiB\n"
}
