test_device_guard_and_mixed_device_rejection (tests.test_cuda_matmul.CudaMatmulDeviceTests.test_device_guard_and_mixed_device_rejection) ... skipped 'requires real CUDA with CUDA_VISIBLE_DEVICES=0,1'
test_completion_thread_and_allocation_lifetimes (tests.test_cuda_matmul.CudaMatmulTests.test_completion_thread_and_allocation_lifetimes) ... ok
test_generated_shapes_offsets_public_forms_and_preservation (tests.test_cuda_matmul.CudaMatmulTests.test_generated_shapes_offsets_public_forms_and_preservation) ... ok
test_generated_wide_products_and_overlapping_offsets (tests.test_cuda_matmul.CudaMatmulTests.test_generated_wide_products_and_overlapping_offsets) ... ok
test_intermediate_overflow_cancellation_and_nonfinite_classification (tests.test_cuda_matmul.CudaMatmulTests.test_intermediate_overflow_cancellation_and_nonfinite_classification) ... ok
test_invalid_inputs_and_compilation (tests.test_cuda_matmul.CudaMatmulTests.test_invalid_inputs_and_compilation) ... ok
test_no_pytorch_forwarding (tests.test_cuda_matmul.CudaMatmulTests.test_no_pytorch_forwarding) ... ok
test_optional_blas_discovery_and_load_failure (tests.test_cuda_matmul.CudaMatmulTests.test_optional_blas_discovery_and_load_failure) ... ok
test_singleton_empty_and_overlapping_views (tests.test_cuda_matmul.CudaMatmulTests.test_singleton_empty_and_overlapping_views) ... ok
test_special_values_and_cancellation (tests.test_cuda_matmul.CudaMatmulTests.test_special_values_and_cancellation) ... ok
test_wide_decimal_products (tests.test_cuda_matmul.CudaMatmulTests.test_wide_decimal_products) ... ok
test_cuda_rsqrt_remains_unsupported (tests.test_rsqrt.TensorRsqrtTests.test_cuda_rsqrt_remains_unsupported) ... ok
test_grad_recording_and_no_grad_preserve_forward_values (tests.test_rsqrt.TensorRsqrtTests.test_grad_recording_and_no_grad_preserve_forward_values) ... ok
test_ieee_values_layouts_and_fresh_storage (tests.test_rsqrt.TensorRsqrtTests.test_ieee_values_layouts_and_fresh_storage) ... ok
test_inplace_and_method_out_forms_remain_unsupported (tests.test_rsqrt.TensorRsqrtTests.test_inplace_and_method_out_forms_remain_unsupported) ... ok
test_tensorbase_descriptor_metadata_and_no_argument_errors (tests.test_rsqrt.TensorRsqrtTests.test_tensorbase_descriptor_metadata_and_no_argument_errors) ... ok
test_torch_function_modes_receive_descriptor_and_forward (tests.test_rsqrt.TensorRsqrtTests.test_torch_function_modes_receive_descriptor_and_forward) ... ok
test_autograd_and_non_none_out_boundaries_remain_explicit (tests.test_rsqrt.TopLevelRsqrtTests.test_autograd_and_non_none_out_boundaries_remain_explicit) ... ok
test_binding_and_type_error_precedence_matches_pytorch_2_13 (tests.test_rsqrt.TopLevelRsqrtTests.test_binding_and_type_error_precedence_matches_pytorch_2_13) ... ok
test_callable_metadata_copying_pickling_and_exports (tests.test_rsqrt.TopLevelRsqrtTests.test_callable_metadata_copying_pickling_and_exports) ... ok
test_modes_and_overrides_observe_calls_before_native_boundaries (tests.test_rsqrt.TopLevelRsqrtTests.test_modes_and_overrides_observe_calls_before_native_boundaries) ... ok
test_supported_calls_reuse_tensor_kernel_and_unary_layouts (tests.test_rsqrt.TopLevelRsqrtTests.test_supported_calls_reuse_tensor_kernel_and_unary_layouts) ... ok
test_accumulation_no_grad_and_saved_graph_release_match_pytorch (tests.test_rsqrt_reference.TensorRsqrtReferenceTests.test_accumulation_no_grad_and_saved_graph_release_match_pytorch) ... ok
test_autograd_and_unsupported_boundaries_remain_explicit (tests.test_rsqrt_reference.TensorRsqrtReferenceTests.test_autograd_and_unsupported_boundaries_remain_explicit) ... ok
test_callable_contract_matches_pytorch_2_13 (tests.test_rsqrt_reference.TensorRsqrtReferenceTests.test_callable_contract_matches_pytorch_2_13) ... ok
test_seeded_float32_bits_match_pytorch_2_13 (tests.test_rsqrt_reference.TensorRsqrtReferenceTests.test_seeded_float32_bits_match_pytorch_2_13) ... ok
test_top_level_binding_and_type_errors_match_pytorch_2_13 (tests.test_rsqrt_reference.TensorRsqrtReferenceTests.test_top_level_binding_and_type_errors_match_pytorch_2_13) ... ok
test_top_level_callable_contract_matches_pytorch_2_13 (tests.test_rsqrt_reference.TensorRsqrtReferenceTests.test_top_level_callable_contract_matches_pytorch_2_13) ... ok
test_top_level_forms_and_unary_layouts_match_pytorch_2_13 (tests.test_rsqrt_reference.TensorRsqrtReferenceTests.test_top_level_forms_and_unary_layouts_match_pytorch_2_13) ... ok
test_top_level_override_dispatch_matches_pytorch_2_13 (tests.test_rsqrt_reference.TensorRsqrtReferenceTests.test_top_level_override_dispatch_matches_pytorch_2_13) ... ok
test_torch_function_mode_dispatch_matches_pytorch_2_13 (tests.test_rsqrt_reference.TensorRsqrtReferenceTests.test_torch_function_mode_dispatch_matches_pytorch_2_13) ... ok
test_values_layouts_and_fresh_storage_match_pytorch_2_13 (tests.test_rsqrt_reference.TensorRsqrtReferenceTests.test_values_layouts_and_fresh_storage_match_pytorch_2_13) ... ok
test_weighted_backward_layouts_match_pytorch (tests.test_rsqrt_reference.TensorRsqrtReferenceTests.test_weighted_backward_layouts_match_pytorch) ... ok
test_weighted_ieee_edges_and_seeded_bits_match_pytorch (tests.test_rsqrt_reference.TensorRsqrtReferenceTests.test_weighted_ieee_edges_and_seeded_bits_match_pytorch) ... ok
test_base_mode_no_grad_and_callable_metadata (tests.test_nn_functional_linear_modes_reference.LinearModeReferenceTests.test_base_mode_no_grad_and_callable_metadata) ... ok
test_cuda_delegation_keeps_native_device_boundary (tests.test_nn_functional_linear_modes_reference.LinearModeReferenceTests.test_cuda_delegation_keeps_native_device_boundary) ... ok
test_delegation_preserves_native_rejections_and_foreign_boundary (tests.test_nn_functional_linear_modes_reference.LinearModeReferenceTests.test_delegation_preserves_native_rejections_and_foreign_boundary) ... ok
test_direct_positional_calls_distinguish_omitted_and_empty_keywords (tests.test_nn_functional_linear_modes_reference.LinearModeReferenceTests.test_direct_positional_calls_distinguish_omitted_and_empty_keywords) ... ok
test_exception_notimplemented_and_native_error_recovery (tests.test_nn_functional_linear_modes_reference.LinearModeReferenceTests.test_exception_notimplemented_and_native_error_recovery) ... ok
test_interception_and_nested_delegation_preserve_call (tests.test_nn_functional_linear_modes_reference.LinearModeReferenceTests.test_interception_and_nested_delegation_preserve_call) ... ok
test_mode_can_replace_keyword_bias_before_delegating_strided_operands (tests.test_nn_functional_linear_modes_reference.LinearModeReferenceTests.test_mode_can_replace_keyword_bias_before_delegating_strided_operands) ... ok
test_native_entry_point_argument_binding_errors_match (tests.test_nn_functional_linear_modes_reference.LinearModeReferenceTests.test_native_entry_point_argument_binding_errors_match) ... ok
test_three_argument_hooks_intercept_delegate_and_recover (tests.test_nn_functional_linear_modes_reference.LinearModeReferenceTests.test_three_argument_hooks_intercept_delegate_and_recover) ... ok
test_wrapped_public_linear_and_saved_original_keep_dispatch_identity (tests.test_nn_functional_linear_modes_reference.LinearModeReferenceTests.test_wrapped_public_linear_and_saved_original_keep_dispatch_identity) ... ok

----------------------------------------------------------------------
Ran 44 tests in 12.663s

OK (skipped=1)
