{
  "verified_at": "2026-09-10T14:02:03.052204+00:00",
  "commit": "cc42fdb265af856d8110404e91ff6cf8dd70a5e7",
  "git_status_before_publication": "",
  "source": {
    "commit": "cc42fdb265af856d8110404e91ff6cf8dd70a5e7",
    "source_sha256": "03c2563f6ef1532b2279e778012f434f67fd002ed0c30da03183dfcc0699331e",
    "production_diff_sha256": "e3b0c44298fc1c149afbf4c8996fb92427ae41e4649b934ca495991b7852b855"
  },
  "source_test_harness_files_verified": 855,
  "historical_files_unchanged": 20,
  "native_sha256": "1faf970c2684071aa7475a227ff972085a260f3081cd931fa361dbb09c95cada",
  "native_build_bound": true,
  "worktree_paths_verified": true,
  "six_case_accounting_recomputed": true,
  "case_trials": 18,
  "timing_cases_retained": 22,
  "raw_timing_samples_per_implementation_per_case": 62,
  "timing_aggregation_recomputed": true,
  "capped_geometric_parity": 0.9162183658371302,
  "independent_numerical_reproductions": 40,
  "source_ancestry_retained": true,
  "evaluator_and_matrix_unchanged_from_main": true,
  "checks_log_hashes_verified": true,
  "verification_script_sha256": "99c5aac46cd7af42f6ef254d2452c20f7e589e553ba2446cfb51d50d277aff39"
}
