test_ordinals_and_restoration (tests.test_compile_cuda_trailing_vector.CompileCudaTrailingVectorDeviceTests.test_ordinals_and_restoration) ... skipped 'requires real CUDA with CUDA_VISIBLE_DEVICES=0,1'
test_all_add_forms_and_compositions_held_out (tests.test_compile_cuda_trailing_vector.CompileCudaTrailingVectorTests.test_all_add_forms_and_compositions_held_out) ... /data/users/bobren/a/pytorch-rs-burner/.burner/worktrees/composite_674e1877/target/python314/.venv/lib/python3.14/site-packages/torch/jit/_script.py:359: DeprecationWarning: `torch.jit.script_method` is not supported in Python 3.14+ and may break. Please switch to `torch.compile` or `torch.export`.
  warnings.warn(
ok
test_dynamic_guards_invalidated_cache_and_forged_metadata (tests.test_compile_cuda_trailing_vector.CompileCudaTrailingVectorTests.test_dynamic_guards_invalidated_cache_and_forged_metadata) ... ok
test_fail_closed_public_and_private (tests.test_compile_cuda_trailing_vector.CompileCudaTrailingVectorTests.test_fail_closed_public_and_private) ... ok
test_globals_helpers_callable_guards_and_lifetimes (tests.test_compile_cuda_trailing_vector.CompileCudaTrailingVectorTests.test_globals_helpers_callable_guards_and_lifetimes) ... ok
test_large_empty_dynamic_cache_replans_wrapped_strides (tests.test_compile_cuda_trailing_vector.CompileCudaTrailingVectorTests.test_large_empty_dynamic_cache_replans_wrapped_strides) ... ok
test_large_empty_signed_byte_strides_all_policies (tests.test_compile_cuda_trailing_vector.CompileCudaTrailingVectorTests.test_large_empty_signed_byte_strides_all_policies) ... ok
test_no_installed_torch_python_body_or_public_eager_dispatch (tests.test_compile_cuda_trailing_vector.CompileCudaTrailingVectorTests.test_no_installed_torch_python_body_or_public_eager_dispatch) ... ok
test_noncanonical_singleton_empty_and_offset_metadata (tests.test_compile_cuda_trailing_vector.CompileCudaTrailingVectorTests.test_noncanonical_singleton_empty_and_offset_metadata) ... ok
test_exact_shape_relation_and_cpu_broadcasting (tests.test_compile_cuda_trailing_vector.TrailingVectorMetadataTests.test_exact_shape_relation_and_cpu_broadcasting) ... ok
test_failures_and_interruptions_are_retained (tests.test_compile_cuda_trailing_vector_diagnostic.TrailingVectorDiagnosticTests.test_failures_and_interruptions_are_retained) ... ok
test_unsupported_and_ineligible_cases_never_earn_credit (tests.test_compile_cuda_trailing_vector_diagnostic.TrailingVectorDiagnosticTests.test_unsupported_and_ineligible_cases_never_earn_credit) ... ok
test_public_signature_and_composition (tests.test_nn_functional_tanhshrink.FunctionalTanhshrinkTests.test_public_signature_and_composition) ... ok
test_unsupported_grad_inputs_preserve_tanh_boundary_and_input (tests.test_nn_functional_tanhshrink.FunctionalTanhshrinkTests.test_unsupported_grad_inputs_preserve_tanh_boundary_and_input) ... ok
test_binding_and_invalid_receiver_errors (tests.test_nn_functional_tanhshrink_reference.FunctionalTanhshrinkReferenceTests.test_binding_and_invalid_receiver_errors) ... ok
test_cuda_input_retains_native_rejection (tests.test_nn_functional_tanhshrink_reference.FunctionalTanhshrinkReferenceTests.test_cuda_input_retains_native_rejection) ... ok
test_inference_values_strides_fresh_storage_and_nonmutation (tests.test_nn_functional_tanhshrink_reference.FunctionalTanhshrinkReferenceTests.test_inference_values_strides_fresh_storage_and_nonmutation) ... ok
test_leaf_gradients_all_supported_ranks_and_accumulation (tests.test_nn_functional_tanhshrink_reference.FunctionalTanhshrinkReferenceTests.test_leaf_gradients_all_supported_ranks_and_accumulation) ... ok
test_no_grad_and_detach_accept_broader_inference_inputs (tests.test_nn_functional_tanhshrink_reference.FunctionalTanhshrinkReferenceTests.test_no_grad_and_detach_accept_broader_inference_inputs) ... ok
test_overrides_modes_and_forwarding (tests.test_nn_functional_tanhshrink_reference.FunctionalTanhshrinkReferenceTests.test_overrides_modes_and_forwarding) ... ok
test_signature_metadata_and_function_identity (tests.test_nn_functional_tanhshrink_reference.FunctionalTanhshrinkReferenceTests.test_signature_metadata_and_function_identity) ... ok
test_autograd_repeated_backward_and_no_grad (tests.test_atleast_1d.Atleast1dTests.test_autograd_repeated_backward_and_no_grad) ... ok
test_function_metadata_exports_and_pickle (tests.test_atleast_1d.Atleast1dTests.test_function_metadata_exports_and_pickle) ... ok
test_inner_sequence_override_dispatch_is_explicitly_unsupported (tests.test_atleast_1d.Atleast1dTests.test_inner_sequence_override_dispatch_is_explicitly_unsupported) ... ok
test_modes_and_overrides_receive_the_public_function (tests.test_atleast_1d.Atleast1dTests.test_modes_and_overrides_receive_the_public_function) ... ok
test_outer_sequence_overrides_and_modes_precede_the_fast_path (tests.test_atleast_1d.Atleast1dTests.test_outer_sequence_overrides_and_modes_precede_the_fast_path) ... ok
test_ranked_tensors_are_returned_exactly (tests.test_atleast_1d.Atleast1dTests.test_ranked_tensors_are_returned_exactly) ... ok
test_scalars_become_shared_storage_reshape_views (tests.test_atleast_1d.Atleast1dTests.test_scalars_become_shared_storage_reshape_views) ... ok
test_sequence_autograd_repeated_backward_and_no_grad (tests.test_atleast_1d.Atleast1dTests.test_sequence_autograd_repeated_backward_and_no_grad) ... ok
test_single_input_errors_and_unsupported_forms (tests.test_atleast_1d.Atleast1dTests.test_single_input_errors_and_unsupported_forms) ... ok
test_tuple_and_list_sequences_use_native_views (tests.test_atleast_1d.Atleast1dTests.test_tuple_and_list_sequences_use_native_views) ... ok
test_variadic_autograd_repeated_backward_and_no_grad (tests.test_atleast_1d.Atleast1dTests.test_variadic_autograd_repeated_backward_and_no_grad) ... ok
test_variadic_foreign_inputs_remain_unsupported_under_modes (tests.test_atleast_1d.Atleast1dTests.test_variadic_foreign_inputs_remain_unsupported_under_modes) ... ok
test_variadic_modes_intercept_and_delegate_original_arguments (tests.test_atleast_1d.Atleast1dTests.test_variadic_modes_intercept_and_delegate_original_arguments) ... ok
test_variadic_tensors_use_native_views_in_order (tests.test_atleast_1d.Atleast1dTests.test_variadic_tensors_use_native_views_in_order) ... ok
test_autograd_repeated_backward_and_no_grad_match_pytorch_2_13 (tests.test_atleast_1d_reference.Atleast1dReferenceTests.test_autograd_repeated_backward_and_no_grad_match_pytorch_2_13) ... ok
test_foreign_cuda_variadic_inputs_remain_rejected_before_modes (tests.test_atleast_1d_reference.Atleast1dReferenceTests.test_foreign_cuda_variadic_inputs_remain_rejected_before_modes) ... ok
test_inner_overrides_remain_unsupported_and_outer_dispatch_matches (tests.test_atleast_1d_reference.Atleast1dReferenceTests.test_inner_overrides_remain_unsupported_and_outer_dispatch_matches) ... ok
test_metadata_signature_documentation_exports_and_pickle_match (tests.test_atleast_1d_reference.Atleast1dReferenceTests.test_metadata_signature_documentation_exports_and_pickle_match) ... ok
test_mixed_variadic_and_sequence_forms_remain_unsupported (tests.test_atleast_1d_reference.Atleast1dReferenceTests.test_mixed_variadic_and_sequence_forms_remain_unsupported) ... ok
test_operand_overrides_match_pytorch_2_13 (tests.test_atleast_1d_reference.Atleast1dReferenceTests.test_operand_overrides_match_pytorch_2_13) ... ok
test_sequence_autograd_and_no_grad_match_pytorch_2_13 (tests.test_atleast_1d_reference.Atleast1dReferenceTests.test_sequence_autograd_and_no_grad_match_pytorch_2_13) ... ok
test_sequence_values_layouts_aliasing_and_empties_match_pytorch_2_13 (tests.test_atleast_1d_reference.Atleast1dReferenceTests.test_sequence_values_layouts_aliasing_and_empties_match_pytorch_2_13) ... ok
test_single_input_errors_match_pytorch_2_13 (tests.test_atleast_1d_reference.Atleast1dReferenceTests.test_single_input_errors_match_pytorch_2_13) ... ok
test_torch_function_modes_match_pytorch_2_13 (tests.test_atleast_1d_reference.Atleast1dReferenceTests.test_torch_function_modes_match_pytorch_2_13) ... ok
test_values_strides_offsets_aliasing_and_metadata_match_pytorch_2_13 (tests.test_atleast_1d_reference.Atleast1dReferenceTests.test_values_strides_offsets_aliasing_and_metadata_match_pytorch_2_13) ... ok
test_variadic_autograd_and_no_grad_match_pytorch_2_13 (tests.test_atleast_1d_reference.Atleast1dReferenceTests.test_variadic_autograd_and_no_grad_match_pytorch_2_13) ... ok
test_variadic_torch_function_modes_match_pytorch_2_13 (tests.test_atleast_1d_reference.Atleast1dReferenceTests.test_variadic_torch_function_modes_match_pytorch_2_13) ... ok
test_variadic_values_layouts_and_aliasing_match_pytorch_2_13 (tests.test_atleast_1d_reference.Atleast1dReferenceTests.test_variadic_values_layouts_and_aliasing_match_pytorch_2_13) ... ok

----------------------------------------------------------------------
Ran 49 tests in 29.014s

OK (skipped=1)
