Resolved 36 packages in 2ms
Uninstalled 1 package in 3ms
 - torch-rs==0.1.0 (from file:///data/users/bobren/a/pytorch-rs-burner/.burner/worktrees/agent_6ada2b33/target/default-compile-eval/wheels.ZvJoiW/torch_rs-0.1.0-cp310-abi3-manylinux_2_34_x86_64.whl)
🍹 Building a mixed python/rust project
🐍 Found CPython 3.12 at /data/users/bobren/a/pytorch-rs-burner/.burner/worktrees/agent_6ada2b33/target/default-compile-eval/venv/bin/python
🔗 Found pyo3 bindings with abi3-py3.10 support
📡 Using build options features from pyproject.toml
   Compiling pytorch-rs v0.1.0 (/data/users/bobren/a/pytorch-rs-burner/.burner/worktrees/agent_6ada2b33)
    Finished `release` profile [optimized] target(s) in 45.60s
📦 Built wheel for abi3 Python ≥ 3.10 to /data/users/bobren/a/pytorch-rs-burner/.burner/worktrees/agent_6ada2b33/target/default-compile-eval/wheels.g4RQre/torch_rs-0.1.0-cp310-abi3-manylinux_2_34_x86_64.whl
Using Python 3.12.14 environment at: target/default-compile-eval/venv
Resolved 1 package in 1ms
Prepared 1 package in 43ms
Installed 1 package in 18ms
 + torch-rs==0.1.0 (from file:///data/users/bobren/a/pytorch-rs-burner/.burner/worktrees/agent_6ada2b33/target/default-compile-eval/wheels.g4RQre/torch_rs-0.1.0-cp310-abi3-manylinux_2_34_x86_64.whl)
verified native-extension provenance for torch-rs 0.1.0
interpreter: /data/users/bobren/a/pytorch-rs-burner/.burner/worktrees/agent_6ada2b33/target/default-compile-eval/venv/bin/python
virtualenv: /data/users/bobren/a/pytorch-rs-burner/.burner/worktrees/agent_6ada2b33/target/default-compile-eval/venv
torch_rs: /data/users/bobren/a/pytorch-rs-burner/.burner/worktrees/agent_6ada2b33/target/default-compile-eval/venv/lib/python3.12/site-packages/torch_rs/__init__.py
torch_rs.torch_rs: /data/users/bobren/a/pytorch-rs-burner/.burner/worktrees/agent_6ada2b33/target/default-compile-eval/venv/lib/python3.12/site-packages/torch_rs/torch_rs.abi3.so
running cpu-0-reference; log: /data/users/bobren/a/pytorch-rs-burner/.burner/worktrees/agent_6ada2b33/target/default-compile-eval/run-20260916T075126Z-58d062bb/cpu-0-reference.log
running cpu-0-candidate; log: /data/users/bobren/a/pytorch-rs-burner/.burner/worktrees/agent_6ada2b33/target/default-compile-eval/run-20260916T075126Z-58d062bb/cpu-0-candidate.log
running cuda-0-reference; log: /data/users/bobren/a/pytorch-rs-burner/.burner/worktrees/agent_6ada2b33/target/default-compile-eval/run-20260916T075126Z-58d062bb/cuda-0-reference.log
running cuda-0-candidate; log: /data/users/bobren/a/pytorch-rs-burner/.burner/worktrees/agent_6ada2b33/target/default-compile-eval/run-20260916T075126Z-58d062bb/cuda-0-candidate.log
running cuda-1-candidate; log: /data/users/bobren/a/pytorch-rs-burner/.burner/worktrees/agent_6ada2b33/target/default-compile-eval/run-20260916T075126Z-58d062bb/cuda-1-candidate.log
running cuda-1-reference; log: /data/users/bobren/a/pytorch-rs-burner/.burner/worktrees/agent_6ada2b33/target/default-compile-eval/run-20260916T075126Z-58d062bb/cuda-1-reference.log
{"valid": true, "diagnostic": false, "scores": {"coverage": {"score": 21.0, "passed": 22, "eligible": 112, "categories": {"tensor_arithmetic": {"passed": 4, "eligible": 8, "weight": 12, "contribution": 6.0}, "broadcasting": {"passed": 4, "eligible": 8, "weight": 8, "contribution": 4.0}, "modules_parameters_buffers": {"passed": 0, "eligible": 8, "weight": 8, "contribution": 0.0}, "inference": {"passed": 0, "eligible": 8, "weight": 6, "contribution": 0.0}, "training_autograd": {"passed": 0, "eligible": 8, "weight": 8, "contribution": 0.0}, "python_control_flow": {"passed": 4, "eligible": 8, "weight": 8, "contribution": 4.0}, "graph_breaks": {"passed": 0, "eligible": 8, "weight": 8, "contribution": 0.0}, "dynamic_shapes": {"passed": 0, "eligible": 8, "weight": 8, "contribution": 0.0}, "mutation_aliasing_views": {"passed": 0, "eligible": 8, "weight": 8, "contribution": 0.0}, "containers_pytrees": {"passed": 4, "eligible": 8, "weight": 6, "contribution": 3.0}, "decompositions": {"passed": 2, "eligible": 8, "weight": 6, "contribution": 1.5}, "custom_functions": {"passed": 2, "eligible": 8, "weight": 6, "contribution": 1.5}, "recompilation_guards": {"passed": 2, "eligible": 8, "weight": 4, "contribution": 1.0}, "dtype_device_transitions": {"passed": 0, "eligible": 8, "weight": 4, "contribution": 0.0}}, "common_success_geomean_ratio": 1.1075472784632787}, "cuda-perf": {"score": 33.45197861005538, "passed": 22, "eligible": 56, "categories": {"tensor_arithmetic": {"passed": 4, "eligible": 4, "weight": 12, "contribution": 12.0}, "broadcasting": {"passed": 4, "eligible": 4, "weight": 8, "contribution": 8.0}, "modules_parameters_buffers": {"passed": 0, "eligible": 4, "weight": 8, "contribution": 0.0}, "inference": {"passed": 0, "eligible": 4, "weight": 6, "contribution": 0.0}, "training_autograd": {"passed": 0, "eligible": 4, "weight": 8, "contribution": 0.0}, "python_control_flow": {"passed": 4, "eligible": 4, "weight": 8, "contribution": 8.0}, "graph_breaks": {"passed": 0, "eligible": 4, "weight": 8, "contribution": 0.0}, "dynamic_shapes": {"passed": 0, "eligible": 4, "weight": 8, "contribution": 0.0}, "mutation_aliasing_views": {"passed": 0, "eligible": 4, "weight": 8, "contribution": 0.0}, "containers_pytrees": {"passed": 4, "eligible": 4, "weight": 6, "contribution": 5.451978610055375}, "decompositions": {"passed": 2, "eligible": 4, "weight": 6, "contribution": 0.0}, "custom_functions": {"passed": 2, "eligible": 4, "weight": 6, "contribution": 0.0}, "recompilation_guards": {"passed": 2, "eligible": 4, "weight": 4, "contribution": 0.0}, "dtype_device_transitions": {"passed": 0, "eligible": 4, "weight": 4, "contribution": 0.0}}, "common_success_geomean_ratio": 1.1075472784632787}}, "report": "/data/users/bobren/a/pytorch-rs-burner/.burner/worktrees/agent_6ada2b33/target/default-compile-eval/run-20260916T075126Z-58d062bb/report.json"}
