test_benchmarking_indexes_historical_release_timing_reports (tests.test_readme_quickstart.ReadmeQuickstartTests.test_benchmarking_indexes_historical_release_timing_reports) ... ok
test_detailed_support_contracts_live_in_focused_docs (tests.test_readme_quickstart.ReadmeQuickstartTests.test_detailed_support_contracts_live_in_focused_docs) ... ok
test_docs_readme_indexes_contracts_guides_and_timing_evidence (tests.test_readme_quickstart.ReadmeQuickstartTests.test_docs_readme_indexes_contracts_guides_and_timing_evidence) ... 
  test_docs_readme_indexes_contracts_guides_and_timing_evidence (tests.test_readme_quickstart.ReadmeQuickstartTests.test_docs_readme_indexes_contracts_guides_and_timing_evidence) (guide='compile-cuda-add.md') ... FAIL
test_entry_point_links_resolve (tests.test_readme_quickstart.ReadmeQuickstartTests.test_entry_point_links_resolve) ... 
  test_entry_point_links_resolve (tests.test_readme_quickstart.ReadmeQuickstartTests.test_entry_point_links_resolve) (source='compile-cuda-add.md', target='diagnostics/compile-cuda-module-relu/README.md') ... FAIL
test_first_success_example_is_short_and_runs (tests.test_readme_quickstart.ReadmeQuickstartTests.test_first_success_example_is_short_and_runs) ... ok
test_readme_keeps_quickstart_scope_and_evaluation_route (tests.test_readme_quickstart.ReadmeQuickstartTests.test_readme_keeps_quickstart_scope_and_evaluation_route) ... ok
test_readme_links_contributing_guide (tests.test_readme_quickstart.ReadmeQuickstartTests.test_readme_links_contributing_guide) ... ok
test_readme_routes_benchmark_policy_to_focused_docs (tests.test_readme_quickstart.ReadmeQuickstartTests.test_readme_routes_benchmark_policy_to_focused_docs) ... ok
test_readme_routes_to_supported_surface_anchors (tests.test_readme_quickstart.ReadmeQuickstartTests.test_readme_routes_to_supported_surface_anchors) ... ok
test_readme_scope_is_scan_friendly_table (tests.test_readme_quickstart.ReadmeQuickstartTests.test_readme_scope_is_scan_friendly_table) ... ok
test_source_install_commands_are_locked (tests.test_readme_quickstart.ReadmeQuickstartTests.test_source_install_commands_are_locked) ... ok
test_stale_wheel_recovery_uses_wheel_test_workflow (tests.test_readme_quickstart.ReadmeQuickstartTests.test_stale_wheel_recovery_uses_wheel_test_workflow) ... ok

======================================================================
FAIL: test_docs_readme_indexes_contracts_guides_and_timing_evidence (tests.test_readme_quickstart.ReadmeQuickstartTests.test_docs_readme_indexes_contracts_guides_and_timing_evidence) (guide='compile-cuda-add.md')
----------------------------------------------------------------------
Traceback (most recent call last):
  File "/data/users/bobren/a/pytorch-rs-burner/.burner/worktrees/agent_c953da64/tests/test_readme_quickstart.py", line 968, in test_docs_readme_indexes_contracts_guides_and_timing_evidence
    self.assertIn(
AssertionError: '- [CUDA mul/neg/add graph capture](compile-cuda-add.md): Public bounded eager compilation, device/cache guards, unsupported cases, and reproduction.' not found in '## Contributor Guides\n\n- [Contributing guide](../CONTRIBUTING.md): Locked setup, environment expectations, test selection, draft workflow, and documentation ownership.\n- [Setup troubleshooting](troubleshooting.md): Short fixes for common environment, import, reference dependency, and stale wheel failures.\n- [Repository README](../README.md): Install commands, first-success example, scope summary, and validation entry points.\n- [Architecture map](../ARCHITECTURE.md): Source map for the Rust core, Python bindings, wrappers, and test layout.\n- [Compiled CUDA squeeze](compile-cuda-squeeze.md): No-argument singleton removal, fresh shared-storage wrappers and H100 validation.\n- [Compiled CUDA view](compile-cuda-view.md): Alias-only constant shapes, strict stride compatibility and H100 validation.\n- [Compiled CUDA reshape](compile-cuda-reshape.md): Constant rank-0/1/2 shapes, native alias-or-pack semantics and H100 validation.\n- [Compiled CUDA transpose views](compile-cuda-t.md): Bounded `t()`/constant-axis `transpose()` capture, packing composition and H100 validation.\n- [Compiled CUDA contiguous](compile-cuda-contiguous.md): Parameterless native view packing, alias semantics and clean-commit H100 validation including review regressions.\n- [Compiled CUDA matmul](compile-cuda-matmul.md): Exact capture scope, runnable example, and separate `torch.compile` timing reproduction.\n- [Compiled CUDA row sums](compile-cuda-sum-rows.md): Runnable example, constant reduction options, layout/device boundaries, and focused checks.\n- [CUDA mul/neg/ReLU/add graph capture](compile-cuda-add.md): Public bounded eager compilation, device/cache guards, unsupported cases, and reproduction.\n  Includes positional module/imported add/neg/ReLU calls with precise binding guards.\n- [Compiled CUDA scalar multiplication validation](compile-cuda-mul-scalar-validation.md): Guarded scalar grammar, independent diagnostics, and H100 checks.\n- [Compiled CUDA negation validation](compile-cuda-neg-validation.md): Integrated-commit results, provenance, and current neg/add diagnostic commands.\n- [CUDA scalar multiplication validation](cuda-mul-scalar-validation.md): General eager float32 kernel, conversion/layout boundaries, and H100 evidence.\n- [Native and compiled CUDA ReLU](cuda-relu.md): Method and trusted top-level capture, IEEE bit semantics, layout bounds and H100 development checks.\n- [CUDA negation validation](cuda-neg-validation.md): Contiguous float32 eager scope, H100 checks, and retained evaluation evidence.\n- [CUDA view packing validation](cuda-contiguous-validation.md): Bounded contiguous/reshape materialization, aliasing contracts and clean-commit H100 correctness evidence.\n- [Text collation diagnostics](text-collation-diagnostics.md): Public-call timings and identity checks for text-led metadata passthrough.\n- [CUDA-add diagnostics](cuda-add-diagnostics.md): Latency, sustained throughput, cache saturation, and release provenance.\n- [CUDA matrix/vector addition](cuda-add-trailing-vector.md): Bounded eager broadcast support, H100 differentials, and six-case math validation.\n- [CUDA vector addition and depth-stack integration](composite-cuda-vector-dstack.md): Records composite repairs, diagnostics, and the clean-commit delivery gate.\n- [Native CUDA matrix multiplication](cuda-matmul.md): Contiguous same-device rank-2 float32 matmul, native cuBLAS setup, numerical regressions, and capture commands.\n- [CUDA matrix row sums](cuda-sum-rows.md): Contiguous rank-2 float32 dim=1/-1 reduction, numerical behavior, and validation.\n- [Rank-2 mean diagnostics](rank2-mean-diagnostics.md): Both reduction axes and layouts at matched CPU worker budgets.\n\n## Historical Validation Evidence\n\n- [Compiler analysis and CPU tanh composite validation](diagnostics/compile-cuda-graph/composite-postcommit-d94daecd/README.md): Historical measurements of implementation `d94daecd`, with\n  [source clean](diagnostics/compile-cuda-graph/postcommit-4cb0432/README.md) (`4cb0432`) and\n  [source development](diagnostics/compile-cuda-graph/static-analysis-b7936239-development/README.md) predecessors.\n  Measured revisions are distinct from evidence publication commits; each report retains its provenance and performance caveats.\n- [Compiled CUDA row-sum validation](compile-cuda-sum-rows-validation.md): Commit-bound source captures, retained development attempts, and timing-artifact limitations.\n- [Matmul diagnostic index](diagnostics/composite-matmul-unflatten-l1/README.md): Current evidence and earlier source/composite captures, with their original identities and raw results.\n- [Matmul, unflatten and L1 integration history](composite-matmul-unflatten-l1-validation.md): Repair history, development validation and managed handoff notes.\n- [CUDA addition capture validation](compile-cuda-add-validation.md): Source validation history, baseline caveats, and composite correctness evidence; no performance score.\n\n'

======================================================================
FAIL: test_entry_point_links_resolve (tests.test_readme_quickstart.ReadmeQuickstartTests.test_entry_point_links_resolve) (source='compile-cuda-add.md', target='diagnostics/compile-cuda-module-relu/README.md')
----------------------------------------------------------------------
Traceback (most recent call last):
  File "/data/users/bobren/a/pytorch-rs-burner/.burner/worktrees/agent_c953da64/tests/test_readme_quickstart.py", line 695, in test_entry_point_links_resolve
    self.assertTrue(destination.is_file(), target)
AssertionError: False is not true : diagnostics/compile-cuda-module-relu/README.md

----------------------------------------------------------------------
Ran 12 tests in 0.112s

FAILED (failures=2)
