{
  "python": "3.12.14 (main, Sep  1 2026, 14:16:52) [Clang 22.1.3 ]",
  "executable": "/data/users/bobren/a/pytorch-rs-burner/.burner/worktrees/agent_c953da64/.venv/bin/python",
  "prefix": "/data/users/bobren/a/pytorch-rs-burner/.burner/worktrees/agent_c953da64/.venv",
  "torch": "2.13.0+cu130",
  "reference_cuda": "13.0",
  "native": "/data/users/bobren/a/pytorch-rs-burner/.burner/worktrees/agent_c953da64/.venv/lib/python3.12/site-packages/torch_rs/torch_rs.abi3.so",
  "runtime": "/data/users/bobren/a/pytorch-rs-burner/.burner/worktrees/agent_c953da64/.venv/lib/python3.12/site-packages/nvidia/cu13/lib/libcudart.so.13",
  "runtime_version": 13000,
  "nvcc": "nvcc: NVIDIA (R) Cuda compiler driver\nCopyright (c) 2005-2024 NVIDIA Corporation\nBuilt on Tue_Oct_29_23:50:19_PDT_2024\nCuda compilation tools, release 12.6, V12.6.85\nBuild cuda_12.6.r12.6/compiler.35059454_0\n",
  "rustc": "rustc 1.92.0 (ded5c06cf 2025-12-08)\nbinary: rustc\ncommit-hash: ded5c06cf21d2b93bffd5d884aa6e96934ee4234\ncommit-date: 2025-12-08\nhost: x86_64-unknown-linux-gnu\nrelease: 1.92.0\nLLVM version: 21.1.3\n",
  "resources": [
    "gpu",
    "cpu-heavy"
  ],
  "nvcc_used_for_native_build": false,
  "native_kernel_compiler": "driver JIT of embedded PTX",
  "gpu": "index, uuid, name, driver_version, compute_cap, memory.total [MiB], memory.used [MiB], utilization.gpu [%]\n0, GPU-8f8e55a5-a9eb-eb79-bc43-807a19bcb1c1, NVIDIA H100, 580.82.07, 9.0, 97871 MiB, 917 MiB, 0 %\n1, GPU-11979b85-93e3-21d3-e68f-df37b8a4c296, NVIDIA H100, 580.82.07, 9.0, 97871 MiB, 4 MiB, 0 %\n2, GPU-3aa416f0-b0e5-dbfc-0613-04b3426a6c0e, NVIDIA H100, 580.82.07, 9.0, 97871 MiB, 4 MiB, 0 %\n3, GPU-dd11c699-940c-55ea-ffe3-ca416a4c44f4, NVIDIA H100, 580.82.07, 9.0, 97871 MiB, 4 MiB, 0 %\n4, GPU-e18b912e-7c28-47a8-4a51-e08ffe4ff95f, NVIDIA H100, 580.82.07, 9.0, 97871 MiB, 4 MiB, 0 %\n5, GPU-bc3ef6aa-3227-bcfd-a031-47ca357b5693, NVIDIA H100, 580.82.07, 9.0, 97871 MiB, 4 MiB, 0 %\n6, GPU-9ecef766-973c-0d6e-af08-4f5917cb1d92, NVIDIA H100, 580.82.07, 9.0, 97871 MiB, 4 MiB, 0 %\n7, GPU-4e974cba-9435-d345-b9ff-d1511ec12e96, NVIDIA H100, 580.82.07, 9.0, 97871 MiB, 4 MiB, 0 %\n",
  "snapshot_is_not_reservation": true
}
