test_device_guard_and_context_cache (tests.test_cuda_neg.CudaNegDeviceTests.test_device_guard_and_context_cache) ... skipped 'requires real CUDA with CUDA_VISIBLE_DEVICES=0,1'
test_completion_and_independent_output (tests.test_cuda_neg.CudaNegTests.test_completion_and_independent_output) ... ok
test_generated_shapes_public_forms_and_input_preservation (tests.test_cuda_neg.CudaNegTests.test_generated_shapes_public_forms_and_input_preservation) ... ok
test_ieee_bits_and_offset_views (tests.test_cuda_neg.CudaNegTests.test_ieee_bits_and_offset_views) ... ok
test_large_allocation_lifetime_outside_front_cache (tests.test_cuda_neg.CudaNegTests.test_large_allocation_lifetime_outside_front_cache) ... ok
test_layout_autograd_rejection_and_compiled_negation (tests.test_cuda_neg.CudaNegTests.test_layout_autograd_rejection_and_compiled_negation) ... ok
test_lifetimes_reuse_and_fresh_thread_context (tests.test_cuda_neg.CudaNegTests.test_lifetimes_reuse_and_fresh_thread_context) ... ok
test_no_pytorch_forwarding (tests.test_cuda_neg.CudaNegTests.test_no_pytorch_forwarding) ... ok
test_cross_thread_pool_release_on_both_devices (tests.test_cuda_add.CudaAddDeviceTests.test_cross_thread_pool_release_on_both_devices) ... skipped 'requires real CUDA with CUDA_VISIBLE_DEVICES=0,1'
test_device_restoration_success_failure_and_drop (tests.test_cuda_add.CudaAddDeviceTests.test_device_restoration_success_failure_and_drop) ... skipped 'requires real CUDA with CUDA_VISIBLE_DEVICES=0,1'
test_replay_eviction_restores_context_across_devices (tests.test_cuda_add.CudaAddDeviceTests.test_replay_eviction_restores_context_across_devices) ... skipped 'requires real CUDA with CUDA_VISIBLE_DEVICES=0,1'
test_cached_allocation_on_fresh_host_thread (tests.test_cuda_add.CudaAddTests.test_cached_allocation_on_fresh_host_thread) ... ok
test_completion_before_independent_stream_read (tests.test_cuda_add.CudaAddTests.test_completion_before_independent_stream_read) ... ok
test_invalid_and_unsupported_inputs (tests.test_cuda_add.CudaAddTests.test_invalid_and_unsupported_inputs) ... ok
test_numerical_edges (tests.test_cuda_add.CudaAddTests.test_numerical_edges) ... ok
test_offsets_singletons_and_empty_views (tests.test_cuda_add.CudaAddTests.test_offsets_singletons_and_empty_views) ... ok
test_random_held_out_shapes_and_public_forms (tests.test_cuda_add.CudaAddTests.test_random_held_out_shapes_and_public_forms) ... ok
test_repeated_launch_eviction_aliases_and_immediate_drops (tests.test_cuda_add.CudaAddTests.test_repeated_launch_eviction_aliases_and_immediate_drops) ... ok
test_source_output_lifetimes_chaining_and_reuse (tests.test_cuda_add.CudaAddTests.test_source_output_lifetimes_chaining_and_reuse) ... ok
test_without_pytorch_import (tests.test_cuda_add.CudaAddTests.test_without_pytorch_import) ... ok
test_allocation_reuse_and_threaded_lifetimes (tests.test_cuda_native_views.NativeCudaViewTests.test_allocation_reuse_and_threaded_lifetimes) ... ok
test_bounded_staging_crosses_chunks_and_preserves_values (tests.test_cuda_native_views.NativeCudaViewTests.test_bounded_staging_crosses_chunks_and_preserves_values) ... ok
test_nonzero_views_copy_to_cpu_and_keep_storage_alive (tests.test_cuda_native_views.NativeCudaViewTests.test_nonzero_views_copy_to_cpu_and_keep_storage_alive) ... ok
test_unsupported_materialization_fails_at_operation (tests.test_cuda_native_views.NativeCudaViewTests.test_unsupported_materialization_fails_at_operation) ... ok
test_widely_spaced_selection_copies_under_host_memory_limit (tests.test_cuda_native_views.NativeCudaViewTests.test_widely_spaced_selection_copies_under_host_memory_limit) ... ok
test_current_device_restored_on_success_failure_and_drop (tests.test_cuda_host_transfer.CudaHostTransferDeviceGuardTests.test_current_device_restored_on_success_failure_and_drop) ... skipped 'requires CUDA_VISIBLE_DEVICES=0,1'
test_device_argument_forms_and_fresh_copies (tests.test_cuda_host_transfer.CudaHostTransferTests.test_device_argument_forms_and_fresh_copies) ... ok
test_gradient_buffer_upload_is_an_independent_snapshot (tests.test_cuda_host_transfer.CudaHostTransferTests.test_gradient_buffer_upload_is_an_independent_snapshot) ... ok
test_no_installed_pytorch_forwarding (tests.test_cuda_host_transfer.CudaHostTransferTests.test_no_installed_pytorch_forwarding) ... ok
test_nonzero_scalars_empty_dense_and_sparse_views (tests.test_cuda_host_transfer.CudaHostTransferTests.test_nonzero_scalars_empty_dense_and_sparse_views) ... ok
test_source_and_view_lifetimes_and_allocation_reuse (tests.test_cuda_host_transfer.CudaHostTransferTests.test_source_and_view_lifetimes_and_allocation_reuse) ... ok
test_sparse_view_upload_has_bounded_host_allocation (tests.test_cuda_host_transfer.CudaHostTransferTests.test_sparse_view_upload_has_bounded_host_allocation) ... ok
test_split_views_upload_with_preserve_format_and_cpu_only_split (tests.test_cuda_host_transfer.CudaHostTransferTests.test_split_views_upload_with_preserve_format_and_cpu_only_split) ... ok
test_unsupported_and_invalid_inputs_preserve_source (tests.test_cuda_host_transfer.CudaHostTransferTests.test_unsupported_and_invalid_inputs_preserve_source) ... ok
test_cpu_cuda_cache_separation_and_original_bypass (tests.test_compile_cuda_boundary.CompileCudaBoundaryTests.test_cpu_cuda_cache_separation_and_original_bypass) ... ok
test_dynamic_cache_hit_preflights_late_shape_mismatch (tests.test_compile_cuda_boundary.CompileCudaBoundaryTests.test_dynamic_cache_hit_preflights_late_shape_mismatch) ... ok
test_global_capture_transitions_and_recompile_limit (tests.test_compile_cuda_boundary.CompileCudaBoundaryTests.test_global_capture_transitions_and_recompile_limit) ... ok
test_ieee_edges_and_dynamic_offset_guards (tests.test_compile_cuda_boundary.CompileCudaBoundaryTests.test_ieee_edges_and_dynamic_offset_guards) ... ok
test_native_failure_does_not_publish_cache (tests.test_compile_cuda_boundary.CompileCudaBoundaryTests.test_native_failure_does_not_publish_cache) ... ok
test_no_pytorch_import_or_original_execution (tests.test_compile_cuda_boundary.CompileCudaBoundaryTests.test_no_pytorch_import_or_original_execution) ... ok
test_offset_layout_metadata_and_cache_guards (tests.test_compile_cuda_boundary.CompileCudaBoundaryTests.test_offset_layout_metadata_and_cache_guards) ... ok
test_private_trace_entrypoints_keep_unsupported_guards (tests.test_compile_cuda_boundary.CompileCudaBoundaryTests.test_private_trace_entrypoints_keep_unsupported_guards) ... ok
test_seeded_shapes_structures_and_changed_data_against_reference (tests.test_compile_cuda_boundary.CompileCudaBoundaryTests.test_seeded_shapes_structures_and_changed_data_against_reference) ... /data/users/bobren/a/pytorch-rs-burner/.burner/worktrees/agent_e5ce9d67/.venv/lib/python3.12/site-packages/torch/jit/_script.py:365: DeprecationWarning: `torch.jit.script_method` is deprecated. Please switch to `torch.compile` or `torch.export`.
  warnings.warn(
ok
test_unsupported_fresh_and_cpu_warmed_leave_cache_unchanged (tests.test_compile_cuda_boundary.CompileCudaBoundaryTests.test_unsupported_fresh_and_cpu_warmed_leave_cache_unchanged) ... ok
test_ordinals_captures_and_current_device_restoration (tests.test_compile_cuda_boundary.CompileCudaDeviceTests.test_ordinals_captures_and_current_device_restoration) ... skipped 'requires real CUDA with CUDA_VISIBLE_DEVICES=0,1'
test_ownership_captures_and_device_restoration (tests.test_compile_cuda_neg.CompileCudaNegDeviceTests.test_ownership_captures_and_device_restoration) ... skipped 'requires real CUDA with CUDA_VISIBLE_DEVICES=0,1'
test_captures_nested_outputs_and_repeated_inputs (tests.test_compile_cuda_neg.CompileCudaNegTests.test_captures_nested_outputs_and_repeated_inputs) ... ok
test_cold_cpu_warmed_and_device_guards (tests.test_compile_cuda_neg.CompileCudaNegTests.test_cold_cpu_warmed_and_device_guards) ... ok
test_generated_shapes_lengths_and_forms (tests.test_compile_cuda_neg.CompileCudaNegTests.test_generated_shapes_lengths_and_forms) ... ok
test_global_offset_shape_and_layout_guards (tests.test_compile_cuda_neg.CompileCudaNegTests.test_global_offset_shape_and_layout_guards) ... ok
test_offsets_ieee_metadata_dynamic_and_stride_guards (tests.test_compile_cuda_neg.CompileCudaNegTests.test_offsets_ieee_metadata_dynamic_and_stride_guards) ... ok
test_reject_before_execution_and_cache_insertion (tests.test_compile_cuda_neg.CompileCudaNegTests.test_reject_before_execution_and_cache_insertion) ... ok
test_stream_completion_and_independent_storage (tests.test_compile_cuda_neg.CompileCudaNegTests.test_stream_completion_and_independent_storage) ... ok
test_autograd_shared_operands_empties_and_no_grad_match_operator (tests.test_mul.TensorMulTests.test_autograd_shared_operands_empties_and_no_grad_match_operator) ... ok
test_descriptor_metadata_unbound_call_and_argument_errors (tests.test_mul.TensorMulTests.test_descriptor_metadata_unbound_call_and_argument_errors) ... ok
test_tensor_and_real_scalar_calls_reuse_operator_semantics (tests.test_mul.TensorMulTests.test_tensor_and_real_scalar_calls_reuse_operator_semantics) ... ok
test_autograd_shared_operands_and_no_grad_match_pytorch_2_13 (tests.test_mul_reference.TensorMulReferenceTests.test_autograd_shared_operands_and_no_grad_match_pytorch_2_13) ... ok
test_broadcast_views_empties_and_real_scalars_match_pytorch_2_13 (tests.test_mul_reference.TensorMulReferenceTests.test_broadcast_views_empties_and_real_scalars_match_pytorch_2_13) ... ok
test_descriptor_metadata_and_errors_match_pytorch_2_13 (tests.test_mul_reference.TensorMulReferenceTests.test_descriptor_metadata_and_errors_match_pytorch_2_13) ... ok
test_autograd_shared_operands_empties_and_no_grad_match_mul (tests.test_multiply.TensorMultiplyTests.test_autograd_shared_operands_empties_and_no_grad_match_mul) ... ok
test_descriptor_metadata_unbound_call_and_argument_errors (tests.test_multiply.TensorMultiplyTests.test_descriptor_metadata_unbound_call_and_argument_errors) ... ok
test_extension_type_names_do_not_dispatch_metaclass_hooks (tests.test_multiply.TensorMultiplyTests.test_extension_type_names_do_not_dispatch_metaclass_hooks) ... ok
test_invalid_sequence_subclasses_and_keyword_order_match_pytorch (tests.test_multiply.TensorMultiplyTests.test_invalid_sequence_subclasses_and_keyword_order_match_pytorch) ... ok
test_large_keyword_error_returns_bad_alloc_instead_of_aborting (tests.test_multiply.TensorMultiplyTests.test_large_keyword_error_returns_bad_alloc_instead_of_aborting) ... ok
test_number_overload_markers_and_nul_keyword_match_pytorch (tests.test_multiply.TensorMultiplyTests.test_number_overload_markers_and_nul_keyword_match_pytorch) ... ok
test_overflow_sign_and_surrogate_keyword_errors_match_pytorch (tests.test_multiply.TensorMultiplyTests.test_overflow_sign_and_surrogate_keyword_errors_match_pytorch) ... ok
test_tensor_and_real_scalar_calls_match_mul (tests.test_multiply.TensorMultiplyTests.test_tensor_and_real_scalar_calls_match_mul) ... ok
test_autograd_shared_operands_and_no_grad_match_pytorch_2_13 (tests.test_multiply_reference.TensorMultiplyReferenceTests.test_autograd_shared_operands_and_no_grad_match_pytorch_2_13) ... ok
test_broadcast_views_empties_and_real_scalars_match_pytorch_2_13 (tests.test_multiply_reference.TensorMultiplyReferenceTests.test_broadcast_views_empties_and_real_scalars_match_pytorch_2_13) ... ok
test_descriptor_metadata_and_errors_match_pytorch_2_13 (tests.test_multiply_reference.TensorMultiplyReferenceTests.test_descriptor_metadata_and_errors_match_pytorch_2_13) ... ok
test_invalid_sequence_subclasses_and_keyword_order_match_pytorch_2_13 (tests.test_multiply_reference.TensorMultiplyReferenceTests.test_invalid_sequence_subclasses_and_keyword_order_match_pytorch_2_13) ... ok
test_macos_libcxx_abi_v1_keyword_order_matches_pytorch_2_13 (tests.test_multiply_reference.TensorMultiplyReferenceTests.test_macos_libcxx_abi_v1_keyword_order_matches_pytorch_2_13) ... skipped 'requires PyTorch linked against system libc++'
test_type_names_overflow_and_surrogate_errors_match_pytorch_2_13 (tests.test_multiply_reference.TensorMultiplyReferenceTests.test_type_names_overflow_and_surrogate_errors_match_pytorch_2_13) ... ok
test_autograd_shared_operands_empties_and_no_grad_reuse_native_paths (tests.test_top_level_mul.TopLevelMulTests.test_autograd_shared_operands_empties_and_no_grad_reuse_native_paths) ... ok
test_errors_callable_metadata_pickling_exports_and_unsupported_surface (tests.test_top_level_mul.TopLevelMulTests.test_errors_callable_metadata_pickling_exports_and_unsupported_surface) ... ok
test_operand_overrides_order_types_and_declining_errors (tests.test_top_level_mul.TopLevelMulTests.test_operand_overrides_order_types_and_declining_errors) ... ok
test_positional_keyword_broadcast_scalar_layout_and_edge_values (tests.test_top_level_mul.TopLevelMulTests.test_positional_keyword_broadcast_scalar_layout_and_edge_values) ... ok
test_torch_function_modes_receive_original_calls_and_can_forward (tests.test_top_level_mul.TopLevelMulTests.test_torch_function_modes_receive_original_calls_and_can_forward) ... ok
test_autograd_shared_operands_empties_and_no_grad_match_pytorch_2_13 (tests.test_top_level_mul_reference.TopLevelMulReferenceTests.test_autograd_shared_operands_empties_and_no_grad_match_pytorch_2_13) ... ok
test_binding_type_shape_and_scalar_errors_match_pytorch_2_13 (tests.test_top_level_mul_reference.TopLevelMulReferenceTests.test_binding_type_shape_and_scalar_errors_match_pytorch_2_13) ... ok
test_callable_metadata_documentation_and_exports_match_pytorch_2_13 (tests.test_top_level_mul_reference.TopLevelMulReferenceTests.test_callable_metadata_documentation_and_exports_match_pytorch_2_13) ... ok
test_torch_function_mode_and_operand_dispatch_match_pytorch_2_13 (tests.test_top_level_mul_reference.TopLevelMulReferenceTests.test_torch_function_mode_and_operand_dispatch_match_pytorch_2_13) ... ok
test_values_layouts_ieee_empties_and_argument_forms_match_pytorch_2_13 (tests.test_top_level_mul_reference.TopLevelMulReferenceTests.test_values_layouts_ieee_empties_and_argument_forms_match_pytorch_2_13) ... ok
test_errors_metadata_pickling_exports_and_unsupported_surface (tests.test_top_level_multiply.TopLevelMultiplyTests.test_errors_metadata_pickling_exports_and_unsupported_surface) ... ok
test_modes_receive_the_distinct_callable_and_can_forward (tests.test_top_level_multiply.TopLevelMultiplyTests.test_modes_receive_the_distinct_callable_and_can_forward) ... ok
test_overrides_receive_the_distinct_callable_and_declining_errors (tests.test_top_level_multiply.TopLevelMultiplyTests.test_overrides_receive_the_distinct_callable_and_declining_errors) ... ok
test_supported_calls_reuse_mul_values_layouts_and_autograd (tests.test_top_level_multiply.TopLevelMultiplyTests.test_supported_calls_reuse_mul_values_layouts_and_autograd) ... ok
test_binding_type_shape_and_scalar_errors_match_pytorch_2_13 (tests.test_top_level_multiply_reference.TopLevelMultiplyReferenceTests.test_binding_type_shape_and_scalar_errors_match_pytorch_2_13) ... ok
test_callable_metadata_documentation_and_exports_match_pytorch_2_13 (tests.test_top_level_multiply_reference.TopLevelMultiplyReferenceTests.test_callable_metadata_documentation_and_exports_match_pytorch_2_13) ... ok
test_modes_overrides_and_forwarding_match_pytorch_2_13 (tests.test_top_level_multiply_reference.TopLevelMultiplyReferenceTests.test_modes_overrides_and_forwarding_match_pytorch_2_13) ... ok
test_supported_values_layouts_scalars_and_autograd_match_pytorch_2_13 (tests.test_top_level_multiply_reference.TopLevelMultiplyReferenceTests.test_supported_values_layouts_scalars_and_autograd_match_pytorch_2_13) ... ok
test_benchmarking_indexes_historical_release_timing_reports (tests.test_readme_quickstart.ReadmeQuickstartTests.test_benchmarking_indexes_historical_release_timing_reports) ... ok
test_detailed_support_contracts_live_in_focused_docs (tests.test_readme_quickstart.ReadmeQuickstartTests.test_detailed_support_contracts_live_in_focused_docs) ... ok
test_docs_readme_indexes_contracts_guides_and_timing_evidence (tests.test_readme_quickstart.ReadmeQuickstartTests.test_docs_readme_indexes_contracts_guides_and_timing_evidence) ... ok
test_entry_point_links_resolve (tests.test_readme_quickstart.ReadmeQuickstartTests.test_entry_point_links_resolve) ... ok
test_first_success_example_is_short_and_runs (tests.test_readme_quickstart.ReadmeQuickstartTests.test_first_success_example_is_short_and_runs) ... ok
test_readme_keeps_quickstart_scope_and_evaluation_route (tests.test_readme_quickstart.ReadmeQuickstartTests.test_readme_keeps_quickstart_scope_and_evaluation_route) ... ok
test_readme_links_contributing_guide (tests.test_readme_quickstart.ReadmeQuickstartTests.test_readme_links_contributing_guide) ... ok
test_readme_routes_benchmark_policy_to_focused_docs (tests.test_readme_quickstart.ReadmeQuickstartTests.test_readme_routes_benchmark_policy_to_focused_docs) ... ok
test_readme_routes_to_supported_surface_anchors (tests.test_readme_quickstart.ReadmeQuickstartTests.test_readme_routes_to_supported_surface_anchors) ... ok
test_readme_scope_is_scan_friendly_table (tests.test_readme_quickstart.ReadmeQuickstartTests.test_readme_scope_is_scan_friendly_table) ... ok
test_source_install_commands_are_locked (tests.test_readme_quickstart.ReadmeQuickstartTests.test_source_install_commands_are_locked) ... ok
test_stale_wheel_recovery_uses_wheel_test_workflow (tests.test_readme_quickstart.ReadmeQuickstartTests.test_stale_wheel_recovery_uses_wheel_test_workflow) ... ok
test_candidate_worker_rejects_operand_mutation_on_cuda (tests.test_cuda_math_evaluator.CudaReferenceTests.test_candidate_worker_rejects_operand_mutation_on_cuda) ... ok
test_six_reference_cases_run_in_isolated_processes_on_real_cuda (tests.test_cuda_math_evaluator.CudaReferenceTests.test_six_reference_cases_run_in_isolated_processes_on_real_cuda) ... ok
test_complete_and_partial_credit_use_six (tests.test_cuda_math_evaluator.FixedDenominatorTests.test_complete_and_partial_credit_use_six) ... ok
test_duplicate_and_unknown_rows_cannot_inflate_credit (tests.test_cuda_math_evaluator.FixedDenominatorTests.test_duplicate_and_unknown_rows_cannot_inflate_credit) ... ok
test_fixed_cases_and_unchanged_weights (tests.test_cuda_math_evaluator.FixedDenominatorTests.test_fixed_cases_and_unchanged_weights) ... ok
test_forwarding_cpu_fallback_wrong_device_and_malformed_results_are_zero (tests.test_cuda_math_evaluator.FixedDenominatorTests.test_forwarding_cpu_fallback_wrong_device_and_malformed_results_are_zero) ... ok
test_incorrect_and_nonfinite_outputs_are_zero (tests.test_cuda_math_evaluator.FixedDenominatorTests.test_incorrect_and_nonfinite_outputs_are_zero) ... ok
test_inputs_are_evaluator_selected_and_reproducible (tests.test_cuda_math_evaluator.FixedDenominatorTests.test_inputs_are_evaluator_selected_and_reproducible) ... ok
test_insufficient_seed_trials_cannot_earn_credit (tests.test_cuda_math_evaluator.FixedDenominatorTests.test_insufficient_seed_trials_cannot_earn_credit) ... ok
test_missing_failed_skipped_forwarded_unsupported_are_zero (tests.test_cuda_math_evaluator.FixedDenominatorTests.test_missing_failed_skipped_forwarded_unsupported_are_zero) ... ok
test_missing_or_mutated_post_operation_inputs_cannot_earn_credit (tests.test_cuda_math_evaluator.FixedDenominatorTests.test_missing_or_mutated_post_operation_inputs_cannot_earn_credit) ... ok
test_opposite_signed_seeds_cannot_earn_credit_for_duplicate_workloads (tests.test_cuda_math_evaluator.FixedDenominatorTests.test_opposite_signed_seeds_cannot_earn_credit_for_duplicate_workloads) ... ok
test_reference_failure_never_removes_denominator (tests.test_cuda_math_evaluator.FixedDenominatorTests.test_reference_failure_never_removes_denominator) ... ok
test_stale_or_missing_build_receipt_is_zero (tests.test_cuda_math_evaluator.FixedDenominatorTests.test_stale_or_missing_build_receipt_is_zero) ... ok
test_tolerance_is_not_exact_equality (tests.test_cuda_math_evaluator.FixedDenominatorTests.test_tolerance_is_not_exact_equality) ... ok
test_candidate_worker_rejects_a_forwarding_package (tests.test_cuda_math_evaluator.IsolationTests.test_candidate_worker_rejects_a_forwarding_package) ... ok
test_cli_rejects_negative_and_opposite_signed_seeds (tests.test_cuda_math_evaluator.IsolationTests.test_cli_rejects_negative_and_opposite_signed_seeds) ... ok
test_real_import_blocker_rejects_even_swallowed_forwarding (tests.test_cuda_math_evaluator.IsolationTests.test_real_import_blocker_rejects_even_swallowed_forwarding) ... ok
test_worker_crash_timeout_invalid_json_and_missing_interpreter_fail_closed (tests.test_cuda_math_evaluator.IsolationTests.test_worker_crash_timeout_invalid_json_and_missing_interpreter_fail_closed) ... ok
test_checked_in_evaluation_uses_the_versioned_matrix (tests.test_hardware_heterogeneity_evaluation.HardwareHeterogeneityEvaluationTests.test_checked_in_evaluation_uses_the_versioned_matrix) ... ok
test_matrix_has_a_fixed_complete_denominator (tests.test_hardware_heterogeneity_evaluation.HardwareHeterogeneityEvaluationTests.test_matrix_has_a_fixed_complete_denominator) ... ok

----------------------------------------------------------------------
Ran 124 tests in 61.248s

OK (skipped=8)
