{
  "commit": "cbb0df3489b6a9546aafa2926a40da201bf38a23",
  "source_sha256": "7c4d4950f5c99d24513f184ee596e5aed2e72b02181e0288be09f792b72f6f05",
  "production_diff_sha256": "e3b0c44298fc1c149afbf4c8996fb92427ae41e4649b934ca495991b7852b855",
  "extension_sha256": "cc4bf845fece98275489f9d9665c4dc3ae68a74d7687a8d0f7ad9a8851c6eb9e",
  "clean_before_publication": true,
  "required_captures": [
    "preserve-venv",
    "setup",
    "release-build",
    "preflight",
    "python-contiguous",
    "python-device-context",
    "rust-cuda-unit",
    "rust-cuda-integration",
    "python-cpu-layout",
    "python-no-device",
    "python-cuda-regressions"
  ],
  "all_captures_clean_source_matched": true,
  "source_native_and_wheel_hashes_verified": true,
  "imports_verified_by": "preflight.log",
  "historical_artifacts_unchanged": true,
  "protected_paths_unchanged": true,
  "tracked_inputs_sha256": "b1a3bebdb78d08985423782fc4b6e5815d2a559a5afdfaf2175e3ff17554c83e"
}
