   Compiling pytorch-rs v0.1.0 (/data/users/bobren/a/pytorch-rs-burner/.burner/worktrees/agent_df4659ec)
    Finished `test` profile [unoptimized + debuginfo] target(s) in 2.04s
     Running tests/cuda_add.rs (target/cuda-contiguous-postcommit-cbb0df3/rust-target/debug/deps/cuda_add-3043d5dd2af577ad)

running 3 tests
test ieee_edges_and_rejections ... ok
test cross_thread_output_ownership_and_reuse ... ok
test shapes_offsets_aliases_and_completion ... ok

test result: ok. 3 passed; 0 failed; 0 ignored; 0 measured; 0 filtered out; finished in 0.79s

     Running tests/cuda_contiguous.rs (target/cuda-contiguous-postcommit-cbb0df3/rust-target/debug/deps/cuda_contiguous-19470d316c601991)

running 1 test
test cuda_contiguous_and_reshape_layout_contract ... ok

test result: ok. 1 passed; 0 failed; 0 ignored; 0 measured; 0 filtered out; finished in 0.40s

     Running tests/cuda_matmul.rs (target/cuda-contiguous-postcommit-cbb0df3/rust-target/debug/deps/cuda_matmul-405eb25ac7669f7a)

running 2 tests
test invalid_inputs_remain_rejected ... ok
test generated_rectangles_offsets_metadata_and_lifetimes ... ok

test result: ok. 2 passed; 0 failed; 0 ignored; 0 measured; 0 filtered out; finished in 0.55s

     Running tests/cuda_mul_scalar.rs (target/cuda-contiguous-postcommit-cbb0df3/rust-target/debug/deps/cuda_mul_scalar-e969f9beb76a1936)

running 1 test
test generated_scalar_multiplication_shapes_views_and_boundaries ... ok

test result: ok. 1 passed; 0 failed; 0 ignored; 0 measured; 0 filtered out; finished in 0.56s

     Running tests/cuda_native_boundaries.rs (target/cuda-contiguous-postcommit-cbb0df3/rust-target/debug/deps/cuda_native_boundaries-5c3fea720f3372b3)

running 6 tests
test cuda_zeros_checks_rank_device_and_layout_before_runtime ... ok
test host_to_device_rejects_unsupported_inputs_without_runtime ... ok
test fallible_cpu_apis_preserve_values_and_gradients ... ok
test native_nonzero_cpu_cuda_roundtrips_preserve_layout_and_lifetimes ... ok
test standalone_cuda_operations_reject_before_cpu_storage_access ... ok
test native_cuda_matrix_zeros_preserve_layout_values_and_independent_storage ... ok

test result: ok. 6 passed; 0 failed; 0 ignored; 0 measured; 0 filtered out; finished in 0.40s

     Running tests/cuda_same_device_copy.rs (target/cuda-contiguous-postcommit-cbb0df3/rust-target/debug/deps/cuda_same_device_copy-8e5fcdb7d77c7d8c)

running 2 tests
test vector_copy_keeps_layout_and_autograd_boundaries ... ok
test generated_vector_copies_preserve_values_layout_and_live_storage ... ok

test result: ok. 2 passed; 0 failed; 0 ignored; 0 measured; 0 filtered out; finished in 0.42s

     Running tests/cuda_sum_rows.rs (target/cuda-contiguous-postcommit-cbb0df3/rust-target/debug/deps/cuda_sum_rows-9865ac5ad944ff1c)

running 4 tests
test cancellation_nonfinite_values_and_output_lifetime ... ok
test float32_tree_preserves_cancellation_and_intermediate_overflow ... ok
test generated_rectangles_offsets_empty_axes_and_storage ... ok
test wide_same_sign_decimal_rows_do_not_accumulate_float32_drift ... ok

test result: ok. 4 passed; 0 failed; 0 ignored; 0 measured; 0 filtered out; finished in 0.86s

