reference/cpu: affine_relu
reference/cpu: trigonometric
reference/cpu: row_broadcast
reference/cpu: rank3_broadcast
reference/cpu: linear_module
reference/cpu: parameter_and_buffer
reference/cpu: mlp
reference/cpu: attention
reference/cpu: matmul_backward
reference/cpu: mlp_backward
reference/cpu: shape_branch
reference/cpu: static_loop
reference/cpu: scalar_graph_break
W0913 10:31:00.285000 1192401 torch/_dynamo/variables/tensor.py:1759] [0/0] Graph break from `Tensor.item()`, consider setting:
W0913 10:31:00.285000 1192401 torch/_dynamo/variables/tensor.py:1759] [0/0]     torch._dynamo.config.capture_scalar_outputs = True
W0913 10:31:00.285000 1192401 torch/_dynamo/variables/tensor.py:1759] [0/0] or:
W0913 10:31:00.285000 1192401 torch/_dynamo/variables/tensor.py:1759] [0/0]     env TORCHDYNAMO_CAPTURE_SCALAR_OUTPUTS=1
W0913 10:31:00.285000 1192401 torch/_dynamo/variables/tensor.py:1759] [0/0] to include these operations in the captured graph.
W0913 10:31:00.285000 1192401 torch/_dynamo/variables/tensor.py:1759] [0/0] 
W0913 10:31:00.285000 1192401 torch/_dynamo/variables/tensor.py:1759] [0/0] Graph break: from user code at:
W0913 10:31:00.285000 1192401 torch/_dynamo/variables/tensor.py:1759] [0/0]   File "/data/users/bobren/a/pytorch-rs-burner/.burner/worktrees/agent_4e16ac18/scripts/torch_compile_default_corpus.py", line 206, in program
W0913 10:31:00.285000 1192401 torch/_dynamo/variables/tensor.py:1759] [0/0]     if y.sum().item() > 0:
W0913 10:31:00.285000 1192401 torch/_dynamo/variables/tensor.py:1759] [0/0]        ^^^^^^^^^^^^^^^^^^^
W0913 10:31:00.285000 1192401 torch/_dynamo/variables/tensor.py:1759] [0/0] 
W0913 10:31:00.285000 1192401 torch/_dynamo/variables/tensor.py:1759] [0/0] 
reference/cpu: python_graph_break
reference/cpu: shape_reshape
reference/cpu: shape_reduction
reference/cpu: mutating_view
reference/cpu: transpose_view
reference/cpu: nested_outputs
reference/cpu: nested_inputs
reference/cpu: layer_norm
reference/cpu: gelu
reference/cpu: python_helper
reference/cpu: custom_autograd
reference/cpu: scalar_guard
reference/cpu: module_attribute_guard
reference/cpu: bfloat16_roundtrip
reference/cpu: device_roundtrip
