<frozen site>:101: RuntimeWarning: Unexpected value in sys.prefix, expected /data/users/bobren/a/pytorch-rs-burner/.burner/worktrees/composite_a0158ced/target/integration/venv314, got /data/users/bobren/a/pytorch-rs-burner/.burner/worktrees/composite_a0158ced/target/integration/checkout/../venv314
<frozen site>:101: RuntimeWarning: Unexpected value in sys.exec_prefix, expected /data/users/bobren/a/pytorch-rs-burner/.burner/worktrees/composite_a0158ced/target/integration/venv314, got /data/users/bobren/a/pytorch-rs-burner/.burner/worktrees/composite_a0158ced/target/integration/checkout/../venv314
..............................................s...s.s..s..ss..............................................................................................................................................................................................................................................torch_rs/_grad_mode.py:25: DeprecationWarning: the (type, exc, tb) signature of throw() is deprecated, use the single-arg signature instead.
........................../data/users/bobren/a/pytorch-rs-burner/.burner/worktrees/composite_a0158ced/target/integration/venv314/lib/python3.14/site-packages/torch/utils/_contextlib.py:56: DeprecationWarning: the (type, exc, tb) signature of throw() is deprecated, use the single-arg signature instead.
  response = gen.throw(*sys.exc_info())
..............................................................................................................................................................s.......................s.......................s......................................................................................................................................................s...........................s..................................................................................................................................................................................................................................................................................W0909 22:28:37.368000 3606599 torch/_dynamo/convert_frame.py:1994] [0/2] torch._dynamo hit config.recompile_limit (2)
W0909 22:28:37.368000 3606599 torch/_dynamo/convert_frame.py:1994] [0/2]    function: 'cpu_float32_recompile_limit_reset' (/data/users/bobren/a/pytorch-rs-burner/.burner/worktrees/composite_a0158ced/target/integration/checkout/tests/test_compile_corpus.py:278)
W0909 22:28:37.368000 3606599 torch/_dynamo/convert_frame.py:1994] [0/2]    last reason: 0/1: tensor 'x' rank mismatch. expected 1, actual 2
W0909 22:28:37.368000 3606599 torch/_dynamo/convert_frame.py:1994] [0/2] To log all recompilation reasons, use TORCH_LOGS="recompiles".
W0909 22:28:37.368000 3606599 torch/_dynamo/convert_frame.py:1994] [0/2] To diagnose recompilation issues, see https://docs.pytorch.org/docs/main/user_guide/torch_compiler/compile/programming_model.recompilation.html
.............................ss.s..s...s............s..s...ss.s.sss....ssssssssssssssssssssss....sssssssss.....................................................................................................................................................................................................................................................................................sss................................ss............................................s..............s..............s.........................s............s.................s.........................................s...................sssssssssssssssssssssss.................sssssssssssssssssssssss...............s....sssssssssssssssss.................................................................................................................................................................................................................................................................................................................................................................................................................Exception ignored in PyDict_GetItemString(); consider using PyDict_GetItemStringRef():
Traceback (most recent call last):
  File "/data/users/bobren/a/pytorch-rs-burner/.burner/worktrees/composite_a0158ced/target/integration/checkout/tests/test_finfo.py", line 327, in __eq__
    raise RuntimeError("keyword equality trap")
RuntimeError: keyword equality trap
.........Exception ignored in PyDict_GetItemString(); consider using PyDict_GetItemStringRef():
Traceback (most recent call last):
  File "/data/users/bobren/a/pytorch-rs-burner/.burner/worktrees/composite_a0158ced/target/integration/checkout/tests/test_finfo_reference.py", line 197, in __eq__
    raise RuntimeError("keyword equality trap")
RuntimeError: keyword equality trap
Exception ignored in PyDict_GetItem(); consider using PyDict_GetItemRef() or PyDict_GetItemWithError():
Traceback (most recent call last):
  File "/data/users/bobren/a/pytorch-rs-burner/.burner/worktrees/composite_a0158ced/target/integration/checkout/tests/test_finfo_reference.py", line 197, in __eq__
    raise RuntimeError("keyword equality trap")
RuntimeError: keyword equality trap
Exception ignored in PyDict_GetItem(); consider using PyDict_GetItemRef() or PyDict_GetItemWithError():
Traceback (most recent call last):
  File "/data/users/bobren/a/pytorch-rs-burner/.burner/worktrees/composite_a0158ced/target/integration/checkout/tests/test_finfo_reference.py", line 197, in __eq__
    raise RuntimeError("keyword equality trap")
RuntimeError: keyword equality trap
..................................................................................................................s......................................s....s................................................................................................................................................................s................................................................................s.............................................s..........................................................................................s.s.......................s..........s.....................................................................................................................................................................................................................................................................................Exception ignored in PyDict_GetItemString(); consider using PyDict_GetItemStringRef():
Traceback (most recent call last):
  File "/data/users/bobren/a/pytorch-rs-burner/.burner/worktrees/composite_a0158ced/target/integration/checkout/tests/test_movedim.py", line 406, in __eq__
    raise RuntimeError("keyword equality failure")
RuntimeError: keyword equality failure
....................Exception ignored in PyDict_GetItemString(); consider using PyDict_GetItemStringRef():
Traceback (most recent call last):
  File "/data/users/bobren/a/pytorch-rs-burner/.burner/worktrees/composite_a0158ced/target/integration/checkout/tests/test_movedim_reference.py", line 512, in __eq__
    raise RuntimeError("keyword equality failure")
RuntimeError: keyword equality failure
Exception ignored in PyDict_GetItem(); consider using PyDict_GetItemRef() or PyDict_GetItemWithError():
Traceback (most recent call last):
  File "/data/users/bobren/a/pytorch-rs-burner/.burner/worktrees/composite_a0158ced/target/integration/checkout/tests/test_movedim_reference.py", line 512, in __eq__
    raise RuntimeError("keyword equality failure")
RuntimeError: keyword equality failure
Exception ignored in PyDict_GetItem(); consider using PyDict_GetItemRef() or PyDict_GetItemWithError():
Traceback (most recent call last):
  File "/data/users/bobren/a/pytorch-rs-burner/.burner/worktrees/composite_a0158ced/target/integration/checkout/tests/test_movedim_reference.py", line 512, in __eq__
    raise RuntimeError("keyword equality failure")
RuntimeError: keyword equality failure
.............................s..............................................................................................................................................................................................................................................................................................................................................................................................................................................s................................................................................................................................Exception ignored in PyDict_GetItem(); consider using PyDict_GetItemRef() or PyDict_GetItemWithError():
Traceback (most recent call last):
  File "/data/users/bobren/a/pytorch-rs-burner/.burner/worktrees/composite_a0158ced/target/integration/checkout/tests/test_promote_types_reference.py", line 740, in __eq__
    raise RuntimeError("keyword equality failed")
RuntimeError: keyword equality failed
................................................................................................................................................................................................................................................................................................................................................................................................................................................................................................................................................................./data/users/bobren/a/pytorch-rs-burner/.burner/worktrees/composite_a0158ced/target/integration/checkout/tests/test_size_value_reference.py:270: PendingDeprecationWarning: the matrix subclass is not the recommended way to represent matrices or deal with linear algebra (see https://docs.scipy.org/doc/numpy/user/numpy-for-matlab-users.html). Please adjust your code to use regular ndarray.
  np.matrix([[1]]),
.........s................................................................................................................................................................................................................................................................................................................................................................................................................................................................................................................................................................................................/data/users/bobren/a/pytorch-rs-burner/.burner/worktrees/composite_a0158ced/target/integration/checkout/tests/test_tensor_requires_grad_reference.py:178: UserWarning: The .grad attribute of a Tensor that is not a leaf Tensor is being accessed. Its .grad attribute won't be populated during autograd.backward(). If you indeed want the .grad field to be populated for a non-leaf Tensor, use .retain_grad() on the non-leaf Tensor. If you access the non-leaf Tensor by mistake, make sure you access the leaf Tensor instead. See github.com/pytorch/pytorch/pull/30531 for more information. (Triggered internally at /__w/pytorch/pytorch/build/aten/src/ATen/core/TensorBody.h:493.)
  "non_leaf_grad": self.grad_payload(non_leaf.grad),
/data/users/bobren/a/pytorch-rs-burner/.burner/worktrees/composite_a0158ced/target/integration/checkout/tests/test_tensor_requires_grad_reference.py:179: UserWarning: The .grad attribute of a Tensor that is not a leaf Tensor is being accessed. Its .grad attribute won't be populated during autograd.backward(). If you indeed want the .grad field to be populated for a non-leaf Tensor, use .retain_grad() on the non-leaf Tensor. If you access the non-leaf Tensor by mistake, make sure you access the leaf Tensor instead. See github.com/pytorch/pytorch/pull/30531 for more information. (Triggered internally at /__w/pytorch/pytorch/build/aten/src/ATen/core/TensorBody.h:493.)
  "view_grad": self.grad_payload(view.grad),
......................................................................................................s.......................................................s....................................................................................s.......................................................................................................s..................................................F....................................................................................................................................................................................................s..............................................................................................s........
======================================================================
FAIL: test_generated_validator_smoke_artifact_validates (test_top_level_stack_benchmark_artifact.TopLevelStackBenchmarkArtifactTests.test_generated_validator_smoke_artifact_validates)
----------------------------------------------------------------------
Traceback (most recent call last):
  File "/data/users/bobren/a/pytorch-rs-burner/.burner/worktrees/composite_a0158ced/target/integration/checkout/tests/test_top_level_stack_benchmark_artifact.py", line 371, in test_generated_validator_smoke_artifact_validates
    self.assertEqual(
    ~~~~~~~~~~~~~~~~^
        completed.returncode,
        ^^^^^^^^^^^^^^^^^^^^^
        0,
        ^^
        msg=completed.stdout + completed.stderr,
        ^^^^^^^^^^^^^^^^^^^^^^^^^^^^^^^^^^^^^^^^
    )
    ^
AssertionError: 1 != 0 : Traceback (most recent call last):
  File "/data/users/bobren/a/pytorch-rs-burner/.burner/worktrees/composite_a0158ced/target/integration/checkout/scripts/validate_top_level_stack_benchmark.py", line 1943, in <module>
    main()
    ~~~~^^
  File "/data/users/bobren/a/pytorch-rs-burner/.burner/worktrees/composite_a0158ced/target/integration/checkout/scripts/validate_top_level_stack_benchmark.py", line 1917, in main
    report = run_validator(args, cases, workloads, validator_context)
  File "/data/users/bobren/a/pytorch-rs-burner/.burner/worktrees/composite_a0158ced/target/integration/checkout/scripts/validate_top_level_stack_benchmark.py", line 673, in run_validator
    raise AssertionError("\n".join(path_errors))
AssertionError: numpy.path is outside /data/users/bobren/a/pytorch-rs-burner/.burner/worktrees/composite_a0158ced/target/integration/checkout/.venv: /data/users/bobren/a/pytorch-rs-burner/.burner/worktrees/composite_a0158ced/target/integration/venv314/lib/python3.14/site-packages/numpy/__init__.py
pytorch.path is outside /data/users/bobren/a/pytorch-rs-burner/.burner/worktrees/composite_a0158ced/target/integration/checkout/.venv: /data/users/bobren/a/pytorch-rs-burner/.burner/worktrees/composite_a0158ced/target/integration/venv314/lib/python3.14/site-packages/torch/__init__.py
torch_rs.path is outside /data/users/bobren/a/pytorch-rs-burner/.burner/worktrees/composite_a0158ced/target/integration/checkout/.venv: /data/users/bobren/a/pytorch-rs-burner/.burner/worktrees/composite_a0158ced/target/integration/venv314/lib/python3.14/site-packages/torch_rs/__init__.py
torch_rs.extension_path is outside /data/users/bobren/a/pytorch-rs-burner/.burner/worktrees/composite_a0158ced/target/integration/checkout/.venv: /data/users/bobren/a/pytorch-rs-burner/.burner/worktrees/composite_a0158ced/target/integration/venv314/lib/python3.14/site-packages/torch_rs/torch_rs.abi3.so


----------------------------------------------------------------------
Ran 5398 tests in 326.817s

FAILED (failures=1, skipped=150)
