..........................................................................................................................................................................................................................................................................................................torch_rs/_grad_mode.py:25: DeprecationWarning: the (type, exc, tb) signature of throw() is deprecated, use the single-arg signature instead.
........................../data/users/bobren/a/pytorch-rs-burner/.burner/worktrees/composite_a0158ced/target/integration/venv312/lib/python3.12/site-packages/torch/utils/_contextlib.py:56: DeprecationWarning: the (type, exc, tb) signature of throw() is deprecated, use the single-arg signature instead.
  response = gen.throw(*sys.exc_info())
.................................................................................................................................................................................................................................................................................................................................................................................................................................................................................................................................................................................................................................................................................../data/users/bobren/a/pytorch-rs-burner/.burner/worktrees/composite_a0158ced/target/integration/venv312/lib/python3.12/site-packages/torch/jit/_script.py:365: DeprecationWarning: `torch.jit.script_method` is deprecated. Please switch to `torch.compile` or `torch.export`.
  warnings.warn(
.W0909 22:29:19.127000 3688527 torch/_dynamo/convert_frame.py:1994] [0/2] torch._dynamo hit config.recompile_limit (2)
W0909 22:29:19.127000 3688527 torch/_dynamo/convert_frame.py:1994] [0/2]    function: 'cpu_float32_recompile_limit_reset' (/data/users/bobren/a/pytorch-rs-burner/.burner/worktrees/composite_a0158ced/target/integration/checkout/tests/test_compile_corpus.py:278)
W0909 22:29:19.127000 3688527 torch/_dynamo/convert_frame.py:1994] [0/2]    last reason: 0/1: tensor 'x' rank mismatch. expected 1, actual 2
W0909 22:29:19.127000 3688527 torch/_dynamo/convert_frame.py:1994] [0/2] To log all recompilation reasons, use TORCH_LOGS="recompiles".
W0909 22:29:19.127000 3688527 torch/_dynamo/convert_frame.py:1994] [0/2] To diagnose recompilation issues, see https://docs.pytorch.org/docs/main/user_guide/torch_compiler/compile/programming_model.recompilation.html
.................................................................................ss..............s.......F........................................................................................................................................................................................................................................................................................................................ss.................................................................................................................................................................................................sss.........s........s..................ss.............s...........................s...............................................................................................................................................................................................................................................................................................................................................................................................................................................................................................................................................................................................................................................................................................................................................................................................................................................................................................................................................................................................................................................................................................................................................................................................................................................................................................................................................................................s................................................................................................................................................................................................................................................................................................................................................................................................................................................................................................................................................................................................................................................................................................................................................................................................................................................................................................................................................................................................................................................................................................................................................/data/users/bobren/a/pytorch-rs-burner/.burner/worktrees/composite_a0158ced/target/integration/checkout/tests/test_size_value_reference.py:270: PendingDeprecationWarning: the matrix subclass is not the recommended way to represent matrices or deal with linear algebra (see https://docs.scipy.org/doc/numpy/user/numpy-for-matlab-users.html). Please adjust your code to use regular ndarray.
  np.matrix([[1]]),
........................................................................................................................................................................................................................................................................................................................................................................................................................................................................................................................................................................................................../data/users/bobren/a/pytorch-rs-burner/.burner/worktrees/composite_a0158ced/target/integration/checkout/tests/test_tensor_requires_grad_reference.py:178: UserWarning: The .grad attribute of a Tensor that is not a leaf Tensor is being accessed. Its .grad attribute won't be populated during autograd.backward(). If you indeed want the .grad field to be populated for a non-leaf Tensor, use .retain_grad() on the non-leaf Tensor. If you access the non-leaf Tensor by mistake, make sure you access the leaf Tensor instead. See github.com/pytorch/pytorch/pull/30531 for more information. (Triggered internally at /__w/pytorch/pytorch/build/aten/src/ATen/core/TensorBody.h:493.)
  "non_leaf_grad": self.grad_payload(non_leaf.grad),
/data/users/bobren/a/pytorch-rs-burner/.burner/worktrees/composite_a0158ced/target/integration/checkout/tests/test_tensor_requires_grad_reference.py:179: UserWarning: The .grad attribute of a Tensor that is not a leaf Tensor is being accessed. Its .grad attribute won't be populated during autograd.backward(). If you indeed want the .grad field to be populated for a non-leaf Tensor, use .retain_grad() on the non-leaf Tensor. If you access the non-leaf Tensor by mistake, make sure you access the leaf Tensor instead. See github.com/pytorch/pytorch/pull/30531 for more information. (Triggered internally at /__w/pytorch/pytorch/build/aten/src/ATen/core/TensorBody.h:493.)
  "view_grad": self.grad_payload(view.grad),
..............................................................................................................................................................................................................................................................................................................................................................................................................F............................................................................................................................................................................................................................................................................................................
======================================================================
FAIL: test_documented_command_on_real_cuda (test_compile_cuda_neg_add_diagnostic.DiagnosticAccountingTests.test_documented_command_on_real_cuda)
----------------------------------------------------------------------
Traceback (most recent call last):
  File "/data/users/bobren/a/pytorch-rs-burner/.burner/worktrees/composite_a0158ced/target/integration/checkout/tests/test_compile_cuda_neg_add_diagnostic.py", line 114, in test_documented_command_on_real_cuda
    self.assertEqual(result.returncode, 0, result.stdout + result.stderr)
AssertionError: 1 != 0 : Traceback (most recent call last):
  File "/data/users/bobren/a/pytorch-rs-burner/.burner/worktrees/composite_a0158ced/target/integration/checkout/scripts/diagnose_compile_cuda_neg_add.py", line 17, in <module>
    import diagnose_compile_cuda_add as frozen
  File "/data/users/bobren/a/pytorch-rs-burner/.burner/worktrees/composite_a0158ced/target/integration/checkout/scripts/diagnose_compile_cuda_add.py", line 17, in <module>
    import torch_rs as native
ModuleNotFoundError: No module named 'torch_rs'


======================================================================
FAIL: test_generated_validator_smoke_artifact_validates (test_top_level_stack_benchmark_artifact.TopLevelStackBenchmarkArtifactTests.test_generated_validator_smoke_artifact_validates)
----------------------------------------------------------------------
Traceback (most recent call last):
  File "/data/users/bobren/a/pytorch-rs-burner/.burner/worktrees/composite_a0158ced/target/integration/checkout/tests/test_top_level_stack_benchmark_artifact.py", line 371, in test_generated_validator_smoke_artifact_validates
    self.assertEqual(
AssertionError: 1 != 0 : Traceback (most recent call last):
  File "/data/users/bobren/a/pytorch-rs-burner/.burner/worktrees/composite_a0158ced/target/integration/checkout/scripts/validate_top_level_stack_benchmark.py", line 1943, in <module>
    main()
  File "/data/users/bobren/a/pytorch-rs-burner/.burner/worktrees/composite_a0158ced/target/integration/checkout/scripts/validate_top_level_stack_benchmark.py", line 1917, in main
    report = run_validator(args, cases, workloads, validator_context)
             ^^^^^^^^^^^^^^^^^^^^^^^^^^^^^^^^^^^^^^^^^^^^^^^^^^^^^^^^
  File "/data/users/bobren/a/pytorch-rs-burner/.burner/worktrees/composite_a0158ced/target/integration/checkout/scripts/validate_top_level_stack_benchmark.py", line 673, in run_validator
    raise AssertionError("\n".join(path_errors))
AssertionError: numpy.path is outside /data/users/bobren/a/pytorch-rs-burner/.burner/worktrees/composite_a0158ced/target/integration/checkout/.venv: /data/users/bobren/a/pytorch-rs-burner/.burner/worktrees/composite_a0158ced/target/integration/venv312/lib/python3.12/site-packages/numpy/__init__.py
pytorch.path is outside /data/users/bobren/a/pytorch-rs-burner/.burner/worktrees/composite_a0158ced/target/integration/checkout/.venv: /data/users/bobren/a/pytorch-rs-burner/.burner/worktrees/composite_a0158ced/target/integration/venv312/lib/python3.12/site-packages/torch/__init__.py
torch_rs.path is outside /data/users/bobren/a/pytorch-rs-burner/.burner/worktrees/composite_a0158ced/target/integration/checkout/.venv: /data/users/bobren/a/pytorch-rs-burner/.burner/worktrees/composite_a0158ced/target/integration/venv312/lib/python3.12/site-packages/torch_rs/__init__.py
torch_rs.extension_path is outside /data/users/bobren/a/pytorch-rs-burner/.burner/worktrees/composite_a0158ced/target/integration/checkout/.venv: /data/users/bobren/a/pytorch-rs-burner/.burner/worktrees/composite_a0158ced/target/integration/venv312/lib/python3.12/site-packages/torch_rs/torch_rs.abi3.so


----------------------------------------------------------------------
Ran 5398 tests in 487.042s

FAILED (failures=2, skipped=15)
