   Compiling target-lexicon v0.13.5
   Compiling proc-macro2 v1.0.107
   Compiling quote v1.0.47
   Compiling unicode-ident v1.0.24
   Compiling crossbeam-utils v0.8.23
   Compiling crossbeam-epoch v0.9.21
   Compiling crossbeam-deque v0.8.8
   Compiling libc v0.2.189
   Compiling rayon-core v1.13.0
   Compiling heck v0.5.0
   Compiling inventory v0.3.24
   Compiling cfg-if v1.0.4
   Compiling either v1.18.0
   Compiling once_cell v1.21.4
   Compiling libloading v0.8.9
   Compiling pyo3-build-config v0.29.2
   Compiling syn v2.0.119
   Compiling pyo3-ffi v0.29.2
   Compiling pyo3 v0.29.2
   Compiling rayon v1.12.0
error: could not find native static library `python3.12`, perhaps an -L flag is missing?

error: could not compile `pyo3-ffi` (lib) due to 1 previous error
warning: build failed, waiting for other jobs to finish...
