............E
======================================================================
ERROR: test_generated_validator_smoke_artifact_validates (tests.test_top_level_stack_benchmark_artifact.TopLevelStackBenchmarkArtifactTests.test_generated_validator_smoke_artifact_validates)
----------------------------------------------------------------------
Traceback (most recent call last):
  File "/data/users/bobren/a/pytorch-rs-burner/.burner/worktrees/composite_7fa6605d/tests/test_top_level_stack_benchmark_artifact.py", line 806, in test_generated_validator_smoke_artifact_validates
    wrong_seed_validation = subprocess.run(
        [
    ...<20 lines>...
        timeout=30,
    )
  File "/home/bobren/.local/share/uv/python/cpython-3.14.5-linux-x86_64-gnu/lib/python3.14/subprocess.py", line 557, in run
    stdout, stderr = process.communicate(input, timeout=timeout)
                     ~~~~~~~~~~~~~~~~~~~^^^^^^^^^^^^^^^^^^^^^^^^
  File "/home/bobren/.local/share/uv/python/cpython-3.14.5-linux-x86_64-gnu/lib/python3.14/subprocess.py", line 1221, in communicate
    stdout, stderr = self._communicate(input, endtime, timeout)
                     ~~~~~~~~~~~~~~~~~^^^^^^^^^^^^^^^^^^^^^^^^^
  File "/home/bobren/.local/share/uv/python/cpython-3.14.5-linux-x86_64-gnu/lib/python3.14/subprocess.py", line 2154, in _communicate
    self._check_timeout(endtime, orig_timeout, stdout, stderr)
    ~~~~~~~~~~~~~~~~~~~^^^^^^^^^^^^^^^^^^^^^^^^^^^^^^^^^^^^^^^
  File "/home/bobren/.local/share/uv/python/cpython-3.14.5-linux-x86_64-gnu/lib/python3.14/subprocess.py", line 1268, in _check_timeout
    raise TimeoutExpired(
    ...<2 lines>...
            stderr=b''.join(stderr_seq) if stderr_seq else None)
subprocess.TimeoutExpired: Command '['/data/users/bobren/a/pytorch-rs-burner/.burner/worktrees/composite_7fa6605d/.venv/bin/python', '/data/users/bobren/a/pytorch-rs-burner/.burner/worktrees/composite_7fa6605d/scripts/validate_top_level_stack_benchmark.py', '--validate-artifact', '/data/users/bobren/a/pytorch-rs-burner/.burner/worktrees/composite_7fa6605d/target/stack-validator-4f_dztvc/stack-validator.json', '--seed', '222', '--cases-per-category', '1', '--max-elements', '4096', '--warmups', '1', '--samples', '1', '--threads', '1']' timed out after 30 seconds

----------------------------------------------------------------------
Ran 13 tests in 47.974s

FAILED (errors=1)
