   Compiling target-lexicon v0.13.5
   Compiling proc-macro2 v1.0.107
   Compiling unicode-ident v1.0.24
   Compiling quote v1.0.47
   Compiling libc v0.2.189
   Compiling heck v0.5.0
    Checking inventory v0.3.24
    Checking once_cell v1.21.4
   Compiling pyo3-build-config v0.29.2
   Compiling syn v2.0.119
   Compiling pyo3-ffi v0.29.2
   Compiling pyo3 v0.29.2
   Compiling pyo3-macros-backend v0.29.2
   Compiling pyo3-macros v0.29.2
    Checking pytorch-rs v0.1.0 (/data/users/bobren/a/pytorch-rs-burner/.burner/worktrees/composite_17c2e82f)
error: strict comparison of `f32` or `f64`
   --> tests/cuda_sum_rows.rs:191:29
    |
191 | ...                   assert_eq!(actual, expected);
    |                       ^^^^^^^^^^^^^^^^^^^^^^^^^^^^
    |
    = help: for further information visit https://rust-lang.github.io/rust-clippy/rust-1.92.0/index.html#float_cmp
    = note: `-D clippy::float-cmp` implied by `-D warnings`
    = help: to override `-D warnings` add `#[allow(clippy::float_cmp)]`
    = note: this error originates in the macro `assert_eq` (in Nightly builds, run with -Z macro-backtrace for more info)

error: could not compile `pytorch-rs` (test "cuda_sum_rows") due to 1 previous error
warning: build failed, waiting for other jobs to finish...
