   Compiling crossbeam-utils v0.8.23
   Compiling crossbeam-epoch v0.9.21
   Compiling crossbeam-deque v0.8.8
   Compiling rayon-core v1.13.0
    Checking either v1.18.0
    Checking cfg-if v1.0.4
    Checking libloading v0.8.9
    Checking rayon v1.12.0
    Checking pytorch-rs v0.1.0 (/data/users/bobren/a/pytorch-rs-burner/.burner/worktrees/composite_17c2e82f)
error: item in documentation is missing backticks
 --> src/cuda/sum_rows.rs:2:5
  |
2 | //! PyTorch 2.13's Reduce.cuh (four accumulators, x then y, CTA partials y then x).
  |     ^^^^^^^
  |
  = help: for further information visit https://rust-lang.github.io/rust-clippy/rust-1.92.0/index.html#doc_markdown
  = note: `-D clippy::doc-markdown` implied by `-D warnings`
  = help: to override `-D warnings` add `#[allow(clippy::doc_markdown)]`
help: try
  |
2 - //! PyTorch 2.13's Reduce.cuh (four accumulators, x then y, CTA partials y then x).
2 + //! `PyTorch` 2.13's Reduce.cuh (four accumulators, x then y, CTA partials y then x).
  |

error: could not compile `pytorch-rs` (lib) due to 1 previous error
warning: build failed, waiting for other jobs to finish...
error: could not compile `pytorch-rs` (lib test) due to 1 previous error
