{
  "commit": "a07d99d8aac23b05148f0b9b73e485edd2787735",
  "source_sha256": "82d0b635270b5359fc64b152444f2e443e6a8ec4ecc32ea3609dbabfab691381",
  "production_diff_sha256": "e3b0c44298fc1c149afbf4c8996fb92427ae41e4649b934ca495991b7852b855",
  "extension_sha256": "e2d940b975b100590061e917e0a72c60bcafc0c6ba762d731213d83570681382",
  "command": [
    "docs/diagnostics/cuda-relu/development/acceptance-probe.py",
    "/data/users/bobren/a/pytorch-rs-burner/.burner/worktrees/agent_82b287ee/target/relu-postcommit-a07d99d8/acceptance.json"
  ],
  "python": "3.12.14 (main, Sep  1 2026, 14:16:52) [Clang 22.1.3 ]",
  "torch": "2.13.0+cu130",
  "torch_cuda": "13.0",
  "probe_sha256": "a4feadd936139802a2bb3ecb8d2c3548ff86604d8baf1d4e954640d1164cbf5d",
  "inventory": "index, uuid, name, driver_version, compute_cap, utilization.gpu [%], memory.used [MiB], memory.total [MiB]\n0, GPU-8f8e55a5-a9eb-eb79-bc43-807a19bcb1c1, NVIDIA H100, 580.82.07, 9.0, 0 %, 116 MiB, 97871 MiB\n1, GPU-11979b85-93e3-21d3-e68f-df37b8a4c296, NVIDIA H100, 580.82.07, 9.0, 0 %, 130 MiB, 97871 MiB\n2, GPU-3aa416f0-b0e5-dbfc-0613-04b3426a6c0e, NVIDIA H100, 580.82.07, 9.0, 0 %, 4 MiB, 97871 MiB\n3, GPU-dd11c699-940c-55ea-ffe3-ca416a4c44f4, NVIDIA H100, 580.82.07, 9.0, 0 %, 4 MiB, 97871 MiB\n4, GPU-e18b912e-7c28-47a8-4a51-e08ffe4ff95f, NVIDIA H100, 580.82.07, 9.0, 0 %, 102 MiB, 97871 MiB\n5, GPU-bc3ef6aa-3227-bcfd-a031-47ca357b5693, NVIDIA H100, 580.82.07, 9.0, 0 %, 108 MiB, 97871 MiB\n6, GPU-9ecef766-973c-0d6e-af08-4f5917cb1d92, NVIDIA H100, 580.82.07, 9.0, 0 %, 60 MiB, 97871 MiB\n7, GPU-4e974cba-9435-d345-b9ff-d1511ec12e96, NVIDIA H100, 580.82.07, 9.0, 0 %, 114 MiB, 97871 MiB\n",
  "native_runtime": {
    "library": "/data/users/bobren/a/pytorch-rs-burner/.burner/worktrees/agent_82b287ee/.venv/lib/python3.12/site-packages/nvidia/cu13/lib/libcudart.so.13",
    "version": 13000
  },
  "driver_api_version": 13000,
  "nvcc": "nvcc: NVIDIA (R) Cuda compiler driver\nCopyright (c) 2005-2024 NVIDIA Corporation\nBuilt on Tue_Oct_29_23:50:19_PDT_2024\nCuda compilation tools, release 12.6, V12.6.85\nBuild cuda_12.6.r12.6/compiler.35059454_0\n",
  "nvcc_used": false,
  "device_properties": "_CudaDeviceProperties(name='NVIDIA H100', major=9, minor=0, total_memory=97356MB, multi_processor_count=132, uuid=8f8e55a5-a9eb-eb79-bc43-807a19bcb1c1, pci_bus_id=6, pci_device_id=0, pci_domain_id=0, L2_cache_size=60MB)",
  "edge_input_bits": [
    "00000000",
    "80000000",
    "00000001",
    "80000001",
    "007fffff",
    "807fffff",
    "00800000",
    "80800000",
    "3fa00000",
    "bfa00000",
    "7f7fffff",
    "ff7fffff",
    "7f800000",
    "ff800000",
    "7fc00000",
    "ffc12345",
    "7f800001",
    "ff800001",
    "7fa12345",
    "ffa12345",
    "7fffffff",
    "ffffffff"
  ],
  "reference_eager_bits": [
    "00000000",
    "00000000",
    "00000001",
    "00000000",
    "007fffff",
    "00000000",
    "00800000",
    "00000000",
    "3fa00000",
    "00000000",
    "7f7fffff",
    "00000000",
    "7f800000",
    "00000000",
    "7fc00000",
    "ffc12345",
    "7f800001",
    "ff800001",
    "7fa12345",
    "ffa12345",
    "7fffffff",
    "ffffffff"
  ],
  "reference_compiled_bits": [
    "00000000",
    "00000000",
    "00000001",
    "00000000",
    "007fffff",
    "00000000",
    "00800000",
    "00000000",
    "3fa00000",
    "00000000",
    "7f7fffff",
    "00000000",
    "7f800000",
    "00000000",
    "7fc00000",
    "ffc12345",
    "7f800001",
    "ff800001",
    "7fa12345",
    "ffa12345",
    "7fffffff",
    "ffffffff"
  ],
  "native_eager_bits": [
    "00000000",
    "00000000",
    "00000001",
    "00000000",
    "007fffff",
    "00000000",
    "00800000",
    "00000000",
    "3fa00000",
    "00000000",
    "7f7fffff",
    "00000000",
    "7f800000",
    "00000000",
    "7fc00000",
    "ffc12345",
    "7f800001",
    "ff800001",
    "7fa12345",
    "ffa12345",
    "7fffffff",
    "ffffffff"
  ],
  "native_compiled_bits": [
    "00000000",
    "00000000",
    "00000001",
    "00000000",
    "007fffff",
    "00000000",
    "00800000",
    "00000000",
    "3fa00000",
    "00000000",
    "7f7fffff",
    "00000000",
    "7f800000",
    "00000000",
    "7fc00000",
    "ffc12345",
    "7f800001",
    "ff800001",
    "7fa12345",
    "ffa12345",
    "7fffffff",
    "ffffffff"
  ],
  "seed": 1978,
  "programs": [
    {
      "program": "relu",
      "inputs": [
        {
          "shape": [
            3,
            7
          ],
          "sha256": "31a4f7b486991275f8c8c90af4f177fa74a049eab5525606e08ecac177704856"
        }
      ],
      "reference_eager": {
        "status": "pass",
        "output": [
          [
            0.1997406929731369,
            2.134021282196045,
            0.0,
            0.0,
            0.1906309276819229,
            0.0,
            0.0
          ],
          [
            0.9183798432350159,
            0.0,
            0.0,
            0.5251197814941406,
            0.0,
            0.1663876175880432,
            0.964622974395752
          ],
          [
            0.0,
            0.0,
            0.0,
            0.5678330659866333,
            1.069563388824463,
            0.0,
            0.14062434434890747
          ]
        ]
      },
      "reference_compiled": {
        "status": "pass",
        "output": [
          [
            0.1997406929731369,
            2.134021282196045,
            0.0,
            0.0,
            0.1906309276819229,
            0.0,
            0.0
          ],
          [
            0.9183798432350159,
            0.0,
            0.0,
            0.5251197814941406,
            0.0,
            0.1663876175880432,
            0.964622974395752
          ],
          [
            0.0,
            0.0,
            0.0,
            0.5678330659866333,
            1.069563388824463,
            0.0,
            0.14062434434890747
          ]
        ]
      },
      "native_eager": {
        "status": "pass",
        "output": [
          [
            0.1997406929731369,
            2.134021282196045,
            0.0,
            0.0,
            0.1906309276819229,
            0.0,
            0.0
          ],
          [
            0.9183798432350159,
            0.0,
            0.0,
            0.5251197814941406,
            0.0,
            0.1663876175880432,
            0.964622974395752
          ],
          [
            0.0,
            0.0,
            0.0,
            0.5678330659866333,
            1.069563388824463,
            0.0,
            0.14062434434890747
          ]
        ]
      },
      "native_compiled": {
        "status": "pass",
        "output": [
          [
            0.1997406929731369,
            2.134021282196045,
            0.0,
            0.0,
            0.1906309276819229,
            0.0,
            0.0
          ],
          [
            0.9183798432350159,
            0.0,
            0.0,
            0.5251197814941406,
            0.0,
            0.1663876175880432,
            0.964622974395752
          ],
          [
            0.0,
            0.0,
            0.0,
            0.5678330659866333,
            1.069563388824463,
            0.0,
            0.14062434434890747
          ]
        ]
      }
    },
    {
      "program": "reduce",
      "inputs": [
        {
          "shape": [
            3,
            7
          ],
          "sha256": "2f802d06ddb807d9d112e540752aceceb6fc1ebd134ae53fddaa4dc6b94f367f"
        }
      ],
      "reference_eager": {
        "status": "pass",
        "output": [
          0.9321959614753723,
          1.7854796648025513,
          0.48624154925346375
        ]
      },
      "reference_compiled": {
        "status": "pass",
        "output": [
          0.9321959614753723,
          1.7854796648025513,
          0.48624154925346375
        ]
      },
      "native_eager": {
        "status": "pass",
        "output": [
          0.9321959614753723,
          1.7854796648025513,
          0.48624154925346375
        ]
      },
      "native_compiled": {
        "status": "pass",
        "output": [
          0.9321959614753723,
          1.7854796648025513,
          0.48624154925346375
        ]
      }
    },
    {
      "program": "affine",
      "inputs": [
        {
          "shape": [
            3,
            7
          ],
          "sha256": "c9dc8ee8fba3d45ccb6c15f4482306f72581b422efa0cd508708596baae3711c"
        },
        {
          "shape": [
            7,
            5
          ],
          "sha256": "60f69e942ee21e73e275388fd6c7e457bdc8afe91167e2610525c37b45f293b3"
        }
      ],
      "reference_eager": {
        "status": "pass",
        "output": [
          [
            0.4453040361404419,
            0.0,
            0.0,
            0.02347409725189209,
            0.0
          ],
          [
            0.26159393787384033,
            2.781670570373535,
            0.0,
            0.18355023860931396,
            0.0
          ],
          [
            0.0,
            0.0,
            0.0,
            0.0,
            0.11390876770019531
          ]
        ]
      },
      "reference_compiled": {
        "status": "pass",
        "output": [
          [
            0.4453040361404419,
            0.0,
            0.0,
            0.02347409725189209,
            0.0
          ],
          [
            0.26159393787384033,
            2.781670570373535,
            0.0,
            0.18355023860931396,
            0.0
          ],
          [
            0.0,
            0.0,
            0.0,
            0.0,
            0.11390876770019531
          ]
        ]
      },
      "native_eager": {
        "status": "pass",
        "output": [
          [
            0.4453040361404419,
            0.0,
            0.0,
            0.02347409725189209,
            0.0
          ],
          [
            0.26159393787384033,
            2.781670570373535,
            0.0,
            0.18355023860931396,
            0.0
          ],
          [
            0.0,
            0.0,
            0.0,
            0.0,
            0.11390876770019531
          ]
        ]
      },
      "native_compiled": {
        "status": "pass",
        "output": [
          [
            0.4453040361404419,
            0.0,
            0.0,
            0.02347409725189209,
            0.0
          ],
          [
            0.26159393787384033,
            2.781670570373535,
            0.0,
            0.18355023860931396,
            0.0
          ],
          [
            0.0,
            0.0,
            0.0,
            0.0,
            0.11390876770019531
          ]
        ]
      }
    }
  ],
  "inventory_after": "index, uuid, utilization.gpu [%], memory.used [MiB]\n0, GPU-8f8e55a5-a9eb-eb79-bc43-807a19bcb1c1, 1 %, 927 MiB\n1, GPU-11979b85-93e3-21d3-e68f-df37b8a4c296, 0 %, 130 MiB\n2, GPU-3aa416f0-b0e5-dbfc-0613-04b3426a6c0e, 0 %, 4 MiB\n3, GPU-dd11c699-940c-55ea-ffe3-ca416a4c44f4, 0 %, 4 MiB\n4, GPU-e18b912e-7c28-47a8-4a51-e08ffe4ff95f, 0 %, 102 MiB\n5, GPU-bc3ef6aa-3227-bcfd-a031-47ca357b5693, 0 %, 108 MiB\n6, GPU-9ecef766-973c-0d6e-af08-4f5917cb1d92, 0 %, 60 MiB\n7, GPU-4e974cba-9435-d345-b9ff-d1511ec12e96, 0 %, 114 MiB\n"
}
