{
  "started_at": "2026-09-10T16:26:32.402830+00:00",
  "caches": [
    {
      "original": "/data/users/bobren/a/pytorch-rs-burner/.burner/worktrees/composite_8c539914/target/torch_rs_private_cuda_pointwise",
      "archive": "/data/users/bobren/a/pytorch-rs-burner/.burner/worktrees/composite_8c539914/target/postcommit-cbcbd84/prior-private-kernel-caches/torch_rs_private_cuda_pointwise",
      "files": {
        "abc1ef92dd5c211d/torch_rs_private_pointwise.cu": "22c19cfe066dc5ec5ef73e350a8c5ee6bf8aa5509f97b0df17e72aa7d7ef7139",
        "abc1ef92dd5c211d/libtorch_rs_private_pointwise.so": "6014c883b2c419a759457778e36f84bcf76925fd55977d03178f139b38cb699c"
      }
    },
    {
      "original": "/data/users/bobren/a/pytorch-rs-burner/.burner/worktrees/composite_8c539914/target/torch_rs_private_cuda_pointwise_reduce",
      "archive": "/data/users/bobren/a/pytorch-rs-burner/.burner/worktrees/composite_8c539914/target/postcommit-cbcbd84/prior-private-kernel-caches/torch_rs_private_cuda_pointwise_reduce",
      "files": {
        "008df4c027d70965/torch_rs_private_pointwise_reduce.cu": "b1622c1a55f76a6048825cdc97d5438fb10b6873e811a7acd847822b7628cef7",
        "008df4c027d70965/libtorch_rs_private_pointwise_reduce.so": "81d3605aa39b3485f9080a40b319b509f1ac206bf39ead9298079f6011715340"
      }
    }
  ],
  "result": "Both scoring kernel targets absent; prior contents retained unchanged inside worktree."
}
