native erf error
native gelu error
native erf_affine error
native gelu_affine error
native shared error
native nested error
native products_first error
native sum_first error
native mixed_trig error
native recomputed error
native constant_int_0x1.8000000000000p-1 error
native constant_int_0x1.c000000000000p-1 error
native constant_int_-0x0.0p+0 error
native constant_int_inf error
native constant_int_-inf error
native constant_int_nan error
native constant_int_0x1.0000000000000p-149 error
native constant_int_-0x1.0000000000000p-149 error
native constant_int_0x1.e861fc0000000p-2 error
native constant_bool_0x1.8000000000000p-1 error
native constant_bool_0x1.c000000000000p-1 error
native constant_bool_-0x0.0p+0 error
native constant_bool_inf error
native constant_bool_-inf error
native constant_bool_nan error
native constant_bool_0x1.0000000000000p-149 error
native constant_bool_-0x1.0000000000000p-149 error
native constant_bool_0x1.e861fc0000000p-2 error
native constant_float_0x1.8000000000000p-1 error
native constant_float_0x1.c000000000000p-1 error
native constant_float_-0x0.0p+0 error
native constant_float_inf error
native constant_float_-inf error
native constant_float_nan error
native constant_float_0x1.0000000000000p-149 error
native constant_float_-0x1.0000000000000p-149 error
native constant_float_0x1.e861fc0000000p-2 error
native threshold_28 error
native threshold_30 error
native threshold_32 error
native threshold_98 error
native threshold_100 error
native threshold_102 error
native scalar_history error
