native erf captured
native gelu captured
native erf_affine captured
native gelu_affine captured
native shared captured
native nested captured
native products_first captured
native sum_first captured
native mixed_trig captured
native recomputed captured
native constant_int_0x1.8000000000000p-1 captured
native constant_int_0x1.c000000000000p-1 captured
native constant_int_-0x0.0p+0 captured
native constant_int_inf captured
native constant_int_-inf captured
native constant_int_nan captured
native constant_int_0x1.0000000000000p-149 captured
native constant_int_-0x1.0000000000000p-149 captured
native constant_int_0x1.e861fc0000000p-2 captured
native constant_bool_0x1.8000000000000p-1 captured
native constant_bool_0x1.c000000000000p-1 captured
native constant_bool_-0x0.0p+0 captured
native constant_bool_inf captured
native constant_bool_-inf captured
native constant_bool_nan captured
native constant_bool_0x1.0000000000000p-149 captured
native constant_bool_-0x1.0000000000000p-149 captured
native constant_bool_0x1.e861fc0000000p-2 captured
native constant_float_0x1.8000000000000p-1 captured
native constant_float_0x1.c000000000000p-1 captured
native constant_float_-0x0.0p+0 captured
native constant_float_inf captured
native constant_float_-inf captured
native constant_float_nan captured
native constant_float_0x1.0000000000000p-149 captured
native constant_float_-0x1.0000000000000p-149 captured
native constant_float_0x1.e861fc0000000p-2 captured
native threshold_28 captured
native threshold_30 captured
native threshold_32 captured
native threshold_98 captured
native threshold_100 captured
native threshold_102 captured
native scalar_history captured
