reference erf captured
reference gelu captured
reference erf_affine captured
reference gelu_affine captured
reference shared captured
reference nested captured
reference products_first captured
reference sum_first captured
reference mixed_trig captured
reference recomputed captured
reference constant_int_0x1.8000000000000p-1 captured
reference constant_int_0x1.c000000000000p-1 captured
reference constant_int_-0x0.0p+0 captured
reference constant_int_inf captured
reference constant_int_-inf captured
reference constant_int_nan captured
reference constant_int_0x1.0000000000000p-149 captured
reference constant_int_-0x1.0000000000000p-149 captured
reference constant_int_0x1.e861fc0000000p-2 captured
reference constant_bool_0x1.8000000000000p-1 captured
reference constant_bool_0x1.c000000000000p-1 captured
reference constant_bool_-0x0.0p+0 captured
reference constant_bool_inf captured
reference constant_bool_-inf captured
reference constant_bool_nan captured
reference constant_bool_0x1.0000000000000p-149 captured
reference constant_bool_-0x1.0000000000000p-149 captured
reference constant_bool_0x1.e861fc0000000p-2 captured
reference constant_float_0x1.8000000000000p-1 captured
reference constant_float_0x1.c000000000000p-1 captured
reference constant_float_-0x0.0p+0 captured
reference constant_float_inf captured
reference constant_float_-inf captured
reference constant_float_nan captured
reference constant_float_0x1.0000000000000p-149 captured
reference constant_float_-0x1.0000000000000p-149 captured
reference constant_float_0x1.e861fc0000000p-2 captured
reference threshold_28 captured
reference threshold_30 captured
reference threshold_32 captured
reference threshold_98 captured
reference threshold_100 captured
reference threshold_102 captured
reference scalar_history captured
