test_device_guard_and_context_cache (tests.test_cuda_neg.CudaNegDeviceTests.test_device_guard_and_context_cache) ... skipped 'requires real CUDA with CUDA_VISIBLE_DEVICES=0,1'
test_completion_and_independent_output (tests.test_cuda_neg.CudaNegTests.test_completion_and_independent_output) ... ok
test_generated_shapes_public_forms_and_input_preservation (tests.test_cuda_neg.CudaNegTests.test_generated_shapes_public_forms_and_input_preservation) ... ok
test_ieee_bits_and_offset_views (tests.test_cuda_neg.CudaNegTests.test_ieee_bits_and_offset_views) ... ok
test_large_allocation_lifetime_outside_front_cache (tests.test_cuda_neg.CudaNegTests.test_large_allocation_lifetime_outside_front_cache) ... ok
test_layout_autograd_rejection_and_compiled_negation (tests.test_cuda_neg.CudaNegTests.test_layout_autograd_rejection_and_compiled_negation) ... ok
test_lifetimes_reuse_and_fresh_thread_context (tests.test_cuda_neg.CudaNegTests.test_lifetimes_reuse_and_fresh_thread_context) ... ok
test_no_pytorch_forwarding (tests.test_cuda_neg.CudaNegTests.test_no_pytorch_forwarding) ... ok
test_cross_thread_pool_release_on_both_devices (tests.test_cuda_add.CudaAddDeviceTests.test_cross_thread_pool_release_on_both_devices) ... skipped 'requires real CUDA with CUDA_VISIBLE_DEVICES=0,1'
test_device_restoration_success_failure_and_drop (tests.test_cuda_add.CudaAddDeviceTests.test_device_restoration_success_failure_and_drop) ... skipped 'requires real CUDA with CUDA_VISIBLE_DEVICES=0,1'
test_replay_eviction_restores_context_across_devices (tests.test_cuda_add.CudaAddDeviceTests.test_replay_eviction_restores_context_across_devices) ... skipped 'requires real CUDA with CUDA_VISIBLE_DEVICES=0,1'
test_cached_allocation_on_fresh_host_thread (tests.test_cuda_add.CudaAddTests.test_cached_allocation_on_fresh_host_thread) ... ok
test_completion_before_independent_stream_read (tests.test_cuda_add.CudaAddTests.test_completion_before_independent_stream_read) ... ok
test_invalid_and_unsupported_inputs (tests.test_cuda_add.CudaAddTests.test_invalid_and_unsupported_inputs) ... ok
test_numerical_edges (tests.test_cuda_add.CudaAddTests.test_numerical_edges) ... ok
test_offsets_singletons_and_empty_views (tests.test_cuda_add.CudaAddTests.test_offsets_singletons_and_empty_views) ... ok
test_random_held_out_shapes_and_public_forms (tests.test_cuda_add.CudaAddTests.test_random_held_out_shapes_and_public_forms) ... ok
test_repeated_launch_eviction_aliases_and_immediate_drops (tests.test_cuda_add.CudaAddTests.test_repeated_launch_eviction_aliases_and_immediate_drops) ... ok
test_source_output_lifetimes_chaining_and_reuse (tests.test_cuda_add.CudaAddTests.test_source_output_lifetimes_chaining_and_reuse) ... ok
test_without_pytorch_import (tests.test_cuda_add.CudaAddTests.test_without_pytorch_import) ... ok
test_cpu_cuda_cache_separation_and_original_bypass (tests.test_compile_cuda_boundary.CompileCudaBoundaryTests.test_cpu_cuda_cache_separation_and_original_bypass) ... ok
test_dynamic_cache_hit_preflights_late_shape_mismatch (tests.test_compile_cuda_boundary.CompileCudaBoundaryTests.test_dynamic_cache_hit_preflights_late_shape_mismatch) ... ok
test_global_capture_transitions_and_recompile_limit (tests.test_compile_cuda_boundary.CompileCudaBoundaryTests.test_global_capture_transitions_and_recompile_limit) ... ok
test_ieee_edges_and_dynamic_offset_guards (tests.test_compile_cuda_boundary.CompileCudaBoundaryTests.test_ieee_edges_and_dynamic_offset_guards) ... ok
test_native_failure_does_not_publish_cache (tests.test_compile_cuda_boundary.CompileCudaBoundaryTests.test_native_failure_does_not_publish_cache) ... ok
test_no_pytorch_import_or_original_execution (tests.test_compile_cuda_boundary.CompileCudaBoundaryTests.test_no_pytorch_import_or_original_execution) ... ok
test_offset_layout_metadata_and_cache_guards (tests.test_compile_cuda_boundary.CompileCudaBoundaryTests.test_offset_layout_metadata_and_cache_guards) ... ok
test_private_trace_entrypoints_keep_unsupported_guards (tests.test_compile_cuda_boundary.CompileCudaBoundaryTests.test_private_trace_entrypoints_keep_unsupported_guards) ... ok
test_seeded_shapes_structures_and_changed_data_against_reference (tests.test_compile_cuda_boundary.CompileCudaBoundaryTests.test_seeded_shapes_structures_and_changed_data_against_reference) ... /data/users/bobren/a/pytorch-rs-burner/.burner/worktrees/agent_e5ce9d67/.venv/lib/python3.12/site-packages/torch/jit/_script.py:365: DeprecationWarning: `torch.jit.script_method` is deprecated. Please switch to `torch.compile` or `torch.export`.
  warnings.warn(
ok
test_unsupported_fresh_and_cpu_warmed_leave_cache_unchanged (tests.test_compile_cuda_boundary.CompileCudaBoundaryTests.test_unsupported_fresh_and_cpu_warmed_leave_cache_unchanged) ... ok
test_ordinals_captures_and_current_device_restoration (tests.test_compile_cuda_boundary.CompileCudaDeviceTests.test_ordinals_captures_and_current_device_restoration) ... skipped 'requires real CUDA with CUDA_VISIBLE_DEVICES=0,1'
test_ownership_captures_and_device_restoration (tests.test_compile_cuda_neg.CompileCudaNegDeviceTests.test_ownership_captures_and_device_restoration) ... skipped 'requires real CUDA with CUDA_VISIBLE_DEVICES=0,1'
test_captures_nested_outputs_and_repeated_inputs (tests.test_compile_cuda_neg.CompileCudaNegTests.test_captures_nested_outputs_and_repeated_inputs) ... ok
test_cold_cpu_warmed_and_device_guards (tests.test_compile_cuda_neg.CompileCudaNegTests.test_cold_cpu_warmed_and_device_guards) ... ok
test_generated_shapes_lengths_and_forms (tests.test_compile_cuda_neg.CompileCudaNegTests.test_generated_shapes_lengths_and_forms) ... ok
test_global_offset_shape_and_layout_guards (tests.test_compile_cuda_neg.CompileCudaNegTests.test_global_offset_shape_and_layout_guards) ... ok
test_offsets_ieee_metadata_dynamic_and_stride_guards (tests.test_compile_cuda_neg.CompileCudaNegTests.test_offsets_ieee_metadata_dynamic_and_stride_guards) ... ok
test_reject_before_execution_and_cache_insertion (tests.test_compile_cuda_neg.CompileCudaNegTests.test_reject_before_execution_and_cache_insertion) ... ok
test_stream_completion_and_independent_storage (tests.test_compile_cuda_neg.CompileCudaNegTests.test_stream_completion_and_independent_storage) ... ok
test_autograd_shared_operands_empties_and_no_grad_match_operator (tests.test_mul.TensorMulTests.test_autograd_shared_operands_empties_and_no_grad_match_operator) ... ok
test_descriptor_metadata_unbound_call_and_argument_errors (tests.test_mul.TensorMulTests.test_descriptor_metadata_unbound_call_and_argument_errors) ... ok
test_tensor_and_real_scalar_calls_reuse_operator_semantics (tests.test_mul.TensorMulTests.test_tensor_and_real_scalar_calls_reuse_operator_semantics) ... ok
test_autograd_shared_operands_empties_and_no_grad_match_mul (tests.test_multiply.TensorMultiplyTests.test_autograd_shared_operands_empties_and_no_grad_match_mul) ... ok
test_descriptor_metadata_unbound_call_and_argument_errors (tests.test_multiply.TensorMultiplyTests.test_descriptor_metadata_unbound_call_and_argument_errors) ... ok
test_extension_type_names_do_not_dispatch_metaclass_hooks (tests.test_multiply.TensorMultiplyTests.test_extension_type_names_do_not_dispatch_metaclass_hooks) ... ok
test_invalid_sequence_subclasses_and_keyword_order_match_pytorch (tests.test_multiply.TensorMultiplyTests.test_invalid_sequence_subclasses_and_keyword_order_match_pytorch) ... ok
test_large_keyword_error_returns_bad_alloc_instead_of_aborting (tests.test_multiply.TensorMultiplyTests.test_large_keyword_error_returns_bad_alloc_instead_of_aborting) ... ok
test_number_overload_markers_and_nul_keyword_match_pytorch (tests.test_multiply.TensorMultiplyTests.test_number_overload_markers_and_nul_keyword_match_pytorch) ... ok
test_overflow_sign_and_surrogate_keyword_errors_match_pytorch (tests.test_multiply.TensorMultiplyTests.test_overflow_sign_and_surrogate_keyword_errors_match_pytorch) ... ok
test_tensor_and_real_scalar_calls_match_mul (tests.test_multiply.TensorMultiplyTests.test_tensor_and_real_scalar_calls_match_mul) ... ok
test_autograd_shared_operands_empties_and_no_grad_reuse_native_paths (tests.test_top_level_mul.TopLevelMulTests.test_autograd_shared_operands_empties_and_no_grad_reuse_native_paths) ... ok
test_errors_callable_metadata_pickling_exports_and_unsupported_surface (tests.test_top_level_mul.TopLevelMulTests.test_errors_callable_metadata_pickling_exports_and_unsupported_surface) ... ok
test_operand_overrides_order_types_and_declining_errors (tests.test_top_level_mul.TopLevelMulTests.test_operand_overrides_order_types_and_declining_errors) ... ok
test_positional_keyword_broadcast_scalar_layout_and_edge_values (tests.test_top_level_mul.TopLevelMulTests.test_positional_keyword_broadcast_scalar_layout_and_edge_values) ... ok
test_torch_function_modes_receive_original_calls_and_can_forward (tests.test_top_level_mul.TopLevelMulTests.test_torch_function_modes_receive_original_calls_and_can_forward) ... ok
test_errors_metadata_pickling_exports_and_unsupported_surface (tests.test_top_level_multiply.TopLevelMultiplyTests.test_errors_metadata_pickling_exports_and_unsupported_surface) ... ok
test_modes_receive_the_distinct_callable_and_can_forward (tests.test_top_level_multiply.TopLevelMultiplyTests.test_modes_receive_the_distinct_callable_and_can_forward) ... ok
test_overrides_receive_the_distinct_callable_and_declining_errors (tests.test_top_level_multiply.TopLevelMultiplyTests.test_overrides_receive_the_distinct_callable_and_declining_errors) ... ok
test_supported_calls_reuse_mul_values_layouts_and_autograd (tests.test_top_level_multiply.TopLevelMultiplyTests.test_supported_calls_reuse_mul_values_layouts_and_autograd) ... ok

----------------------------------------------------------------------
Ran 59 tests in 20.973s

OK (skipped=6)
