Python 3.12.14 (main, Sep  1 2026, 14:16:52) [Clang 22.1.3 ] /data/users/bobren/a/pytorch-rs-burner/.burner/worktrees/agent_d034beaf/.venv/bin/python
numpy 2.5.1 /data/users/bobren/a/pytorch-rs-burner/.burner/worktrees/agent_d034beaf/.venv/lib/python3.12/site-packages/numpy/__init__.py
torch 2.13.0+cu130 /data/users/bobren/a/pytorch-rs-burner/.burner/worktrees/agent_d034beaf/.venv/lib/python3.12/site-packages/torch/__init__.py
torch_rs 0.1.0 /data/users/bobren/a/pytorch-rs-burner/.burner/worktrees/agent_d034beaf/.venv/lib/python3.12/site-packages/torch_rs/__init__.py
torch_rs.torch_rs 0.1.0 /data/users/bobren/a/pytorch-rs-burner/.burner/worktrees/agent_d034beaf/.venv/lib/python3.12/site-packages/torch_rs/torch_rs.abi3.so
torch-rs 0.1.0
reference CUDA 13.0 1 NVIDIA H100
native CUDA runtime 13000 /data/users/bobren/a/pytorch-rs-burner/.burner/worktrees/agent_d034beaf/.venv/lib/python3.12/site-packages/nvidia/cu13/lib/libcudart.so.13
rustc 1.92.0 (ded5c06cf 2025-12-08)
binary: rustc
commit-hash: ded5c06cf21d2b93bffd5d884aa6e96934ee4234
commit-date: 2025-12-08
host: x86_64-unknown-linux-gnu
release: 1.92.0
LLVM version: 21.1.3

cargo 1.92.0 (344c4567c 2025-10-21)

nvcc: NVIDIA (R) Cuda compiler driver
Copyright (c) 2005-2024 NVIDIA Corporation
Built on Tue_Oct_29_23:50:19_PDT_2024
Cuda compilation tools, release 12.6, V12.6.85
Build cuda_12.6.r12.6/compiler.35059454_0

index, uuid, name, driver_version, compute_cap, utilization.gpu [%], memory.used [MiB], memory.total [MiB]
0, GPU-8f8e55a5-a9eb-eb79-bc43-807a19bcb1c1, NVIDIA H100, 580.82.07, 9.0, 3 %, 639 MiB, 97871 MiB
1, GPU-11979b85-93e3-21d3-e68f-df37b8a4c296, NVIDIA H100, 580.82.07, 9.0, 0 %, 130 MiB, 97871 MiB
2, GPU-3aa416f0-b0e5-dbfc-0613-04b3426a6c0e, NVIDIA H100, 580.82.07, 9.0, 0 %, 4 MiB, 97871 MiB
3, GPU-dd11c699-940c-55ea-ffe3-ca416a4c44f4, NVIDIA H100, 580.82.07, 9.0, 0 %, 4 MiB, 97871 MiB
4, GPU-e18b912e-7c28-47a8-4a51-e08ffe4ff95f, NVIDIA H100, 580.82.07, 9.0, 0 %, 102 MiB, 97871 MiB
5, GPU-bc3ef6aa-3227-bcfd-a031-47ca357b5693, NVIDIA H100, 580.82.07, 9.0, 0 %, 108 MiB, 97871 MiB
6, GPU-9ecef766-973c-0d6e-af08-4f5917cb1d92, NVIDIA H100, 580.82.07, 9.0, 0 %, 60 MiB, 97871 MiB
7, GPU-4e974cba-9435-d345-b9ff-d1511ec12e96, NVIDIA H100, 580.82.07, 9.0, 0 %, 114 MiB, 97871 MiB

nvcc unused: embedded PTX is compiled by the CUDA driver
