{
  "verified_utc": "2026-09-14T12:26:50.650973+00:00",
  "measured_commit": "3695466080106e03c4965c0b8801290cf5adc39b",
  "capture_clean_before_after": true,
  "source_unchanged_during_capture": true,
  "post_capture_change": "new evidence documentation plus four-line compiler-guide link only",
  "raw_archive_members_verified": 239,
  "numerical_source_ptx_triplets": 66,
  "installed_wheel_verified_interpreters": [
    "3.10.19",
    "3.11.15",
    "3.12.12",
    "3.13.13",
    "3.14.5"
  ],
  "wheel_source_reference_cache_hashes_verified": true,
  "historical_tracked_evidence_unchanged": true,
  "protected_files_unchanged": true,
  "git_diff_check": "passed",
  "local_document_links": "passed",
  "evidence_sha256": {
    "README.md": "4c4701519a7de05e09bd6d41bf6c040925c9ed6526caa289a0a89f0a514f6cbe",
    "measurements.json.gz": "807dd68f0fb4e9bda4005632d9ead37a8e2e404d908bebeb633720db07a45cd0",
    "raw-captures.tar.gz": "596f2f279c541973d5d10a456d73f97732d4c889222e95c97d3cd03ce0a9a266",
    "raw-retention-manifest.json": "2fe088d4c62c3d76d0abf6eb9a2b4417f0471bb1ec8e047444f2a248aaa5dc9e"
  }
}
