test_corpus_has_versioned_weighted_skeleton (tests.test_compile_corpus.CompileCorpusMetadataTests.test_corpus_has_versioned_weighted_skeleton) ... ok
test_corpus_inputs_are_exact_native_cpu_float32_tensors (tests.test_compile_corpus.CompileCorpusMetadataTests.test_corpus_inputs_are_exact_native_cpu_float32_tensors) ... ok
test_dynamic_shape_symbolics_cases_cover_shape_and_stride_variants (tests.test_compile_corpus.CompileCorpusMetadataTests.test_dynamic_shape_symbolics_cases_cover_shape_and_stride_variants) ... ok
test_recompilation_guard_scenarios_cover_required_metadata (tests.test_compile_corpus.CompileCorpusMetadataTests.test_recompilation_guard_scenarios_cover_required_metadata) ... ok
test_augmented_self_add_aliasing_rejects_instead_of_recording_add (tests.test_compile_corpus.CompileCorpusTraceTests.test_augmented_self_add_aliasing_rejects_instead_of_recording_add) ... ok
test_binary_private_executor_bypasses_active_torch_function_mode (tests.test_compile_corpus.CompileCorpusTraceTests.test_binary_private_executor_bypasses_active_torch_function_mode) ... ok
test_binary_proxy_rejects_non_tensor_or_mixed_recorder_operands_clearly (tests.test_compile_corpus.CompileCorpusTraceTests.test_binary_proxy_rejects_non_tensor_or_mixed_recorder_operands_clearly) ... ok
test_binary_self_add_executes_private_native_graph_for_key_layouts (tests.test_compile_corpus.CompileCorpusTraceTests.test_binary_self_add_executes_private_native_graph_for_key_layouts) ... ok
test_binary_self_add_executor_matches_no_grad_requires_grad_outputs (tests.test_compile_corpus.CompileCorpusTraceTests.test_binary_self_add_executor_matches_no_grad_requires_grad_outputs) ... ok
test_binary_self_add_records_private_immutable_graph (tests.test_compile_corpus.CompileCorpusTraceTests.test_binary_self_add_records_private_immutable_graph) ... ok
test_bytecode_lowerer_accepts_combined_distinct_local_loads (tests.test_compile_corpus.CompileCorpusTraceTests.test_bytecode_lowerer_accepts_combined_distinct_local_loads) ... ok
test_bytecode_lowerer_accepts_combined_local_load_opcodes (tests.test_compile_corpus.CompileCorpusTraceTests.test_bytecode_lowerer_accepts_combined_local_load_opcodes) ... ok
test_bytecode_lowerer_accepts_combined_store_then_load_opcode (tests.test_compile_corpus.CompileCorpusTraceTests.test_bytecode_lowerer_accepts_combined_store_then_load_opcode) ... ok
test_bytecode_lowerer_accepts_cpython_314_markers_and_borrowed_loads (tests.test_compile_corpus.CompileCorpusTraceTests.test_bytecode_lowerer_accepts_cpython_314_markers_and_borrowed_loads) ... ok
test_bytecode_lowerer_captures_module_global_tensor_constants (tests.test_compile_corpus.CompileCorpusTraceTests.test_bytecode_lowerer_captures_module_global_tensor_constants) ... ok
test_bytecode_lowerer_inlines_custom_function_helpers_without_calls (tests.test_compile_corpus.CompileCorpusTraceTests.test_bytecode_lowerer_inlines_custom_function_helpers_without_calls) ... ok
test_bytecode_lowerer_records_general_tensor_arithmetic_graphs (tests.test_compile_corpus.CompileCorpusTraceTests.test_bytecode_lowerer_records_general_tensor_arithmetic_graphs) ... ok
test_bytecode_lowerer_rejects_cpython_310_exception_jump_as_exception (tests.test_compile_corpus.CompileCorpusTraceTests.test_bytecode_lowerer_rejects_cpython_310_exception_jump_as_exception) ... ok
test_bytecode_lowerer_rejects_cpython_310_keyword_method_call (tests.test_compile_corpus.CompileCorpusTraceTests.test_bytecode_lowerer_rejects_cpython_310_keyword_method_call) ... ok
test_bytecode_lowerer_rejects_cpython_313_keyword_method_call (tests.test_compile_corpus.CompileCorpusTraceTests.test_bytecode_lowerer_rejects_cpython_313_keyword_method_call) ... ok
test_bytecode_lowerer_rejects_cpython_313_to_bool_as_control_flow (tests.test_compile_corpus.CompileCorpusTraceTests.test_bytecode_lowerer_rejects_cpython_313_to_bool_as_control_flow) ... ok
test_bytecode_lowerer_rejects_cpython_314_small_int_output_leaf (tests.test_compile_corpus.CompileCorpusTraceTests.test_bytecode_lowerer_rejects_cpython_314_small_int_output_leaf) ... ok
test_bytecode_lowerer_rejects_float_conversion_forms (tests.test_compile_corpus.CompileCorpusTraceTests.test_bytecode_lowerer_rejects_float_conversion_forms) ... ok
test_bytecode_lowerer_rejects_non_requires_grad_control_flow (tests.test_compile_corpus.CompileCorpusTraceTests.test_bytecode_lowerer_rejects_non_requires_grad_control_flow) ... ok
test_bytecode_lowerer_rejects_python_scalar_add_operands (tests.test_compile_corpus.CompileCorpusTraceTests.test_bytecode_lowerer_rejects_python_scalar_add_operands) ... ok
test_bytecode_lowerer_rejects_unsupported_input_counts (tests.test_compile_corpus.CompileCorpusTraceTests.test_bytecode_lowerer_rejects_unsupported_input_counts) ... ok
test_bytecode_lowerer_selects_requires_grad_branch_graphlets (tests.test_compile_corpus.CompileCorpusTraceTests.test_bytecode_lowerer_selects_requires_grad_branch_graphlets) ... ok
test_detach_alias_cases_execute_without_mutating_inputs_or_gradients (tests.test_compile_corpus.CompileCorpusTraceTests.test_detach_alias_cases_execute_without_mutating_inputs_or_gradients) ... ok
test_dynamic_compile_cache_key_ignores_shapes_but_guards_strides (tests.test_compile_corpus.CompileCorpusTraceTests.test_dynamic_compile_cache_key_ignores_shapes_but_guards_strides) ... ok
test_dynamic_private_executor_accepts_shapes_but_guards_strides (tests.test_compile_corpus.CompileCorpusTraceTests.test_dynamic_private_executor_accepts_shapes_but_guards_strides) ... ok
test_empty_inner_dimension_strides_match_native_tensor_constructor (tests.test_compile_corpus.CompileCorpusTraceTests.test_empty_inner_dimension_strides_match_native_tensor_constructor) ... ok
test_float_identity_cases_preserve_input_metadata_and_grad_state (tests.test_compile_corpus.CompileCorpusTraceTests.test_float_identity_cases_preserve_input_metadata_and_grad_state) ... ok
test_float_proxy_rejects_compile_conversion_forms (tests.test_compile_corpus.CompileCorpusTraceTests.test_float_proxy_rejects_compile_conversion_forms) ... ok
test_inference_relu_cases_run_under_no_grad_and_preserve_gradients (tests.test_compile_corpus.CompileCorpusTraceTests.test_inference_relu_cases_run_under_no_grad_and_preserve_gradients) ... ok
test_operation_names_skip_existing_input_names (tests.test_compile_corpus.CompileCorpusTraceTests.test_operation_names_skip_existing_input_names) ... ok
test_private_cpu_and_cuda_metadata_use_distinct_cache_keys (tests.test_compile_corpus.CompileCorpusTraceTests.test_private_cpu_and_cuda_metadata_use_distinct_cache_keys) ... ok
test_private_cuda_float_trace_rejects_cpu_tensor_before_execution (tests.test_compile_corpus.CompileCorpusTraceTests.test_private_cuda_float_trace_rejects_cpu_tensor_before_execution) ... ok
test_private_cuda_trace_rejects_cpu_tensor_before_execution (tests.test_compile_corpus.CompileCorpusTraceTests.test_private_cuda_trace_rejects_cpu_tensor_before_execution) ... ok
test_private_device_metadata_parses_cpu_and_cuda_targets (tests.test_compile_corpus.CompileCorpusTraceTests.test_private_device_metadata_parses_cpu_and_cuda_targets) ... ok
test_private_executor_bypasses_active_torch_function_mode (tests.test_compile_corpus.CompileCorpusTraceTests.test_private_executor_bypasses_active_torch_function_mode) ... ok
test_private_executor_rejects_runtime_metadata_mismatch_clearly (tests.test_compile_corpus.CompileCorpusTraceTests.test_private_executor_rejects_runtime_metadata_mismatch_clearly) ... ok
test_private_executor_rejects_two_input_runtime_metadata_mismatch (tests.test_compile_corpus.CompileCorpusTraceTests.test_private_executor_rejects_two_input_runtime_metadata_mismatch) ... ok
test_private_recorder_rejects_more_than_two_inputs (tests.test_compile_corpus.CompileCorpusTraceTests.test_private_recorder_rejects_more_than_two_inputs) ... ok
test_private_trace_does_not_import_pytorch_or_invoke_backend (tests.test_compile_corpus.CompileCorpusTraceTests.test_private_trace_does_not_import_pytorch_or_invoke_backend) ... ok
test_proxy_unsupported_operations_fail_clearly (tests.test_compile_corpus.CompileCorpusTraceTests.test_proxy_unsupported_operations_fail_clearly) ... ok
test_square_decomposition_cases_cover_scalar_empty_and_noncontiguous_inputs (tests.test_compile_corpus.CompileCorpusTraceTests.test_square_decomposition_cases_cover_scalar_empty_and_noncontiguous_inputs) ... ok
test_tuple_list_outputs_preserve_container_aliasing (tests.test_compile_corpus.CompileCorpusTraceTests.test_tuple_list_outputs_preserve_container_aliasing) ... ok
test_tuple_list_outputs_record_private_graph_structure (tests.test_compile_corpus.CompileCorpusTraceTests.test_tuple_list_outputs_record_private_graph_structure) ... ok
test_tuple_list_outputs_reject_non_tensor_leaves_and_dicts (tests.test_compile_corpus.CompileCorpusTraceTests.test_tuple_list_outputs_reject_non_tensor_leaves_and_dicts) ... ok
test_two_input_binary_executor_matches_empty_and_strided_broadcasts (tests.test_compile_corpus.CompileCorpusTraceTests.test_two_input_binary_executor_matches_empty_and_strided_broadcasts) ... ok
test_two_input_binary_executor_matches_no_grad_requires_grad_outputs (tests.test_compile_corpus.CompileCorpusTraceTests.test_two_input_binary_executor_matches_no_grad_requires_grad_outputs) ... ok
test_two_input_broadcast_executes_private_native_graph_for_key_layouts (tests.test_compile_corpus.CompileCorpusTraceTests.test_two_input_broadcast_executes_private_native_graph_for_key_layouts) ... ok
test_two_input_broadcast_records_private_immutable_graph (tests.test_compile_corpus.CompileCorpusTraceTests.test_two_input_broadcast_records_private_immutable_graph) ... ok
test_unary_abs_neg_executes_private_native_graph (tests.test_compile_corpus.CompileCorpusTraceTests.test_unary_abs_neg_executes_private_native_graph) ... ok
test_unary_abs_neg_executor_matches_no_grad_requires_grad_outputs (tests.test_compile_corpus.CompileCorpusTraceTests.test_unary_abs_neg_executor_matches_no_grad_requires_grad_outputs) ... ok
test_unary_abs_neg_records_private_immutable_graph (tests.test_compile_corpus.CompileCorpusTraceTests.test_unary_abs_neg_records_private_immutable_graph) ... ok
test_unary_output_metadata_matches_native_stride_planning (tests.test_compile_corpus.CompileCorpusTraceTests.test_unary_output_metadata_matches_native_stride_planning) ... ok
test_dynamic_shape_symbolics_cases_run_variants_without_user_code (tests.test_compile_corpus.CompileRecompilationGuardCorpusTests.test_dynamic_shape_symbolics_cases_run_variants_without_user_code) ... ok
test_torch_rs_guard_scenarios_recompile_on_metadata_changes (tests.test_compile_corpus.CompileRecompilationGuardCorpusTests.test_torch_rs_guard_scenarios_recompile_on_metadata_changes) ... ok
test_reference_pytorch_2_13_accepts_all_eligible_cases (tests.test_compile_corpus.TorchCompileCorpusReferenceTests.test_reference_pytorch_2_13_accepts_all_eligible_cases) ... /data/users/bobren/a/pytorch-rs-burner/.burner/worktrees/agent_468d83fa/.venv/lib/python3.12/site-packages/torch/jit/_script.py:365: DeprecationWarning: `torch.jit.script_method` is deprecated. Please switch to `torch.compile` or `torch.export`.
  warnings.warn(
ok
test_reference_pytorch_2_13_accepts_recompilation_guard_sequences (tests.test_compile_corpus.TorchCompileCorpusReferenceTests.test_reference_pytorch_2_13_accepts_recompilation_guard_sequences) ... W0910 15:54:14.725000 359184 .venv/lib/python3.12/site-packages/torch/_dynamo/convert_frame.py:1994] [0/2] torch._dynamo hit config.recompile_limit (2)
W0910 15:54:14.725000 359184 .venv/lib/python3.12/site-packages/torch/_dynamo/convert_frame.py:1994] [0/2]    function: 'cpu_float32_recompile_limit_reset' (/data/users/bobren/a/pytorch-rs-burner/.burner/worktrees/agent_468d83fa/tests/test_compile_corpus.py:278)
W0910 15:54:14.725000 359184 .venv/lib/python3.12/site-packages/torch/_dynamo/convert_frame.py:1994] [0/2]    last reason: 0/1: tensor 'x' rank mismatch. expected 1, actual 2
W0910 15:54:14.725000 359184 .venv/lib/python3.12/site-packages/torch/_dynamo/convert_frame.py:1994] [0/2] To log all recompilation reasons, use TORCH_LOGS="recompiles".
W0910 15:54:14.725000 359184 .venv/lib/python3.12/site-packages/torch/_dynamo/convert_frame.py:1994] [0/2] To diagnose recompilation issues, see https://docs.pytorch.org/docs/main/user_guide/torch_compiler/compile/programming_model.recompilation.html
ok
test_torch_rs_compile_runs_eligible_eager_cases_natively (tests.test_compile_corpus.TorchCompileCorpusReferenceTests.test_torch_rs_compile_runs_eligible_eager_cases_natively) ... ok
test_backend_none_resolves_default_and_registered_backend_names (tests.test_top_level_compile.TorchCompileEntrypointTests.test_backend_none_resolves_default_and_registered_backend_names) ... ok
test_callable_backend_cannot_spoof_the_native_eager_path (tests.test_top_level_compile.TorchCompileEntrypointTests.test_callable_backend_cannot_spoof_the_native_eager_path) ... ok
test_compiler_reset_clears_eager_fullgraph_compile_cache (tests.test_top_level_compile.TorchCompileEntrypointTests.test_compiler_reset_clears_eager_fullgraph_compile_cache) ... ok
test_decorator_form_snapshots_default_backend_at_factory_time (tests.test_top_level_compile.TorchCompileEntrypointTests.test_decorator_form_snapshots_default_backend_at_factory_time) ... ok
test_direct_and_decorator_forms_raise_before_user_or_backend_code_runs (tests.test_top_level_compile.TorchCompileEntrypointTests.test_direct_and_decorator_forms_raise_before_user_or_backend_code_runs) ... ok
test_disable_true_returns_the_original_callable (tests.test_top_level_compile.TorchCompileEntrypointTests.test_disable_true_returns_the_original_callable) ... ok
test_eager_fullgraph_cache_key_tracks_global_tensor_rebinding (tests.test_top_level_compile.TorchCompileEntrypointTests.test_eager_fullgraph_cache_key_tracks_global_tensor_rebinding) ... ok
test_eager_fullgraph_cache_key_tracks_helper_code_mutation (tests.test_top_level_compile.TorchCompileEntrypointTests.test_eager_fullgraph_cache_key_tracks_helper_code_mutation) ... ok
test_eager_fullgraph_cache_key_tracks_helper_global_rebinding (tests.test_top_level_compile.TorchCompileEntrypointTests.test_eager_fullgraph_cache_key_tracks_helper_global_rebinding) ... ok
test_eager_fullgraph_cached_graphs_still_check_tensor_method_guards (tests.test_top_level_compile.TorchCompileEntrypointTests.test_eager_fullgraph_cached_graphs_still_check_tensor_method_guards) ... ok
test_eager_fullgraph_cached_no_helper_calls_do_not_rescan_bytecode (tests.test_top_level_compile.TorchCompileEntrypointTests.test_eager_fullgraph_cached_no_helper_calls_do_not_rescan_bytecode) ... ok
test_eager_fullgraph_caches_graphs_by_code_and_input_metadata (tests.test_top_level_compile.TorchCompileEntrypointTests.test_eager_fullgraph_caches_graphs_by_code_and_input_metadata) ... ok
test_eager_fullgraph_caches_two_input_graphs_by_all_input_metadata (tests.test_top_level_compile.TorchCompileEntrypointTests.test_eager_fullgraph_caches_two_input_graphs_by_all_input_metadata) ... ok
test_eager_fullgraph_dynamic_false_uses_metadata_specialized_cache (tests.test_top_level_compile.TorchCompileEntrypointTests.test_eager_fullgraph_dynamic_false_uses_metadata_specialized_cache) ... ok
test_eager_fullgraph_dynamic_true_reuses_shapes_and_recompiles_strides (tests.test_top_level_compile.TorchCompileEntrypointTests.test_eager_fullgraph_dynamic_true_reuses_shapes_and_recompiles_strides) ... ok
test_eager_fullgraph_executes_global_tensor_constants_natively (tests.test_top_level_compile.TorchCompileEntrypointTests.test_eager_fullgraph_executes_global_tensor_constants_natively) ... ok
test_eager_fullgraph_executes_supported_tensor_programs_natively (tests.test_top_level_compile.TorchCompileEntrypointTests.test_eager_fullgraph_executes_supported_tensor_programs_natively) ... ok
test_eager_fullgraph_executes_tuple_list_outputs_natively (tests.test_top_level_compile.TorchCompileEntrypointTests.test_eager_fullgraph_executes_tuple_list_outputs_natively) ... ok
test_eager_fullgraph_executes_two_input_broadcasting_programs_natively (tests.test_top_level_compile.TorchCompileEntrypointTests.test_eager_fullgraph_executes_two_input_broadcasting_programs_natively) ... ok
test_eager_fullgraph_false_executes_no_break_program_natively (tests.test_top_level_compile.TorchCompileEntrypointTests.test_eager_fullgraph_false_executes_no_break_program_natively) ... ok
test_eager_fullgraph_false_rejects_graph_breaks_without_fallback (tests.test_top_level_compile.TorchCompileEntrypointTests.test_eager_fullgraph_false_rejects_graph_breaks_without_fallback) ... ok
test_eager_fullgraph_inactive_branch_global_tensor_rebinding_does_not_recompile (tests.test_top_level_compile.TorchCompileEntrypointTests.test_eager_fullgraph_inactive_branch_global_tensor_rebinding_does_not_recompile) ... ok
test_eager_fullgraph_inactive_branch_helper_rebinding_does_not_recompile (tests.test_top_level_compile.TorchCompileEntrypointTests.test_eager_fullgraph_inactive_branch_helper_rebinding_does_not_recompile) ... ok
test_eager_fullgraph_inlines_helper_for_tuple_list_outputs (tests.test_top_level_compile.TorchCompileEntrypointTests.test_eager_fullgraph_inlines_helper_for_tuple_list_outputs) ... ok
test_eager_fullgraph_inlines_same_module_helper_without_running_user_code (tests.test_top_level_compile.TorchCompileEntrypointTests.test_eager_fullgraph_inlines_same_module_helper_without_running_user_code) ... ok
test_eager_fullgraph_inlines_two_argument_helper_natively (tests.test_top_level_compile.TorchCompileEntrypointTests.test_eager_fullgraph_inlines_two_argument_helper_natively) ... ok
test_eager_fullgraph_lowering_uses_global_tensor_cache_snapshot (tests.test_top_level_compile.TorchCompileEntrypointTests.test_eager_fullgraph_lowering_uses_global_tensor_cache_snapshot) ... ok
test_eager_fullgraph_lowering_uses_helper_binding_cache_snapshot (tests.test_top_level_compile.TorchCompileEntrypointTests.test_eager_fullgraph_lowering_uses_helper_binding_cache_snapshot) ... ok
test_eager_fullgraph_lowering_uses_helper_code_cache_snapshot (tests.test_top_level_compile.TorchCompileEntrypointTests.test_eager_fullgraph_lowering_uses_helper_code_cache_snapshot) ... ok
test_eager_fullgraph_preserves_output_container_aliasing (tests.test_top_level_compile.TorchCompileEntrypointTests.test_eager_fullgraph_preserves_output_container_aliasing) ... ok
test_eager_fullgraph_recompile_limit_one_is_atomic_for_concurrent_misses (tests.test_top_level_compile.TorchCompileEntrypointTests.test_eager_fullgraph_recompile_limit_one_is_atomic_for_concurrent_misses) ... ok
test_eager_fullgraph_recompile_limit_one_rejects_second_input_change (tests.test_top_level_compile.TorchCompileEntrypointTests.test_eager_fullgraph_recompile_limit_one_rejects_second_input_change) ... ok
test_eager_fullgraph_recompile_limit_one_rejects_shape_change (tests.test_top_level_compile.TorchCompileEntrypointTests.test_eager_fullgraph_recompile_limit_one_rejects_shape_change) ... ok
test_eager_fullgraph_recompile_limit_rejects_invalid_values (tests.test_top_level_compile.TorchCompileEntrypointTests.test_eager_fullgraph_recompile_limit_rejects_invalid_values) ... ok
test_eager_fullgraph_recompile_limit_zero_rejects_first_graph (tests.test_top_level_compile.TorchCompileEntrypointTests.test_eager_fullgraph_recompile_limit_zero_rejects_first_graph) ... ok
test_eager_fullgraph_rejects_callable_object_without_metadata_side_effects (tests.test_top_level_compile.TorchCompileEntrypointTests.test_eager_fullgraph_rejects_callable_object_without_metadata_side_effects) ... ok
test_eager_fullgraph_rejects_isolate_recompiles_control (tests.test_top_level_compile.TorchCompileEntrypointTests.test_eager_fullgraph_rejects_isolate_recompiles_control) ... ok
test_eager_fullgraph_rejects_kwargs_without_running_model (tests.test_top_level_compile.TorchCompileEntrypointTests.test_eager_fullgraph_rejects_kwargs_without_running_model) ... ok
test_eager_fullgraph_rejects_non_tensor_global_operands_safely (tests.test_top_level_compile.TorchCompileEntrypointTests.test_eager_fullgraph_rejects_non_tensor_global_operands_safely) ... ok
test_eager_fullgraph_rejects_patched_tensor_operation_bindings (tests.test_top_level_compile.TorchCompileEntrypointTests.test_eager_fullgraph_rejects_patched_tensor_operation_bindings) ... ok
test_eager_fullgraph_rejects_two_input_unsupported_forms (tests.test_top_level_compile.TorchCompileEntrypointTests.test_eager_fullgraph_rejects_two_input_unsupported_forms) ... ok
test_eager_fullgraph_rejects_unsupported_programs_without_running_them (tests.test_top_level_compile.TorchCompileEntrypointTests.test_eager_fullgraph_rejects_unsupported_programs_without_running_them) ... ok
test_eager_fullgraph_relowers_for_runtime_input_metadata (tests.test_top_level_compile.TorchCompileEntrypointTests.test_eager_fullgraph_relowers_for_runtime_input_metadata) ... ok
test_eager_fullgraph_requires_grad_branch_rejects_patched_descriptor (tests.test_top_level_compile.TorchCompileEntrypointTests.test_eager_fullgraph_requires_grad_branch_rejects_patched_descriptor) ... ok
test_eager_fullgraph_requires_grad_branch_uses_metadata_cache (tests.test_top_level_compile.TorchCompileEntrypointTests.test_eager_fullgraph_requires_grad_branch_uses_metadata_cache) ... ok
test_importing_and_calling_compile_shell_does_not_import_pytorch (tests.test_top_level_compile.TorchCompileEntrypointTests.test_importing_and_calling_compile_shell_does_not_import_pytorch) ... ok
test_invalid_backend_names_and_types_fail_without_invocation (tests.test_top_level_compile.TorchCompileEntrypointTests.test_invalid_backend_names_and_types_fail_without_invocation) ... ok
test_invalid_bound_models_and_configurations_fail_before_execution (tests.test_top_level_compile.TorchCompileEntrypointTests.test_invalid_bound_models_and_configurations_fail_before_execution) ... ok
test_signature_metadata_exports_copy_pickle_and_reload (tests.test_top_level_compile.TorchCompileEntrypointTests.test_signature_metadata_exports_copy_pickle_and_reload) ... ok
test_cuda_live_scalars_bindings_captures_and_failure_recovery (tests.test_compile_static_analysis.StaticAnalysisCudaTests.test_cuda_live_scalars_bindings_captures_and_failure_recovery) ... ok
test_code_replacement_reanalyzes_branches_and_inactive_globals (tests.test_compile_static_analysis.StaticAnalysisTests.test_code_replacement_reanalyzes_branches_and_inactive_globals) ... ok
test_descriptor_does_not_retain_root_or_resolved_helpers (tests.test_compile_static_analysis.StaticAnalysisTests.test_descriptor_does_not_retain_root_or_resolved_helpers) ... ok
test_only_root_analysis_is_reused_and_helper_guards_stay_live (tests.test_compile_static_analysis.StaticAnalysisTests.test_only_root_analysis_is_reused_and_helper_guards_stay_live) ... ok
test_reused_analysis_preserves_cpu_limit_metadata_and_method_guards (tests.test_compile_static_analysis.StaticAnalysisTests.test_reused_analysis_preserves_cpu_limit_metadata_and_method_guards) ... ok
test_warm_tensor_capture_reuses_analysis_but_resolves_every_call (tests.test_compile_static_analysis.StaticAnalysisTests.test_warm_tensor_capture_reuses_analysis_but_resolves_every_call) ... ok
test_tanh_inside_compiled_body_stays_unsupported_and_recovers (tests.test_compile_tanh_composition.CompileTanhBoundaryTests.test_tanh_inside_compiled_body_stays_unsupported_and_recovers) ... ok
test_unsupported_outputs_leave_compiled_parent_graph_usable (tests.test_compile_tanh_composition.CompileTanhBoundaryTests.test_unsupported_outputs_leave_compiled_parent_graph_usable) ... ok
test_live_grad_flags_capture_rebinding_helper_and_root_code_replacement (tests.test_compile_tanh_composition.CompileTanhCompositionTests.test_live_grad_flags_capture_rebinding_helper_and_root_code_replacement) ... ok
test_owned_outputs_changed_values_shared_operands_and_repeated_backward (tests.test_compile_tanh_composition.CompileTanhCompositionTests.test_owned_outputs_changed_values_shared_operands_and_repeated_backward) ... ok
test_bad_metadata_forwarding_mutation_and_compilation_proof (tests.test_cuda_compilation_evaluator.AccountingTests.test_bad_metadata_forwarding_mutation_and_compilation_proof) ... ok
test_both_executions_require_correct_finite_outputs (tests.test_cuda_compilation_evaluator.AccountingTests.test_both_executions_require_correct_finite_outputs) ... ok
test_cli_missing_malformed_receipts_and_changed_source_keep_six_slots (tests.test_cuda_compilation_evaluator.AccountingTests.test_cli_missing_malformed_receipts_and_changed_source_keep_six_slots) ... ok
test_full_partial_and_absent_credit (tests.test_cuda_compilation_evaluator.AccountingTests.test_full_partial_and_absent_credit) ... ok
test_manifest_configuration_and_weights (tests.test_cuda_compilation_evaluator.AccountingTests.test_manifest_configuration_and_weights) ... ok
test_missing_malformed_duplicate_unknown_trials (tests.test_cuda_compilation_evaluator.AccountingTests.test_missing_malformed_duplicate_unknown_trials) ... ok
test_missing_stale_or_malformed_build_zero (tests.test_cuda_compilation_evaluator.AccountingTests.test_missing_stale_or_malformed_build_zero) ... ok
test_oversized_json_numbers_zero_only_the_affected_case (tests.test_cuda_compilation_evaluator.AccountingTests.test_oversized_json_numbers_zero_only_the_affected_case) ... ok
test_required_build_metadata_must_be_nonempty_strings (tests.test_cuda_compilation_evaluator.AccountingTests.test_required_build_metadata_must_be_nonempty_strings) ... ok
test_seeds_cannot_reduce_denominator (tests.test_cuda_compilation_evaluator.AccountingTests.test_seeds_cannot_reduce_denominator) ... ok
test_all_reference_and_candidate_cases_at_two_seeds (tests.test_cuda_compilation_evaluator.HardwareTests.test_all_reference_and_candidate_cases_at_two_seeds) ... ok
test_cli_nonfinite_receipts_emit_all_six_slots (tests.test_cuda_compilation_evaluator.IsolationTests.test_cli_nonfinite_receipts_emit_all_six_slots) ... ok
test_cli_rejects_bad_seeds_and_output_escape (tests.test_cuda_compilation_evaluator.IsolationTests.test_cli_rejects_bad_seeds_and_output_escape) ... ok
test_crash_timeout_invalid_json_and_missing_python (tests.test_cuda_compilation_evaluator.IsolationTests.test_crash_timeout_invalid_json_and_missing_python) ... ok
test_original_body_blocked_and_attempt_retained (tests.test_cuda_compilation_evaluator.IsolationTests.test_original_body_blocked_and_attempt_retained) ... ok
test_python_executor_cannot_impersonate_native (tests.test_cuda_compilation_evaluator.IsolationTests.test_python_executor_cannot_impersonate_native) ... ok
test_reduction_observation_rejects_counterfeit_and_old_unary_hooks (tests.test_cuda_compilation_evaluator.IsolationTests.test_reduction_observation_rejects_counterfeit_and_old_unary_hooks) ... ok
test_worker_blocks_swallowed_torch_import (tests.test_cuda_compilation_evaluator.IsolationTests.test_worker_blocks_swallowed_torch_import) ... ok

----------------------------------------------------------------------
Ran 139 tests in 67.234s

OK
