test_constant_forms_have_explicit_shape_changing_ir (tests.test_compile_sum_lowering.SumLoweringTests.test_constant_forms_have_explicit_shape_changing_ir) ... ok
test_keyword_helper_call_is_not_enabled (tests.test_compile_sum_lowering.SumLoweringTests.test_keyword_helper_call_is_not_enabled) ... ok
test_unsupported_options_and_other_keywords (tests.test_compile_sum_lowering.SumLoweringTests.test_unsupported_options_and_other_keywords) ... ok
test_current_device_restored_for_single_and_composed_reductions (tests.test_compile_cuda_sum_rows.CompileCudaSumDeviceTests.test_current_device_restored_for_single_and_composed_reductions) ... skipped 'requires real CUDA with CUDA_VISIBLE_DEVICES=0,1'
test_composition_dynamic_shapes_and_native_whole_graph_validation (tests.test_compile_cuda_sum_rows.CompileCudaSumTests.test_composition_dynamic_shapes_and_native_whole_graph_validation) ... FAIL
test_held_out_forms_offsets_empty_and_changed_values (tests.test_compile_cuda_sum_rows.CompileCudaSumTests.test_held_out_forms_offsets_empty_and_changed_values) ... /data/users/bobren/a/pytorch-rs-burner/.burner/worktrees/agent_468d83fa/.venv/lib/python3.12/site-packages/torch/jit/_script.py:365: DeprecationWarning: `torch.jit.script_method` is deprecated. Please switch to `torch.compile` or `torch.export`.
  warnings.warn(
ok
test_rejections_and_live_method_mutation (tests.test_compile_cuda_sum_rows.CompileCudaSumTests.test_rejections_and_live_method_mutation) ... ERROR
test_stream_completion_and_independent_output (tests.test_compile_cuda_sum_rows.CompileCudaSumTests.test_stream_completion_and_independent_output) ... ok

======================================================================
ERROR: test_rejections_and_live_method_mutation (tests.test_compile_cuda_sum_rows.CompileCudaSumTests.test_rejections_and_live_method_mutation)
----------------------------------------------------------------------
Traceback (most recent call last):
  File "/data/users/bobren/a/pytorch-rs-burner/.burner/worktrees/agent_468d83fa/tests/test_compile_cuda_sum_rows.py", line 109, in test_rejections_and_live_method_mutation
    x[:, ::2], x.detach().requires_grad_(), native.ones((4, 17)),
    ~^^^^^^^^
IndexError: only integers, slices (`:`), ellipsis (`...`), None and long or byte Variables are valid indices (got slice)

======================================================================
FAIL: test_composition_dynamic_shapes_and_native_whole_graph_validation (tests.test_compile_cuda_sum_rows.CompileCudaSumTests.test_composition_dynamic_shapes_and_native_whole_graph_validation)
----------------------------------------------------------------------
Traceback (most recent call last):
  File "/data/users/bobren/a/pytorch-rs-burner/.burner/worktrees/agent_468d83fa/tests/test_compile_cuda_sum_rows.py", line 79, in test_composition_dynamic_shapes_and_native_whole_graph_validation
    self.assertEqual(len(cache.graphs), 1)
AssertionError: 4 != 1

----------------------------------------------------------------------
Ran 8 tests in 5.165s

FAILED (failures=1, errors=1, skipped=1)
