📦 Including license file `LICENSE`
🍹 Building a mixed python/rust project
🐍 Found CPython 3.12 at /data/users/bobren/a/pytorch-rs-burner/.burner/worktrees/agent_468d83fa/.venv/bin/python
🔗 Found pyo3 bindings with abi3-py3.10 support
📡 Using build options features from pyproject.toml
    Blocking waiting for file lock on build directory
   Compiling once_cell v1.21.4
   Compiling inventory v0.3.24
   Compiling either v1.18.0
   Compiling cfg-if v1.0.4
   Compiling crossbeam-utils v0.8.23
   Compiling libc v0.2.189
   Compiling pyo3-ffi v0.29.2
   Compiling libloading v0.8.9
   Compiling pyo3 v0.29.2
   Compiling crossbeam-epoch v0.9.21
   Compiling crossbeam-deque v0.8.8
   Compiling rayon-core v1.13.0
   Compiling rayon v1.12.0
   Compiling pytorch-rs v0.1.0 (/data/users/bobren/a/pytorch-rs-burner/.burner/worktrees/agent_468d83fa)
    Finished `release` profile [optimized] target(s) in 47.20s
📦 Built wheel for abi3 Python ≥ 3.10 to target/row-sum/wheels/torch_rs-0.1.0-cp310-abi3-manylinux_2_34_x86_64.whl
