{
  "commit": "90de52a97559b7596d8d64661904e3db59112d2a",
  "clean_capture": true,
  "checks": {
    "pointwise": {
      "total": 292,
      "skipped": 8,
      "passed": 284,
      "seconds": 260.978
    },
    "two-device": {
      "total": 8,
      "skipped": 0,
      "passed": 8,
      "seconds": 8.6
    },
    "portable-3.10.19": {
      "total": 292,
      "skipped": 149,
      "passed": 143,
      "seconds": 1.22
    },
    "portable-3.11.15": {
      "total": 292,
      "skipped": 149,
      "passed": 143,
      "seconds": 0.877
    },
    "portable-3.12.12": {
      "total": 292,
      "skipped": 149,
      "passed": 143,
      "seconds": 1.123
    },
    "portable-3.13.13": {
      "total": 292,
      "skipped": 149,
      "passed": 143,
      "seconds": 0.926
    },
    "portable-3.14.5": {
      "total": 292,
      "skipped": 149,
      "passed": 143,
      "seconds": 0.987
    },
    "native-pointwise": {
      "passed": 41,
      "failed": 0
    },
    "native-conversion": {
      "passed": 1,
      "failed": 0
    }
  },
  "prior_files_unchanged": 3821,
  "archived_raw_files_verified": 521,
  "wheel_sha256": "506b5fb991037587e3c83ef423e047ba6f82111d8169d9b006dfdc27b531037b",
  "tracked_changes": [
    "docs/compile-pointwise-jit.md"
  ],
  "new_evidence_files": [
    "docs/diagnostics/compile-pointwise-structured-outputs/postcommit-90de52a9/README.md",
    "docs/diagnostics/compile-pointwise-structured-outputs/postcommit-90de52a9/measurements.json.gz",
    "docs/diagnostics/compile-pointwise-structured-outputs/postcommit-90de52a9/raw-captures.tar.gz",
    "docs/diagnostics/compile-pointwise-structured-outputs/postcommit-90de52a9/raw-retention-manifest.json"
  ],
  "documentation_links_valid": true,
  "diff_check_passed": true
}
