test_same_device_guard_and_mixed_device_rejection (tests.test_cuda_add_trailing_vector.CudaAddTrailingVectorDeviceTests.test_same_device_guard_and_mixed_device_rejection) ... skipped 'requires real CUDA with CUDA_VISIBLE_DEVICES=0,1'
test_compiler_still_rejects_broadcast_before_execution (tests.test_cuda_add_trailing_vector.CudaAddTrailingVectorTests.test_compiler_still_rejects_broadcast_before_execution) ... ok
test_completion_before_independent_stream_read (tests.test_cuda_add_trailing_vector.CudaAddTrailingVectorTests.test_completion_before_independent_stream_read) ... ok
test_generated_rectangles_and_empty_dimensions (tests.test_cuda_add_trailing_vector.CudaAddTrailingVectorTests.test_generated_rectangles_and_empty_dimensions) ... ok
test_ieee_edges (tests.test_cuda_add_trailing_vector.CudaAddTrailingVectorTests.test_ieee_edges) ... ok
test_lifetimes_reuse_and_fresh_thread_context (tests.test_cuda_add_trailing_vector.CudaAddTrailingVectorTests.test_lifetimes_reuse_and_fresh_thread_context) ... ok
test_offset_views_and_overlapping_inputs (tests.test_cuda_add_trailing_vector.CudaAddTrailingVectorTests.test_offset_views_and_overlapping_inputs) ... ok
test_unsupported_shapes_layouts_and_devices (tests.test_cuda_add_trailing_vector.CudaAddTrailingVectorTests.test_unsupported_shapes_layouts_and_devices) ... ok
test_cross_thread_pool_release_on_both_devices (tests.test_cuda_add.CudaAddDeviceTests.test_cross_thread_pool_release_on_both_devices) ... skipped 'requires real CUDA with CUDA_VISIBLE_DEVICES=0,1'
test_device_restoration_success_failure_and_drop (tests.test_cuda_add.CudaAddDeviceTests.test_device_restoration_success_failure_and_drop) ... skipped 'requires real CUDA with CUDA_VISIBLE_DEVICES=0,1'
test_replay_eviction_restores_context_across_devices (tests.test_cuda_add.CudaAddDeviceTests.test_replay_eviction_restores_context_across_devices) ... skipped 'requires real CUDA with CUDA_VISIBLE_DEVICES=0,1'
test_cached_allocation_on_fresh_host_thread (tests.test_cuda_add.CudaAddTests.test_cached_allocation_on_fresh_host_thread) ... ok
test_completion_before_independent_stream_read (tests.test_cuda_add.CudaAddTests.test_completion_before_independent_stream_read) ... ok
test_invalid_and_unsupported_inputs (tests.test_cuda_add.CudaAddTests.test_invalid_and_unsupported_inputs) ... ok
test_numerical_edges (tests.test_cuda_add.CudaAddTests.test_numerical_edges) ... ok
test_offsets_singletons_and_empty_views (tests.test_cuda_add.CudaAddTests.test_offsets_singletons_and_empty_views) ... ok
test_random_held_out_shapes_and_public_forms (tests.test_cuda_add.CudaAddTests.test_random_held_out_shapes_and_public_forms) ... ok
test_repeated_launch_eviction_aliases_and_immediate_drops (tests.test_cuda_add.CudaAddTests.test_repeated_launch_eviction_aliases_and_immediate_drops) ... ok
test_source_output_lifetimes_chaining_and_reuse (tests.test_cuda_add.CudaAddTests.test_source_output_lifetimes_chaining_and_reuse) ... ok
test_without_pytorch_import (tests.test_cuda_add.CudaAddTests.test_without_pytorch_import) ... ok
test_device_guard_and_context_cache (tests.test_cuda_neg.CudaNegDeviceTests.test_device_guard_and_context_cache) ... skipped 'requires real CUDA with CUDA_VISIBLE_DEVICES=0,1'
test_completion_and_independent_output (tests.test_cuda_neg.CudaNegTests.test_completion_and_independent_output) ... ok
test_generated_shapes_public_forms_and_input_preservation (tests.test_cuda_neg.CudaNegTests.test_generated_shapes_public_forms_and_input_preservation) ... ok
test_ieee_bits_and_offset_views (tests.test_cuda_neg.CudaNegTests.test_ieee_bits_and_offset_views) ... ok
test_large_allocation_lifetime_outside_front_cache (tests.test_cuda_neg.CudaNegTests.test_large_allocation_lifetime_outside_front_cache) ... ok
test_layout_autograd_rejection_and_compiled_negation (tests.test_cuda_neg.CudaNegTests.test_layout_autograd_rejection_and_compiled_negation) ... ok
test_lifetimes_reuse_and_fresh_thread_context (tests.test_cuda_neg.CudaNegTests.test_lifetimes_reuse_and_fresh_thread_context) ... ok
test_no_pytorch_forwarding (tests.test_cuda_neg.CudaNegTests.test_no_pytorch_forwarding) ... ok
test_allocation_failure_restores_device_and_recovers (tests.test_cuda_mul_scalar.CudaMulScalarDeviceTests.test_allocation_failure_restores_device_and_recovers) ... skipped 'requires real CUDA with CUDA_VISIBLE_DEVICES=0,1'
test_ownership_restoration_and_mixed_device_rejection (tests.test_cuda_mul_scalar.CudaMulScalarDeviceTests.test_ownership_restoration_and_mixed_device_rejection) ... skipped 'requires real CUDA with CUDA_VISIBLE_DEVICES=0,1'
test_compiler_rejection_does_not_execute_or_cache (tests.test_cuda_mul_scalar.CudaMulScalarTests.test_compiler_rejection_does_not_execute_or_cache) ... ok
test_completion_fresh_storage_and_lifetimes (tests.test_cuda_mul_scalar.CudaMulScalarTests.test_completion_fresh_storage_and_lifetimes) ... ok
test_generated_large_allocation_beyond_front_cache (tests.test_cuda_mul_scalar.CudaMulScalarTests.test_generated_large_allocation_beyond_front_cache) ... ok
test_generated_shapes_and_all_public_forms (tests.test_cuda_mul_scalar.CudaMulScalarTests.test_generated_shapes_and_all_public_forms) ... ok
test_ieee_values_offsets_and_empty_views (tests.test_cuda_mul_scalar.CudaMulScalarTests.test_ieee_values_offsets_and_empty_views) ... ok
test_no_pytorch_forwarding (tests.test_cuda_mul_scalar.CudaMulScalarTests.test_no_pytorch_forwarding) ... ok
test_scalar_conversion_contracts (tests.test_cuda_mul_scalar.CudaMulScalarTests.test_scalar_conversion_contracts) ... ok
test_unsupported_boundaries_and_overrides (tests.test_cuda_mul_scalar.CudaMulScalarTests.test_unsupported_boundaries_and_overrides) ... ok
test_allocation_reuse_and_threaded_lifetimes (tests.test_cuda_native_views.NativeCudaViewTests.test_allocation_reuse_and_threaded_lifetimes) ... ok
test_bounded_staging_crosses_chunks_and_preserves_values (tests.test_cuda_native_views.NativeCudaViewTests.test_bounded_staging_crosses_chunks_and_preserves_values) ... ok
test_nonzero_views_copy_to_cpu_and_keep_storage_alive (tests.test_cuda_native_views.NativeCudaViewTests.test_nonzero_views_copy_to_cpu_and_keep_storage_alive) ... ok
test_unsupported_materialization_fails_at_operation (tests.test_cuda_native_views.NativeCudaViewTests.test_unsupported_materialization_fails_at_operation) ... ok
test_widely_spaced_selection_copies_under_host_memory_limit (tests.test_cuda_native_views.NativeCudaViewTests.test_widely_spaced_selection_copies_under_host_memory_limit) ... ok
test_cpu_cuda_cache_separation_and_original_bypass (tests.test_compile_cuda_boundary.CompileCudaBoundaryTests.test_cpu_cuda_cache_separation_and_original_bypass) ... ok
test_dynamic_cache_hit_preflights_late_shape_mismatch (tests.test_compile_cuda_boundary.CompileCudaBoundaryTests.test_dynamic_cache_hit_preflights_late_shape_mismatch) ... ok
test_global_capture_transitions_and_recompile_limit (tests.test_compile_cuda_boundary.CompileCudaBoundaryTests.test_global_capture_transitions_and_recompile_limit) ... ok
test_ieee_edges_and_dynamic_offset_guards (tests.test_compile_cuda_boundary.CompileCudaBoundaryTests.test_ieee_edges_and_dynamic_offset_guards) ... ok
test_native_failure_does_not_publish_cache (tests.test_compile_cuda_boundary.CompileCudaBoundaryTests.test_native_failure_does_not_publish_cache) ... ok
test_no_pytorch_import_or_original_execution (tests.test_compile_cuda_boundary.CompileCudaBoundaryTests.test_no_pytorch_import_or_original_execution) ... ok
test_offset_layout_metadata_and_cache_guards (tests.test_compile_cuda_boundary.CompileCudaBoundaryTests.test_offset_layout_metadata_and_cache_guards) ... ok
test_private_trace_entrypoints_keep_unsupported_guards (tests.test_compile_cuda_boundary.CompileCudaBoundaryTests.test_private_trace_entrypoints_keep_unsupported_guards) ... ok
test_seeded_shapes_structures_and_changed_data_against_reference (tests.test_compile_cuda_boundary.CompileCudaBoundaryTests.test_seeded_shapes_structures_and_changed_data_against_reference) ... /data/users/bobren/a/pytorch-rs-burner/.burner/worktrees/agent_c5fcb154/.venv/lib/python3.12/site-packages/torch/jit/_script.py:365: DeprecationWarning: `torch.jit.script_method` is deprecated. Please switch to `torch.compile` or `torch.export`.
  warnings.warn(
ok
test_unsupported_fresh_and_cpu_warmed_leave_cache_unchanged (tests.test_compile_cuda_boundary.CompileCudaBoundaryTests.test_unsupported_fresh_and_cpu_warmed_leave_cache_unchanged) ... ok
test_ordinals_captures_and_current_device_restoration (tests.test_compile_cuda_boundary.CompileCudaDeviceTests.test_ordinals_captures_and_current_device_restoration) ... skipped 'requires real CUDA with CUDA_VISIBLE_DEVICES=0,1'
test_ownership_captures_and_device_restoration (tests.test_compile_cuda_neg.CompileCudaNegDeviceTests.test_ownership_captures_and_device_restoration) ... skipped 'requires real CUDA with CUDA_VISIBLE_DEVICES=0,1'
test_captures_nested_outputs_and_repeated_inputs (tests.test_compile_cuda_neg.CompileCudaNegTests.test_captures_nested_outputs_and_repeated_inputs) ... ok
test_cold_cpu_warmed_and_device_guards (tests.test_compile_cuda_neg.CompileCudaNegTests.test_cold_cpu_warmed_and_device_guards) ... ok
test_generated_shapes_lengths_and_forms (tests.test_compile_cuda_neg.CompileCudaNegTests.test_generated_shapes_lengths_and_forms) ... ok
test_global_offset_shape_and_layout_guards (tests.test_compile_cuda_neg.CompileCudaNegTests.test_global_offset_shape_and_layout_guards) ... ok
test_offsets_ieee_metadata_dynamic_and_stride_guards (tests.test_compile_cuda_neg.CompileCudaNegTests.test_offsets_ieee_metadata_dynamic_and_stride_guards) ... ok
test_reject_before_execution_and_cache_insertion (tests.test_compile_cuda_neg.CompileCudaNegTests.test_reject_before_execution_and_cache_insertion) ... ok
test_stream_completion_and_independent_storage (tests.test_compile_cuda_neg.CompileCudaNegTests.test_stream_completion_and_independent_storage) ... ok
test_autograd_no_grad_and_shared_operands_reuse_native_path (tests.test_tensor_add.TensorAddMethodTests.test_autograd_no_grad_and_shared_operands_reuse_native_path) ... ok
test_callable_metadata_copy_pickle_reload_and_unsupported_surface (tests.test_tensor_add.TensorAddMethodTests.test_callable_metadata_copy_pickle_reload_and_unsupported_surface) ... ok
test_descriptor_pickle_survives_package_reinitialization (tests.test_tensor_add.TensorAddMethodTests.test_descriptor_pickle_survives_package_reinitialization) ... ok
test_method_reuses_addition_values_layouts_and_edge_cases (tests.test_tensor_add.TensorAddMethodTests.test_method_reuses_addition_values_layouts_and_edge_cases) ... ok
test_modes_and_overrides_observe_methods_before_native_limits (tests.test_tensor_add.TensorAddMethodTests.test_modes_and_overrides_observe_methods_before_native_limits) ... ok
test_unsupported_arguments_and_boundaries_do_not_mutate (tests.test_tensor_add.TensorAddMethodTests.test_unsupported_arguments_and_boundaries_do_not_mutate) ... ok
test_autograd_and_no_grad_match_pytorch_2_13 (tests.test_tensor_add_reference.TensorAddMethodReferenceTests.test_autograd_and_no_grad_match_pytorch_2_13) ... ok
test_callable_metadata_documentation_copy_and_pickle_match_pytorch_2_13 (tests.test_tensor_add_reference.TensorAddMethodReferenceTests.test_callable_metadata_documentation_copy_and_pickle_match_pytorch_2_13) ... ok
test_common_binding_and_scalar_errors_match_pytorch_2_13 (tests.test_tensor_add_reference.TensorAddMethodReferenceTests.test_common_binding_and_scalar_errors_match_pytorch_2_13) ... ok
test_torch_function_mode_and_operand_dispatch_match_pytorch_2_13 (tests.test_tensor_add_reference.TensorAddMethodReferenceTests.test_torch_function_mode_and_operand_dispatch_match_pytorch_2_13) ... ok
test_values_layouts_ieee_empties_and_argument_forms_match_pytorch_2_13 (tests.test_tensor_add_reference.TensorAddMethodReferenceTests.test_values_layouts_ieee_empties_and_argument_forms_match_pytorch_2_13) ... ok
test_autograd_no_grad_and_full_sum_backward_reuse_tensor_add (tests.test_top_level_add.TopLevelAddTests.test_autograd_no_grad_and_full_sum_backward_reuse_tensor_add) ... ok
test_callable_metadata_copy_pickle_reload_and_exports (tests.test_top_level_add.TopLevelAddTests.test_callable_metadata_copy_pickle_reload_and_exports) ... ok
test_scalar_left_values_layouts_empty_and_special_bits (tests.test_top_level_add.TopLevelAddTests.test_scalar_left_values_layouts_empty_and_special_bits) ... ok
test_scalar_other_values_layouts_empty_and_special_bits (tests.test_top_level_add.TopLevelAddTests.test_scalar_other_values_layouts_empty_and_special_bits) ... ok
test_tensor_tensor_values_broadcast_empty_offsets_and_special_bits (tests.test_top_level_add.TopLevelAddTests.test_tensor_tensor_values_broadcast_empty_offsets_and_special_bits) ... ok
test_torch_function_modes_and_overrides_observe_original_calls (tests.test_top_level_add.TopLevelAddTests.test_torch_function_modes_and_overrides_observe_original_calls) ... ok
test_unsupported_surface_errors_do_not_mutate_inputs (tests.test_top_level_add.TopLevelAddTests.test_unsupported_surface_errors_do_not_mutate_inputs) ... ok
test_autograd_empties_shared_operands_and_no_grad_match_pytorch_2_13 (tests.test_top_level_add_reference.TopLevelAddReferenceTests.test_autograd_empties_shared_operands_and_no_grad_match_pytorch_2_13) ... ok
test_scalar_left_values_layouts_empty_and_ieee_match_pytorch_2_13 (tests.test_top_level_add_reference.TopLevelAddReferenceTests.test_scalar_left_values_layouts_empty_and_ieee_match_pytorch_2_13) ... ok
test_scalar_other_values_layouts_empty_and_ieee_match_pytorch_2_13 (tests.test_top_level_add_reference.TopLevelAddReferenceTests.test_scalar_other_values_layouts_empty_and_ieee_match_pytorch_2_13) ... ok
test_tensor_tensor_values_layouts_and_ieee_match_pytorch_2_13 (tests.test_top_level_add_reference.TopLevelAddReferenceTests.test_tensor_tensor_values_layouts_and_ieee_match_pytorch_2_13) ... ok
test_torch_function_mode_and_operand_dispatch_match_pytorch_2_13 (tests.test_top_level_add_reference.TopLevelAddReferenceTests.test_torch_function_mode_and_operand_dispatch_match_pytorch_2_13) ... ok

----------------------------------------------------------------------
Ran 85 tests in 39.940s

OK (skipped=9)
