    Updating crates.io index
 Downloading crates ...
  Downloaded pyo3-macros v0.29.2
  Downloaded inventory v0.3.24
  Downloaded crossbeam-epoch v0.9.21
  Downloaded heck v0.5.0
  Downloaded cfg-if v1.0.4
  Downloaded windows-link v0.2.1
  Downloaded crossbeam-deque v0.8.8
  Downloaded quote v1.0.47
  Downloaded target-lexicon v0.13.5
  Downloaded either v1.18.0
  Downloaded rustversion v1.0.23
  Downloaded libloading v0.8.9
  Downloaded crossbeam-utils v0.8.23
  Downloaded once_cell v1.21.4
  Downloaded pyo3-build-config v0.29.2
  Downloaded unicode-ident v1.0.24
  Downloaded pyo3-macros-backend v0.29.2
  Downloaded pyo3-ffi v0.29.2
  Downloaded proc-macro2 v1.0.107
  Downloaded rayon-core v1.13.0
  Downloaded rayon v1.12.0
  Downloaded portable-atomic v1.14.0
  Downloaded syn v2.0.119
  Downloaded libc v0.2.189
  Downloaded pyo3 v0.29.2
📦 Including license file `LICENSE`
🍹 Building a mixed python/rust project
🐍 Found CPython 3.12 at /data/users/bobren/a/pytorch-rs-burner/.burner/worktrees/agent_6b0d5506/target/cuda-observer-development-v3/candidate-checkout/.venv/bin/python
🔗 Found pyo3 bindings with abi3-py3.10 support
📡 Using build options features from pyproject.toml
   Compiling target-lexicon v0.13.5
   Compiling proc-macro2 v1.0.107
   Compiling quote v1.0.47
   Compiling crossbeam-utils v0.8.23
   Compiling unicode-ident v1.0.24
   Compiling crossbeam-epoch v0.9.21
   Compiling crossbeam-deque v0.8.8
   Compiling libc v0.2.189
   Compiling heck v0.5.0
   Compiling rayon-core v1.13.0
   Compiling inventory v0.3.24
   Compiling once_cell v1.21.4
   Compiling either v1.18.0
   Compiling cfg-if v1.0.4
   Compiling libloading v0.8.9
   Compiling pyo3-build-config v0.29.2
   Compiling syn v2.0.119
   Compiling pyo3-ffi v0.29.2
   Compiling pyo3 v0.29.2
   Compiling rayon v1.12.0
   Compiling pyo3-macros-backend v0.29.2
   Compiling pyo3-macros v0.29.2
   Compiling pytorch-rs v0.1.0 (/data/users/bobren/a/pytorch-rs-burner/.burner/worktrees/agent_6b0d5506/target/cuda-observer-development-v3/candidate-checkout)
    Finished `release` profile [optimized] target(s) in 47.15s
📦 Built wheel for abi3 Python ≥ 3.10 to /data/users/bobren/a/pytorch-rs-burner/.burner/worktrees/agent_6b0d5506/target/cuda-observer-development-v3/candidate-checkout/target/wheels/torch_rs-0.1.0-cp310-abi3-manylinux_2_34_x86_64.whl
