   Compiling target-lexicon v0.13.5
   Compiling proc-macro2 v1.0.107
   Compiling unicode-ident v1.0.24
   Compiling quote v1.0.47
   Compiling crossbeam-utils v0.8.23
   Compiling crossbeam-epoch v0.9.21
   Compiling crossbeam-deque v0.8.8
   Compiling libc v0.2.189
   Compiling heck v0.5.0
   Compiling rayon-core v1.13.0
   Compiling inventory v0.3.24
   Compiling once_cell v1.21.4
   Compiling either v1.18.0
   Compiling cfg-if v1.0.4
   Compiling libloading v0.8.9
   Compiling pyo3-build-config v0.29.2
   Compiling syn v2.0.119
   Compiling pyo3-ffi v0.29.2
   Compiling pyo3 v0.29.2
   Compiling rayon v1.12.0
   Compiling pyo3-macros-backend v0.29.2
   Compiling pyo3-macros v0.29.2
   Compiling pytorch-rs v0.1.0 (/data/users/bobren/a/pytorch-rs-burner/.burner/worktrees/agent_38d9746a)
    Finished `test` profile [unoptimized + debuginfo] target(s) in 15.17s
     Running unittests src/lib.rs (target/reshape-postcommit-7533cbbc/build/debug/deps/pytorch_rs-545e4fdb10cc861f)

running 9 tests
test tensor::cuda_graph::tests::empty_alias_does_not_require_canonical_strides ... ok
test tensor::cuda_graph::tests::packing_and_arithmetic_plan_layouts_independently ... ok
test tensor::cuda_graph::tests::t_plans_only_bounded_views_and_reuses_storage ... ok
test tensor::cuda_graph::tests::transpose_axes_plan_and_execute_shared_storage ... ok
test tensor::cuda_graph::tests::reshape_plans_shared_views_and_device_packs ... ok
test python::compile_cuda_graph::tests::t_metadata_types_reject_before_any_native_operation ... ok
test python::compile_cuda_graph::tests::reshape_payloads_reject_before_early_or_late_execution ... ok
test python::compile_cuda_graph::tests::transpose_axes_reject_before_early_or_late_execution ... ok
test python::compile_cuda_graph::tests::invalid_late_nodes_execute_zero_native_operations ... ok

test result: ok. 9 passed; 0 failed; 0 ignored; 0 measured; 190 filtered out; finished in 0.43s

