test_compile_benchmark_artifact.py 0 11
test_compile_corpus.py 0 62
test_compile_cuda_benchmark.py 0 69
test_compile_cuda_boundary.py 0 11
test_compile_cuda_contiguous.py 0 13
test_compile_cuda_graph.py 0 8
test_compile_cuda_matmul.py 0 12
test_compile_cuda_matmul_diagnostic.py 0 10
test_compile_cuda_module_arithmetic.py 0 14
test_compile_cuda_module_relu.py 0 12
test_compile_cuda_module_reshape.py 0 12
test_compile_cuda_module_squeeze.py 0 15
test_compile_cuda_module_t.py 0 15
test_compile_cuda_module_transpose.py 0 13
test_compile_cuda_mul_scalar.py 0 13
test_compile_cuda_mul_scalar_diagnostic.py 0 2
test_compile_cuda_neg.py 0 8
test_compile_cuda_neg_add_diagnostic.py 0 5
test_compile_cuda_relu.py 0 9
test_compile_cuda_reshape.py 0 14
test_compile_cuda_squeeze.py 0 15
test_compile_cuda_sum_rows.py 0 7
test_compile_cuda_t.py 0 12
test_compile_cuda_trailing_vector.py 0 10
test_compile_cuda_trailing_vector_diagnostic.py 0 2
test_compile_cuda_transpose.py 0 11
test_compile_cuda_view.py 0 22
test_compile_default_evaluator.py 0 20
test_compile_evidence_archive.py 0 7
test_compile_pointwise_broadcast.py 0 9
test_compile_pointwise_broadcast_primitives.py 0 4
test_compile_pointwise_broadcast_priority.py 0 8
test_compile_pointwise_constant_folding.py 0 6
test_compile_pointwise_constant_transcendentals.py 0 3
test_compile_pointwise_constant_unary_precision.py 0 3
test_compile_pointwise_integer_scalars.py 0 1
test_compile_pointwise_jit.py 0 27
test_compile_pointwise_liveness.py 0 1
test_compile_pointwise_nonfinite_history.py 0 6
test_compile_pointwise_numerical_boundaries.py 0 3
test_compile_pointwise_operator_warm_bindings.py 0 3
test_compile_pointwise_product_priority.py 0 12
test_compile_pointwise_rounding.py 0 6
test_compile_pointwise_runtime_scalars.py 0 35
test_compile_pointwise_scalar_admission.py 0 31
test_compile_pointwise_signature_guards.py 0 2
test_compile_pointwise_static_guards.py 0 6
test_compile_pointwise_tensor_madd.py 0 10
test_compile_pointwise_zero_boundaries.py 0 5
test_compile_static_analysis.py 0 6
test_compile_sum_lowering.py 0 6
test_compile_tanh_composition.py 0 4
test_compiled_with_cxx11_abi.py 0 9
test_compiled_with_cxx11_abi_reference.py 0 7
test_compiler_assume_constant_result.py 0 10
test_compiler_assume_constant_result_reference.py 0 8
test_compiler_disable.py 0 15
test_compiler_disable_reference.py 0 12
test_compiler_get_default_backend.py 0 8
test_compiler_get_default_backend_reference.py 0 6
test_compiler_is_compiling.py 0 7
test_compiler_is_compiling_reference.py 0 6
test_compiler_is_dynamo_compiling.py 0 7
test_compiler_is_dynamo_compiling_reference.py 0 6
test_compiler_is_exporting.py 0 7
test_compiler_is_exporting_reference.py 0 6
test_compiler_keep_portable_guards_unsafe.py 0 9
test_compiler_keep_portable_guards_unsafe_reference.py 0 6
test_compiler_keep_tensor_guards_unsafe.py 0 10
test_compiler_keep_tensor_guards_unsafe_reference.py 0 6
test_compiler_list_backends.py 0 7
test_compiler_list_backends_reference.py 0 6
test_compiler_register_backend.py 0 9
test_compiler_register_backend_reference.py 0 3
test_compiler_set_default_backend.py 0 9
test_compiler_set_default_backend_reference.py 0 6
test_compiler_set_enable_guard_collectives.py 0 12
test_compiler_set_enable_guard_collectives_reference.py 0 9
test_compiler_skip_all_guards_unsafe.py 0 9
test_compiler_skip_all_guards_unsafe_reference.py 0 6
test_compiler_skip_guard_on_all_nn_modules_unsafe.py 0 9
test_compiler_skip_guard_on_all_nn_modules_unsafe_reference.py 0 5
test_compiler_skip_guard_on_globals_unsafe.py 0 11
test_compiler_skip_guard_on_globals_unsafe_reference.py 0 6
test_compiler_skip_guard_on_inbuilt_nn_modules_unsafe.py 0 9
