   Compiling crossbeam-utils v0.8.23
   Compiling crossbeam-epoch v0.9.21
   Compiling crossbeam-deque v0.8.8
   Compiling rayon-core v1.13.0
   Compiling cfg-if v1.0.4
   Compiling either v1.18.0
   Compiling libloading v0.8.9
   Compiling rayon v1.12.0
   Compiling pytorch-rs v0.1.0 (/data/users/bobren/a/pytorch-rs-burner/.burner/worktrees/agent_4e16ac18)
    Finished `test` profile [unoptimized + debuginfo] target(s) in 5.84s
     Running unittests src/lib.rs (target/tensor-madd/build/debug/deps/pytorch_rs-a84bc75b3d7dfab2)

running 28 tests
test pointwise_ir::indexing::tests::broadcasts_scalar_empty_leading_and_interior_dimensions ... ok
test pointwise_ir::indexing::tests::original_depth_rejects_live_stages_before_numeric_simplification ... ok
test pointwise_ir::indexing::tests::rejects_output_size_and_empty_stride_overflow_before_codegen ... ok
test pointwise_ir::indexing::tests::relu_preserves_depth_and_only_live_transcendentals_restrict_admission ... ok
test pointwise_ir::indexing::tests::tensor_leaf_madd_accepts_both_orders_all_input_ids_and_broadcasts ... ok
test pointwise_ir::indexing::tests::tensor_madd_does_not_admit_wrappers_other_leaves_or_products ... ok
test pointwise_ir::indexing::tests::tensor_madd_still_checks_dead_nodes_unused_inputs_and_overflow ... ok
test pointwise_ir::indexing::tests::validates_dead_shapes_but_does_not_expand_unrelated_output ... ok
test pointwise_ir::tests::boolean_multiplication_is_distinct_from_float_zero ... ok
test pointwise_ir::tests::competing_add_products_follow_dependency_rank ... ok
test pointwise_ir::tests::computed_zero_does_not_acquire_early_zero_identity ... ok
test pointwise_ir::tests::constant_tensor_arithmetic_retains_signed_zero_for_negation ... ok
test pointwise_ir::tests::constant_tensors_fold_before_float32_materialization ... ok
test pointwise_ir::tests::contracts_left_product_when_both_operands_are_products ... ok
test pointwise_ir::tests::dead_consumers_do_not_prevent_live_contraction_or_bypass_validation ... ok
test pointwise_ir::tests::equivalent_products_share_rounding_without_commuting_operands ... ok
test pointwise_ir::tests::libdevice_joins_rank_after_entry_products ... ok
test pointwise_ir::tests::negated_subtraction_reverses_contraction_before_rounding_zero ... ok
test pointwise_ir::tests::negation_contracts_products_but_retains_isolated_zero_semantics ... ok
test pointwise_ir::tests::runtime_scalar_negation_preserves_the_sign_bit ... ok
test pointwise_ir::tests::runtime_scalars_are_parameters_and_stop_constant_folding ... ok
test pointwise_ir::tests::scalar_zero_subtraction_exposes_factors_after_identity_checks ... ok
test pointwise_ir::tests::shared_products_can_contract_for_each_consumer ... ok
test pointwise_ir::tests::shared_signed_double_keeps_one_rounded_consumer ... ok
test pointwise_ir::tests::sign_rewrites_do_not_acquire_shared_subtraction_semantics ... ok
test pointwise_ir::tests::sine_flushes_only_runtime_dependencies ... ok
test pointwise_ir::tests::subtraction_aliases_preserve_contraction_after_addition_pass ... ok
test pointwise_ir::tests::validates_ssa_before_codegen ... ok

test result: ok. 28 passed; 0 failed; 0 ignored; 0 measured; 182 filtered out; finished in 0.01s

