test_all_ordered_tensor_leaves_single_fma_and_unused_arguments (test_compile_pointwise_tensor_madd.Metadata.test_all_ordered_tensor_leaves_single_fma_and_unused_arguments) ... ok
test_near_misses_remain_rejected_before_rewriting (test_compile_pointwise_tensor_madd.Metadata.test_near_misses_remain_rejected_before_rewriting) ... ok
test_runtime_scalar_leaves_and_all_dead_validation (test_compile_pointwise_tensor_madd.Metadata.test_runtime_scalar_leaves_and_all_dead_validation) ... ok
test_all_leaf_ids_and_both_add_orders (test_compile_pointwise_tensor_madd.TensorMadd.test_all_leaf_ids_and_both_add_orders) ... /data/users/bobren/a/pytorch-rs-burner/.burner/worktrees/agent_4e16ac18/.venv/lib/python3.12/site-packages/torch/jit/_script.py:365: DeprecationWarning: `torch.jit.script_method` is deprecated. Please switch to `torch.compile` or `torch.export`.
  warnings.warn(
ok
test_both_devices_restore_current_device_on_success_failure_and_reset (test_compile_pointwise_tensor_madd.TensorMadd.test_both_devices_restore_current_device_on_success_failure_and_reset) ... skipped 'requires explicit reservation of two CUDA devices'
test_direct_kernel_admission_address_guard_and_cache_failure_atomicity (test_compile_pointwise_tensor_madd.TensorMadd.test_direct_kernel_admission_address_guard_and_cache_failure_atomicity) ... ok
test_explicit_cancellation_overflow_and_rounding (test_compile_pointwise_tensor_madd.TensorMadd.test_explicit_cancellation_overflow_and_rounding) ... ok
test_identity_changes_unused_inputs_and_one_tensor (test_compile_pointwise_tensor_madd.TensorMadd.test_identity_changes_unused_inputs_and_one_tensor) ... ok
test_rank_empty_singleton_and_block_boundary_histories (test_compile_pointwise_tensor_madd.TensorMadd.test_rank_empty_singleton_and_block_boundary_histories) ... ok
test_unused_invalid_tensor_and_nvrtc_failure_publish_nothing (test_compile_pointwise_tensor_madd.TensorMadd.test_unused_invalid_tensor_and_nvrtc_failure_publish_nothing) ... ERROR

======================================================================
ERROR: test_unused_invalid_tensor_and_nvrtc_failure_publish_nothing (test_compile_pointwise_tensor_madd.TensorMadd.test_unused_invalid_tensor_and_nvrtc_failure_publish_nothing)
----------------------------------------------------------------------
Traceback (most recent call last):
  File "/data/users/bobren/a/pytorch-rs-burner/.burner/worktrees/agent_4e16ac18/tests/test_compile_pointwise_tensor_madd.py", line 239, in test_unused_invalid_tensor_and_nvrtc_failure_publish_nothing
    for invalid in (native.ones(1), unused.to(dtype=native.float64),
                                                    ^^^^^^^^^^^^^^
AttributeError: module 'torch_rs' has no attribute 'float64'. Did you mean: 'float'?

----------------------------------------------------------------------
Ran 10 tests in 36.676s

FAILED (errors=1, skipped=1)
