{
  "commit": "e835f7f173af4ffc7783560d9b03709660fa3141",
  "source_sha256": "30c8a7ad78fa3e1e8a87b59446a6fa2d759d18c5d66be1b77d5655a993acb4e3",
  "production_diff_sha256": "e3b0c44298fc1c149afbf4c8996fb92427ae41e4649b934ca495991b7852b855",
  "git_status": "",
  "python": "3.12.14 (main, Sep  1 2026, 14:16:52) [Clang 22.1.3 ]",
  "executable": "/data/users/bobren/a/pytorch-rs-burner/.burner/worktrees/agent_59ecd9f0/.venv/bin/python",
  "interpreter_realpath": "/data/users/bobren/a/pytorch-rs-burner/.burner/worktrees/agent_59ecd9f0/target/uv-python/cpython-3.12.14-linux-x86_64-gnu/bin/python3.12",
  "interpreter_sha256": "f7c6210eb40fadcd3c2889dddd24a15fc2c9f926aec5a03bf9da66e12d581526",
  "package_path": "/data/users/bobren/a/pytorch-rs-burner/.burner/worktrees/agent_59ecd9f0/.venv/lib/python3.12/site-packages/torch_rs/__init__.py",
  "extension_path": "/data/users/bobren/a/pytorch-rs-burner/.burner/worktrees/agent_59ecd9f0/.venv/lib/python3.12/site-packages/torch_rs/torch_rs.abi3.so",
  "extension_sha256": "f492541e80297882996e1ab9474b92c942c074c66d5af71ff31fad3dfffcc070",
  "all_installed_python_files_match_source": true,
  "build_record": "build-record.json",
  "build_record_sha256": "737901f034818d937c940b50061cab13ce0b5b7af1d9b621e555d1ea8eab858a",
  "input_manifest": "../inputs.json",
  "input_manifest_sha256": "a5680a85937283784520055e64b3dd5282fd516530b40c4120cfb571a00a49ea",
  "all_reused_input_hashes_match": true,
  "compiler_module_count": 57,
  "runtime": {
    "native_path": "/data/users/bobren/a/pytorch-rs-burner/.burner/worktrees/agent_59ecd9f0/.venv/lib/python3.12/site-packages/nvidia/cu13/lib/libcudart.so.13",
    "native_sha256": "96c42e418cec19054186b9429c321603cc190bf26a18104e19408117a2a817b0",
    "native_version": 13000,
    "reference_version": "2.13.0+cu130",
    "reference_cuda": "13.0",
    "mapped_after_reference_import": [
      "/data/users/bobren/a/pytorch-rs-burner/.burner/worktrees/agent_59ecd9f0/.venv/lib/python3.12/site-packages/nvidia/cu13/lib/libcudart.so.13"
    ]
  },
  "recipe_hashes": {
    "environment.sh": "824bf0073b0803f34ba814af2b379a5a74553b2089a4cb6097388e38ca100890",
    "capture_command.py": "c947c11dad0abdfba04af030892522f3ffe7b04e7b9cc316e270f6b35d911373",
    "setup.sh": "0fa2a213eb2261a01ce4410d53a356e380275ca28cb7186523c52771f1f310bb",
    "verify.py": "f71a0237f69ee84238f4ceabb7cc112ede23ee2e0a95a9d74df30c84f77e9089",
    "guides.py": "0f1de97ddd036b77335c38a901f8aa13a6207ef80dffde0bfa46176fb707e3a4"
  }
}
