   Compiling target-lexicon v0.13.5
   Compiling proc-macro2 v1.0.107
   Compiling quote v1.0.47
   Compiling crossbeam-utils v0.8.23
   Compiling unicode-ident v1.0.24
   Compiling crossbeam-epoch v0.9.21
   Compiling libc v0.2.189
   Compiling crossbeam-deque v0.8.8
   Compiling heck v0.5.0
   Compiling rayon-core v1.13.0
   Compiling once_cell v1.21.4
   Compiling inventory v0.3.24
   Compiling either v1.18.0
   Compiling cfg-if v1.0.4
   Compiling libloading v0.8.9
   Compiling pyo3-build-config v0.29.2
   Compiling syn v2.0.119
   Compiling pyo3-ffi v0.29.2
   Compiling pyo3 v0.29.2
   Compiling rayon v1.12.0
   Compiling pyo3-macros-backend v0.29.2
   Compiling pyo3-macros v0.29.2
   Compiling pytorch-rs v0.1.0 (/data/users/bobren/a/pytorch-rs-burner/.burner/worktrees/agent_88f0e71f)
    Finished `test` profile [unoptimized + debuginfo] target(s) in 14.91s
     Running unittests src/lib.rs (target/graph-plan-postcommit-786c1b2/rust-tests/debug/deps/pytorch_rs-545e4fdb10cc861f)

running 1 test
test python::tests::compiled_matmul_bridge_checks_scope_and_owns_fresh_storage ... ok

test result: ok. 1 passed; 0 failed; 0 ignored; 0 measured; 183 filtered out; finished in 0.49s

