{"torch": "2.13.0+cu130", "reference_cuda": "13.0", "native_runtime": "/data/users/bobren/a/pytorch-rs-burner/.burner/worktrees/agent_67fce754/.venv/lib/python3.12/site-packages/nvidia/cu13/lib/libcudart.so.13", "gpu": "NVIDIA H100"}
{"expression": "x.view(-1)", "mode": "native eager", "shape": [21], "values": [1.0, 1.0, 1.0, 1.0, 1.0, 1.0, 1.0, 1.0, 1.0, 1.0, 1.0, 1.0, 1.0, 1.0, 1.0, 1.0, 1.0, 1.0, 1.0, 1.0, 1.0]}
{"expression": "x.view(-1)", "mode": "reference eager", "shape": [21], "values": [1.0, 1.0, 1.0, 1.0, 1.0, 1.0, 1.0, 1.0, 1.0, 1.0, 1.0, 1.0, 1.0, 1.0, 1.0, 1.0, 1.0, 1.0, 1.0, 1.0, 1.0]}
{"expression": "x.view(-1)", "mode": "reference compiled", "shape": [21], "values": [1.0, 1.0, 1.0, 1.0, 1.0, 1.0, 1.0, 1.0, 1.0, 1.0, 1.0, 1.0, 1.0, 1.0, 1.0, 1.0, 1.0, 1.0, 1.0, 1.0, 1.0]}
{"expression": "x.view(-1)", "mode": "native compiled", "error": "CompileTraceUnsupportedError", "message": "torch.compile trace does not support Tensor.view; only Tensor.t (CUDA, parameterless, rank <= 2), Tensor.transpose (CUDA, constant integer axes, rank <= 2), Tensor.reshape (CUDA, constant integer shape, rank <= 2), Tensor.contiguous (CUDA, parameterless), Tensor.neg, Tensor.negative, Tensor.abs, Tensor.absolute, Tensor.relu, Tensor.square, Tensor.detach, Tensor.float, Tensor.__add__, Tensor.add, Tensor.matmul (CUDA), Tensor.mul (CUDA scalar), Tensor.sum (CUDA rank-two rows) are implemented"}
{"expression": "x.view((3,-1))", "mode": "native eager", "shape": [3, 7], "values": [[1.0, 1.0, 1.0, 1.0, 1.0, 1.0, 1.0], [1.0, 1.0, 1.0, 1.0, 1.0, 1.0, 1.0], [1.0, 1.0, 1.0, 1.0, 1.0, 1.0, 1.0]]}
{"expression": "x.view((3,-1))", "mode": "reference eager", "shape": [3, 7], "values": [[1.0, 1.0, 1.0, 1.0, 1.0, 1.0, 1.0], [1.0, 1.0, 1.0, 1.0, 1.0, 1.0, 1.0], [1.0, 1.0, 1.0, 1.0, 1.0, 1.0, 1.0]]}
{"expression": "x.view((3,-1))", "mode": "reference compiled", "shape": [3, 7], "values": [[1.0, 1.0, 1.0, 1.0, 1.0, 1.0, 1.0], [1.0, 1.0, 1.0, 1.0, 1.0, 1.0, 1.0], [1.0, 1.0, 1.0, 1.0, 1.0, 1.0, 1.0]]}
{"expression": "x.view((3,-1))", "mode": "native compiled", "error": "CompileTraceUnsupportedError", "message": "torch.compile trace does not support Tensor.view; only Tensor.t (CUDA, parameterless, rank <= 2), Tensor.transpose (CUDA, constant integer axes, rank <= 2), Tensor.reshape (CUDA, constant integer shape, rank <= 2), Tensor.contiguous (CUDA, parameterless), Tensor.neg, Tensor.negative, Tensor.abs, Tensor.absolute, Tensor.relu, Tensor.square, Tensor.detach, Tensor.float, Tensor.__add__, Tensor.add, Tensor.matmul (CUDA), Tensor.mul (CUDA scalar), Tensor.sum (CUDA rank-two rows) are implemented"}
{"expression": "(x@w).relu().view(-1)", "mode": "native eager", "shape": [15], "values": [7.0, 7.0, 7.0, 7.0, 7.0, 7.0, 7.0, 7.0, 7.0, 7.0, 7.0, 7.0, 7.0, 7.0, 7.0]}
{"expression": "(x@w).relu().view(-1)", "mode": "reference eager", "shape": [15], "values": [7.0, 7.0, 7.0, 7.0, 7.0, 7.0, 7.0, 7.0, 7.0, 7.0, 7.0, 7.0, 7.0, 7.0, 7.0]}
{"expression": "(x@w).relu().view(-1)", "mode": "reference compiled", "shape": [15], "values": [7.0, 7.0, 7.0, 7.0, 7.0, 7.0, 7.0, 7.0, 7.0, 7.0, 7.0, 7.0, 7.0, 7.0, 7.0]}
{"expression": "(x@w).relu().view(-1)", "mode": "native compiled", "error": "CompileTraceUnsupportedError", "message": "torch.compile trace does not support Tensor.view; only Tensor.t (CUDA, parameterless, rank <= 2), Tensor.transpose (CUDA, constant integer axes, rank <= 2), Tensor.reshape (CUDA, constant integer shape, rank <= 2), Tensor.contiguous (CUDA, parameterless), Tensor.neg, Tensor.negative, Tensor.abs, Tensor.absolute, Tensor.relu, Tensor.square, Tensor.detach, Tensor.float, Tensor.__add__, Tensor.add, Tensor.matmul (CUDA), Tensor.mul (CUDA scalar), Tensor.sum (CUDA rank-two rows) are implemented"}
{"expression": "x.view(size=(21,))", "mode": "native eager", "shape": [21], "values": [1.0, 1.0, 1.0, 1.0, 1.0, 1.0, 1.0, 1.0, 1.0, 1.0, 1.0, 1.0, 1.0, 1.0, 1.0, 1.0, 1.0, 1.0, 1.0, 1.0, 1.0]}
{"expression": "x.view(size=(21,))", "mode": "reference eager", "shape": [21], "values": [1.0, 1.0, 1.0, 1.0, 1.0, 1.0, 1.0, 1.0, 1.0, 1.0, 1.0, 1.0, 1.0, 1.0, 1.0, 1.0, 1.0, 1.0, 1.0, 1.0, 1.0]}
{"expression": "x.view(size=(21,))", "mode": "reference compiled", "shape": [21], "values": [1.0, 1.0, 1.0, 1.0, 1.0, 1.0, 1.0, 1.0, 1.0, 1.0, 1.0, 1.0, 1.0, 1.0, 1.0, 1.0, 1.0, 1.0, 1.0, 1.0, 1.0]}
{"expression": "x.view(size=(21,))", "mode": "native compiled", "error": "CompileTraceUnsupportedError", "message": "torch.compile trace bytecode lowering does not support keyword arguments in 'program': CALL"}
{"expression": "x.t().view(-1)", "mode": "native eager", "error": "RuntimeError", "message": "view size is not compatible with input tensor's size and stride (at least one dimension spans across two contiguous subspaces). Use .reshape(...) instead."}
{"expression": "x.t().view(-1)", "mode": "reference eager", "error": "RuntimeError", "message": "view size is not compatible with input tensor's size and stride (at least one dimension spans across two contiguous subspaces). Use .reshape(...) instead."}
{"expression": "x.t().view(-1)", "mode": "reference compiled", "error": "TorchRuntimeError", "message": "RuntimeError when making fake tensor call"}
{"expression": "x.t().view(-1)", "mode": "native compiled", "error": "CompileTraceUnsupportedError", "message": "torch.compile trace does not support Tensor.view; only Tensor.t (CUDA, parameterless, rank <= 2), Tensor.transpose (CUDA, constant integer axes, rank <= 2), Tensor.reshape (CUDA, constant integer shape, rank <= 2), Tensor.contiguous (CUDA, parameterless), Tensor.neg, Tensor.negative, Tensor.abs, Tensor.absolute, Tensor.relu, Tensor.square, Tensor.detach, Tensor.float, Tensor.__add__, Tensor.add, Tensor.matmul (CUDA), Tensor.mul (CUDA scalar), Tensor.sum (CUDA rank-two rows) are implemented"}
{"expression": "x.t().reshape(-1)", "mode": "native eager", "shape": [21], "values": [1.0, 1.0, 1.0, 1.0, 1.0, 1.0, 1.0, 1.0, 1.0, 1.0, 1.0, 1.0, 1.0, 1.0, 1.0, 1.0, 1.0, 1.0, 1.0, 1.0, 1.0]}
{"expression": "x.t().reshape(-1)", "mode": "reference eager", "shape": [21], "values": [1.0, 1.0, 1.0, 1.0, 1.0, 1.0, 1.0, 1.0, 1.0, 1.0, 1.0, 1.0, 1.0, 1.0, 1.0, 1.0, 1.0, 1.0, 1.0, 1.0, 1.0]}
{"expression": "x.t().reshape(-1)", "mode": "reference compiled", "shape": [21], "values": [1.0, 1.0, 1.0, 1.0, 1.0, 1.0, 1.0, 1.0, 1.0, 1.0, 1.0, 1.0, 1.0, 1.0, 1.0, 1.0, 1.0, 1.0, 1.0, 1.0, 1.0]}
{"expression": "x.t().reshape(-1)", "mode": "native compiled", "shape": [21], "values": [1.0, 1.0, 1.0, 1.0, 1.0, 1.0, 1.0, 1.0, 1.0, 1.0, 1.0, 1.0, 1.0, 1.0, 1.0, 1.0, 1.0, 1.0, 1.0, 1.0, 1.0]}
