test_autograd_repeated_backward_and_no_grad_use_view_semantics (tests.test_view.TensorViewTests.test_autograd_repeated_backward_and_no_grad_use_view_semantics) ... ok
test_dimension_conversion_matches_the_sequence_overload (tests.test_view.TensorViewTests.test_dimension_conversion_matches_the_sequence_overload) ... ok
test_five_positional_dimension_conversion_matches_pytorch_parsing (tests.test_view.TensorViewTests.test_five_positional_dimension_conversion_matches_pytorch_parsing) ... ok
test_five_positional_dimensions_delegate_to_native_view (tests.test_view.TensorViewTests.test_five_positional_dimensions_delegate_to_native_view) ... ok
test_five_positional_dimensions_prefer_dual_sequence_contents (tests.test_view.TensorViewTests.test_five_positional_dimensions_prefer_dual_sequence_contents) ... ok
test_four_positional_dimension_conversion_matches_pytorch_parsing (tests.test_view.TensorViewTests.test_four_positional_dimension_conversion_matches_pytorch_parsing) ... ok
test_four_positional_dimensions_delegate_to_native_view (tests.test_view.TensorViewTests.test_four_positional_dimensions_delegate_to_native_view) ... ok
test_four_positional_dimensions_prefer_dual_sequence_contents (tests.test_view.TensorViewTests.test_four_positional_dimensions_prefer_dual_sequence_contents) ... ok
test_incompatible_layout_and_shape_errors_never_copy (tests.test_view.TensorViewTests.test_incompatible_layout_and_shape_errors_never_copy) ... ok
test_inferred_and_extreme_empty_shapes_preserve_aliasing (tests.test_view.TensorViewTests.test_inferred_and_extreme_empty_shapes_preserve_aliasing) ... ok
test_operator_index_poisoning_cannot_change_shape_parsing (tests.test_view.TensorViewTests.test_operator_index_poisoning_cannot_change_shape_parsing) ... ok
test_same_dtype_alias_outlives_temporary_source_owners (tests.test_view.TensorViewTests.test_same_dtype_alias_outlives_temporary_source_owners) ... ok
test_same_dtype_overload_returns_fresh_detached_storage_aliases (tests.test_view.TensorViewTests.test_same_dtype_overload_returns_fresh_detached_storage_aliases) ... ok
test_seven_or_more_positional_dimension_conversion_matches_pytorch_parsing (tests.test_view.TensorViewTests.test_seven_or_more_positional_dimension_conversion_matches_pytorch_parsing) ... ok
test_seven_or_more_positional_dimensions_delegate_to_native_view (tests.test_view.TensorViewTests.test_seven_or_more_positional_dimensions_delegate_to_native_view) ... ok
test_seven_or_more_positional_dimensions_prefer_dual_sequence_contents (tests.test_view.TensorViewTests.test_seven_or_more_positional_dimensions_prefer_dual_sequence_contents) ... ok
test_single_integer_and_index_delegate_to_native_view (tests.test_view.TensorViewTests.test_single_integer_and_index_delegate_to_native_view) ... ok
test_six_positional_dimension_conversion_matches_pytorch_parsing (tests.test_view.TensorViewTests.test_six_positional_dimension_conversion_matches_pytorch_parsing) ... ok
test_six_positional_dimensions_delegate_to_native_view (tests.test_view.TensorViewTests.test_six_positional_dimensions_delegate_to_native_view) ... ok
test_six_positional_dimensions_prefer_dual_sequence_contents (tests.test_view.TensorViewTests.test_six_positional_dimensions_prefer_dual_sequence_contents) ... ok
test_tensorbase_descriptor_metadata_matches_the_native_method (tests.test_view.TensorViewTests.test_tensorbase_descriptor_metadata_matches_the_native_method) ... ok
test_three_positional_dimension_conversion_matches_pytorch_parsing (tests.test_view.TensorViewTests.test_three_positional_dimension_conversion_matches_pytorch_parsing) ... ok
test_three_positional_dimensions_delegate_to_native_view (tests.test_view.TensorViewTests.test_three_positional_dimensions_delegate_to_native_view) ... ok
test_three_positional_dimensions_prefer_dual_sequence_contents (tests.test_view.TensorViewTests.test_three_positional_dimensions_prefer_dual_sequence_contents) ... ok
test_torch_function_modes_receive_original_calls_and_forward (tests.test_view.TensorViewTests.test_torch_function_modes_receive_original_calls_and_forward) ... ok
test_tuple_list_size_and_keyword_delegate_to_native_view (tests.test_view.TensorViewTests.test_tuple_list_size_and_keyword_delegate_to_native_view) ... ok
test_two_positional_dimension_conversion_matches_pytorch_parsing (tests.test_view.TensorViewTests.test_two_positional_dimension_conversion_matches_pytorch_parsing) ... ok
test_two_positional_dimensions_delegate_to_native_view (tests.test_view.TensorViewTests.test_two_positional_dimensions_delegate_to_native_view) ... ok
test_two_positional_dimensions_prefer_dual_sequence_contents (tests.test_view.TensorViewTests.test_two_positional_dimensions_prefer_dual_sequence_contents) ... ok
test_unsupported_shape_and_mixed_overloads_do_not_mutate_the_source (tests.test_view.TensorViewTests.test_unsupported_shape_and_mixed_overloads_do_not_mutate_the_source) ... ok
test_autograd_repeated_backward_and_no_grad_match_pytorch_2_13 (tests.test_view_reference.TensorViewReferenceTests.test_autograd_repeated_backward_and_no_grad_match_pytorch_2_13) ... ok
test_deliberately_unsupported_overloads_remain_outside_the_binding (tests.test_view_reference.TensorViewReferenceTests.test_deliberately_unsupported_overloads_remain_outside_the_binding) ... ok
test_dual_sequence_index_overload_resolution_matches_pytorch_2_13 (tests.test_view_reference.TensorViewReferenceTests.test_dual_sequence_index_overload_resolution_matches_pytorch_2_13) ... ok
test_five_positional_dimension_conversion_matches_pytorch_2_13 (tests.test_view_reference.TensorViewReferenceTests.test_five_positional_dimension_conversion_matches_pytorch_2_13) ... ok
test_five_positional_dimensions_match_pytorch_2_13 (tests.test_view_reference.TensorViewReferenceTests.test_five_positional_dimensions_match_pytorch_2_13) ... ok
test_four_positional_dimension_conversion_matches_pytorch_2_13 (tests.test_view_reference.TensorViewReferenceTests.test_four_positional_dimension_conversion_matches_pytorch_2_13) ... ok
test_four_positional_dimensions_match_pytorch_2_13 (tests.test_view_reference.TensorViewReferenceTests.test_four_positional_dimensions_match_pytorch_2_13) ... ok
test_inference_extreme_empty_and_view_errors_match_pytorch_2_13 (tests.test_view_reference.TensorViewReferenceTests.test_inference_extreme_empty_and_view_errors_match_pytorch_2_13) ... ok
test_operator_index_poisoning_matches_pytorch_2_13 (tests.test_view_reference.TensorViewReferenceTests.test_operator_index_poisoning_matches_pytorch_2_13) ... ok
test_same_dtype_view_lifetimes_match_pytorch_2_13 (tests.test_view_reference.TensorViewReferenceTests.test_same_dtype_view_lifetimes_match_pytorch_2_13) ... ok
test_same_dtype_views_match_pytorch_2_13 (tests.test_view_reference.TensorViewReferenceTests.test_same_dtype_views_match_pytorch_2_13) ... ok
test_sequence_dimension_conversion_matches_pytorch_2_13 (tests.test_view_reference.TensorViewReferenceTests.test_sequence_dimension_conversion_matches_pytorch_2_13) ... ok
test_seven_or_more_positional_dimension_conversion_matches_pytorch_2_13 (tests.test_view_reference.TensorViewReferenceTests.test_seven_or_more_positional_dimension_conversion_matches_pytorch_2_13) ... ok
test_seven_or_more_positional_dimensions_match_pytorch_2_13 (tests.test_view_reference.TensorViewReferenceTests.test_seven_or_more_positional_dimensions_match_pytorch_2_13) ... ok
test_shapes_strides_offsets_aliasing_and_values_match_pytorch_2_13 (tests.test_view_reference.TensorViewReferenceTests.test_shapes_strides_offsets_aliasing_and_values_match_pytorch_2_13) ... ok
test_single_dimension_conversion_matches_pytorch_2_13 (tests.test_view_reference.TensorViewReferenceTests.test_single_dimension_conversion_matches_pytorch_2_13) ... ok
test_single_integer_shapes_and_views_match_pytorch_2_13 (tests.test_view_reference.TensorViewReferenceTests.test_single_integer_shapes_and_views_match_pytorch_2_13) ... ok
test_six_positional_dimension_conversion_matches_pytorch_2_13 (tests.test_view_reference.TensorViewReferenceTests.test_six_positional_dimension_conversion_matches_pytorch_2_13) ... ok
test_six_positional_dimensions_match_pytorch_2_13 (tests.test_view_reference.TensorViewReferenceTests.test_six_positional_dimensions_match_pytorch_2_13) ... ok
test_tensorbase_descriptor_and_documentation_match_pytorch_2_13 (tests.test_view_reference.TensorViewReferenceTests.test_tensorbase_descriptor_and_documentation_match_pytorch_2_13) ... ok
test_three_positional_dimension_conversion_matches_pytorch_2_13 (tests.test_view_reference.TensorViewReferenceTests.test_three_positional_dimension_conversion_matches_pytorch_2_13) ... ok
test_three_positional_dimensions_match_pytorch_2_13 (tests.test_view_reference.TensorViewReferenceTests.test_three_positional_dimensions_match_pytorch_2_13) ... ok
test_torch_function_modes_match_pytorch_2_13 (tests.test_view_reference.TensorViewReferenceTests.test_torch_function_modes_match_pytorch_2_13) ... ok
test_two_positional_dimension_conversion_matches_pytorch_2_13 (tests.test_view_reference.TensorViewReferenceTests.test_two_positional_dimension_conversion_matches_pytorch_2_13) ... ok
test_two_positional_dimensions_match_pytorch_2_13 (tests.test_view_reference.TensorViewReferenceTests.test_two_positional_dimensions_match_pytorch_2_13) ... ok
test_autograd_repeated_backward_and_no_grad_use_view_semantics (tests.test_view_as.TensorViewAsTests.test_autograd_repeated_backward_and_no_grad_use_view_semantics) ... ok
test_binding_and_tensor_type_error_precedence (tests.test_view_as.TensorViewAsTests.test_binding_and_tensor_type_error_precedence) ... ok
test_extreme_empty_shape_remains_a_shared_storage_view (tests.test_view_as.TensorViewAsTests.test_extreme_empty_shape_remains_a_shared_storage_view) ... ok
test_incompatible_layout_and_shape_errors_never_copy (tests.test_view_as.TensorViewAsTests.test_incompatible_layout_and_shape_errors_never_copy) ... ok
test_other_torch_function_override_precedence_and_not_implemented (tests.test_view_as.TensorViewAsTests.test_other_torch_function_override_precedence_and_not_implemented) ... ok
test_positional_and_keyword_calls_return_shared_storage_views (tests.test_view_as.TensorViewAsTests.test_positional_and_keyword_calls_return_shared_storage_views) ... ok
test_tensorbase_descriptor_and_documentation (tests.test_view_as.TensorViewAsTests.test_tensorbase_descriptor_and_documentation) ... ok
test_torch_function_modes_receive_original_calls_and_forward (tests.test_view_as.TensorViewAsTests.test_torch_function_modes_receive_original_calls_and_forward) ... ok
test_autograd_repeated_backward_and_no_grad_match_pytorch_2_13 (tests.test_view_as_reference.TensorViewAsReferenceTests.test_autograd_repeated_backward_and_no_grad_match_pytorch_2_13) ... ok
test_binding_and_type_error_precedence_match_pytorch_2_13 (tests.test_view_as_reference.TensorViewAsReferenceTests.test_binding_and_type_error_precedence_match_pytorch_2_13) ... ok
test_extreme_empty_and_incompatible_errors_match_pytorch_2_13 (tests.test_view_as_reference.TensorViewAsReferenceTests.test_extreme_empty_and_incompatible_errors_match_pytorch_2_13) ... ok
test_layout_stride_offset_aliasing_and_values_match_pytorch_2_13 (tests.test_view_as_reference.TensorViewAsReferenceTests.test_layout_stride_offset_aliasing_and_values_match_pytorch_2_13) ... ok
test_operand_override_precedence_and_not_implemented_match_pytorch_2_13 (tests.test_view_as_reference.TensorViewAsReferenceTests.test_operand_override_precedence_and_not_implemented_match_pytorch_2_13) ... ok
test_tensorbase_descriptor_and_documentation_match_pytorch_2_13 (tests.test_view_as_reference.TensorViewAsReferenceTests.test_tensorbase_descriptor_and_documentation_match_pytorch_2_13) ... ok
test_torch_function_modes_match_pytorch_2_13 (tests.test_view_as_reference.TensorViewAsReferenceTests.test_torch_function_modes_match_pytorch_2_13) ... ok
test_autograd_repeated_backward_and_no_grad_match_tensor_reshape (tests.test_reshape.TopLevelReshapeTests.test_autograd_repeated_backward_and_no_grad_match_tensor_reshape) ... ok
test_binding_and_type_error_precedence_matches_pytorch_schema (tests.test_reshape.TopLevelReshapeTests.test_binding_and_type_error_precedence_matches_pytorch_schema) ... ok
test_callable_metadata_documentation_ownership_exports_and_pickling (tests.test_reshape.TopLevelReshapeTests.test_callable_metadata_documentation_ownership_exports_and_pickling) ... ok
test_disabled_torch_function_shape_handlers_are_ignored_without_crashing (tests.test_reshape.TopLevelReshapeTests.test_disabled_torch_function_shape_handlers_are_ignored_without_crashing) ... ok
test_inferred_empty_offset_and_shape_errors_match_tensor_reshape (tests.test_reshape.TopLevelReshapeTests.test_inferred_empty_offset_and_shape_errors_match_tensor_reshape) ... ok
test_overrides_and_modes_receive_the_original_top_level_call (tests.test_reshape.TopLevelReshapeTests.test_overrides_and_modes_receive_the_original_top_level_call) ... ok
test_oversized_shape_dimensions_preserve_unpack_error (tests.test_reshape.TopLevelReshapeTests.test_oversized_shape_dimensions_preserve_unpack_error) ... ok
test_sequence_forms_delegate_to_the_native_reshape_engine (tests.test_reshape.TopLevelReshapeTests.test_sequence_forms_delegate_to_the_native_reshape_engine) ... ok
test_stateful_index_dimensions_are_converted_again_by_native_reshape (tests.test_reshape.TopLevelReshapeTests.test_stateful_index_dimensions_are_converted_again_by_native_reshape) ... ok
test_view_and_copy_outputs_outlive_their_sources (tests.test_reshape.TopLevelReshapeTests.test_view_and_copy_outputs_outlive_their_sources) ... ok
test_autograd_repeated_backward_and_no_grad_match_pytorch_2_13 (tests.test_reshape_reference.TopLevelReshapeReferenceTests.test_autograd_repeated_backward_and_no_grad_match_pytorch_2_13) ... ok
test_binding_and_type_errors_match_pytorch_2_13 (tests.test_reshape_reference.TopLevelReshapeReferenceTests.test_binding_and_type_errors_match_pytorch_2_13) ... ok
test_callable_metadata_documentation_and_exports_match_pytorch_2_13 (tests.test_reshape_reference.TopLevelReshapeReferenceTests.test_callable_metadata_documentation_and_exports_match_pytorch_2_13) ... ok
test_disabled_torch_function_shape_handlers_match_pytorch_2_13 (tests.test_reshape_reference.TopLevelReshapeReferenceTests.test_disabled_torch_function_shape_handlers_match_pytorch_2_13) ... ok
test_inferred_empty_and_errors_match_pytorch_2_13 (tests.test_reshape_reference.TopLevelReshapeReferenceTests.test_inferred_empty_and_errors_match_pytorch_2_13) ... ok
test_layouts_aliasing_call_forms_and_lifetimes_match_pytorch_2_13 (tests.test_reshape_reference.TopLevelReshapeReferenceTests.test_layouts_aliasing_call_forms_and_lifetimes_match_pytorch_2_13) ... ok
test_overrides_and_modes_match_pytorch_2_13 (tests.test_reshape_reference.TopLevelReshapeReferenceTests.test_overrides_and_modes_match_pytorch_2_13) ... ok
test_oversized_shape_dimension_errors_match_pytorch_2_13 (tests.test_reshape_reference.TopLevelReshapeReferenceTests.test_oversized_shape_dimension_errors_match_pytorch_2_13) ... ok
test_stateful_index_dimension_conversion_matches_pytorch_2_13 (tests.test_reshape_reference.TopLevelReshapeReferenceTests.test_stateful_index_dimension_conversion_matches_pytorch_2_13) ... ok
test_binding_and_tensor_type_error_precedence (tests.test_reshape_as.TensorReshapeAsTests.test_binding_and_tensor_type_error_precedence) ... ok
test_extreme_empty_shape_and_shape_mismatch_reuse_reshape (tests.test_reshape_as.TensorReshapeAsTests.test_extreme_empty_shape_and_shape_mismatch_reuse_reshape) ... ok
test_metadata_only_view_and_copy_graphs_allow_repeated_backward (tests.test_reshape_as.TensorReshapeAsTests.test_metadata_only_view_and_copy_graphs_allow_repeated_backward) ... ok
test_no_grad_view_and_copy_states_match_reshape (tests.test_reshape_as.TensorReshapeAsTests.test_no_grad_view_and_copy_states_match_reshape) ... ok
test_positional_and_keyword_calls_reuse_reshape_for_every_layout (tests.test_reshape_as.TensorReshapeAsTests.test_positional_and_keyword_calls_reuse_reshape_for_every_layout) ... ok
test_tensorbase_descriptor_documentation_and_unbound_calls (tests.test_reshape_as.TensorReshapeAsTests.test_tensorbase_descriptor_documentation_and_unbound_calls) ... ok
test_view_and_copy_autograd_mappings_match_reshape (tests.test_reshape_as.TensorReshapeAsTests.test_view_and_copy_autograd_mappings_match_reshape) ... ok
test_autograd_repeated_backward_and_no_grad_match_pytorch_2_13 (tests.test_reshape_as_reference.TensorReshapeAsReferenceTests.test_autograd_repeated_backward_and_no_grad_match_pytorch_2_13) ... ok
test_binding_and_type_error_precedence_match_pytorch_2_13 (tests.test_reshape_as_reference.TensorReshapeAsReferenceTests.test_binding_and_type_error_precedence_match_pytorch_2_13) ... ok
test_extreme_empty_and_mismatch_errors_match_pytorch_2_13 (tests.test_reshape_as_reference.TensorReshapeAsReferenceTests.test_extreme_empty_and_mismatch_errors_match_pytorch_2_13) ... ok
test_positional_keyword_layout_and_storage_match_pytorch_2_13 (tests.test_reshape_as_reference.TensorReshapeAsReferenceTests.test_positional_keyword_layout_and_storage_match_pytorch_2_13) ... ok
test_tensorbase_descriptor_documentation_matches_pytorch_2_13 (tests.test_reshape_as_reference.TensorReshapeAsReferenceTests.test_tensorbase_descriptor_documentation_matches_pytorch_2_13) ... ok
test_benchmarking_indexes_historical_release_timing_reports (tests.test_readme_quickstart.ReadmeQuickstartTests.test_benchmarking_indexes_historical_release_timing_reports) ... ok
test_detailed_support_contracts_live_in_focused_docs (tests.test_readme_quickstart.ReadmeQuickstartTests.test_detailed_support_contracts_live_in_focused_docs) ... ok
test_docs_readme_indexes_contracts_guides_and_timing_evidence (tests.test_readme_quickstart.ReadmeQuickstartTests.test_docs_readme_indexes_contracts_guides_and_timing_evidence) ... ok
test_entry_point_links_resolve (tests.test_readme_quickstart.ReadmeQuickstartTests.test_entry_point_links_resolve) ... ok
test_first_success_example_is_short_and_runs (tests.test_readme_quickstart.ReadmeQuickstartTests.test_first_success_example_is_short_and_runs) ... ok
test_readme_keeps_quickstart_scope_and_evaluation_route (tests.test_readme_quickstart.ReadmeQuickstartTests.test_readme_keeps_quickstart_scope_and_evaluation_route) ... ok
test_readme_links_contributing_guide (tests.test_readme_quickstart.ReadmeQuickstartTests.test_readme_links_contributing_guide) ... ok
test_readme_routes_benchmark_policy_to_focused_docs (tests.test_readme_quickstart.ReadmeQuickstartTests.test_readme_routes_benchmark_policy_to_focused_docs) ... ok
test_readme_routes_to_supported_surface_anchors (tests.test_readme_quickstart.ReadmeQuickstartTests.test_readme_routes_to_supported_surface_anchors) ... ok
test_readme_scope_is_scan_friendly_table (tests.test_readme_quickstart.ReadmeQuickstartTests.test_readme_scope_is_scan_friendly_table) ... ok
test_source_install_commands_are_locked (tests.test_readme_quickstart.ReadmeQuickstartTests.test_source_install_commands_are_locked) ... ok
test_stale_wheel_recovery_uses_wheel_test_workflow (tests.test_readme_quickstart.ReadmeQuickstartTests.test_stale_wheel_recovery_uses_wheel_test_workflow) ... ok

----------------------------------------------------------------------
Ran 113 tests in 3.575s

OK
