test_bad_metadata_forwarding_mutation_and_compilation_proof (tests.test_cuda_compilation_evaluator.AccountingTests.test_bad_metadata_forwarding_mutation_and_compilation_proof) ... ok
test_both_executions_require_correct_finite_outputs (tests.test_cuda_compilation_evaluator.AccountingTests.test_both_executions_require_correct_finite_outputs) ... ok
test_cli_missing_malformed_receipts_and_changed_source_keep_six_slots (tests.test_cuda_compilation_evaluator.AccountingTests.test_cli_missing_malformed_receipts_and_changed_source_keep_six_slots) ... ok
test_full_partial_and_absent_credit (tests.test_cuda_compilation_evaluator.AccountingTests.test_full_partial_and_absent_credit) ... ok
test_manifest_configuration_and_weights (tests.test_cuda_compilation_evaluator.AccountingTests.test_manifest_configuration_and_weights) ... ok
test_missing_malformed_duplicate_unknown_trials (tests.test_cuda_compilation_evaluator.AccountingTests.test_missing_malformed_duplicate_unknown_trials) ... ok
test_missing_stale_or_malformed_build_zero (tests.test_cuda_compilation_evaluator.AccountingTests.test_missing_stale_or_malformed_build_zero) ... ok
test_oversized_json_numbers_zero_only_the_affected_case (tests.test_cuda_compilation_evaluator.AccountingTests.test_oversized_json_numbers_zero_only_the_affected_case) ... ok
test_required_build_metadata_must_be_nonempty_strings (tests.test_cuda_compilation_evaluator.AccountingTests.test_required_build_metadata_must_be_nonempty_strings) ... ok
test_seeds_cannot_reduce_denominator (tests.test_cuda_compilation_evaluator.AccountingTests.test_seeds_cannot_reduce_denominator) ... ok
test_cli_nonfinite_receipts_emit_all_six_slots (tests.test_cuda_compilation_evaluator.IsolationTests.test_cli_nonfinite_receipts_emit_all_six_slots) ... ok
test_cli_rejects_bad_seeds_and_output_escape (tests.test_cuda_compilation_evaluator.IsolationTests.test_cli_rejects_bad_seeds_and_output_escape) ... ok
test_crash_timeout_invalid_json_and_missing_python (tests.test_cuda_compilation_evaluator.IsolationTests.test_crash_timeout_invalid_json_and_missing_python) ... ok
test_original_body_blocked_and_attempt_retained (tests.test_cuda_compilation_evaluator.IsolationTests.test_original_body_blocked_and_attempt_retained) ... ok
test_python_executor_cannot_impersonate_native (tests.test_cuda_compilation_evaluator.IsolationTests.test_python_executor_cannot_impersonate_native) ... ok
test_reduction_observation_rejects_counterfeit_and_old_unary_hooks (tests.test_cuda_compilation_evaluator.IsolationTests.test_reduction_observation_rejects_counterfeit_and_old_unary_hooks) ... ok
test_worker_blocks_swallowed_torch_import (tests.test_cuda_compilation_evaluator.IsolationTests.test_worker_blocks_swallowed_torch_import) ... ok

----------------------------------------------------------------------
Ran 17 tests in 6.829s

OK
