{
  "python": "3.14.5 (main, May 10 2026, 19:28:16) [Clang 22.1.3 ]",
  "executable": "/data/users/bobren/a/pytorch-rs-burner/.burner/worktrees/agent_468d83fa/target/row-sum/python314/bin/python3.14",
  "prefix": "/data/users/bobren/a/pytorch-rs-burner/.burner/worktrees/agent_468d83fa/target/row-sum/python314",
  "base_prefix": "/data/users/bobren/a/pytorch-rs-burner/.burner/worktrees/agent_468d83fa/target/row-sum/python314",
  "package": "/data/users/bobren/a/pytorch-rs-burner/.burner/worktrees/agent_468d83fa/python/torch_rs/__init__.py",
  "extension": "/data/users/bobren/a/pytorch-rs-burner/.burner/worktrees/agent_468d83fa/python/torch_rs/torch_rs.abi3.so",
  "cuda_libraries": [
    "/usr/lib64/libcuda.so.580.82.07",
    "/usr/local/cuda-13.0/targets/x86_64-linux/lib/libcudart.so.13.0.96"
  ],
  "cuda_runtimes": [
    {
      "path": "/usr/local/cuda-13.0/targets/x86_64-linux/lib/libcudart.so.13.0.96",
      "version": 13000,
      "status": 0
    }
  ],
  "loaded_torch": []
}
