{
  "python": "3.10.19 (main, Dec 17 2025, 21:07:02) [Clang 21.1.4 ]",
  "executable": "/data/users/bobren/a/pytorch-rs-burner/.burner/worktrees/agent_468d83fa/target/row-sum/python3.10.19/bin/python3.10",
  "prefix": "/data/users/bobren/a/pytorch-rs-burner/.burner/worktrees/agent_468d83fa/target/row-sum/python3.10.19",
  "base_prefix": "/data/users/bobren/a/pytorch-rs-burner/.burner/worktrees/agent_468d83fa/target/row-sum/python3.10.19",
  "package": "/data/users/bobren/a/pytorch-rs-burner/.burner/worktrees/agent_468d83fa/python/torch_rs/__init__.py",
  "extension": "/data/users/bobren/a/pytorch-rs-burner/.burner/worktrees/agent_468d83fa/python/torch_rs/torch_rs.abi3.so",
  "cuda_libraries": [
    "/usr/lib64/libcuda.so.580.82.07",
    "/usr/local/cuda-13.0/targets/x86_64-linux/lib/libcudart.so.13.0.96"
  ],
  "cuda_runtimes": [
    {
      "path": "/usr/local/cuda-13.0/targets/x86_64-linux/lib/libcudart.so.13.0.96",
      "version": 13000,
      "status": 0
    }
  ],
  "loaded_torch": []
}
