["mv", ".venv", "target/reshape-validation-review/development-venv"]
["uv", "python", "install", "3.12.14"]
Downloading cpython-3.12.14-linux-x86_64-gnu (download) (32.6MiB)
 Downloaded cpython-3.12.14-linux-x86_64-gnu (download)
Installed Python 3.12.14 in 949ms
 + cpython-3.12.14-linux-x86_64-gnu (python3.12)
warning: `/data/users/bobren/a/pytorch-rs-burner/.burner/worktrees/agent_38d9746a/target/reshape-postcommit-3d44687d/python-bin` is not on your PATH. To use installed Python executables, run `export PATH="/data/users/bobren/a/pytorch-rs-burner/.burner/worktrees/agent_38d9746a/target/reshape-postcommit-3d44687d/python-bin:$PATH"` or `uv python update-shell`.
["uv", "venv", "--python", "3.12.14"]
Using CPython 3.12.14
Creating virtual environment at: .venv
Activate with: source .venv/bin/activate
["uv", "sync", "--locked", "--no-install-project", "--group", "dev", "--group", "reference"]
Resolved 36 packages in 2ms
Installed 31 packages in 1.86s
 + cuda-bindings==13.3.1
 + cuda-pathfinder==1.6.0
 + cuda-toolkit==13.0.3.0
 + filelock==3.32.2
 + fsspec==2026.7.0
 + jinja2==3.1.6
 + markupsafe==3.0.3
 + maturin==1.14.1
 + mpmath==1.3.0
 + networkx==3.6.1
 + numpy==2.5.1
 + nvidia-cublas==13.1.1.3
 + nvidia-cuda-cupti==13.0.85
 + nvidia-cuda-nvrtc==13.0.88
 + nvidia-cuda-runtime==13.0.96
 + nvidia-cudnn-cu13==9.20.0.48
 + nvidia-cufft==12.0.0.61
 + nvidia-cufile==1.15.1.6
 + nvidia-curand==10.4.0.35
 + nvidia-cusolver==12.0.4.66
 + nvidia-cusparse==12.6.3.3
 + nvidia-cusparselt-cu13==0.8.1
 + nvidia-nccl-cu13==2.29.7
 + nvidia-nvjitlink==13.3.33
 + nvidia-nvshmem-cu13==3.4.5
 + nvidia-nvtx==13.0.85
 + setuptools==84.0.0
 + sympy==1.14.0
 + torch==2.13.0
 + triton==3.7.1
 + typing-extensions==4.16.0
["cp", "-a", "target/reshape/cargo/registry", "target/reshape-postcommit-3d44687d/cargo/"]
[".venv/bin/python", "scripts/capture_depth_concat_build.py", "--output", "target/reshape-postcommit-3d44687d/release"]
