candidate/cpu-0-candidate.json 47114
candidate/cpu-0-candidate.log 823
candidate/cpu-0-reference.json 109147797
candidate/cpu-0-reference.log 2162
candidate/cuda-0-candidate.json 30784995
candidate/cuda-0-candidate.log 851
candidate/cuda-0-reference.json 109155531
candidate/cuda-0-reference.log 2563
candidate/cuda-1-candidate.json 30785010
candidate/cuda-1-candidate.log 851
candidate/cuda-1-reference.json 109155521
candidate/cuda-1-reference.log 2563
candidate/report.json 391075
main/cpu-0-candidate.json 57608
main/cpu-0-candidate.log 823
main/cpu-0-reference.json 109148001
main/cpu-0-reference.log 2194
main/cuda-0-candidate.json 30788744
main/cuda-0-candidate.log 851
main/cuda-0-reference.json 109155708
main/cuda-0-reference.log 2627
main/cuda-1-candidate.json 30788757
main/cuda-1-candidate.log 851
main/cuda-1-reference.json 109155738
main/cuda-1-reference.log 2639
main/report.json 392640
Archive round-trip verified: 227439184
