test_compositions_and_dynamic_squeeze_rank_changes (tests.test_compile_cuda_module_relu.ModuleReluCudaTests.test_compositions_and_dynamic_squeeze_rank_changes) ... ok
test_generated_compositions_layouts_helpers_and_ieee (tests.test_compile_cuda_module_relu.ModuleReluCudaTests.test_generated_compositions_layouts_helpers_and_ieee) ... ok
test_nested_outputs_lifetime_dynamic_and_changed_inputs (tests.test_compile_cuda_module_relu.ModuleReluCudaTests.test_nested_outputs_lifetime_dynamic_and_changed_inputs) ... ok
test_no_reference_import_or_python_body (tests.test_compile_cuda_module_relu.ModuleReluCudaTests.test_no_reference_import_or_python_body) ... ok
test_prevalidation_unused_inputs_and_execution_errors (tests.test_compile_cuda_module_relu.ModuleReluCudaTests.test_prevalidation_unused_inputs_and_execution_errors) ... ok
test_seeded_spelling_matrix_inductor_all_policies (tests.test_compile_cuda_module_relu.ModuleReluCudaTests.test_seeded_spelling_matrix_inductor_all_policies) ... /data/users/bobren/a/pytorch-rs-burner/.burner/worktrees/agent_c953da64/.venv/lib/python3.12/site-packages/torch/jit/_script.py:365: DeprecationWarning: `torch.jit.script_method` is deprecated. Please switch to `torch.compile` or `torch.export`.
  warnings.warn(
ok
test_startup_before_first_compile (tests.test_compile_cuda_module_relu.ModuleReluCudaTests.test_startup_before_first_compile) ... ok
test_used_field_guards_substitutions_and_recovery (tests.test_compile_cuda_module_relu.ModuleReluCudaTests.test_used_field_guards_substitutions_and_recovery) ... ok
test_restoration_success_rejection_unused_inputs_and_lifetime (tests.test_compile_cuda_module_relu.ModuleReluDeviceTests.test_restoration_success_rejection_unused_inputs_and_lifetime) ... skipped 'requires real CUDA with CUDA_VISIBLE_DEVICES=0,1'
test_hostile_namespaces_and_deleted_fields_without_callbacks (tests.test_compile_cuda_module_relu.ModuleReluFrontendTests.test_hostile_namespaces_and_deleted_fields_without_callbacks) ... ok
test_identity_registry_arity_and_unchanged_cpu_boundary (tests.test_compile_cuda_module_relu.ModuleReluFrontendTests.test_identity_registry_arity_and_unchanged_cpu_boundary) ... ok
test_startup_before_frontend_import (tests.test_compile_cuda_module_relu.ModuleReluFrontendTests.test_startup_before_frontend_import) ... ok
test_context_captures_mixed_devices_and_restoration (tests.test_compile_cuda_relu.CompileCudaReluDeviceTests.test_context_captures_mixed_devices_and_restoration) ... skipped 'requires real CUDA with CUDA_VISIBLE_DEVICES=0,1'
test_block_reference_import_and_python_execution_in_fresh_process (tests.test_compile_cuda_relu.CompileCudaReluTests.test_block_reference_import_and_python_execution_in_fresh_process) ... ok
test_compiled_stream_completion_and_input_mutation (tests.test_compile_cuda_relu.CompileCudaReluTests.test_compiled_stream_completion_and_input_mutation) ... ok
test_cpu_cuda_separation_capture_helpers_and_nested_lifetimes (tests.test_compile_cuda_relu.CompileCudaReluTests.test_cpu_cuda_separation_capture_helpers_and_nested_lifetimes) ... ok
test_ieee_bits_offsets_strides_and_dynamic_guards (tests.test_compile_cuda_relu.CompileCudaReluTests.test_ieee_bits_offsets_strides_and_dynamic_guards) ... ok
test_malformed_early_late_and_repeated_output_metadata_zero_execution (tests.test_compile_cuda_relu.CompileCudaReluTests.test_malformed_early_late_and_repeated_output_metadata_zero_execution) ... ok
test_method_identity_strict_binding_and_native_compatibility (tests.test_compile_cuda_relu.CompileCudaReluTests.test_method_identity_strict_binding_and_native_compatibility) ... ok
test_seeded_shapes_composition_and_real_cache_values (tests.test_compile_cuda_relu.CompileCudaReluTests.test_seeded_shapes_composition_and_real_cache_values) ... ok
test_single_node_output_prevalidation_and_native_payload_types (tests.test_compile_cuda_relu.CompileCudaReluTests.test_single_node_output_prevalidation_and_native_payload_types) ... ok
test_compositions_helpers_dynamic_squeeze_and_no_replay (tests.test_compile_cuda_module_arithmetic.ModuleArithmeticCudaTests.test_compositions_helpers_dynamic_squeeze_and_no_replay) ... ok
test_dynamic_reuse_nested_outputs_and_lifetime (tests.test_compile_cuda_module_arithmetic.ModuleArithmeticCudaTests.test_dynamic_reuse_nested_outputs_and_lifetime) ... ok
test_inductor_reference_public_spelling_matrix (tests.test_compile_cuda_module_arithmetic.ModuleArithmeticCudaTests.test_inductor_reference_public_spelling_matrix) ... ok
test_layouts_broadcast_offsets_and_ieee_bits (tests.test_compile_cuda_module_arithmetic.ModuleArithmeticCudaTests.test_layouts_broadcast_offsets_and_ieee_bits) ... ok
test_owner_rebinding_before_first_public_compiled_call (tests.test_compile_cuda_module_arithmetic.ModuleArithmeticCudaTests.test_owner_rebinding_before_first_public_compiled_call) ... ok
test_precise_guards_rebindings_failed_attempts_and_limits (tests.test_compile_cuda_module_arithmetic.ModuleArithmeticCudaTests.test_precise_guards_rebindings_failed_attempts_and_limits) ... ok
test_prevalidation_exact_errors_unused_inputs_and_hooks (tests.test_compile_cuda_module_arithmetic.ModuleArithmeticCudaTests.test_prevalidation_exact_errors_unused_inputs_and_hooks) ... ok
test_seeded_calls_generated_compositions_and_all_policies (tests.test_compile_cuda_module_arithmetic.ModuleArithmeticCudaTests.test_seeded_calls_generated_compositions_and_all_policies) ... ok
test_restoration_success_rejection_unused_input_and_lifetime (tests.test_compile_cuda_module_arithmetic.ModuleArithmeticDeviceTests.test_restoration_success_rejection_unused_input_and_lifetime) ... skipped 'requires real CUDA with CUDA_VISIBLE_DEVICES=0,1'
test_exported_owner_rebinding_cannot_supply_callable_identities (tests.test_compile_cuda_module_arithmetic.ModuleArithmeticFrontendTests.test_exported_owner_rebinding_cannot_supply_callable_identities) ... ok
test_identity_arity_registry_and_cpu_boundary_without_gpu (tests.test_compile_cuda_module_arithmetic.ModuleArithmeticFrontendTests.test_identity_arity_registry_and_cpu_boundary_without_gpu) ... ok
test_module_and_direct_guards_do_not_invoke_callbacks (tests.test_compile_cuda_module_arithmetic.ModuleArithmeticFrontendTests.test_module_and_direct_guards_do_not_invoke_callbacks) ... ok
test_native_planner_rejects_declarations_without_device (tests.test_compile_cuda_module_arithmetic.ModuleArithmeticFrontendTests.test_native_planner_rejects_declarations_without_device) ... ok
test_owner_rebinding_before_first_frontend_import (tests.test_compile_cuda_module_arithmetic.ModuleArithmeticFrontendTests.test_owner_rebinding_before_first_frontend_import) ... ok
test_same_and_other_device_restoration (tests.test_cuda_relu.CudaReluDeviceTests.test_same_and_other_device_restoration) ... skipped 'requires real CUDA with CUDA_VISIBLE_DEVICES=0,1'
test_boundary_and_no_reference_forwarding (tests.test_cuda_relu.CudaReluTests.test_boundary_and_no_reference_forwarding) ... ok
test_cold_threads_and_large_grid_stride_lifetimes (tests.test_cuda_relu.CudaReluTests.test_cold_threads_and_large_grid_stride_lifetimes) ... ok
test_ieee_payloads_offsets_singleton_strides (tests.test_cuda_relu.CudaReluTests.test_ieee_payloads_offsets_singleton_strides) ... ok
test_seeded_shapes_aliases_and_fresh_canonical_storage (tests.test_cuda_relu.CudaReluTests.test_seeded_shapes_aliases_and_fresh_canonical_storage) ... ok
test_stream_completion_mutation_and_lifetime (tests.test_cuda_relu.CudaReluTests.test_stream_completion_mutation_and_lifetime) ... ok

----------------------------------------------------------------------
Ran 41 tests in 45.923s

OK (skipped=4)
