[
  {
    "shape": [
      2,
      65539
    ],
    "fill": 0.1,
    "dtype": "float32",
    "actual": [
      6553.89990234375,
      6553.89990234375
    ],
    "reference": [
      6553.8984375,
      6553.8984375
    ],
    "rtol": 1e-05,
    "atol": 0.0001
  },
  {
    "shape": [
      2,
      1000000
    ],
    "fill": 0.1,
    "dtype": "float32",
    "actual": [
      100000.0,
      100000.0
    ],
    "reference": [
      100000.0,
      100000.0
    ],
    "rtol": 1e-05,
    "atol": 0.0001
  }
]
