{
  "commit": "d5d9869591832a9809477a12d932fa8463286f9a",
  "source_sha256": "c1e4a430878fcbd08e0b290d06bcda020ddbbe9d850854ec6c228e1d15489472",
  "production_diff_sha256": "43f7f142682741a4f8a78ec8c30cf8d0db235de6463641c21ea582b72f2b4bc8",
  "measurement_kind": "precommit-review-revision",
  "status": " M python/torch_rs/_compile_trace.py\n M tests/test_compile_cuda_squeeze.py\n",
  "package_path": "/data/users/bobren/a/pytorch-rs-burner/.burner/worktrees/agent_59ecd9f0/.venv/lib/python3.12/site-packages/torch_rs/__init__.py",
  "native_path": "/data/users/bobren/a/pytorch-rs-burner/.burner/worktrees/agent_59ecd9f0/.venv/lib/python3.12/site-packages/torch_rs/torch_rs.abi3.so",
  "native_sha256": "f492541e80297882996e1ab9474b92c942c074c66d5af71ff31fad3dfffcc070",
  "installed_python_matches_source": true,
  "build_record_sha256": "d928e2bd67c81f0fe614179d0ba415b11f32895404f6b1bcb058323a6db6dafc",
  "python": "3.12.14 (main, Sep  1 2026, 14:16:52) [Clang 22.1.3 ]",
  "executable": "/data/users/bobren/a/pytorch-rs-burner/.burner/worktrees/agent_59ecd9f0/.venv/bin/python",
  "input_manifest": "../inputs.json",
  "input_manifest_sha256": "a5680a85937283784520055e64b3dd5282fd516530b40c4120cfb571a00a49ea",
  "changed_inputs": {
    "tests/test_compile_cuda_squeeze.py": "8bac6d90457259b52fd4fcca2f7c0e11bb8649f7180a42db76622c9643cb7aa6"
  },
  "all_other_input_hashes_verified": true,
  "compiler_modules": 57,
  "runtime": {
    "path": "/data/users/bobren/a/pytorch-rs-burner/.burner/worktrees/agent_59ecd9f0/.venv/lib/python3.12/site-packages/nvidia/cu13/lib/libcudart.so.13",
    "sha256": "96c42e418cec19054186b9429c321603cc190bf26a18104e19408117a2a817b0",
    "version": 13000,
    "reference": "2.13.0+cu130",
    "reference_cuda": "13.0"
  }
}
