test_compositions_helpers_dynamic_squeeze_and_no_replay (tests.test_compile_cuda_module_arithmetic.ModuleArithmeticCudaTests.test_compositions_helpers_dynamic_squeeze_and_no_replay) ... ok
test_dynamic_reuse_nested_outputs_and_lifetime (tests.test_compile_cuda_module_arithmetic.ModuleArithmeticCudaTests.test_dynamic_reuse_nested_outputs_and_lifetime) ... ok
test_layouts_broadcast_offsets_and_ieee_bits (tests.test_compile_cuda_module_arithmetic.ModuleArithmeticCudaTests.test_layouts_broadcast_offsets_and_ieee_bits) ... ok
test_precise_guards_rebindings_failed_attempts_and_limits (tests.test_compile_cuda_module_arithmetic.ModuleArithmeticCudaTests.test_precise_guards_rebindings_failed_attempts_and_limits) ... ok
test_prevalidation_exact_errors_unused_inputs_and_hooks (tests.test_compile_cuda_module_arithmetic.ModuleArithmeticCudaTests.test_prevalidation_exact_errors_unused_inputs_and_hooks) ... ok
test_seeded_calls_generated_compositions_and_all_policies (tests.test_compile_cuda_module_arithmetic.ModuleArithmeticCudaTests.test_seeded_calls_generated_compositions_and_all_policies) ... ok
test_restoration_success_rejection_unused_input_and_lifetime (tests.test_compile_cuda_module_arithmetic.ModuleArithmeticDeviceTests.test_restoration_success_rejection_unused_input_and_lifetime) ... skipped 'requires real CUDA with CUDA_VISIBLE_DEVICES=0,1'
test_identity_arity_registry_and_cpu_boundary_without_gpu (tests.test_compile_cuda_module_arithmetic.ModuleArithmeticFrontendTests.test_identity_arity_registry_and_cpu_boundary_without_gpu) ... ok
test_module_and_direct_guards_do_not_invoke_callbacks (tests.test_compile_cuda_module_arithmetic.ModuleArithmeticFrontendTests.test_module_and_direct_guards_do_not_invoke_callbacks) ... ok
test_native_planner_rejects_declarations_without_device (tests.test_compile_cuda_module_arithmetic.ModuleArithmeticFrontendTests.test_native_planner_rejects_declarations_without_device) ... ok
test_cuda_live_scalars_bindings_captures_and_failure_recovery (tests.test_compile_static_analysis.StaticAnalysisCudaTests.test_cuda_live_scalars_bindings_captures_and_failure_recovery) ... ok
test_code_replacement_reanalyzes_branches_and_inactive_globals (tests.test_compile_static_analysis.StaticAnalysisTests.test_code_replacement_reanalyzes_branches_and_inactive_globals) ... ok
test_descriptor_does_not_retain_root_or_resolved_helpers (tests.test_compile_static_analysis.StaticAnalysisTests.test_descriptor_does_not_retain_root_or_resolved_helpers) ... ok
test_only_root_analysis_is_reused_and_helper_guards_stay_live (tests.test_compile_static_analysis.StaticAnalysisTests.test_only_root_analysis_is_reused_and_helper_guards_stay_live) ... ok
test_reused_analysis_preserves_cpu_limit_metadata_and_method_guards (tests.test_compile_static_analysis.StaticAnalysisTests.test_reused_analysis_preserves_cpu_limit_metadata_and_method_guards) ... ok
test_warm_tensor_capture_reuses_analysis_but_resolves_every_call (tests.test_compile_static_analysis.StaticAnalysisTests.test_warm_tensor_capture_reuses_analysis_but_resolves_every_call) ... ok
test_ordinals_and_restoration (tests.test_compile_cuda_trailing_vector.CompileCudaTrailingVectorDeviceTests.test_ordinals_and_restoration) ... skipped 'requires real CUDA with CUDA_VISIBLE_DEVICES=0,1'
test_all_add_forms_and_compositions_held_out (tests.test_compile_cuda_trailing_vector.CompileCudaTrailingVectorTests.test_all_add_forms_and_compositions_held_out) ... /data/users/bobren/a/pytorch-rs-burner/.burner/worktrees/agent_6f83c739/.venv/lib/python3.12/site-packages/torch/jit/_script.py:365: DeprecationWarning: `torch.jit.script_method` is deprecated. Please switch to `torch.compile` or `torch.export`.
  warnings.warn(
ok
test_dynamic_guards_invalidated_cache_and_forged_metadata (tests.test_compile_cuda_trailing_vector.CompileCudaTrailingVectorTests.test_dynamic_guards_invalidated_cache_and_forged_metadata) ... ok
test_fail_closed_public_and_private (tests.test_compile_cuda_trailing_vector.CompileCudaTrailingVectorTests.test_fail_closed_public_and_private) ... ok
test_globals_helpers_callable_guards_and_lifetimes (tests.test_compile_cuda_trailing_vector.CompileCudaTrailingVectorTests.test_globals_helpers_callable_guards_and_lifetimes) ... ok
test_large_empty_dynamic_cache_replans_wrapped_strides (tests.test_compile_cuda_trailing_vector.CompileCudaTrailingVectorTests.test_large_empty_dynamic_cache_replans_wrapped_strides) ... ok
test_large_empty_signed_byte_strides_all_policies (tests.test_compile_cuda_trailing_vector.CompileCudaTrailingVectorTests.test_large_empty_signed_byte_strides_all_policies) ... ok
test_no_installed_torch_python_body_or_public_eager_dispatch (tests.test_compile_cuda_trailing_vector.CompileCudaTrailingVectorTests.test_no_installed_torch_python_body_or_public_eager_dispatch) ... ok
test_noncanonical_singleton_empty_and_offset_metadata (tests.test_compile_cuda_trailing_vector.CompileCudaTrailingVectorTests.test_noncanonical_singleton_empty_and_offset_metadata) ... ok
test_exact_shape_relation_and_cpu_broadcasting (tests.test_compile_cuda_trailing_vector.TrailingVectorMetadataTests.test_exact_shape_relation_and_cpu_broadcasting) ... ok

----------------------------------------------------------------------
Ran 26 tests in 46.092s

OK (skipped=2)
