test_bits_shared_mutation_and_lifetimes (tests.test_compile_cuda_view.CompileCudaViewTests.test_bits_shared_mutation_and_lifetimes) ... skipped 'requires real CUDA with CUDA_VISIBLE_DEVICES=0'
test_cached_graph_early_late_and_repeated_output_metadata (tests.test_compile_cuda_view.CompileCudaViewTests.test_cached_graph_early_late_and_repeated_output_metadata) ... skipped 'requires real CUDA with CUDA_VISIBLE_DEVICES=0'
test_composition_and_dynamic_compatibility_recovery (tests.test_compile_cuda_view.CompileCudaViewTests.test_composition_and_dynamic_compatibility_recovery) ... skipped 'requires real CUDA with CUDA_VISIBLE_DEVICES=0'
test_guards_methods_and_blocked_reference_import (tests.test_compile_cuda_view.CompileCudaViewTests.test_guards_methods_and_blocked_reference_import) ... skipped 'requires real CUDA with CUDA_VISIBLE_DEVICES=0'
test_large_valid_empty_singleton_scalar (tests.test_compile_cuda_view.CompileCudaViewTests.test_large_valid_empty_singleton_scalar) ... skipped 'requires real CUDA with CUDA_VISIBLE_DEVICES=0'
test_live_globals_locals_and_helpers (tests.test_compile_cuda_view.CompileCudaViewTests.test_live_globals_locals_and_helpers) ... skipped 'requires real CUDA with CUDA_VISIBLE_DEVICES=0'
test_local_nonnumeric_constants_preserve_public_binding_errors (tests.test_compile_cuda_view.CompileCudaViewTests.test_local_nonnumeric_constants_preserve_public_binding_errors) ... skipped 'requires real CUDA with CUDA_VISIBLE_DEVICES=0'
test_partial_shapes_validate_known_errors_before_unsupported_capture (tests.test_compile_cuda_view.CompileCudaViewTests.test_partial_shapes_validate_known_errors_before_unsupported_capture) ... skipped 'requires real CUDA with CUDA_VISIBLE_DEVICES=0'
test_public_binding_order_and_unsupported_forms (tests.test_compile_cuda_view.CompileCudaViewTests.test_public_binding_order_and_unsupported_forms) ... skipped 'requires real CUDA with CUDA_VISIBLE_DEVICES=0'
test_same_device_context_and_unused_actual_inputs (tests.test_compile_cuda_view.CompileCudaViewTests.test_same_device_context_and_unused_actual_inputs) ... skipped 'requires real CUDA with CUDA_VISIBLE_DEVICES=0'
test_seeded_layouts_shapes_policies_identity_and_cache (tests.test_compile_cuda_view.CompileCudaViewTests.test_seeded_layouts_shapes_policies_identity_and_cache) ... skipped 'requires real CUDA with CUDA_VISIBLE_DEVICES=0'
test_tensor_valued_invalid_binding_before_execution (tests.test_compile_cuda_view.CompileCudaViewTests.test_tensor_valued_invalid_binding_before_execution) ... skipped 'requires real CUDA with CUDA_VISIBLE_DEVICES=0'
test_unsupported_argument_expressions_preserve_public_errors (tests.test_compile_cuda_view.CompileCudaViewTests.test_unsupported_argument_expressions_preserve_public_errors) ... skipped 'requires real CUDA with CUDA_VISIBLE_DEVICES=0'
test_validation_only_lists_and_computed_integer_dimensions (tests.test_compile_cuda_view.CompileCudaViewTests.test_validation_only_lists_and_computed_integer_dimensions) ... skipped 'requires real CUDA with CUDA_VISIBLE_DEVICES=0'
test_context_restoration_and_unused_mixed_capture (tests.test_compile_cuda_view.ViewDeviceTests.test_context_restoration_and_unused_mixed_capture) ... skipped 'requires real CUDA with CUDA_VISIBLE_DEVICES=0,1'
test_alias_only_planner_and_binding_order_without_hardware (tests.test_compile_cuda_view.ViewMetadataTests.test_alias_only_planner_and_binding_order_without_hardware) ... ok
test_exact_dimensions_and_no_index_conversion (tests.test_compile_cuda_view.ViewMetadataTests.test_exact_dimensions_and_no_index_conversion) ... ok
test_known_shape_errors_before_capture_admission_without_hardware (tests.test_compile_cuda_view.ViewMetadataTests.test_known_shape_errors_before_capture_admission_without_hardware) ... ok
test_shared_native_planner_without_hardware (tests.test_compile_cuda_view.ViewMetadataTests.test_shared_native_planner_without_hardware) ... ok
test_unsupported_expression_validation_without_hardware (tests.test_compile_cuda_view.ViewMetadataTests.test_unsupported_expression_validation_without_hardware) ... ok
test_autograd_repeated_backward_and_no_grad_use_view_semantics (tests.test_view.TensorViewTests.test_autograd_repeated_backward_and_no_grad_use_view_semantics) ... ok
test_dimension_conversion_matches_the_sequence_overload (tests.test_view.TensorViewTests.test_dimension_conversion_matches_the_sequence_overload) ... ok
test_five_positional_dimension_conversion_matches_pytorch_parsing (tests.test_view.TensorViewTests.test_five_positional_dimension_conversion_matches_pytorch_parsing) ... ok
test_five_positional_dimensions_delegate_to_native_view (tests.test_view.TensorViewTests.test_five_positional_dimensions_delegate_to_native_view) ... ok
test_five_positional_dimensions_prefer_dual_sequence_contents (tests.test_view.TensorViewTests.test_five_positional_dimensions_prefer_dual_sequence_contents) ... ok
test_four_positional_dimension_conversion_matches_pytorch_parsing (tests.test_view.TensorViewTests.test_four_positional_dimension_conversion_matches_pytorch_parsing) ... ok
test_four_positional_dimensions_delegate_to_native_view (tests.test_view.TensorViewTests.test_four_positional_dimensions_delegate_to_native_view) ... ok
test_four_positional_dimensions_prefer_dual_sequence_contents (tests.test_view.TensorViewTests.test_four_positional_dimensions_prefer_dual_sequence_contents) ... ok
test_incompatible_layout_and_shape_errors_never_copy (tests.test_view.TensorViewTests.test_incompatible_layout_and_shape_errors_never_copy) ... ok
test_inferred_and_extreme_empty_shapes_preserve_aliasing (tests.test_view.TensorViewTests.test_inferred_and_extreme_empty_shapes_preserve_aliasing) ... ok
test_operator_index_poisoning_cannot_change_shape_parsing (tests.test_view.TensorViewTests.test_operator_index_poisoning_cannot_change_shape_parsing) ... ok
test_same_dtype_alias_outlives_temporary_source_owners (tests.test_view.TensorViewTests.test_same_dtype_alias_outlives_temporary_source_owners) ... ok
test_same_dtype_overload_returns_fresh_detached_storage_aliases (tests.test_view.TensorViewTests.test_same_dtype_overload_returns_fresh_detached_storage_aliases) ... ok
test_seven_or_more_positional_dimension_conversion_matches_pytorch_parsing (tests.test_view.TensorViewTests.test_seven_or_more_positional_dimension_conversion_matches_pytorch_parsing) ... ok
test_seven_or_more_positional_dimensions_delegate_to_native_view (tests.test_view.TensorViewTests.test_seven_or_more_positional_dimensions_delegate_to_native_view) ... ok
test_seven_or_more_positional_dimensions_prefer_dual_sequence_contents (tests.test_view.TensorViewTests.test_seven_or_more_positional_dimensions_prefer_dual_sequence_contents) ... ok
test_single_integer_and_index_delegate_to_native_view (tests.test_view.TensorViewTests.test_single_integer_and_index_delegate_to_native_view) ... ok
test_six_positional_dimension_conversion_matches_pytorch_parsing (tests.test_view.TensorViewTests.test_six_positional_dimension_conversion_matches_pytorch_parsing) ... ok
test_six_positional_dimensions_delegate_to_native_view (tests.test_view.TensorViewTests.test_six_positional_dimensions_delegate_to_native_view) ... ok
test_six_positional_dimensions_prefer_dual_sequence_contents (tests.test_view.TensorViewTests.test_six_positional_dimensions_prefer_dual_sequence_contents) ... ok
test_tensorbase_descriptor_metadata_matches_the_native_method (tests.test_view.TensorViewTests.test_tensorbase_descriptor_metadata_matches_the_native_method) ... ok
test_three_positional_dimension_conversion_matches_pytorch_parsing (tests.test_view.TensorViewTests.test_three_positional_dimension_conversion_matches_pytorch_parsing) ... ok
test_three_positional_dimensions_delegate_to_native_view (tests.test_view.TensorViewTests.test_three_positional_dimensions_delegate_to_native_view) ... ok
test_three_positional_dimensions_prefer_dual_sequence_contents (tests.test_view.TensorViewTests.test_three_positional_dimensions_prefer_dual_sequence_contents) ... ok
test_torch_function_modes_receive_original_calls_and_forward (tests.test_view.TensorViewTests.test_torch_function_modes_receive_original_calls_and_forward) ... ok
test_tuple_list_size_and_keyword_delegate_to_native_view (tests.test_view.TensorViewTests.test_tuple_list_size_and_keyword_delegate_to_native_view) ... ok
test_two_positional_dimension_conversion_matches_pytorch_parsing (tests.test_view.TensorViewTests.test_two_positional_dimension_conversion_matches_pytorch_parsing) ... ok
test_two_positional_dimensions_delegate_to_native_view (tests.test_view.TensorViewTests.test_two_positional_dimensions_delegate_to_native_view) ... ok
test_two_positional_dimensions_prefer_dual_sequence_contents (tests.test_view.TensorViewTests.test_two_positional_dimensions_prefer_dual_sequence_contents) ... ok
test_unsupported_shape_and_mixed_overloads_do_not_mutate_the_source (tests.test_view.TensorViewTests.test_unsupported_shape_and_mixed_overloads_do_not_mutate_the_source) ... ok
test_autograd_repeated_backward_and_no_grad_match_pytorch_2_13 (tests.test_view_reference.TensorViewReferenceTests.test_autograd_repeated_backward_and_no_grad_match_pytorch_2_13) ... ok
test_deliberately_unsupported_overloads_remain_outside_the_binding (tests.test_view_reference.TensorViewReferenceTests.test_deliberately_unsupported_overloads_remain_outside_the_binding) ... ok
test_dual_sequence_index_overload_resolution_matches_pytorch_2_13 (tests.test_view_reference.TensorViewReferenceTests.test_dual_sequence_index_overload_resolution_matches_pytorch_2_13) ... ok
test_five_positional_dimension_conversion_matches_pytorch_2_13 (tests.test_view_reference.TensorViewReferenceTests.test_five_positional_dimension_conversion_matches_pytorch_2_13) ... ok
test_five_positional_dimensions_match_pytorch_2_13 (tests.test_view_reference.TensorViewReferenceTests.test_five_positional_dimensions_match_pytorch_2_13) ... ok
test_four_positional_dimension_conversion_matches_pytorch_2_13 (tests.test_view_reference.TensorViewReferenceTests.test_four_positional_dimension_conversion_matches_pytorch_2_13) ... ok
test_four_positional_dimensions_match_pytorch_2_13 (tests.test_view_reference.TensorViewReferenceTests.test_four_positional_dimensions_match_pytorch_2_13) ... ok
test_inference_extreme_empty_and_view_errors_match_pytorch_2_13 (tests.test_view_reference.TensorViewReferenceTests.test_inference_extreme_empty_and_view_errors_match_pytorch_2_13) ... ok
test_operator_index_poisoning_matches_pytorch_2_13 (tests.test_view_reference.TensorViewReferenceTests.test_operator_index_poisoning_matches_pytorch_2_13) ... ok
test_same_dtype_view_lifetimes_match_pytorch_2_13 (tests.test_view_reference.TensorViewReferenceTests.test_same_dtype_view_lifetimes_match_pytorch_2_13) ... ok
test_same_dtype_views_match_pytorch_2_13 (tests.test_view_reference.TensorViewReferenceTests.test_same_dtype_views_match_pytorch_2_13) ... ok
test_sequence_dimension_conversion_matches_pytorch_2_13 (tests.test_view_reference.TensorViewReferenceTests.test_sequence_dimension_conversion_matches_pytorch_2_13) ... ok
test_seven_or_more_positional_dimension_conversion_matches_pytorch_2_13 (tests.test_view_reference.TensorViewReferenceTests.test_seven_or_more_positional_dimension_conversion_matches_pytorch_2_13) ... ok
test_seven_or_more_positional_dimensions_match_pytorch_2_13 (tests.test_view_reference.TensorViewReferenceTests.test_seven_or_more_positional_dimensions_match_pytorch_2_13) ... ok
test_shapes_strides_offsets_aliasing_and_values_match_pytorch_2_13 (tests.test_view_reference.TensorViewReferenceTests.test_shapes_strides_offsets_aliasing_and_values_match_pytorch_2_13) ... ok
test_single_dimension_conversion_matches_pytorch_2_13 (tests.test_view_reference.TensorViewReferenceTests.test_single_dimension_conversion_matches_pytorch_2_13) ... ok
test_single_integer_shapes_and_views_match_pytorch_2_13 (tests.test_view_reference.TensorViewReferenceTests.test_single_integer_shapes_and_views_match_pytorch_2_13) ... ok
test_six_positional_dimension_conversion_matches_pytorch_2_13 (tests.test_view_reference.TensorViewReferenceTests.test_six_positional_dimension_conversion_matches_pytorch_2_13) ... ok
test_six_positional_dimensions_match_pytorch_2_13 (tests.test_view_reference.TensorViewReferenceTests.test_six_positional_dimensions_match_pytorch_2_13) ... ok
test_tensorbase_descriptor_and_documentation_match_pytorch_2_13 (tests.test_view_reference.TensorViewReferenceTests.test_tensorbase_descriptor_and_documentation_match_pytorch_2_13) ... ok
test_three_positional_dimension_conversion_matches_pytorch_2_13 (tests.test_view_reference.TensorViewReferenceTests.test_three_positional_dimension_conversion_matches_pytorch_2_13) ... ok
test_three_positional_dimensions_match_pytorch_2_13 (tests.test_view_reference.TensorViewReferenceTests.test_three_positional_dimensions_match_pytorch_2_13) ... ok
test_torch_function_modes_match_pytorch_2_13 (tests.test_view_reference.TensorViewReferenceTests.test_torch_function_modes_match_pytorch_2_13) ... ok
test_two_positional_dimension_conversion_matches_pytorch_2_13 (tests.test_view_reference.TensorViewReferenceTests.test_two_positional_dimension_conversion_matches_pytorch_2_13) ... ok
test_two_positional_dimensions_match_pytorch_2_13 (tests.test_view_reference.TensorViewReferenceTests.test_two_positional_dimensions_match_pytorch_2_13) ... ok
test_autograd_repeated_backward_and_no_grad_match_tensor_reshape (tests.test_reshape.TopLevelReshapeTests.test_autograd_repeated_backward_and_no_grad_match_tensor_reshape) ... ok
test_binding_and_type_error_precedence_matches_pytorch_schema (tests.test_reshape.TopLevelReshapeTests.test_binding_and_type_error_precedence_matches_pytorch_schema) ... ok
test_callable_metadata_documentation_ownership_exports_and_pickling (tests.test_reshape.TopLevelReshapeTests.test_callable_metadata_documentation_ownership_exports_and_pickling) ... ok
test_disabled_torch_function_shape_handlers_are_ignored_without_crashing (tests.test_reshape.TopLevelReshapeTests.test_disabled_torch_function_shape_handlers_are_ignored_without_crashing) ... ok
test_inferred_empty_offset_and_shape_errors_match_tensor_reshape (tests.test_reshape.TopLevelReshapeTests.test_inferred_empty_offset_and_shape_errors_match_tensor_reshape) ... ok
test_overrides_and_modes_receive_the_original_top_level_call (tests.test_reshape.TopLevelReshapeTests.test_overrides_and_modes_receive_the_original_top_level_call) ... ok
test_oversized_shape_dimensions_preserve_unpack_error (tests.test_reshape.TopLevelReshapeTests.test_oversized_shape_dimensions_preserve_unpack_error) ... ok
test_sequence_forms_delegate_to_the_native_reshape_engine (tests.test_reshape.TopLevelReshapeTests.test_sequence_forms_delegate_to_the_native_reshape_engine) ... ok
test_stateful_index_dimensions_are_converted_again_by_native_reshape (tests.test_reshape.TopLevelReshapeTests.test_stateful_index_dimensions_are_converted_again_by_native_reshape) ... ok
test_view_and_copy_outputs_outlive_their_sources (tests.test_reshape.TopLevelReshapeTests.test_view_and_copy_outputs_outlive_their_sources) ... ok
test_autograd_repeated_backward_and_no_grad_match_pytorch_2_13 (tests.test_reshape_reference.TopLevelReshapeReferenceTests.test_autograd_repeated_backward_and_no_grad_match_pytorch_2_13) ... ok
test_binding_and_type_errors_match_pytorch_2_13 (tests.test_reshape_reference.TopLevelReshapeReferenceTests.test_binding_and_type_errors_match_pytorch_2_13) ... ok
test_callable_metadata_documentation_and_exports_match_pytorch_2_13 (tests.test_reshape_reference.TopLevelReshapeReferenceTests.test_callable_metadata_documentation_and_exports_match_pytorch_2_13) ... ok
test_disabled_torch_function_shape_handlers_match_pytorch_2_13 (tests.test_reshape_reference.TopLevelReshapeReferenceTests.test_disabled_torch_function_shape_handlers_match_pytorch_2_13) ... ok
test_inferred_empty_and_errors_match_pytorch_2_13 (tests.test_reshape_reference.TopLevelReshapeReferenceTests.test_inferred_empty_and_errors_match_pytorch_2_13) ... ok
test_layouts_aliasing_call_forms_and_lifetimes_match_pytorch_2_13 (tests.test_reshape_reference.TopLevelReshapeReferenceTests.test_layouts_aliasing_call_forms_and_lifetimes_match_pytorch_2_13) ... ok
test_overrides_and_modes_match_pytorch_2_13 (tests.test_reshape_reference.TopLevelReshapeReferenceTests.test_overrides_and_modes_match_pytorch_2_13) ... ok
test_oversized_shape_dimension_errors_match_pytorch_2_13 (tests.test_reshape_reference.TopLevelReshapeReferenceTests.test_oversized_shape_dimension_errors_match_pytorch_2_13) ... ok
test_stateful_index_dimension_conversion_matches_pytorch_2_13 (tests.test_reshape_reference.TopLevelReshapeReferenceTests.test_stateful_index_dimension_conversion_matches_pytorch_2_13) ... ok

----------------------------------------------------------------------
Ran 94 tests in 3.009s

OK (skipped=15)
