test_explicit_missing_runtime_fails_closed_without_python_backend (tests.test_cuda_public_storage.CudaRuntimeDiscoveryTests.test_explicit_missing_runtime_fails_closed_without_python_backend) ... ok
test_missing_runtime_packages_need_no_python_candidates (tests.test_cuda_public_storage.CudaRuntimeDiscoveryTests.test_missing_runtime_packages_need_no_python_candidates) ... ok
test_runtime_wheel_layouts_are_discovered_without_system_libraries (tests.test_cuda_public_storage.CudaRuntimeDiscoveryTests.test_runtime_wheel_layouts_are_discovered_without_system_libraries) ... ok
test_current_device_restored_on_success_failure_and_drop (tests.test_cuda_host_transfer.CudaHostTransferDeviceGuardTests.test_current_device_restored_on_success_failure_and_drop) ... skipped 'requires CUDA_VISIBLE_DEVICES=0,1'
test_device_argument_forms_and_fresh_copies (tests.test_cuda_host_transfer.CudaHostTransferTests.test_device_argument_forms_and_fresh_copies) ... ok
test_gradient_buffer_upload_is_an_independent_snapshot (tests.test_cuda_host_transfer.CudaHostTransferTests.test_gradient_buffer_upload_is_an_independent_snapshot) ... ok
test_no_installed_pytorch_forwarding (tests.test_cuda_host_transfer.CudaHostTransferTests.test_no_installed_pytorch_forwarding) ... ok
test_nonzero_scalars_empty_dense_and_sparse_views (tests.test_cuda_host_transfer.CudaHostTransferTests.test_nonzero_scalars_empty_dense_and_sparse_views) ... ok
test_source_and_view_lifetimes_and_allocation_reuse (tests.test_cuda_host_transfer.CudaHostTransferTests.test_source_and_view_lifetimes_and_allocation_reuse) ... ok
test_sparse_view_upload_has_bounded_host_allocation (tests.test_cuda_host_transfer.CudaHostTransferTests.test_sparse_view_upload_has_bounded_host_allocation) ... ok
test_split_views_upload_with_preserve_format_and_cpu_only_split (tests.test_cuda_host_transfer.CudaHostTransferTests.test_split_views_upload_with_preserve_format_and_cpu_only_split) ... ok
test_unsupported_and_invalid_inputs_preserve_source (tests.test_cuda_host_transfer.CudaHostTransferTests.test_unsupported_and_invalid_inputs_preserve_source) ... ok
test_allocation_reuse_and_threaded_lifetimes (tests.test_cuda_native_views.NativeCudaViewTests.test_allocation_reuse_and_threaded_lifetimes) ... ok
test_bounded_staging_crosses_chunks_and_preserves_values (tests.test_cuda_native_views.NativeCudaViewTests.test_bounded_staging_crosses_chunks_and_preserves_values) ... ok
test_nonzero_views_copy_to_cpu_and_keep_storage_alive (tests.test_cuda_native_views.NativeCudaViewTests.test_nonzero_views_copy_to_cpu_and_keep_storage_alive) ... ok
test_unsupported_materialization_fails_at_operation (tests.test_cuda_native_views.NativeCudaViewTests.test_unsupported_materialization_fails_at_operation) ... ok
test_widely_spaced_selection_copies_under_host_memory_limit (tests.test_cuda_native_views.NativeCudaViewTests.test_widely_spaced_selection_copies_under_host_memory_limit) ... ok
test_current_device_restored_and_cross_device_rejected (tests.test_cuda_same_device_copy.CopyDeviceGuardTests.test_current_device_restored_and_cross_device_rejected) ... skipped 'requires CUDA_VISIBLE_DEVICES=0,1'
test_argument_forms_and_relaxed_contiguous_strides (tests.test_cuda_same_device_copy.SameDeviceCopyTests.test_argument_forms_and_relaxed_contiguous_strides) ... ok
test_generated_lengths_offsets_and_exact_values (tests.test_cuda_same_device_copy.SameDeviceCopyTests.test_generated_lengths_offsets_and_exact_values) ... ok
test_independence_source_mutation_and_allocation_reuse (tests.test_cuda_same_device_copy.SameDeviceCopyTests.test_independence_source_mutation_and_allocation_reuse) ... ok
test_no_pytorch_forwarding (tests.test_cuda_same_device_copy.SameDeviceCopyTests.test_no_pytorch_forwarding) ... ok
test_rejections_preserve_source (tests.test_cuda_same_device_copy.SameDeviceCopyTests.test_rejections_preserve_source) ... ok
test_cross_thread_pool_release_on_both_devices (tests.test_cuda_add.CudaAddDeviceTests.test_cross_thread_pool_release_on_both_devices) ... skipped 'requires real CUDA with CUDA_VISIBLE_DEVICES=0,1'
test_device_restoration_success_failure_and_drop (tests.test_cuda_add.CudaAddDeviceTests.test_device_restoration_success_failure_and_drop) ... skipped 'requires real CUDA with CUDA_VISIBLE_DEVICES=0,1'
test_replay_eviction_restores_context_across_devices (tests.test_cuda_add.CudaAddDeviceTests.test_replay_eviction_restores_context_across_devices) ... skipped 'requires real CUDA with CUDA_VISIBLE_DEVICES=0,1'
test_cached_allocation_on_fresh_host_thread (tests.test_cuda_add.CudaAddTests.test_cached_allocation_on_fresh_host_thread) ... ok
test_completion_before_independent_stream_read (tests.test_cuda_add.CudaAddTests.test_completion_before_independent_stream_read) ... ok
test_invalid_and_unsupported_inputs (tests.test_cuda_add.CudaAddTests.test_invalid_and_unsupported_inputs) ... ok
test_numerical_edges (tests.test_cuda_add.CudaAddTests.test_numerical_edges) ... ok
test_offsets_singletons_and_empty_views (tests.test_cuda_add.CudaAddTests.test_offsets_singletons_and_empty_views) ... ok
test_random_held_out_shapes_and_public_forms (tests.test_cuda_add.CudaAddTests.test_random_held_out_shapes_and_public_forms) ... ok
test_repeated_launch_eviction_aliases_and_immediate_drops (tests.test_cuda_add.CudaAddTests.test_repeated_launch_eviction_aliases_and_immediate_drops) ... ok
test_source_output_lifetimes_chaining_and_reuse (tests.test_cuda_add.CudaAddTests.test_source_output_lifetimes_chaining_and_reuse) ... ok
test_without_pytorch_import (tests.test_cuda_add.CudaAddTests.test_without_pytorch_import) ... ok
test_same_device_guard_and_mixed_device_rejection (tests.test_cuda_add_trailing_vector.CudaAddTrailingVectorDeviceTests.test_same_device_guard_and_mixed_device_rejection) ... skipped 'requires real CUDA with CUDA_VISIBLE_DEVICES=0,1'
test_compiler_rejects_broader_broadcast_before_execution (tests.test_cuda_add_trailing_vector.CudaAddTrailingVectorTests.test_compiler_rejects_broader_broadcast_before_execution) ... ok
test_completion_before_independent_stream_read (tests.test_cuda_add_trailing_vector.CudaAddTrailingVectorTests.test_completion_before_independent_stream_read) ... ok
test_generated_rectangles_and_empty_dimensions (tests.test_cuda_add_trailing_vector.CudaAddTrailingVectorTests.test_generated_rectangles_and_empty_dimensions) ... ok
test_ieee_edges (tests.test_cuda_add_trailing_vector.CudaAddTrailingVectorTests.test_ieee_edges) ... ok
test_lifetimes_reuse_and_fresh_thread_context (tests.test_cuda_add_trailing_vector.CudaAddTrailingVectorTests.test_lifetimes_reuse_and_fresh_thread_context) ... ok
test_offset_views_and_overlapping_inputs (tests.test_cuda_add_trailing_vector.CudaAddTrailingVectorTests.test_offset_views_and_overlapping_inputs) ... ok
test_unsupported_shapes_layouts_and_devices (tests.test_cuda_add_trailing_vector.CudaAddTrailingVectorTests.test_unsupported_shapes_layouts_and_devices) ... ok
test_allocation_failure_restores_device_and_recovers (tests.test_cuda_mul_scalar.CudaMulScalarDeviceTests.test_allocation_failure_restores_device_and_recovers) ... skipped 'requires real CUDA with CUDA_VISIBLE_DEVICES=0,1'
test_ownership_restoration_and_mixed_device_rejection (tests.test_cuda_mul_scalar.CudaMulScalarDeviceTests.test_ownership_restoration_and_mixed_device_rejection) ... skipped 'requires real CUDA with CUDA_VISIBLE_DEVICES=0,1'
test_compiler_rejection_does_not_execute_or_cache (tests.test_cuda_mul_scalar.CudaMulScalarTests.test_compiler_rejection_does_not_execute_or_cache) ... ok
test_completion_fresh_storage_and_lifetimes (tests.test_cuda_mul_scalar.CudaMulScalarTests.test_completion_fresh_storage_and_lifetimes) ... ok
test_generated_large_allocation_beyond_front_cache (tests.test_cuda_mul_scalar.CudaMulScalarTests.test_generated_large_allocation_beyond_front_cache) ... ok
test_generated_shapes_and_all_public_forms (tests.test_cuda_mul_scalar.CudaMulScalarTests.test_generated_shapes_and_all_public_forms) ... ok
test_ieee_values_offsets_and_empty_views (tests.test_cuda_mul_scalar.CudaMulScalarTests.test_ieee_values_offsets_and_empty_views) ... ok
test_no_pytorch_forwarding (tests.test_cuda_mul_scalar.CudaMulScalarTests.test_no_pytorch_forwarding) ... ok
test_scalar_conversion_contracts (tests.test_cuda_mul_scalar.CudaMulScalarTests.test_scalar_conversion_contracts) ... ok
test_unsupported_boundaries_and_overrides (tests.test_cuda_mul_scalar.CudaMulScalarTests.test_unsupported_boundaries_and_overrides) ... ok
test_device_guard_and_context_cache (tests.test_cuda_neg.CudaNegDeviceTests.test_device_guard_and_context_cache) ... skipped 'requires real CUDA with CUDA_VISIBLE_DEVICES=0,1'
test_completion_and_independent_output (tests.test_cuda_neg.CudaNegTests.test_completion_and_independent_output) ... ok
test_generated_shapes_public_forms_and_input_preservation (tests.test_cuda_neg.CudaNegTests.test_generated_shapes_public_forms_and_input_preservation) ... ok
test_ieee_bits_and_offset_views (tests.test_cuda_neg.CudaNegTests.test_ieee_bits_and_offset_views) ... ok
test_large_allocation_lifetime_outside_front_cache (tests.test_cuda_neg.CudaNegTests.test_large_allocation_lifetime_outside_front_cache) ... ok
test_layout_autograd_rejection_and_compiled_negation (tests.test_cuda_neg.CudaNegTests.test_layout_autograd_rejection_and_compiled_negation) ... ok
test_lifetimes_reuse_and_fresh_thread_context (tests.test_cuda_neg.CudaNegTests.test_lifetimes_reuse_and_fresh_thread_context) ... ok
test_no_pytorch_forwarding (tests.test_cuda_neg.CudaNegTests.test_no_pytorch_forwarding) ... ok
test_device_guard_and_mixed_device_rejection (tests.test_cuda_matmul.CudaMatmulDeviceTests.test_device_guard_and_mixed_device_rejection) ... skipped 'requires real CUDA with CUDA_VISIBLE_DEVICES=0,1'
test_completion_thread_and_allocation_lifetimes (tests.test_cuda_matmul.CudaMatmulTests.test_completion_thread_and_allocation_lifetimes) ... ok
test_generated_shapes_offsets_public_forms_and_preservation (tests.test_cuda_matmul.CudaMatmulTests.test_generated_shapes_offsets_public_forms_and_preservation) ... ok
test_generated_wide_products_and_overlapping_offsets (tests.test_cuda_matmul.CudaMatmulTests.test_generated_wide_products_and_overlapping_offsets) ... ok
test_intermediate_overflow_cancellation_and_nonfinite_classification (tests.test_cuda_matmul.CudaMatmulTests.test_intermediate_overflow_cancellation_and_nonfinite_classification) ... ok
test_invalid_inputs_and_compilation (tests.test_cuda_matmul.CudaMatmulTests.test_invalid_inputs_and_compilation) ... ok
test_no_pytorch_forwarding (tests.test_cuda_matmul.CudaMatmulTests.test_no_pytorch_forwarding) ... ok
test_optional_blas_discovery_and_load_failure (tests.test_cuda_matmul.CudaMatmulTests.test_optional_blas_discovery_and_load_failure) ... ok
test_singleton_empty_and_overlapping_views (tests.test_cuda_matmul.CudaMatmulTests.test_singleton_empty_and_overlapping_views) ... ok
test_special_values_and_cancellation (tests.test_cuda_matmul.CudaMatmulTests.test_special_values_and_cancellation) ... ok
test_wide_decimal_products (tests.test_cuda_matmul.CudaMatmulTests.test_wide_decimal_products) ... ok
test_device_guard_restores_current_device (tests.test_cuda_sum_rows.CudaSumRowsDeviceTests.test_device_guard_restores_current_device) ... skipped 'requires real CUDA with CUDA_VISIBLE_DEVICES=0,1'
test_cancellation_nonfinite_and_subnormal_values (tests.test_cuda_sum_rows.CudaSumRowsTests.test_cancellation_nonfinite_and_subnormal_values) ... ok
test_completion_fresh_storage_and_thread_lifetimes (tests.test_cuda_sum_rows.CudaSumRowsTests.test_completion_fresh_storage_and_thread_lifetimes) ... ok
test_float32_cancellation_and_intermediate_overflow (tests.test_cuda_sum_rows.CudaSumRowsTests.test_float32_cancellation_and_intermediate_overflow) ... ok
test_generated_rectangles_forms_and_preservation (tests.test_cuda_sum_rows.CudaSumRowsTests.test_generated_rectangles_forms_and_preservation) ... ok
test_no_pytorch_forwarding (tests.test_cuda_sum_rows.CudaSumRowsTests.test_no_pytorch_forwarding) ... ok
test_nonfinite_and_subnormal_values_across_reduction_trees (tests.test_cuda_sum_rows.CudaSumRowsTests.test_nonfinite_and_subnormal_values_across_reduction_trees) ... ok
test_offset_singleton_and_empty_views (tests.test_cuda_sum_rows.CudaSumRowsTests.test_offset_singleton_and_empty_views) ... ok
test_reduction_geometry_vector_alignment_and_dynamic_range (tests.test_cuda_sum_rows.CudaSumRowsTests.test_reduction_geometry_vector_alignment_and_dynamic_range) ... ok
test_unsupported_boundaries_and_compiled_reductions (tests.test_cuda_sum_rows.CudaSumRowsTests.test_unsupported_boundaries_and_compiled_reductions) ... ok
test_wide_same_sign_decimal_rows (tests.test_cuda_sum_rows.CudaSumRowsTests.test_wide_same_sign_decimal_rows) ... ok
test_split_launches_restore_device_on_success_rejection_and_destruction (tests.test_cuda_sum_rows_indexing.CudaSumRowsIndexingDeviceTests.test_split_launches_restore_device_on_success_rejection_and_destruction) ... skipped 'requires real CUDA with CUDA_VISIBLE_DEVICES=0,1'
test_nested_odd_column_splits_accumulate_in_order (tests.test_cuda_sum_rows_indexing.CudaSumRowsIndexingTests.test_nested_odd_column_splits_accumulate_in_order) ... ok
test_reviewer_sparse_cancellation_below_at_and_above_byte_boundary (tests.test_cuda_sum_rows_indexing.CudaSumRowsIndexingTests.test_reviewer_sparse_cancellation_below_at_and_above_byte_boundary) ... ok
test_row_partitions_reconfigure_geometry_and_keep_output_offsets (tests.test_cuda_sum_rows_indexing.CudaSumRowsIndexingTests.test_row_partitions_reconfigure_geometry_and_keep_output_offsets) ... ok
test_composed_restoration_and_mixed_devices (tests.test_compile_cuda_graph.CudaGraphDeviceTests.test_composed_restoration_and_mixed_devices) ... skipped 'requires real CUDA with CUDA_VISIBLE_DEVICES=0,1'
test_composition_preserves_wide_overflow_and_signed_zero (tests.test_compile_cuda_graph.CudaGraphTests.test_composition_preserves_wide_overflow_and_signed_zero) ... ok
test_late_neg_declared_metadata_rejected_before_execution (tests.test_compile_cuda_graph.CudaGraphTests.test_late_neg_declared_metadata_rejected_before_execution) ... ok
test_late_validation_before_bridge_and_failure_recovery (tests.test_compile_cuda_graph.CudaGraphTests.test_late_validation_before_bridge_and_failure_recovery) ... ok
test_native_bridge_preflights_all_nodes (tests.test_compile_cuda_graph.CudaGraphTests.test_native_bridge_preflights_all_nodes) ... ok
test_single_bridge_new_data_aliases_and_completion (tests.test_compile_cuda_graph.CudaGraphTests.test_single_bridge_new_data_aliases_and_completion) ... ok
test_threaded_intermediate_lifetimes (tests.test_compile_cuda_graph.CudaGraphTests.test_threaded_intermediate_lifetimes) ... ok
test_cpu_inputs_rejected (tests.test_compile_cuda_graph.GraphBridgeScopeTests.test_cpu_inputs_rejected) ... ok
test_cpu_cuda_cache_separation_and_original_bypass (tests.test_compile_cuda_boundary.CompileCudaBoundaryTests.test_cpu_cuda_cache_separation_and_original_bypass) ... ok
test_dynamic_cache_hit_preflights_late_shape_mismatch (tests.test_compile_cuda_boundary.CompileCudaBoundaryTests.test_dynamic_cache_hit_preflights_late_shape_mismatch) ... ok
test_global_capture_transitions_and_recompile_limit (tests.test_compile_cuda_boundary.CompileCudaBoundaryTests.test_global_capture_transitions_and_recompile_limit) ... ok
test_ieee_edges_and_dynamic_offset_guards (tests.test_compile_cuda_boundary.CompileCudaBoundaryTests.test_ieee_edges_and_dynamic_offset_guards) ... ok
test_native_failure_does_not_publish_cache (tests.test_compile_cuda_boundary.CompileCudaBoundaryTests.test_native_failure_does_not_publish_cache) ... ok
test_no_pytorch_import_or_original_execution (tests.test_compile_cuda_boundary.CompileCudaBoundaryTests.test_no_pytorch_import_or_original_execution) ... ok
test_offset_layout_metadata_and_cache_guards (tests.test_compile_cuda_boundary.CompileCudaBoundaryTests.test_offset_layout_metadata_and_cache_guards) ... ok
test_private_trace_entrypoints_keep_unsupported_guards (tests.test_compile_cuda_boundary.CompileCudaBoundaryTests.test_private_trace_entrypoints_keep_unsupported_guards) ... ok
test_seeded_shapes_structures_and_changed_data_against_reference (tests.test_compile_cuda_boundary.CompileCudaBoundaryTests.test_seeded_shapes_structures_and_changed_data_against_reference) ... /data/users/bobren/a/pytorch-rs-burner/.burner/worktrees/agent_df4659ec/.venv/lib64/python3.12/site-packages/torch/jit/_script.py:365: DeprecationWarning: `torch.jit.script_method` is deprecated. Please switch to `torch.compile` or `torch.export`.
  warnings.warn(
ok
test_unsupported_fresh_and_cpu_warmed_leave_cache_unchanged (tests.test_compile_cuda_boundary.CompileCudaBoundaryTests.test_unsupported_fresh_and_cpu_warmed_leave_cache_unchanged) ... ok
test_ordinals_captures_and_current_device_restoration (tests.test_compile_cuda_boundary.CompileCudaDeviceTests.test_ordinals_captures_and_current_device_restoration) ... skipped 'requires real CUDA with CUDA_VISIBLE_DEVICES=0,1'
test_current_device_restored_for_single_and_composed_reductions (tests.test_compile_cuda_sum_rows.CompileCudaSumDeviceTests.test_current_device_restored_for_single_and_composed_reductions) ... skipped 'requires real CUDA with CUDA_VISIBLE_DEVICES=0,1'
test_composition_dynamic_shapes_and_native_whole_graph_validation (tests.test_compile_cuda_sum_rows.CompileCudaSumTests.test_composition_dynamic_shapes_and_native_whole_graph_validation) ... ok
test_dynamic_cache_hit_rejects_later_incompatible_add_before_launch (tests.test_compile_cuda_sum_rows.CompileCudaSumTests.test_dynamic_cache_hit_rejects_later_incompatible_add_before_launch) ... ok
test_held_out_forms_offsets_empty_and_changed_values (tests.test_compile_cuda_sum_rows.CompileCudaSumTests.test_held_out_forms_offsets_empty_and_changed_values) ... ok
test_noncanonical_contiguous_singleton_strides (tests.test_compile_cuda_sum_rows.CompileCudaSumTests.test_noncanonical_contiguous_singleton_strides) ... ok
test_rejections_and_live_method_mutation (tests.test_compile_cuda_sum_rows.CompileCudaSumTests.test_rejections_and_live_method_mutation) ... ok
test_stream_completion_and_independent_output (tests.test_compile_cuda_sum_rows.CompileCudaSumTests.test_stream_completion_and_independent_output) ... ok
test_ownership_captures_and_device_restoration (tests.test_compile_cuda_neg.CompileCudaNegDeviceTests.test_ownership_captures_and_device_restoration) ... skipped 'requires real CUDA with CUDA_VISIBLE_DEVICES=0,1'
test_captures_nested_outputs_and_repeated_inputs (tests.test_compile_cuda_neg.CompileCudaNegTests.test_captures_nested_outputs_and_repeated_inputs) ... ok
test_cold_cpu_warmed_and_device_guards (tests.test_compile_cuda_neg.CompileCudaNegTests.test_cold_cpu_warmed_and_device_guards) ... ok
test_generated_shapes_lengths_and_forms (tests.test_compile_cuda_neg.CompileCudaNegTests.test_generated_shapes_lengths_and_forms) ... ok
test_global_offset_shape_and_layout_guards (tests.test_compile_cuda_neg.CompileCudaNegTests.test_global_offset_shape_and_layout_guards) ... ok
test_offsets_ieee_metadata_dynamic_and_stride_guards (tests.test_compile_cuda_neg.CompileCudaNegTests.test_offsets_ieee_metadata_dynamic_and_stride_guards) ... ok
test_reject_before_execution_and_cache_insertion (tests.test_compile_cuda_neg.CompileCudaNegTests.test_reject_before_execution_and_cache_insertion) ... ok
test_stream_completion_and_independent_storage (tests.test_compile_cuda_neg.CompileCudaNegTests.test_stream_completion_and_independent_storage) ... ok
test_ownership_restoration_and_cache_separation (tests.test_compile_cuda_mul_scalar.CompileCudaMulScalarDeviceTests.test_ownership_restoration_and_cache_separation) ... skipped 'requires real CUDA with CUDA_VISIBLE_DEVICES=0,1'
test_binding_guards_and_code_replacement (tests.test_compile_cuda_mul_scalar.CompileCudaMulScalarTests.test_binding_guards_and_code_replacement) ... ok
test_dynamic_scalar_node_metadata_rejects_before_execution (tests.test_compile_cuda_mul_scalar.CompileCudaMulScalarTests.test_dynamic_scalar_node_metadata_rejects_before_execution) ... ok
test_dynamic_static_guards_cpu_separation_and_nested_aliases (tests.test_compile_cuda_mul_scalar.CompileCudaMulScalarTests.test_dynamic_static_guards_cpu_separation_and_nested_aliases) ... ok
test_generated_graphlets_and_operator_method_top_level_forms (tests.test_compile_cuda_mul_scalar.CompileCudaMulScalarTests.test_generated_graphlets_and_operator_method_top_level_forms) ... ok
test_guarded_globals_helper_rebinding_and_limit (tests.test_compile_cuda_mul_scalar.CompileCudaMulScalarTests.test_guarded_globals_helper_rebinding_and_limit) ... ok
test_ieee_scalar_conversion_singleton_strides_offsets_and_empty_views (tests.test_compile_cuda_mul_scalar.CompileCudaMulScalarTests.test_ieee_scalar_conversion_singleton_strides_offsets_and_empty_views) ... ok
test_large_complete_data_and_no_pytorch_import (tests.test_compile_cuda_mul_scalar.CompileCudaMulScalarTests.test_large_complete_data_and_no_pytorch_import) ... ok
test_malformed_late_nodes_and_execution_failure (tests.test_compile_cuda_mul_scalar.CompileCudaMulScalarTests.test_malformed_late_nodes_and_execution_failure) ... ok
test_reject_before_execution_cache_and_native_hooks (tests.test_compile_cuda_mul_scalar.CompileCudaMulScalarTests.test_reject_before_execution_cache_and_native_hooks) ... ok
test_tensor_capture_and_stride_changes (tests.test_compile_cuda_mul_scalar.CompileCudaMulScalarTests.test_tensor_capture_and_stride_changes) ... ok
test_recorder_scalar_nodes_reject_cpu_and_unsupported_metadata (tests.test_compile_cuda_mul_scalar.CompileScalarMetadataTests.test_recorder_scalar_nodes_reject_cpu_and_unsupported_metadata) ... ok
test_scalar_conversion_and_native_fail_closed_without_gpu (tests.test_compile_cuda_mul_scalar.CompileScalarMetadataTests.test_scalar_conversion_and_native_fail_closed_without_gpu) ... ok
test_device_restore_cache_and_mixed_device_errors (tests.test_compile_cuda_matmul.CompileCudaMatmulDeviceTests.test_device_restore_cache_and_mixed_device_errors) ... skipped 'requires real CUDA with CUDA_VISIBLE_DEVICES=0,1'
test_completion_thread_and_allocation_lifetimes (tests.test_compile_cuda_matmul.CompileCudaMatmulTests.test_completion_thread_and_allocation_lifetimes) ... ok
test_generated_capture_forms_changed_inputs_and_composition (tests.test_compile_cuda_matmul.CompileCudaMatmulTests.test_generated_capture_forms_changed_inputs_and_composition) ... ok
test_generated_wide_products_and_overlapping_offsets (tests.test_compile_cuda_matmul.CompileCudaMatmulTests.test_generated_wide_products_and_overlapping_offsets) ... ok
test_guards_late_validation_recovery_and_captures (tests.test_compile_cuda_matmul.CompileCudaMatmulTests.test_guards_late_validation_recovery_and_captures) ... ok
test_intermediate_overflow_cancellation_and_nonfinite_classification (tests.test_compile_cuda_matmul.CompileCudaMatmulTests.test_intermediate_overflow_cancellation_and_nonfinite_classification) ... ok
test_isolated_installed_wheel_no_body_no_pytorch (tests.test_compile_cuda_matmul.CompileCudaMatmulTests.test_isolated_installed_wheel_no_body_no_pytorch) ... ok
test_rejections_binding_guards_and_alias_containers (tests.test_compile_cuda_matmul.CompileCudaMatmulTests.test_rejections_binding_guards_and_alias_containers) ... ok
test_singleton_empty_and_overlapping_views (tests.test_compile_cuda_matmul.CompileCudaMatmulTests.test_singleton_empty_and_overlapping_views) ... ok
test_special_values_and_cancellation (tests.test_compile_cuda_matmul.CompileCudaMatmulTests.test_special_values_and_cancellation) ... ok
test_wide_decimal_products (tests.test_compile_cuda_matmul.CompileCudaMatmulTests.test_wide_decimal_products) ... ok
test_scope_dimensions_and_fresh_output (tests.test_compile_cuda_matmul.MatmulMetadataTests.test_scope_dimensions_and_fresh_output) ... ok
test_ordinals_and_restoration (tests.test_compile_cuda_trailing_vector.CompileCudaTrailingVectorDeviceTests.test_ordinals_and_restoration) ... skipped 'requires real CUDA with CUDA_VISIBLE_DEVICES=0,1'
test_all_add_forms_and_compositions_held_out (tests.test_compile_cuda_trailing_vector.CompileCudaTrailingVectorTests.test_all_add_forms_and_compositions_held_out) ... ok
test_dynamic_guards_invalidated_cache_and_forged_metadata (tests.test_compile_cuda_trailing_vector.CompileCudaTrailingVectorTests.test_dynamic_guards_invalidated_cache_and_forged_metadata) ... ok
test_fail_closed_public_and_private (tests.test_compile_cuda_trailing_vector.CompileCudaTrailingVectorTests.test_fail_closed_public_and_private) ... ok
test_globals_helpers_callable_guards_and_lifetimes (tests.test_compile_cuda_trailing_vector.CompileCudaTrailingVectorTests.test_globals_helpers_callable_guards_and_lifetimes) ... ok
test_large_empty_dynamic_cache_replans_wrapped_strides (tests.test_compile_cuda_trailing_vector.CompileCudaTrailingVectorTests.test_large_empty_dynamic_cache_replans_wrapped_strides) ... ok
test_large_empty_signed_byte_strides_all_policies (tests.test_compile_cuda_trailing_vector.CompileCudaTrailingVectorTests.test_large_empty_signed_byte_strides_all_policies) ... ok
test_no_installed_torch_python_body_or_public_eager_dispatch (tests.test_compile_cuda_trailing_vector.CompileCudaTrailingVectorTests.test_no_installed_torch_python_body_or_public_eager_dispatch) ... ok
test_noncanonical_singleton_empty_and_offset_metadata (tests.test_compile_cuda_trailing_vector.CompileCudaTrailingVectorTests.test_noncanonical_singleton_empty_and_offset_metadata) ... ok
test_exact_shape_relation_and_cpu_broadcasting (tests.test_compile_cuda_trailing_vector.TrailingVectorMetadataTests.test_exact_shape_relation_and_cpu_broadcasting) ... ok

----------------------------------------------------------------------
Ran 156 tests in 280.201s

OK (skipped=19)
