test_cached_native_execution_and_structured_aliases (test_compile_pointwise_broadcast_trig.BroadcastTrig.test_cached_native_execution_and_structured_aliases) ... /data/users/bobren/a/pytorch-rs-burner/.burner/worktrees/agent_0b9940d4/target/default-compile-eval/venv/lib/python3.12/site-packages/torch/jit/_script.py:365: DeprecationWarning: `torch.jit.script_method` is deprecated. Please switch to `torch.compile` or `torch.export`.
  warnings.warn(
ok
test_former_rejections_keep_the_original_shapes_and_values (test_compile_pointwise_broadcast_trig.BroadcastTrig.test_former_rejections_keep_the_original_shapes_and_values) ... ok
test_reference_shape_value_offset_and_retained_output_histories (test_compile_pointwise_broadcast_trig.BroadcastTrig.test_reference_shape_value_offset_and_retained_output_histories) ... ok
test_scalar_kind_zero_trig_witness_and_runtime_promotion (test_compile_pointwise_broadcast_trig.BroadcastTrig.test_scalar_kind_zero_trig_witness_and_runtime_promotion) ... ok
test_subnormal_amplification_and_nested_runtime_trig_exact (test_compile_pointwise_broadcast_trig.BroadcastTrig.test_subnormal_amplification_and_nested_runtime_trig_exact) ... ok
test_mixed_madd_trig_rejects_in_both_orders_even_after_identities (test_compile_pointwise_broadcast_trig.Metadata.test_mixed_madd_trig_rejects_in_both_orders_even_after_identities) ... ok
test_unary_and_one_stage_trig_before_and_after_arithmetic (test_compile_pointwise_broadcast_trig.Metadata.test_unary_and_one_stage_trig_before_and_after_arithmetic) ... ok
test_direct_run_cannot_bypass_unequal_shapes_with_linear_addresses (test_compile_pointwise_broadcast_priority.BroadcastPriority.test_direct_run_cannot_bypass_unequal_shapes_with_linear_addresses) ... ok
test_historical_finite_and_ieee_shape_histories_are_explicitly_unsupported (test_compile_pointwise_broadcast_priority.BroadcastPriority.test_historical_finite_and_ieee_shape_histories_are_explicitly_unsupported) ... ok
test_historical_fresh_large_cancellation_is_explicitly_unsupported (test_compile_pointwise_broadcast_priority.BroadcastPriority.test_historical_fresh_large_cancellation_is_explicitly_unsupported) ... ok
test_products_deeper_trig_unused_inputs_empty_and_simplified_graphs_reject (test_compile_pointwise_broadcast_priority.BroadcastPriority.test_products_deeper_trig_unused_inputs_empty_and_simplified_graphs_reject) ... ok
test_unary_trig_admission_keeps_cached_unused_input_address_guard (test_compile_pointwise_broadcast_priority.BroadcastPriority.test_unary_trig_admission_keeps_cached_unused_input_address_guard) ... ok
test_dead_graph_still_validates_before_live_admission (test_compile_pointwise_broadcast_priority.Metadata.test_dead_graph_still_validates_before_live_admission) ... ok
test_original_depth_precedes_simplification_and_address_canonicalization (test_compile_pointwise_broadcast_priority.Metadata.test_original_depth_precedes_simplification_and_address_canonicalization) ... ok
test_relu_is_depth_neutral_and_dead_nodes_do_not_limit_live_capability (test_compile_pointwise_broadcast_priority.Metadata.test_relu_is_depth_neutral_and_dead_nodes_do_not_limit_live_capability) ... ok
test_runtime_scalar_sign_is_metadata_not_tensor_negation (test_compile_pointwise_broadcast_priority.Metadata.test_runtime_scalar_sign_is_metadata_not_tensor_negation) ... ok
test_private_prepared_admission_cannot_bypass_graph_or_shape_checks (test_compile_pointwise_prepared.PreparedHardware.test_private_prepared_admission_cannot_bypass_graph_or_shape_checks) ... ok
test_unused_tensors_cannot_bypass_broadcast_boundary_and_one_tensor_is_unchanged (test_compile_pointwise_runtime_scalars.PositionalScalarHardware.test_unused_tensors_cannot_bypass_broadcast_boundary_and_one_tensor_is_unchanged) ... ok
test_scalar_slots_preserve_original_ir_actual_shape_admission (test_compile_pointwise_scalar_admission.PositionalBindingAdmission.test_scalar_slots_preserve_original_ir_actual_shape_admission) ... ok
test_ieee_broadcast_contraction (test_compile_pointwise_broadcast.Broadcast.test_ieee_broadcast_contraction) ... ok
test_original_ir_boundary_and_native_input_validation (test_compile_pointwise_helpers.HelperHardware.test_original_ir_boundary_and_native_input_validation) ... ok

----------------------------------------------------------------------
Ran 21 tests in 33.029s

OK
