Using CPython 3.12.12
Creating virtual environment at: target/default-compile-eval/venv
Activate with: source target/default-compile-eval/venv/bin/activate
Resolved 36 packages in 23ms
Installed 31 packages in 964ms
 + cuda-bindings==13.3.1
 + cuda-pathfinder==1.6.0
 + cuda-toolkit==13.0.3.0
 + filelock==3.32.2
 + fsspec==2026.7.0
 + jinja2==3.1.6
 + markupsafe==3.0.3
 + maturin==1.14.1
 + mpmath==1.3.0
 + networkx==3.6.1
 + numpy==2.5.1
 + nvidia-cublas==13.1.1.3
 + nvidia-cuda-cupti==13.0.85
 + nvidia-cuda-nvrtc==13.0.88
 + nvidia-cuda-runtime==13.0.96
 + nvidia-cudnn-cu13==9.20.0.48
 + nvidia-cufft==12.0.0.61
 + nvidia-cufile==1.15.1.6
 + nvidia-curand==10.4.0.35
 + nvidia-cusolver==12.0.4.66
 + nvidia-cusparse==12.6.3.3
 + nvidia-cusparselt-cu13==0.8.1
 + nvidia-nccl-cu13==2.29.7
 + nvidia-nvjitlink==13.3.33
 + nvidia-nvshmem-cu13==3.4.5
 + nvidia-nvtx==13.0.85
 + setuptools==84.0.0
 + sympy==1.14.0
 + torch==2.13.0
 + triton==3.7.1
 + typing-extensions==4.16.0
📦 Including license file `LICENSE`
🍹 Building a mixed python/rust project
🐍 Found CPython 3.12 at /data/users/bobren/a/pytorch-rs-burner/.burner/worktrees/agent_0b9940d4/target/default-compile-eval/venv/bin/python
🔗 Found pyo3 bindings with abi3-py3.10 support
📡 Using build options features from pyproject.toml
    Finished `release` profile [optimized] target(s) in 0.02s
📦 Built wheel for abi3 Python ≥ 3.10 to /data/users/bobren/a/pytorch-rs-burner/.burner/worktrees/agent_0b9940d4/target/default-compile-eval/wheels.VC1w1u/torch_rs-0.1.0-cp310-abi3-manylinux_2_34_x86_64.whl
Using Python 3.12.12 environment at: target/default-compile-eval/venv
Resolved 1 package in 2ms
Prepared 1 package in 42ms
Installed 1 package in 16ms
 + torch-rs==0.1.0 (from file:///data/users/bobren/a/pytorch-rs-burner/.burner/worktrees/agent_0b9940d4/target/default-compile-eval/wheels.VC1w1u/torch_rs-0.1.0-cp310-abi3-manylinux_2_34_x86_64.whl)
verified native-extension provenance for torch-rs 0.1.0
interpreter: /data/users/bobren/a/pytorch-rs-burner/.burner/worktrees/agent_0b9940d4/target/default-compile-eval/venv/bin/python
virtualenv: /data/users/bobren/a/pytorch-rs-burner/.burner/worktrees/agent_0b9940d4/target/default-compile-eval/venv
torch_rs: /data/users/bobren/a/pytorch-rs-burner/.burner/worktrees/agent_0b9940d4/target/default-compile-eval/venv/lib/python3.12/site-packages/torch_rs/__init__.py
torch_rs.torch_rs: /data/users/bobren/a/pytorch-rs-burner/.burner/worktrees/agent_0b9940d4/target/default-compile-eval/venv/lib/python3.12/site-packages/torch_rs/torch_rs.abi3.so
setup complete; no evaluation or score produced; wheel: /data/users/bobren/a/pytorch-rs-burner/.burner/worktrees/agent_0b9940d4/target/default-compile-eval/wheels.VC1w1u/torch_rs-0.1.0-cp310-abi3-manylinux_2_34_x86_64.whl
