test_argument_rank_preserve_and_overflow_errors_match_exactly (tests.test_contiguous_reference.ContiguousReferenceTests.test_argument_rank_preserve_and_overflow_errors_match_exactly) ... ok
test_seeded_views_formats_identity_and_consumers_match_pytorch_2_13 (tests.test_contiguous_reference.ContiguousReferenceTests.test_seeded_views_formats_identity_and_consumers_match_pytorch_2_13) ... ok
test_special_values_zero_sizes_and_canonical_channel_strides (tests.test_contiguous_reference.ContiguousReferenceTests.test_special_values_zero_sizes_and_canonical_channel_strides) ... ok
test_autograd_repeated_backward_and_no_grad_match_tensor_reshape (tests.test_reshape.TopLevelReshapeTests.test_autograd_repeated_backward_and_no_grad_match_tensor_reshape) ... ok
test_binding_and_type_error_precedence_matches_pytorch_schema (tests.test_reshape.TopLevelReshapeTests.test_binding_and_type_error_precedence_matches_pytorch_schema) ... ok
test_callable_metadata_documentation_ownership_exports_and_pickling (tests.test_reshape.TopLevelReshapeTests.test_callable_metadata_documentation_ownership_exports_and_pickling) ... ok
test_disabled_torch_function_shape_handlers_are_ignored_without_crashing (tests.test_reshape.TopLevelReshapeTests.test_disabled_torch_function_shape_handlers_are_ignored_without_crashing) ... ok
test_inferred_empty_offset_and_shape_errors_match_tensor_reshape (tests.test_reshape.TopLevelReshapeTests.test_inferred_empty_offset_and_shape_errors_match_tensor_reshape) ... ok
test_overrides_and_modes_receive_the_original_top_level_call (tests.test_reshape.TopLevelReshapeTests.test_overrides_and_modes_receive_the_original_top_level_call) ... ok
test_oversized_shape_dimensions_preserve_unpack_error (tests.test_reshape.TopLevelReshapeTests.test_oversized_shape_dimensions_preserve_unpack_error) ... ok
test_sequence_forms_delegate_to_the_native_reshape_engine (tests.test_reshape.TopLevelReshapeTests.test_sequence_forms_delegate_to_the_native_reshape_engine) ... ok
test_stateful_index_dimensions_are_converted_again_by_native_reshape (tests.test_reshape.TopLevelReshapeTests.test_stateful_index_dimensions_are_converted_again_by_native_reshape) ... ok
test_view_and_copy_outputs_outlive_their_sources (tests.test_reshape.TopLevelReshapeTests.test_view_and_copy_outputs_outlive_their_sources) ... ok
test_autograd_repeated_backward_and_no_grad_match_pytorch_2_13 (tests.test_reshape_reference.TopLevelReshapeReferenceTests.test_autograd_repeated_backward_and_no_grad_match_pytorch_2_13) ... ok
test_binding_and_type_errors_match_pytorch_2_13 (tests.test_reshape_reference.TopLevelReshapeReferenceTests.test_binding_and_type_errors_match_pytorch_2_13) ... ok
test_callable_metadata_documentation_and_exports_match_pytorch_2_13 (tests.test_reshape_reference.TopLevelReshapeReferenceTests.test_callable_metadata_documentation_and_exports_match_pytorch_2_13) ... ok
test_disabled_torch_function_shape_handlers_match_pytorch_2_13 (tests.test_reshape_reference.TopLevelReshapeReferenceTests.test_disabled_torch_function_shape_handlers_match_pytorch_2_13) ... ok
test_inferred_empty_and_errors_match_pytorch_2_13 (tests.test_reshape_reference.TopLevelReshapeReferenceTests.test_inferred_empty_and_errors_match_pytorch_2_13) ... ok
test_layouts_aliasing_call_forms_and_lifetimes_match_pytorch_2_13 (tests.test_reshape_reference.TopLevelReshapeReferenceTests.test_layouts_aliasing_call_forms_and_lifetimes_match_pytorch_2_13) ... ok
test_overrides_and_modes_match_pytorch_2_13 (tests.test_reshape_reference.TopLevelReshapeReferenceTests.test_overrides_and_modes_match_pytorch_2_13) ... ok
test_oversized_shape_dimension_errors_match_pytorch_2_13 (tests.test_reshape_reference.TopLevelReshapeReferenceTests.test_oversized_shape_dimension_errors_match_pytorch_2_13) ... ok
test_stateful_index_dimension_conversion_matches_pytorch_2_13 (tests.test_reshape_reference.TopLevelReshapeReferenceTests.test_stateful_index_dimension_conversion_matches_pytorch_2_13) ... ok
test_autograd_repeated_backward_and_no_grad_use_view_semantics (tests.test_view.TensorViewTests.test_autograd_repeated_backward_and_no_grad_use_view_semantics) ... ok
test_dimension_conversion_matches_the_sequence_overload (tests.test_view.TensorViewTests.test_dimension_conversion_matches_the_sequence_overload) ... ok
test_five_positional_dimension_conversion_matches_pytorch_parsing (tests.test_view.TensorViewTests.test_five_positional_dimension_conversion_matches_pytorch_parsing) ... ok
test_five_positional_dimensions_delegate_to_native_view (tests.test_view.TensorViewTests.test_five_positional_dimensions_delegate_to_native_view) ... ok
test_five_positional_dimensions_prefer_dual_sequence_contents (tests.test_view.TensorViewTests.test_five_positional_dimensions_prefer_dual_sequence_contents) ... ok
test_four_positional_dimension_conversion_matches_pytorch_parsing (tests.test_view.TensorViewTests.test_four_positional_dimension_conversion_matches_pytorch_parsing) ... ok
test_four_positional_dimensions_delegate_to_native_view (tests.test_view.TensorViewTests.test_four_positional_dimensions_delegate_to_native_view) ... ok
test_four_positional_dimensions_prefer_dual_sequence_contents (tests.test_view.TensorViewTests.test_four_positional_dimensions_prefer_dual_sequence_contents) ... ok
test_incompatible_layout_and_shape_errors_never_copy (tests.test_view.TensorViewTests.test_incompatible_layout_and_shape_errors_never_copy) ... ok
test_inferred_and_extreme_empty_shapes_preserve_aliasing (tests.test_view.TensorViewTests.test_inferred_and_extreme_empty_shapes_preserve_aliasing) ... ok
test_operator_index_poisoning_cannot_change_shape_parsing (tests.test_view.TensorViewTests.test_operator_index_poisoning_cannot_change_shape_parsing) ... ok
test_same_dtype_alias_outlives_temporary_source_owners (tests.test_view.TensorViewTests.test_same_dtype_alias_outlives_temporary_source_owners) ... ok
test_same_dtype_overload_returns_fresh_detached_storage_aliases (tests.test_view.TensorViewTests.test_same_dtype_overload_returns_fresh_detached_storage_aliases) ... ok
test_seven_or_more_positional_dimension_conversion_matches_pytorch_parsing (tests.test_view.TensorViewTests.test_seven_or_more_positional_dimension_conversion_matches_pytorch_parsing) ... ok
test_seven_or_more_positional_dimensions_delegate_to_native_view (tests.test_view.TensorViewTests.test_seven_or_more_positional_dimensions_delegate_to_native_view) ... ok
test_seven_or_more_positional_dimensions_prefer_dual_sequence_contents (tests.test_view.TensorViewTests.test_seven_or_more_positional_dimensions_prefer_dual_sequence_contents) ... ok
test_single_integer_and_index_delegate_to_native_view (tests.test_view.TensorViewTests.test_single_integer_and_index_delegate_to_native_view) ... ok
test_six_positional_dimension_conversion_matches_pytorch_parsing (tests.test_view.TensorViewTests.test_six_positional_dimension_conversion_matches_pytorch_parsing) ... ok
test_six_positional_dimensions_delegate_to_native_view (tests.test_view.TensorViewTests.test_six_positional_dimensions_delegate_to_native_view) ... ok
test_six_positional_dimensions_prefer_dual_sequence_contents (tests.test_view.TensorViewTests.test_six_positional_dimensions_prefer_dual_sequence_contents) ... ok
test_tensorbase_descriptor_metadata_matches_the_native_method (tests.test_view.TensorViewTests.test_tensorbase_descriptor_metadata_matches_the_native_method) ... ok
test_three_positional_dimension_conversion_matches_pytorch_parsing (tests.test_view.TensorViewTests.test_three_positional_dimension_conversion_matches_pytorch_parsing) ... ok
test_three_positional_dimensions_delegate_to_native_view (tests.test_view.TensorViewTests.test_three_positional_dimensions_delegate_to_native_view) ... ok
test_three_positional_dimensions_prefer_dual_sequence_contents (tests.test_view.TensorViewTests.test_three_positional_dimensions_prefer_dual_sequence_contents) ... ok
test_torch_function_modes_receive_original_calls_and_forward (tests.test_view.TensorViewTests.test_torch_function_modes_receive_original_calls_and_forward) ... ok
test_tuple_list_size_and_keyword_delegate_to_native_view (tests.test_view.TensorViewTests.test_tuple_list_size_and_keyword_delegate_to_native_view) ... ok
test_two_positional_dimension_conversion_matches_pytorch_parsing (tests.test_view.TensorViewTests.test_two_positional_dimension_conversion_matches_pytorch_parsing) ... ok
test_two_positional_dimensions_delegate_to_native_view (tests.test_view.TensorViewTests.test_two_positional_dimensions_delegate_to_native_view) ... ok
test_two_positional_dimensions_prefer_dual_sequence_contents (tests.test_view.TensorViewTests.test_two_positional_dimensions_prefer_dual_sequence_contents) ... ok
test_unsupported_shape_and_mixed_overloads_do_not_mutate_the_source (tests.test_view.TensorViewTests.test_unsupported_shape_and_mixed_overloads_do_not_mutate_the_source) ... ok
test_autograd_repeated_backward_and_no_grad_match_pytorch_2_13 (tests.test_view_reference.TensorViewReferenceTests.test_autograd_repeated_backward_and_no_grad_match_pytorch_2_13) ... ok
test_deliberately_unsupported_overloads_remain_outside_the_binding (tests.test_view_reference.TensorViewReferenceTests.test_deliberately_unsupported_overloads_remain_outside_the_binding) ... ok
test_dual_sequence_index_overload_resolution_matches_pytorch_2_13 (tests.test_view_reference.TensorViewReferenceTests.test_dual_sequence_index_overload_resolution_matches_pytorch_2_13) ... ok
test_five_positional_dimension_conversion_matches_pytorch_2_13 (tests.test_view_reference.TensorViewReferenceTests.test_five_positional_dimension_conversion_matches_pytorch_2_13) ... ok
test_five_positional_dimensions_match_pytorch_2_13 (tests.test_view_reference.TensorViewReferenceTests.test_five_positional_dimensions_match_pytorch_2_13) ... ok
test_four_positional_dimension_conversion_matches_pytorch_2_13 (tests.test_view_reference.TensorViewReferenceTests.test_four_positional_dimension_conversion_matches_pytorch_2_13) ... ok
test_four_positional_dimensions_match_pytorch_2_13 (tests.test_view_reference.TensorViewReferenceTests.test_four_positional_dimensions_match_pytorch_2_13) ... ok
test_inference_extreme_empty_and_view_errors_match_pytorch_2_13 (tests.test_view_reference.TensorViewReferenceTests.test_inference_extreme_empty_and_view_errors_match_pytorch_2_13) ... ok
test_operator_index_poisoning_matches_pytorch_2_13 (tests.test_view_reference.TensorViewReferenceTests.test_operator_index_poisoning_matches_pytorch_2_13) ... ok
test_same_dtype_view_lifetimes_match_pytorch_2_13 (tests.test_view_reference.TensorViewReferenceTests.test_same_dtype_view_lifetimes_match_pytorch_2_13) ... ok
test_same_dtype_views_match_pytorch_2_13 (tests.test_view_reference.TensorViewReferenceTests.test_same_dtype_views_match_pytorch_2_13) ... ok
test_sequence_dimension_conversion_matches_pytorch_2_13 (tests.test_view_reference.TensorViewReferenceTests.test_sequence_dimension_conversion_matches_pytorch_2_13) ... ok
test_seven_or_more_positional_dimension_conversion_matches_pytorch_2_13 (tests.test_view_reference.TensorViewReferenceTests.test_seven_or_more_positional_dimension_conversion_matches_pytorch_2_13) ... ok
test_seven_or_more_positional_dimensions_match_pytorch_2_13 (tests.test_view_reference.TensorViewReferenceTests.test_seven_or_more_positional_dimensions_match_pytorch_2_13) ... ok
test_shapes_strides_offsets_aliasing_and_values_match_pytorch_2_13 (tests.test_view_reference.TensorViewReferenceTests.test_shapes_strides_offsets_aliasing_and_values_match_pytorch_2_13) ... ok
test_single_dimension_conversion_matches_pytorch_2_13 (tests.test_view_reference.TensorViewReferenceTests.test_single_dimension_conversion_matches_pytorch_2_13) ... ok
test_single_integer_shapes_and_views_match_pytorch_2_13 (tests.test_view_reference.TensorViewReferenceTests.test_single_integer_shapes_and_views_match_pytorch_2_13) ... ok
test_six_positional_dimension_conversion_matches_pytorch_2_13 (tests.test_view_reference.TensorViewReferenceTests.test_six_positional_dimension_conversion_matches_pytorch_2_13) ... ok
test_six_positional_dimensions_match_pytorch_2_13 (tests.test_view_reference.TensorViewReferenceTests.test_six_positional_dimensions_match_pytorch_2_13) ... ok
test_tensorbase_descriptor_and_documentation_match_pytorch_2_13 (tests.test_view_reference.TensorViewReferenceTests.test_tensorbase_descriptor_and_documentation_match_pytorch_2_13) ... ok
test_three_positional_dimension_conversion_matches_pytorch_2_13 (tests.test_view_reference.TensorViewReferenceTests.test_three_positional_dimension_conversion_matches_pytorch_2_13) ... ok
test_three_positional_dimensions_match_pytorch_2_13 (tests.test_view_reference.TensorViewReferenceTests.test_three_positional_dimensions_match_pytorch_2_13) ... ok
test_torch_function_modes_match_pytorch_2_13 (tests.test_view_reference.TensorViewReferenceTests.test_torch_function_modes_match_pytorch_2_13) ... ok
test_two_positional_dimension_conversion_matches_pytorch_2_13 (tests.test_view_reference.TensorViewReferenceTests.test_two_positional_dimension_conversion_matches_pytorch_2_13) ... ok
test_two_positional_dimensions_match_pytorch_2_13 (tests.test_view_reference.TensorViewReferenceTests.test_two_positional_dimensions_match_pytorch_2_13) ... ok
test_autograd_no_grad_and_source_lifetime (tests.test_clone_channels_last.CloneChannelsLastTests.test_autograd_no_grad_and_source_lifetime) ... ok
test_method_and_function_materialize_canonical_independent_copies (tests.test_clone_channels_last.CloneChannelsLastTests.test_method_and_function_materialize_canonical_independent_copies) ... ok
test_rank_errors (tests.test_clone_channels_last.CloneChannelsLastTests.test_rank_errors) ... ok
test_stride_overflow_precedes_channels_last_3d_rank_error (tests.test_clone_channels_last.CloneChannelsLastTests.test_stride_overflow_precedes_channels_last_3d_rank_error) ... ok
test_autograd_no_grad_and_source_lifetime_match_pytorch_2_13 (tests.test_clone_channels_last_reference.CloneChannelsLastReferenceTests.test_autograd_no_grad_and_source_lifetime_match_pytorch_2_13) ... ok
test_layout_values_and_independence_match_pytorch_2_13 (tests.test_clone_channels_last_reference.CloneChannelsLastReferenceTests.test_layout_values_and_independence_match_pytorch_2_13) ... ok
test_rank_errors_match_pytorch_2_13 (tests.test_clone_channels_last_reference.CloneChannelsLastReferenceTests.test_rank_errors_match_pytorch_2_13) ... ok
test_stride_overflow_precedes_rank_error_like_pytorch_2_13 (tests.test_clone_channels_last_reference.CloneChannelsLastReferenceTests.test_stride_overflow_precedes_rank_error_like_pytorch_2_13) ... ok
test_dimensions_accept_pytorch_integer_types_and_check_overflow (tests.test_transpose.TransposeTests.test_dimensions_accept_pytorch_integer_types_and_check_overflow) ... ok
test_empty_and_extreme_shapes_preserve_swapped_strides (tests.test_transpose.TransposeTests.test_empty_and_extreme_shapes_preserve_swapped_strides) ... ok
test_is_contiguous_accepts_keyword_only_memory_format (tests.test_transpose.TransposeTests.test_is_contiguous_accepts_keyword_only_memory_format) ... ok
test_method_and_top_level_transpose_swap_only_metadata (tests.test_transpose.TransposeTests.test_method_and_top_level_transpose_swap_only_metadata) ... ok
test_pointwise_outputs_canonicalize_singleton_channels_last_strides (tests.test_transpose.TransposeTests.test_pointwise_outputs_canonicalize_singleton_channels_last_strides) ... ok
test_python_binding_reports_missing_duplicate_and_extra_arguments (tests.test_transpose.TransposeTests.test_python_binding_reports_missing_duplicate_and_extra_arguments) ... ok
test_rank_two_matmul_uses_both_input_stride_tables (tests.test_transpose.TransposeTests.test_rank_two_matmul_uses_both_input_stride_tables) ... ok
test_reflected_division_uses_unary_layout_and_checks_stride_overflow (tests.test_transpose.TransposeTests.test_reflected_division_uses_unary_layout_and_checks_stride_overflow) ... ok
test_scalar_dimensions_and_dimension_errors_match_pytorch (tests.test_transpose.TransposeTests.test_scalar_dimensions_and_dimension_errors_match_pytorch) ... ok
test_stride_aware_consumers_and_materialized_outputs (tests.test_transpose.TransposeTests.test_stride_aware_consumers_and_materialized_outputs) ... ok
test_transpose_type_errors_preserve_argument_call_context (tests.test_transpose.TransposeTests.test_transpose_type_errors_preserve_argument_call_context) ... ok
test_python_layout_queries_and_transpose_diagnostics_match_pytorch_2_13 (tests.test_transpose_reference.TransposeReferenceTests.test_python_layout_queries_and_transpose_diagnostics_match_pytorch_2_13) ... ok
test_rank_two_matmul_shape_errors_match_pytorch_2_13 (tests.test_transpose_reference.TransposeReferenceTests.test_rank_two_matmul_shape_errors_match_pytorch_2_13) ... ok
test_seeded_rank_two_transposed_matmul_matches_pytorch_2_13 (tests.test_transpose_reference.TransposeReferenceTests.test_seeded_rank_two_transposed_matmul_matches_pytorch_2_13) ... ok
test_seeded_transposes_views_and_consumers_match_pytorch_2_13 (tests.test_transpose_reference.TransposeReferenceTests.test_seeded_transposes_views_and_consumers_match_pytorch_2_13) ... ok
test_singleton_pointwise_and_reflected_division_layouts_match_pytorch_2_13 (tests.test_transpose_reference.TransposeReferenceTests.test_singleton_pointwise_and_reflected_division_layouts_match_pytorch_2_13) ... ok

----------------------------------------------------------------------
Ran 101 tests in 4.383s

OK
