test_benchmarking_indexes_historical_release_timing_reports (tests.test_readme_quickstart.ReadmeQuickstartTests.test_benchmarking_indexes_historical_release_timing_reports) ... ok
test_detailed_support_contracts_live_in_focused_docs (tests.test_readme_quickstart.ReadmeQuickstartTests.test_detailed_support_contracts_live_in_focused_docs) ... ok
test_docs_readme_indexes_contracts_guides_and_timing_evidence (tests.test_readme_quickstart.ReadmeQuickstartTests.test_docs_readme_indexes_contracts_guides_and_timing_evidence) ... ok
test_entry_point_links_resolve (tests.test_readme_quickstart.ReadmeQuickstartTests.test_entry_point_links_resolve) ... ok
test_first_success_example_is_short_and_runs (tests.test_readme_quickstart.ReadmeQuickstartTests.test_first_success_example_is_short_and_runs) ... ok
test_readme_keeps_quickstart_scope_and_evaluation_route (tests.test_readme_quickstart.ReadmeQuickstartTests.test_readme_keeps_quickstart_scope_and_evaluation_route) ... ok
test_readme_links_contributing_guide (tests.test_readme_quickstart.ReadmeQuickstartTests.test_readme_links_contributing_guide) ... ok
test_readme_routes_benchmark_policy_to_focused_docs (tests.test_readme_quickstart.ReadmeQuickstartTests.test_readme_routes_benchmark_policy_to_focused_docs) ... ok
test_readme_routes_to_supported_surface_anchors (tests.test_readme_quickstart.ReadmeQuickstartTests.test_readme_routes_to_supported_surface_anchors) ... ok
test_readme_scope_is_scan_friendly_table (tests.test_readme_quickstart.ReadmeQuickstartTests.test_readme_scope_is_scan_friendly_table) ... ok
test_source_install_commands_are_locked (tests.test_readme_quickstart.ReadmeQuickstartTests.test_source_install_commands_are_locked) ... ok
test_stale_wheel_recovery_uses_wheel_test_workflow (tests.test_readme_quickstart.ReadmeQuickstartTests.test_stale_wheel_recovery_uses_wheel_test_workflow) ... ok
test_bind_rejects_runtime_order_count_uuid_and_pci_mismatch (tests.test_compile_cuda_matmul_diagnostic.MatmulDiagnosticTests.test_bind_rejects_runtime_order_count_uuid_and_pci_mismatch) ... ok
test_default_and_explicit_masks (tests.test_compile_cuda_matmul_diagnostic.MatmulDiagnosticTests.test_default_and_explicit_masks) ... ok
test_each_runtime_is_independently_bound_and_observations_retained (tests.test_compile_cuda_matmul_diagnostic.MatmulDiagnosticTests.test_each_runtime_is_independently_bound_and_observations_retained) ... ok
test_environment_retains_compiler_controls_without_secrets (tests.test_compile_cuda_matmul_diagnostic.MatmulDiagnosticTests.test_environment_retains_compiler_controls_without_secrets) ... ok
test_failed_output_check_retains_prior_and_partial_samples (tests.test_compile_cuda_matmul_diagnostic.MatmulDiagnosticTests.test_failed_output_check_retains_prior_and_partial_samples) ... ok
test_fixed_denominator_and_failures (tests.test_compile_cuda_matmul_diagnostic.MatmulDiagnosticTests.test_fixed_denominator_and_failures) ... ok
test_measurement_definition_matches_merged_main_golden (tests.test_compile_cuda_matmul_diagnostic.MatmulDiagnosticTests.test_measurement_definition_matches_merged_main_golden) ... ok
test_native_bus_absence_and_changed_mask_rejected_before_work (tests.test_compile_cuda_matmul_diagnostic.MatmulDiagnosticTests.test_native_bus_absence_and_changed_mask_rejected_before_work) ... ok
test_reject_absent_ambiguous_and_unbounded_selection (tests.test_compile_cuda_matmul_diagnostic.MatmulDiagnosticTests.test_reject_absent_ambiguous_and_unbounded_selection) ... ok
test_rejection_report_retains_inventory_denominator_and_zero (tests.test_compile_cuda_matmul_diagnostic.MatmulDiagnosticTests.test_rejection_report_retains_inventory_denominator_and_zero) ... ok
test_checked_in_evaluation_uses_the_versioned_matrix (tests.test_hardware_heterogeneity_evaluation.HardwareHeterogeneityEvaluationTests.test_checked_in_evaluation_uses_the_versioned_matrix) ... ok
test_matrix_has_a_fixed_complete_denominator (tests.test_hardware_heterogeneity_evaluation.HardwareHeterogeneityEvaluationTests.test_matrix_has_a_fixed_complete_denominator) ... ok
test_bad_metadata_forwarding_mutation_and_compilation_proof (tests.test_cuda_compilation_evaluator.AccountingTests.test_bad_metadata_forwarding_mutation_and_compilation_proof) ... ok
test_both_executions_require_correct_finite_outputs (tests.test_cuda_compilation_evaluator.AccountingTests.test_both_executions_require_correct_finite_outputs) ... ok
test_cli_missing_malformed_receipts_and_changed_source_keep_six_slots (tests.test_cuda_compilation_evaluator.AccountingTests.test_cli_missing_malformed_receipts_and_changed_source_keep_six_slots) ... ok
test_full_partial_and_absent_credit (tests.test_cuda_compilation_evaluator.AccountingTests.test_full_partial_and_absent_credit) ... ok
test_manifest_configuration_and_weights (tests.test_cuda_compilation_evaluator.AccountingTests.test_manifest_configuration_and_weights) ... ok
test_missing_malformed_duplicate_unknown_trials (tests.test_cuda_compilation_evaluator.AccountingTests.test_missing_malformed_duplicate_unknown_trials) ... ok
test_missing_stale_or_malformed_build_zero (tests.test_cuda_compilation_evaluator.AccountingTests.test_missing_stale_or_malformed_build_zero) ... ok
test_oversized_json_numbers_zero_only_the_affected_case (tests.test_cuda_compilation_evaluator.AccountingTests.test_oversized_json_numbers_zero_only_the_affected_case) ... ok
test_required_build_metadata_must_be_nonempty_strings (tests.test_cuda_compilation_evaluator.AccountingTests.test_required_build_metadata_must_be_nonempty_strings) ... ok
test_seeds_cannot_reduce_denominator (tests.test_cuda_compilation_evaluator.AccountingTests.test_seeds_cannot_reduce_denominator) ... ok
test_cli_nonfinite_receipts_emit_all_six_slots (tests.test_cuda_compilation_evaluator.IsolationTests.test_cli_nonfinite_receipts_emit_all_six_slots) ... ok
test_cli_rejects_bad_seeds_and_output_escape (tests.test_cuda_compilation_evaluator.IsolationTests.test_cli_rejects_bad_seeds_and_output_escape) ... ok
test_crash_timeout_invalid_json_and_missing_python (tests.test_cuda_compilation_evaluator.IsolationTests.test_crash_timeout_invalid_json_and_missing_python) ... ok
test_original_body_blocked_and_attempt_retained (tests.test_cuda_compilation_evaluator.IsolationTests.test_original_body_blocked_and_attempt_retained) ... ok
test_python_executor_cannot_impersonate_native (tests.test_cuda_compilation_evaluator.IsolationTests.test_python_executor_cannot_impersonate_native) ... ok
test_worker_blocks_swallowed_torch_import (tests.test_cuda_compilation_evaluator.IsolationTests.test_worker_blocks_swallowed_torch_import) ... ok
test_cpu_cuda_cache_separation_and_original_bypass (tests.test_compile_cuda_boundary.CompileCudaBoundaryTests.test_cpu_cuda_cache_separation_and_original_bypass) ... ok
test_dynamic_cache_hit_preflights_late_shape_mismatch (tests.test_compile_cuda_boundary.CompileCudaBoundaryTests.test_dynamic_cache_hit_preflights_late_shape_mismatch) ... ok
test_global_capture_transitions_and_recompile_limit (tests.test_compile_cuda_boundary.CompileCudaBoundaryTests.test_global_capture_transitions_and_recompile_limit) ... ok
test_ieee_edges_and_dynamic_offset_guards (tests.test_compile_cuda_boundary.CompileCudaBoundaryTests.test_ieee_edges_and_dynamic_offset_guards) ... ok
test_native_failure_does_not_publish_cache (tests.test_compile_cuda_boundary.CompileCudaBoundaryTests.test_native_failure_does_not_publish_cache) ... ok
test_no_pytorch_import_or_original_execution (tests.test_compile_cuda_boundary.CompileCudaBoundaryTests.test_no_pytorch_import_or_original_execution) ... ok
test_offset_layout_metadata_and_cache_guards (tests.test_compile_cuda_boundary.CompileCudaBoundaryTests.test_offset_layout_metadata_and_cache_guards) ... ok
test_private_trace_entrypoints_keep_unsupported_guards (tests.test_compile_cuda_boundary.CompileCudaBoundaryTests.test_private_trace_entrypoints_keep_unsupported_guards) ... ok
test_seeded_shapes_structures_and_changed_data_against_reference (tests.test_compile_cuda_boundary.CompileCudaBoundaryTests.test_seeded_shapes_structures_and_changed_data_against_reference) ... /data/users/bobren/a/pytorch-rs-burner/.burner/worktrees/composite_0cfe917e/.venv/lib/python3.12/site-packages/torch/jit/_script.py:365: DeprecationWarning: `torch.jit.script_method` is deprecated. Please switch to `torch.compile` or `torch.export`.
  warnings.warn(
ok
test_unsupported_fresh_and_cpu_warmed_leave_cache_unchanged (tests.test_compile_cuda_boundary.CompileCudaBoundaryTests.test_unsupported_fresh_and_cpu_warmed_leave_cache_unchanged) ... ok
test_ordinals_captures_and_current_device_restoration (tests.test_compile_cuda_boundary.CompileCudaDeviceTests.test_ordinals_captures_and_current_device_restoration) ... skipped 'requires real CUDA with CUDA_VISIBLE_DEVICES=0,1'

----------------------------------------------------------------------
Ran 51 tests in 17.108s

OK (skipped=1)
