Resolved 36 packages in 2ms
Downloading nvidia-cufile (1.2MiB)
Downloading networkx (2.0MiB)
Downloading nvidia-nccl-cu13 (196.4MiB)
Downloading nvidia-nvshmem-cu13 (57.6MiB)
Downloading nvidia-cuda-cupti (10.2MiB)
Downloading sympy (6.0MiB)
Downloading nvidia-curand (56.8MiB)
Downloading nvidia-nvjitlink (38.9MiB)
Downloading nvidia-cufft (204.2MiB)
Downloading numpy (15.9MiB)
Downloading nvidia-cusparse (139.2MiB)
Downloading nvidia-cudnn-cu13 (349.2MiB)
Downloading nvidia-cusparselt-cu13 (162.3MiB)
Downloading nvidia-cuda-nvrtc (86.0MiB)
Downloading nvidia-cusolver (191.6MiB)
Downloading nvidia-cublas (403.5MiB)
Downloading cuda-bindings (6.3MiB)
Downloading nvidia-cuda-runtime (2.1MiB)
Downloading triton (188.6MiB)
Downloading torch (502.2MiB)
Downloading maturin (10.1MiB)
 Downloaded nvidia-cufile
 Downloaded networkx
 Downloaded nvidia-cuda-runtime
 Downloaded sympy
 Downloaded cuda-bindings
 Downloaded nvidia-cuda-cupti
 Downloaded maturin
 Downloaded numpy
 Downloaded nvidia-nvjitlink
 Downloaded nvidia-curand
 Downloaded nvidia-nvshmem-cu13
 Downloaded nvidia-cuda-nvrtc
 Downloaded nvidia-cusparse
 Downloaded nvidia-cusparselt-cu13
 Downloaded nvidia-cusolver
 Downloaded triton
 Downloaded nvidia-nccl-cu13
 Downloaded nvidia-cufft
 Downloaded nvidia-cudnn-cu13
 Downloaded nvidia-cublas
 Downloaded torch
Prepared 31 packages in 12.27s
Installed 31 packages in 2.27s
 + cuda-bindings==13.3.1
 + cuda-pathfinder==1.6.0
 + cuda-toolkit==13.0.3.0
 + filelock==3.32.2
 + fsspec==2026.7.0
 + jinja2==3.1.6
 + markupsafe==3.0.3
 + maturin==1.14.1
 + mpmath==1.3.0
 + networkx==3.6.1
 + numpy==2.5.1
 + nvidia-cublas==13.1.1.3
 + nvidia-cuda-cupti==13.0.85
 + nvidia-cuda-nvrtc==13.0.88
 + nvidia-cuda-runtime==13.0.96
 + nvidia-cudnn-cu13==9.20.0.48
 + nvidia-cufft==12.0.0.61
 + nvidia-cufile==1.15.1.6
 + nvidia-curand==10.4.0.35
 + nvidia-cusolver==12.0.4.66
 + nvidia-cusparse==12.6.3.3
 + nvidia-cusparselt-cu13==0.8.1
 + nvidia-nccl-cu13==2.29.7
 + nvidia-nvjitlink==13.3.33
 + nvidia-nvshmem-cu13==3.4.5
 + nvidia-nvtx==13.0.85
 + setuptools==84.0.0
 + sympy==1.14.0
 + torch==2.13.0
 + triton==3.7.1
 + typing-extensions==4.16.0
