    Checking pytorch-rs v0.1.0 (/data/users/bobren/a/pytorch-rs-burner/.burner/worktrees/composite_17c2e82f)
error: item in documentation is missing backticks
 --> src/cuda/sum_rows.rs:6:36
  |
6 | /// One contiguous sub-iterator in TensorIterator's lower-half-first order.
  |                                    ^^^^^^^^^^^^^^
  |
  = help: for further information visit https://rust-lang.github.io/rust-clippy/rust-1.92.0/index.html#doc_markdown
  = note: `-D clippy::doc-markdown` implied by `-D warnings`
  = help: to override `-D warnings` add `#[allow(clippy::doc_markdown)]`
help: try
  |
6 - /// One contiguous sub-iterator in TensorIterator's lower-half-first order.
6 + /// One contiguous sub-iterator in `TensorIterator`'s lower-half-first order.
  |

error: could not compile `pytorch-rs` (lib) due to 1 previous error
warning: build failed, waiting for other jobs to finish...
error: manual implementation of `midpoint` which can overflow
   --> src/cuda/sum_rows.rs:304:66
    |
304 |             assert_eq!(pair[1].input_offset, row * (LIMIT + 5) + (LIMIT + 5) / 2);
    |                                                                  ^^^^^^^^^^^^^^^ help: use `usize::midpoint` instead: `usize::midpoint(LIMIT, 5)`
    |
    = help: for further information visit https://rust-lang.github.io/rust-clippy/rust-1.92.0/index.html#manual_midpoint
    = note: `-D clippy::manual-midpoint` implied by `-D warnings`
    = help: to override `-D warnings` add `#[allow(clippy::manual_midpoint)]`

error: could not compile `pytorch-rs` (lib test) due to 2 previous errors
