compatibility cwd: /data/users/bobren/a/pytorch-rs-burner/.burner/worktrees/composite_17c2e82f/target/python314-checkout interpreter: /data/users/bobren/a/pytorch-rs-burner/.burner/worktrees/composite_17c2e82f/target/python314-checkout/.venv/bin/python
test_device_guard_restores_current_device (tests.test_cuda_sum_rows.CudaSumRowsDeviceTests.test_device_guard_restores_current_device) ... skipped 'requires real CUDA with CUDA_VISIBLE_DEVICES=0,1'
test_cancellation_nonfinite_and_subnormal_values (tests.test_cuda_sum_rows.CudaSumRowsTests.test_cancellation_nonfinite_and_subnormal_values) ... ok
test_completion_fresh_storage_and_thread_lifetimes (tests.test_cuda_sum_rows.CudaSumRowsTests.test_completion_fresh_storage_and_thread_lifetimes) ... ok
test_float32_cancellation_and_intermediate_overflow (tests.test_cuda_sum_rows.CudaSumRowsTests.test_float32_cancellation_and_intermediate_overflow) ... ok
test_generated_rectangles_forms_and_preservation (tests.test_cuda_sum_rows.CudaSumRowsTests.test_generated_rectangles_forms_and_preservation) ... ok
test_no_pytorch_forwarding (tests.test_cuda_sum_rows.CudaSumRowsTests.test_no_pytorch_forwarding) ... ok
test_nonfinite_and_subnormal_values_across_reduction_trees (tests.test_cuda_sum_rows.CudaSumRowsTests.test_nonfinite_and_subnormal_values_across_reduction_trees) ... ok
test_offset_singleton_and_empty_views (tests.test_cuda_sum_rows.CudaSumRowsTests.test_offset_singleton_and_empty_views) ... ok
test_reduction_geometry_vector_alignment_and_dynamic_range (tests.test_cuda_sum_rows.CudaSumRowsTests.test_reduction_geometry_vector_alignment_and_dynamic_range) ... ok
test_unsupported_boundaries_and_compiled_reductions (tests.test_cuda_sum_rows.CudaSumRowsTests.test_unsupported_boundaries_and_compiled_reductions) ... ok
test_wide_same_sign_decimal_rows (tests.test_cuda_sum_rows.CudaSumRowsTests.test_wide_same_sign_decimal_rows) ... ok
test_split_launches_restore_device_on_success_rejection_and_destruction (tests.test_cuda_sum_rows_indexing.CudaSumRowsIndexingDeviceTests.test_split_launches_restore_device_on_success_rejection_and_destruction) ... skipped 'requires real CUDA with CUDA_VISIBLE_DEVICES=0,1'
test_nested_odd_column_splits_accumulate_in_order (tests.test_cuda_sum_rows_indexing.CudaSumRowsIndexingTests.test_nested_odd_column_splits_accumulate_in_order) ... ok
test_reviewer_sparse_cancellation_below_at_and_above_byte_boundary (tests.test_cuda_sum_rows_indexing.CudaSumRowsIndexingTests.test_reviewer_sparse_cancellation_below_at_and_above_byte_boundary) ... ok
test_row_partitions_reconfigure_geometry_and_keep_output_offsets (tests.test_cuda_sum_rows_indexing.CudaSumRowsIndexingTests.test_row_partitions_reconfigure_geometry_and_keep_output_offsets) ... ok
test_failure_restores_forwarding_mode_and_no_grad (tests.test_nn_functional_glu.FunctionalGluTests.test_failure_restores_forwarding_mode_and_no_grad) ... ok
test_higher_order_backward_rejected_without_consuming_graph (tests.test_nn_functional_glu.FunctionalGluTests.test_higher_order_backward_rejected_without_consuming_graph) ... ok
test_higher_rank_recording_rejected_without_changing_input_or_graph (tests.test_nn_functional_glu.FunctionalGluTests.test_higher_rank_recording_rejected_without_changing_input_or_graph) ... ok
test_rank_boundary_in_grad_and_no_grad_modes (tests.test_nn_functional_glu.FunctionalGluTests.test_rank_boundary_in_grad_and_no_grad_modes) ... ok
test_sigmoid_primitive_boundaries_remain_explicit (tests.test_nn_functional_glu.FunctionalGluTests.test_sigmoid_primitive_boundaries_remain_explicit) ... ok
test_backward_through_tracked_views_and_nonleaves (tests.test_nn_functional_glu_reference.FunctionalGluReferenceTests.test_backward_through_tracked_views_and_nonleaves) ... ok
test_binding_scalar_dimension_and_odd_size_errors (tests.test_nn_functional_glu_reference.FunctionalGluReferenceTests.test_binding_scalar_dimension_and_odd_size_errors) ... ok
test_cuda_boundary_on_real_hardware (tests.test_nn_functional_glu_reference.FunctionalGluReferenceTests.test_cuda_boundary_on_real_hardware) ... ok
test_forwarding_mode_preserves_vector_backward (tests.test_nn_functional_glu_reference.FunctionalGluReferenceTests.test_forwarding_mode_preserves_vector_backward) ... ok
test_generated_vector_backward_with_nonuniform_upstream (tests.test_nn_functional_glu_reference.FunctionalGluReferenceTests.test_generated_vector_backward_with_nonuniform_upstream) ... ok
test_large_finite_inputs_and_upstream_do_not_overflow_backward (tests.test_nn_functional_glu_reference.FunctionalGluReferenceTests.test_large_finite_inputs_and_upstream_do_not_overflow_backward) ... ok
test_layouts_dimensions_fresh_storage_and_input_preservation (tests.test_nn_functional_glu_reference.FunctionalGluReferenceTests.test_layouts_dimensions_fresh_storage_and_input_preservation) ... ok
test_no_grad_and_detach (tests.test_nn_functional_glu_reference.FunctionalGluReferenceTests.test_no_grad_and_detach) ... ok
test_numerical_edges (tests.test_nn_functional_glu_reference.FunctionalGluReferenceTests.test_numerical_edges) ... ok
test_overrides_nested_modes_and_restoration_after_errors (tests.test_nn_functional_glu_reference.FunctionalGluReferenceTests.test_overrides_nested_modes_and_restoration_after_errors) ... ok
test_repeated_use_accumulation_and_graph_lifetime (tests.test_nn_functional_glu_reference.FunctionalGluReferenceTests.test_repeated_use_accumulation_and_graph_lifetime) ... ok
test_signature_imports_and_function_identity (tests.test_nn_functional_glu_reference.FunctionalGluReferenceTests.test_signature_imports_and_function_identity) ... ok
test_vector_no_grad_preserves_existing_graph_and_restores_recording (tests.test_nn_functional_glu_reference.FunctionalGluReferenceTests.test_vector_no_grad_preserves_existing_graph_and_restores_recording) ... ok
test_alias_observes_gradient_storage_updates (tests.test_unflatten.UnflattenTests.test_alias_observes_gradient_storage_updates) ... ok
test_binding_and_inference (tests.test_unflatten.UnflattenTests.test_binding_and_inference) ... ok
test_empty_inference_is_local_to_selected_dimension (tests.test_unflatten.UnflattenTests.test_empty_inference_is_local_to_selected_dimension) ... ok
test_invalid_inputs (tests.test_unflatten.UnflattenTests.test_invalid_inputs) ... ok
test_binding_dimension_product_and_ambiguous_inference_errors (tests.test_unflatten_reference.UnflattenReferenceTests.test_binding_dimension_product_and_ambiguous_inference_errors) ... ok
test_layouts_aliases_and_weighted_first_order_gradients (tests.test_unflatten_reference.UnflattenReferenceTests.test_layouts_aliases_and_weighted_first_order_gradients) ... ok
test_native_scope_rejects_cuda (tests.test_unflatten_reference.UnflattenReferenceTests.test_native_scope_rejects_cuda) ... ok
test_positional_keyword_and_integer_forms (tests.test_unflatten_reference.UnflattenReferenceTests.test_positional_keyword_and_integer_forms) ... ok
test_benchmarking_indexes_historical_release_timing_reports (tests.test_readme_quickstart.ReadmeQuickstartTests.test_benchmarking_indexes_historical_release_timing_reports) ... ok
test_detailed_support_contracts_live_in_focused_docs (tests.test_readme_quickstart.ReadmeQuickstartTests.test_detailed_support_contracts_live_in_focused_docs) ... ok
test_docs_readme_indexes_contracts_guides_and_timing_evidence (tests.test_readme_quickstart.ReadmeQuickstartTests.test_docs_readme_indexes_contracts_guides_and_timing_evidence) ... ok
test_entry_point_links_resolve (tests.test_readme_quickstart.ReadmeQuickstartTests.test_entry_point_links_resolve) ... ok
test_first_success_example_is_short_and_runs (tests.test_readme_quickstart.ReadmeQuickstartTests.test_first_success_example_is_short_and_runs) ... ok
test_readme_keeps_quickstart_scope_and_evaluation_route (tests.test_readme_quickstart.ReadmeQuickstartTests.test_readme_keeps_quickstart_scope_and_evaluation_route) ... ok
test_readme_links_contributing_guide (tests.test_readme_quickstart.ReadmeQuickstartTests.test_readme_links_contributing_guide) ... ok
test_readme_routes_benchmark_policy_to_focused_docs (tests.test_readme_quickstart.ReadmeQuickstartTests.test_readme_routes_benchmark_policy_to_focused_docs) ... ok
test_readme_routes_to_supported_surface_anchors (tests.test_readme_quickstart.ReadmeQuickstartTests.test_readme_routes_to_supported_surface_anchors) ... ok
test_readme_scope_is_scan_friendly_table (tests.test_readme_quickstart.ReadmeQuickstartTests.test_readme_scope_is_scan_friendly_table) ... ok
test_source_install_commands_are_locked (tests.test_readme_quickstart.ReadmeQuickstartTests.test_source_install_commands_are_locked) ... ok
test_stale_wheel_recovery_uses_wheel_test_workflow (tests.test_readme_quickstart.ReadmeQuickstartTests.test_stale_wheel_recovery_uses_wheel_test_workflow) ... ok

----------------------------------------------------------------------
Ran 53 tests in 119.817s

OK (skipped=2)
