    Checking cfg-if v1.0.4
    Checking either v1.18.0
    Checking crossbeam-utils v0.8.23
    Checking libloading v0.8.9
    Checking crossbeam-epoch v0.9.21
    Checking crossbeam-deque v0.8.8
    Checking rayon-core v1.13.0
    Checking rayon v1.12.0
    Checking pytorch-rs v0.1.0 (/data/users/bobren/a/pytorch-rs-burner/.burner/worktrees/agent_82b287ee)
error: item in documentation is missing backticks
 --> tests/cuda_relu.rs:1:5
  |
1 | //! ReLU uses native device storage with the same rank and offset contract as negation.
  |     ^^^^
  |
  = help: for further information visit https://rust-lang.github.io/rust-clippy/rust-1.92.0/index.html#doc_markdown
  = note: `-D clippy::doc-markdown` implied by `-D warnings`
  = help: to override `-D warnings` add `#[allow(clippy::doc_markdown)]`
help: try
  |
1 - //! ReLU uses native device storage with the same rank and offset contract as negation.
1 + //! `ReLU` uses native device storage with the same rank and offset contract as negation.
  |

error: could not compile `pytorch-rs` (test "cuda_relu") due to 1 previous error
warning: build failed, waiting for other jobs to finish...
