   Compiling target-lexicon v0.13.5
   Compiling proc-macro2 v1.0.107
   Compiling quote v1.0.47
   Compiling unicode-ident v1.0.24
   Compiling libc v0.2.189
   Compiling heck v0.5.0
   Compiling once_cell v1.21.4
   Compiling inventory v0.3.24
   Compiling pyo3-build-config v0.29.2
   Compiling syn v2.0.119
   Compiling pyo3-ffi v0.29.2
   Compiling pyo3 v0.29.2
   Compiling pyo3-macros-backend v0.29.2
   Compiling pyo3-macros v0.29.2
   Compiling pytorch-rs v0.1.0 (/data/users/bobren/a/pytorch-rs-burner/.burner/worktrees/agent_82b287ee)
error[E0282]: type annotations needed
   --> src/python_compile_cuda_graph.rs:559:17
    |
559 |                 1.into_pyobject(py).unwrap().into_any(),
    |                 ^^^^^^^^^^^^^^^^^^^^^^^^^^^^ cannot infer type

For more information about this error, try `rustc --explain E0282`.
error: could not compile `pytorch-rs` (lib test) due to 1 previous error
warning: build failed, waiting for other jobs to finish...
