   Compiling target-lexicon v0.13.5
   Compiling proc-macro2 v1.0.107
   Compiling quote v1.0.47
   Compiling crossbeam-utils v0.8.23
   Compiling unicode-ident v1.0.24
   Compiling crossbeam-epoch v0.9.21
   Compiling libc v0.2.189
   Compiling crossbeam-deque v0.8.8
   Compiling heck v0.5.0
   Compiling rayon-core v1.13.0
   Compiling inventory v0.3.24
   Compiling either v1.18.0
   Compiling once_cell v1.21.4
   Compiling cfg-if v1.0.4
   Compiling libloading v0.8.9
   Compiling pyo3-build-config v0.29.2
   Compiling syn v2.0.119
   Compiling pyo3-ffi v0.29.2
   Compiling pyo3 v0.29.2
   Compiling rayon v1.12.0
   Compiling pyo3-macros-backend v0.29.2
   Compiling pyo3-macros v0.29.2
   Compiling pytorch-rs v0.1.0 (/data/users/bobren/a/pytorch-rs-burner/.burner/worktrees/agent_82b287ee)
    Finished `test` profile [unoptimized + debuginfo] target(s) in 15.26s
     Running unittests src/lib.rs (target/relu-postcommit-5b2a315f/rust-build/debug/deps/pytorch_rs-545e4fdb10cc861f)

running 3 tests
test tensor::tests::relu_snapshots_contiguous_live_gradient_storage_for_backward ... ok
test cuda::tests::relu_storage_bounds_and_bit_preservation ... ok
test python::compile_cuda_graph::tests::relu_graph_prevalidates_early_and_late_nodes ... ok

test result: ok. 3 passed; 0 failed; 0 ignored; 0 measured; 199 filtered out; finished in 0.41s

     Running tests/autograd.rs (target/relu-postcommit-5b2a315f/rust-build/debug/deps/autograd-c7090ba32b58d520)

running 3 tests
test relu_vjp_selects_upstream_for_positives_and_nans ... ok
test relu_preserves_scalar_empty_offset_and_strided_autograd ... ok
test relu_obeys_detach_no_grad_and_freed_graph_boundaries ... ok

test result: ok. 3 passed; 0 failed; 0 ignored; 0 measured; 89 filtered out; finished in 0.00s

     Running tests/cuda_add.rs (target/relu-postcommit-5b2a315f/rust-build/debug/deps/cuda_add-5deb32d0f04f37a5)

running 0 tests

test result: ok. 0 passed; 0 failed; 0 ignored; 0 measured; 3 filtered out; finished in 0.00s

     Running tests/cuda_contiguous.rs (target/relu-postcommit-5b2a315f/rust-build/debug/deps/cuda_contiguous-e347a8ffbedebebe)

running 0 tests

test result: ok. 0 passed; 0 failed; 0 ignored; 0 measured; 1 filtered out; finished in 0.00s

     Running tests/cuda_matmul.rs (target/relu-postcommit-5b2a315f/rust-build/debug/deps/cuda_matmul-b08cb3cd9cb7cb2a)

running 0 tests

test result: ok. 0 passed; 0 failed; 0 ignored; 0 measured; 2 filtered out; finished in 0.00s

     Running tests/cuda_mul_scalar.rs (target/relu-postcommit-5b2a315f/rust-build/debug/deps/cuda_mul_scalar-c7a5f748c3b6163d)

running 0 tests

test result: ok. 0 passed; 0 failed; 0 ignored; 0 measured; 1 filtered out; finished in 0.00s

     Running tests/cuda_native_boundaries.rs (target/relu-postcommit-5b2a315f/rust-build/debug/deps/cuda_native_boundaries-d1989b833fa39cb2)

running 0 tests

test result: ok. 0 passed; 0 failed; 0 ignored; 0 measured; 6 filtered out; finished in 0.00s

     Running tests/cuda_relu.rs (target/relu-postcommit-5b2a315f/rust-build/debug/deps/cuda_relu-e7d26181bf9b77d1)

running 1 test
test cuda_relu_bits_shapes_offsets_and_boundaries ... ok

test result: ok. 1 passed; 0 failed; 0 ignored; 0 measured; 0 filtered out; finished in 0.45s

     Running tests/cuda_same_device_copy.rs (target/relu-postcommit-5b2a315f/rust-build/debug/deps/cuda_same_device_copy-432b5115cd74b76d)

running 0 tests

test result: ok. 0 passed; 0 failed; 0 ignored; 0 measured; 2 filtered out; finished in 0.00s

     Running tests/cuda_sum_rows.rs (target/relu-postcommit-5b2a315f/rust-build/debug/deps/cuda_sum_rows-e7aedf248eab7b18)

running 0 tests

test result: ok. 0 passed; 0 failed; 0 ignored; 0 measured; 4 filtered out; finished in 0.00s

     Running tests/tensor_baseline.rs (target/relu-postcommit-5b2a315f/rust-build/debug/deps/tensor_baseline-7971a89f517e13eb)

running 1 test
test relu_preserves_signed_zero_and_materializes_scalar_offset_and_strided_inputs ... ok

test result: ok. 1 passed; 0 failed; 0 ignored; 0 measured; 102 filtered out; finished in 0.00s

