{
  "commit": "208e9bff072bc9354ca0aec3e4a5330c1bde53ca",
  "native": {
    "path": "/data/users/bobren/a/pytorch-rs-burner/.burner/worktrees/composite_8c539914/.venv/lib/python3.12/site-packages/torch_rs/torch_rs.abi3.so",
    "sha256": "f640082cbbc767c127e4b771844c4c62d90201e38bca4282335c9f9eba9922a2"
  },
  "checked_module_files": 1192,
  "checked_package_sources": 59,
  "runtime": {
    "cuda_runtimes": [
      {
        "path": "/data/users/bobren/a/pytorch-rs-burner/.burner/worktrees/composite_8c539914/.venv/lib/python3.12/site-packages/nvidia/cu13/lib/libcudart.so.13",
        "version": 13000,
        "status": 0
      }
    ],
    "nvcc": "unused (no CUDA compilation by evaluator)",
    "TORCH_RS_CUDART": "/data/users/bobren/a/pytorch-rs-burner/.burner/worktrees/composite_8c539914/.venv/lib/python3.12/site-packages/nvidia/cu13/lib/libcudart.so.13"
  },
  "cublas_version": 130101
}
